 vvis_dll

 Timestamp is 4e78505d (Tue Sep 20 09:35:41 2011)

 Preferred load address is 10000000

 Start         Length     Name                   Class
 0001:00000000 0005083dH .text                   CODE
 0001:00050840 00000afaH .text$yc                CODE
 0001:00051340 00000a75H .text$yd                CODE
 0002:00000000 00000344H .idata$5                DATA
 0002:00000344 00000004H .CRT$XCA                DATA
 0002:00000348 00000218H .CRT$XCU                DATA
 0002:00000560 00000004H .CRT$XCZ                DATA
 0002:00000564 00000004H .CRT$XIA                DATA
 0002:00000568 00000014H .CRT$XIC                DATA
 0002:0000057c 00000004H .CRT$XIZ                DATA
 0002:00000580 00000004H .CRT$XPA                DATA
 0002:00000584 0000000cH .CRT$XPX                DATA
 0002:00000590 00000004H .CRT$XPXA               DATA
 0002:00000594 00000004H .CRT$XPZ                DATA
 0002:00000598 00000004H .CRT$XTA                DATA
 0002:0000059c 00000004H .CRT$XTZ                DATA
 0002:000005a0 00011886H .rdata                  DATA
 0002:00011e28 0000004aH .rdata$debug            DATA
 0002:00011e74 000011a8H .rdata$r                DATA
 0002:0001301c 00000004H .rtc$IAA                DATA
 0002:00013020 00000004H .rtc$IZZ                DATA
 0002:00013024 00000004H .rtc$TAA                DATA
 0002:00013028 00000004H .rtc$TZZ                DATA
 0002:00013030 000006dcH .xdata$x                DATA
 0002:0001370c 0000008cH .idata$2                DATA
 0002:00013798 00000014H .idata$3                DATA
 0002:000137ac 00000344H .idata$4                DATA
 0002:00013af0 00000e9eH .idata$6                DATA
 0002:00014990 0000004fH .edata                  DATA
 0003:00000000 00009528H .data                   DATA
 0003:00009540 03f09e64H .bss                    DATA

  Address         Publics by Value              Rva+Base       Lib:Object

 0000:00000000       ___safe_se_handler_count   00000000     <absolute>
 0000:00000000       ___safe_se_handler_table   00000000     <absolute>
 0000:00000000       __except_list              00000000     <absolute>
 0000:00000000       ___ImageBase               10000000     <linker-defined>
 0001:00000000       ?ReleasePakFileLumps@@YAXXZ 10001000 f   bsplib.obj
 0001:00000020       ?CompressVis@@YAHPAE0@Z    10001020 f   bsplib.obj
 0001:00000080       ?DecompressVis@@YAXPAE0@Z  10001080 f   bsplib.obj
 0001:00000110       ?ParseEpair@@YAPAUepair_t@@XZ 10001110 f   bsplib.obj
 0001:000001f0       ?ValueForKey@@YAPADPAUentity_t@@PAD@Z 100011f0 f   bsplib.obj
 0001:00000230       ?FloatForKey@@YAMPAUentity_t@@PAD@Z 10001230 f   bsplib.obj
 0001:00000280       ?GetPlatformMapPath@@YAXPBDPADHH@Z 10001280 f   bsplib.obj
 0001:000002b0       ??$SwapFieldsToTargetEndian@UStaticPropDictLump_t@@@CByteswap@@QAEXPAUStaticPropDictLump_t@@PAXI@Z 100012b0 f i bsplib.obj
 0001:00000300       ??$SwapFieldsToTargetEndian@UStaticPropLeafLump_t@@@CByteswap@@QAEXPAUStaticPropLeafLump_t@@PAXI@Z 10001300 f i bsplib.obj
 0001:00000350       ??$SwapFieldsToTargetEndian@UDetailObjectDictLump_t@@@CByteswap@@QAEXPAUDetailObjectDictLump_t@@PAXI@Z 10001350 f i bsplib.obj
 0001:000003a0       ??$SwapFieldsToTargetEndian@UDetailPropLightstylesLump_t@@@CByteswap@@QAEXPAUDetailPropLightstylesLump_t@@PAXI@Z 100013a0 f i bsplib.obj
 0001:000003f0       ??$SwapFieldsToTargetEndian@Udgamelumpheader_t@@@CByteswap@@QAEXPAUdgamelumpheader_t@@PAXI@Z 100013f0 f i bsplib.obj
 0001:00000440       ??$SwapFieldsToTargetEndian@Udheader_t@@@CByteswap@@QAEXPAUdheader_t@@PAXI@Z 10001440 f i bsplib.obj
 0001:00000490       ??$SwapFieldsToTargetEndian@Udleafambientlighting_t@@@CByteswap@@QAEXPAUdleafambientlighting_t@@PAXI@Z 10001490 f i bsplib.obj
 0001:000004e0       ??$SwapFieldsToTargetEndian@Udleafambientindex_t@@@CByteswap@@QAEXPAUdleafambientindex_t@@PAXI@Z 100014e0 f i bsplib.obj
 0001:00000530       ??$SwapFieldsToTargetEndian@Udflagslump_t@@@CByteswap@@QAEXPAUdflagslump_t@@PAXI@Z 10001530 f i bsplib.obj
 0001:00000580       ??$SwapFieldsToTargetEndian@Udface_t@@@CByteswap@@QAEXPAUdface_t@@PAXI@Z 10001580 f i bsplib.obj
 0001:000005d0       ??$SwapFieldsToTargetEndian@Udworldlight_t@@@CByteswap@@QAEXPAUdworldlight_t@@PAXI@Z 100015d0 f i bsplib.obj
 0001:00000620       ??$SwapFieldsToTargetEndian@Udmodel_t@@@CByteswap@@QAEXPAUdmodel_t@@PAXI@Z 10001620 f i bsplib.obj
 0001:00000670       ??$SwapFieldsToTargetEndian@Udvertex_t@@@CByteswap@@QAEXPAUdvertex_t@@PAXI@Z 10001670 f i bsplib.obj
 0001:000006c0       ??$SwapFieldsToTargetEndian@Udplane_t@@@CByteswap@@QAEXPAUdplane_t@@PAXI@Z 100016c0 f i bsplib.obj
 0001:00000710       ??$SwapFieldsToTargetEndian@Utexinfo_s@@@CByteswap@@QAEXPAUtexinfo_s@@PAXI@Z 10001710 f i bsplib.obj
 0001:00000760       ??$SwapFieldsToTargetEndian@Vddispinfo_t@@@CByteswap@@QAEXPAVddispinfo_t@@PAXI@Z 10001760 f i bsplib.obj
 0001:000007b0       ??$SwapFieldsToTargetEndian@VCDispVert@@@CByteswap@@QAEXPAVCDispVert@@PAXI@Z 100017b0 f i bsplib.obj
 0001:00000800       ??$SwapFieldsToTargetEndian@VCDispTri@@@CByteswap@@QAEXPAVCDispTri@@PAXI@Z 10001800 f i bsplib.obj
 0001:00000850       ??$SwapFieldsToTargetEndian@VCFaceMacroTextureInfo@@@CByteswap@@QAEXPAVCFaceMacroTextureInfo@@PAXI@Z 10001850 f i bsplib.obj
 0001:000008a0       ??$SwapFieldsToTargetEndian@Udprimitive_t@@@CByteswap@@QAEXPAUdprimitive_t@@PAXI@Z 100018a0 f i bsplib.obj
 0001:000008f0       ??$SwapFieldsToTargetEndian@Udprimvert_t@@@CByteswap@@QAEXPAUdprimvert_t@@PAXI@Z 100018f0 f i bsplib.obj
 0001:00000940       ??$SwapFieldsToTargetEndian@Udbrush_t@@@CByteswap@@QAEXPAUdbrush_t@@PAXI@Z 10001940 f i bsplib.obj
 0001:00000990       ??$SwapFieldsToTargetEndian@Udareaportal_t@@@CByteswap@@QAEXPAUdareaportal_t@@PAXI@Z 10001990 f i bsplib.obj
 0001:000009e0       ??$SwapFieldsToTargetEndian@Udleafwaterdata_t@@@CByteswap@@QAEXPAUdleafwaterdata_t@@PAXI@Z 100019e0 f i bsplib.obj
 0001:00000a30       ??$SwapFieldsToTargetEndian@Udcubemapsample_t@@@CByteswap@@QAEXPAUdcubemapsample_t@@PAXI@Z 10001a30 f i bsplib.obj
 0001:00000a80       ??$SwapFieldsToTargetEndian@Udoverlay_t@@@CByteswap@@QAEXPAUdoverlay_t@@PAXI@Z 10001a80 f i bsplib.obj
 0001:00000ad0       ??$SwapFieldsToTargetEndian@Udwateroverlay_t@@@CByteswap@@QAEXPAUdwateroverlay_t@@PAXI@Z 10001ad0 f i bsplib.obj
 0001:00000b20       ??$SwapFieldsToTargetEndian@Udoverlayfade_t@@@CByteswap@@QAEXPAUdoverlayfade_t@@PAXI@Z 10001b20 f i bsplib.obj
 0001:00000b70       ??$SwapFieldsToTargetEndian@Udoccluderdata_t@@@CByteswap@@QAEXPAUdoccluderdata_t@@PAXI@Z 10001b70 f i bsplib.obj
 0001:00000bc0       ??$SwapFieldsToTargetEndian@Udoccluderpolydata_t@@@CByteswap@@QAEXPAUdoccluderpolydata_t@@PAXI@Z 10001bc0 f i bsplib.obj
 0001:00000c10       ??$SwapFieldsToTargetEndian@Udfaceid_t@@@CByteswap@@QAEXPAUdfaceid_t@@PAXI@Z 10001c10 f i bsplib.obj
 0001:00000c60       ?Grow@?$CUtlMemory@DH@@QAEXH@Z 10001c60 f i bsplib.obj
 0001:00000c60       ?Grow@?$CUtlMemory@EH@@QAEXH@Z 10001c60 f i bsplib.obj
 0001:00000d10       ?Grow@?$CUtlMemory@Utexinfo_s@@H@@QAEXH@Z 10001d10 f i bsplib.obj
 0001:00000db0       ?Grow@?$CUtlMemory@VCUtlString@@H@@QAEXH@Z 10001db0 f i bsplib.obj
 0001:00000e60       ?Grow@?$CUtlMemory@Udoccluderdata_t@@H@@QAEXH@Z 10001e60 f i bsplib.obj
 0001:00000f00       ?Grow@?$CUtlMemory@Udoccluderpolydata_t@@H@@QAEXH@Z 10001f00 f i bsplib.obj
 0001:00000f00       ?Grow@?$CUtlMemory@VVector@@H@@QAEXH@Z 10001f00 f i flow.obj
 0001:00000fa0       ?Grow@?$CUtlMemory@Udleafambientlighting_t@@H@@QAEXH@Z 10001fa0 f i bsplib.obj
 0001:00000fa0       ?Grow@?$CUtlMemory@VCSPVert@@H@@QAEXH@Z 10001fa0 f i scratchpad3d.obj
 0001:00001060       ??4ddispinfo_t@@QAEAAV0@ABV0@@Z 10002060 f i bsplib.obj
 0001:000011d0       ?Grow@?$CUtlMemory@Vddispinfo_t@@H@@QAEXH@Z 100021d0 f i bsplib.obj
 0001:00001280       ?Grow@?$CUtlMemory@VCDispVert@@H@@QAEXH@Z 10002280 f i bsplib.obj
 0001:00001320       ?Grow@?$CUtlMemory@Udfaceid_t@@H@@QAEXH@Z 10002320 f i bsplib.obj
 0001:00001320       ?Grow@?$CUtlMemory@VCDispTri@@H@@QAEXH@Z 10002320 f i bsplib.obj
 0001:00001320       ?Grow@?$CUtlMemory@GH@@QAEXH@Z 10002320 f i tier1:stringpool.obj
 0001:00001320       ?Grow@?$CUtlMemory@VCFaceMacroTextureInfo@@H@@QAEXH@Z 10002320 f i bsplib.obj
 0001:00001530       ?Purge@?$CUtlMemory@EH@@QAEXXZ 10002530 f i bsplib.obj
 0001:00001560       ??$SwapBufferToTargetEndian@M@CByteswap@@QAEXPAM0H@Z 10002560 f i bsplib.obj
 0001:000015e0       ??$SwapBufferToTargetEndian@I@CByteswap@@QAEXPAI0H@Z 100025e0 f i tier1:byteswap.obj
 0001:000015e0       ??$SwapBufferToTargetEndian@H@CByteswap@@QAEXPAH0H@Z 100025e0 f i bsplib.obj
 0001:00001660       ??$SwapBufferToTargetEndian@F@CByteswap@@QAEXPAF0H@Z 10002660 f i bsplib.obj
 0001:00001660       ??$SwapBufferToTargetEndian@G@CByteswap@@QAEXPAG0H@Z 10002660 f i bsplib.obj
 0001:000016d0       ??$CopyLumpInternal@Udleafambientlighting_t@@@@YAHHPAUdleafambientlighting_t@@H@Z 100026d0 f i bsplib.obj
 0001:000017b0       ??$CopyLumpInternal@Udleafambientindex_t@@@@YAHHPAUdleafambientindex_t@@H@Z 100027b0 f i bsplib.obj
 0001:00001860       ??$CopyLumpInternal@Udmodel_t@@@@YAHHPAUdmodel_t@@H@Z 10002860 f i bsplib.obj
 0001:00001930       ??$CopyLumpInternal@Udvertex_t@@@@YAHHPAUdvertex_t@@H@Z 10002930 f i bsplib.obj
 0001:00001a00       ??$CopyLumpInternal@Udplane_t@@@@YAHHPAUdplane_t@@H@Z 10002a00 f i bsplib.obj
 0001:00001ad0       ??$CopyLumpInternal@Utexinfo_s@@@@YAHHPAUtexinfo_s@@H@Z 10002ad0 f i bsplib.obj
 0001:00001ba0       ??$CopyLumpInternal@Vddispinfo_t@@@@YAHHPAVddispinfo_t@@H@Z 10002ba0 f i bsplib.obj
 0001:00001c70       ??$CopyLumpInternal@VCDispVert@@@@YAHHPAVCDispVert@@H@Z 10002c70 f i bsplib.obj
 0001:00001d40       ??$CopyLumpInternal@Udface_t@@@@YAHHPAUdface_t@@H@Z 10002d40 f i bsplib.obj
 0001:00001e20       ??$CopyLumpInternal@Udfaceid_t@@@@YAHHPAUdfaceid_t@@H@Z 10002e20 f i bsplib.obj
 0001:00001ed0       ??$CopyLumpInternal@Udprimitive_t@@@@YAHHPAUdprimitive_t@@H@Z 10002ed0 f i bsplib.obj
 0001:00001fb0       ??$CopyLumpInternal@Udprimvert_t@@@@YAHHPAUdprimvert_t@@H@Z 10002fb0 f i bsplib.obj
 0001:00002080       ??$CopyLumpInternal@Udbrush_t@@@@YAHHPAUdbrush_t@@H@Z 10003080 f i bsplib.obj
 0001:00002150       ??$CopyLumpInternal@Udareaportal_t@@@@YAHHPAUdareaportal_t@@H@Z 10003150 f i bsplib.obj
 0001:00002220       ??$CopyLumpInternal@Udworldlight_t@@@@YAHHPAUdworldlight_t@@H@Z 10003220 f i bsplib.obj
 0001:000022e0       ??$CopyLumpInternal@Udleafwaterdata_t@@@@YAHHPAUdleafwaterdata_t@@H@Z 100032e0 f i bsplib.obj
 0001:000023b0       ??$CopyLumpInternal@Udcubemapsample_t@@@@YAHHPAUdcubemapsample_t@@H@Z 100033b0 f i bsplib.obj
 0001:00002460       ??$CopyLumpInternal@Udoverlay_t@@@@YAHHPAUdoverlay_t@@H@Z 10003460 f i bsplib.obj
 0001:00002530       ??$CopyLumpInternal@Udwateroverlay_t@@@@YAHHPAUdwateroverlay_t@@H@Z 10003530 f i bsplib.obj
 0001:00002600       ??$CopyLumpInternal@Udoverlayfade_t@@@@YAHHPAUdoverlayfade_t@@H@Z 10003600 f i bsplib.obj
 0001:000026b0       ??$CopyLumpInternal@Udflagslump_t@@@@YAHHPAUdflagslump_t@@H@Z 100036b0 f i bsplib.obj
 0001:00002760       ?Grow@?$CUtlMemory@U?$UtlLinkedListElem_t@UGameLump_t@@G@@G@@QAEXH@Z 10003760 f i bsplib.obj
 0001:00002810       ?SwapGameLump@CGameLump@@QAEXHHPAE0H@Z 10003810 f   bsplib.obj
 0001:000030f0       ?Lumps_Write@@YAXXZ        100040f0 f   bsplib.obj
 0001:00003160       ?OpenBSPFile@@YAXPBD@Z     10004160 f   bsplib.obj
 0001:00003220       ?ParseEntities@@YAXXZ      10004220 f   bsplib.obj
 0001:000032f0       ?Purge@?$CUtlVector@DV?$CUtlMemory@DH@@@@QAEXXZ 100042f0 f i bsplib.obj
 0001:000032f0       ?Purge@?$CUtlVector@VCIPAddr@@V?$CUtlMemory@VCIPAddr@@H@@@@QAEXXZ 100042f0 f i vmpi:vmpi.obj
 0001:00003340       ??$GetObjects@Udoccluderdata_t@@@CUtlBuffer@@QAEXPAUdoccluderdata_t@@H@Z 10004340 f i bsplib.obj
 0001:000033d0       ??$GetObjects@Udoccluderpolydata_t@@@CUtlBuffer@@QAEXPAUdoccluderpolydata_t@@H@Z 100043d0 f i bsplib.obj
 0001:00003430       ?InsertMultipleBefore@?$CUtlVector@DV?$CUtlMemory@DH@@@@QAEHHHPBD@Z 10004430 f i bsplib.obj
 0001:000034c0       ?InsertMultipleBefore@?$CUtlVector@Utexinfo_s@@V?$CUtlMemory@Utexinfo_s@@H@@@@QAEHHHPBUtexinfo_s@@@Z 100044c0 f i bsplib.obj
 0001:00003570       ?InsertMultipleBefore@?$CUtlVector@HV?$CUtlMemory@HH@@@@QAEHHHPBH@Z 10004570 f i bsplib.obj
 0001:00003610       ??$CopyLumpInternal@D@@YAHHHPADH@Z 10004610 f i bsplib.obj
 0001:00003610       ??$CopyLumpInternal@E@@YAHHHPAEH@Z 10004610 f i bsplib.obj
 0001:00003750       ??$CopyLumpInternal@G@@YAHHHPAGH@Z 10004750 f i bsplib.obj
 0001:00003890       ??$CopyLumpInternal@H@@YAHHHPAHH@Z 10004890 f i bsplib.obj
 0001:000039d0       ??$CopyLumpInternal@M@@YAHHHPAMH@Z 100049d0 f i bsplib.obj
 0001:00003b10       ?InsertMultipleBefore@?$CUtlVector@Udoccluderdata_t@@V?$CUtlMemory@Udoccluderdata_t@@H@@@@QAEHHHPBUdoccluderdata_t@@@Z 10004b10 f i bsplib.obj
 0001:00003d60       ?InsertMultipleBefore@?$CUtlVector@Udoccluderpolydata_t@@V?$CUtlMemory@Udoccluderpolydata_t@@H@@@@QAEHHHPBUdoccluderpolydata_t@@@Z 10004d60 f i bsplib.obj
 0001:00003e10       ?AllocInternal@?$CUtlLinkedList@UGameLump_t@@G$0A@GV?$CUtlMemory@U?$UtlLinkedListElem_t@UGameLump_t@@G@@G@@@@IAEG_N@Z 10004e10 f i bsplib.obj
 0001:00003f30       ?InsertMultipleBefore@?$CUtlVector@Udleafambientlighting_t@@V?$CUtlMemory@Udleafambientlighting_t@@H@@@@QAEHHHPBUdleafambientlighting_t@@@Z 10004f30 f i bsplib.obj
 0001:00004000       ?InsertMultipleBefore@?$CUtlVector@Vddispinfo_t@@V?$CUtlMemory@Vddispinfo_t@@H@@@@QAEHHHPBVddispinfo_t@@@Z 10005000 f i bsplib.obj
 0001:000040b0       ?InsertMultipleBefore@?$CUtlVector@VCDispVert@@V?$CUtlMemory@VCDispVert@@H@@@@QAEHHHPBVCDispVert@@@Z 100050b0 f i bsplib.obj
 0001:00004240       ?GetInt@CUtlBuffer@@QAEHXZ 10005240 f i bsplib.obj
 0001:000042c0       ?PutTabs@CUtlBuffer@@IAEXXZ 100052c0 f i bsplib.obj
 0001:00004310       ?ComputeGameLumpSizeAndCount@CGameLump@@QAEXAAH0@Z 10005310 f   bsplib.obj
 0001:00004820       ?Unlink@?$CUtlLinkedList@UGameLump_t@@G$0A@GV?$CUtlMemory@U?$UtlLinkedListElem_t@UGameLump_t@@G@@G@@@@QAEXG@Z 10005820 f i bsplib.obj
 0001:000048b0       ??1CDatadescGeneratedNameHolder@@QAE@XZ 100058b0 f i bsplib.obj
 0001:000049f0       ?Lumps_Parse@@YAXXZ        100059f0 f   bsplib.obj
 0001:00004a50       ?WriteBSPFile@@YAXPBDPAD@Z 10005a50 f   bsplib.obj
 0001:000050c0       ?SetSize@?$CUtlVector@EV?$CUtlMemory@EH@@@@QAEXH@Z 100060c0 f i bsplib.obj
 0001:000050c0       ?SetSize@?$CUtlVector@DV?$CUtlMemory@DH@@@@QAEXH@Z 100060c0 f i bsplib.obj
 0001:00005110       ?SetCount@?$CUtlVector@Udleafambientindex_t@@V?$CUtlMemory@Udleafambientindex_t@@H@@@@QAEXH@Z 10006110 f i bsplib.obj
 0001:00005170       ??$CopyLump@D@@YAXHHAAV?$CUtlVector@DV?$CUtlMemory@DH@@@@H@Z 10006170 f i bsplib.obj
 0001:000051f0       ??$CopyLump@H@@YAXHHAAV?$CUtlVector@HV?$CUtlMemory@HH@@@@H@Z 100061f0 f i bsplib.obj
 0001:00005270       ?LinkBefore@?$CUtlLinkedList@UGameLump_t@@G$0A@GV?$CUtlMemory@U?$UtlLinkedListElem_t@UGameLump_t@@G@@G@@@@QAEXGG@Z 10006270 f i bsplib.obj
 0001:00005300       ??4?$CUtlVector@HV?$CUtlMemory@HH@@@@QAEAAV0@ABV0@@Z 10006300 f i bsplib.obj
 0001:00005380       ??$DataMapInit@Udheader_t@@@@YAPAUdatamap_t@@PAUdheader_t@@@Z 10006380 f   bsplib.obj
 0001:00005400       ??$DataMapInit@Ulump_t@@@@YAPAUdatamap_t@@PAUlump_t@@@Z 10006400 f   bsplib.obj
 0001:00005480       ??$DataMapInit@Udflagslump_t@@@@YAPAUdatamap_t@@PAUdflagslump_t@@@Z 10006480 f   bsplib.obj
 0001:00005500       ??$DataMapInit@Udplane_t@@@@YAPAUdatamap_t@@PAUdplane_t@@@Z 10006500 f   bsplib.obj
 0001:00005580       ??$DataMapInit@Udleaf_version_0_t@@@@YAPAUdatamap_t@@PAUdleaf_version_0_t@@@Z 10006580 f   bsplib.obj
 0001:00005600       ??$DataMapInit@Udleaf_t@@@@YAPAUdatamap_t@@PAUdleaf_t@@@Z 10006600 f   bsplib.obj
 0001:00005680       ??$DataMapInit@UCompressedLightCube@@@@YAPAUdatamap_t@@PAUCompressedLightCube@@@Z 10006680 f   bsplib.obj
 0001:00005700       ??$DataMapInit@Udleafambientindex_t@@@@YAPAUdatamap_t@@PAUdleafambientindex_t@@@Z 10006700 f   bsplib.obj
 0001:00005780       ??$DataMapInit@Udleafambientlighting_t@@@@YAPAUdatamap_t@@PAUdleafambientlighting_t@@@Z 10006780 f   bsplib.obj
 0001:00005800       ??$DataMapInit@Udvertex_t@@@@YAPAUdatamap_t@@PAUdvertex_t@@@Z 10006800 f   bsplib.obj
 0001:00005880       ??$DataMapInit@Udnode_t@@@@YAPAUdatamap_t@@PAUdnode_t@@@Z 10006880 f   bsplib.obj
 0001:00005900       ??$DataMapInit@Utexinfo_s@@@@YAPAUdatamap_t@@PAUtexinfo_s@@@Z 10006900 f   bsplib.obj
 0001:00005980       ??$DataMapInit@Udtexdata_t@@@@YAPAUdatamap_t@@PAUdtexdata_t@@@Z 10006980 f   bsplib.obj
 0001:00005a00       ??$DataMapInit@Vddispinfo_t@@@@YAPAUdatamap_t@@PAVddispinfo_t@@@Z 10006a00 f   bsplib.obj
 0001:00005a80       ??$DataMapInit@VCDispNeighbor@@@@YAPAUdatamap_t@@PAVCDispNeighbor@@@Z 10006a80 f   bsplib.obj
 0001:00005b00       ??$DataMapInit@VCDispCornerNeighbors@@@@YAPAUdatamap_t@@PAVCDispCornerNeighbors@@@Z 10006b00 f   bsplib.obj
 0001:00005b80       ??$DataMapInit@UCDispSubNeighbor@@@@YAPAUdatamap_t@@PAUCDispSubNeighbor@@@Z 10006b80 f   bsplib.obj
 0001:00005c00       ??$DataMapInit@VCDispVert@@@@YAPAUdatamap_t@@PAVCDispVert@@@Z 10006c00 f   bsplib.obj
 0001:00005c80       ??$DataMapInit@VCDispTri@@@@YAPAUdatamap_t@@PAVCDispTri@@@Z 10006c80 f   bsplib.obj
 0001:00005d00       ??$DataMapInit@VCFaceMacroTextureInfo@@@@YAPAUdatamap_t@@PAVCFaceMacroTextureInfo@@@Z 10006d00 f   bsplib.obj
 0001:00005d80       ??$DataMapInit@Udprimitive_t@@@@YAPAUdatamap_t@@PAUdprimitive_t@@@Z 10006d80 f   bsplib.obj
 0001:00005e00       ??$DataMapInit@Udprimvert_t@@@@YAPAUdatamap_t@@PAUdprimvert_t@@@Z 10006e00 f   bsplib.obj
 0001:00005e80       ??$DataMapInit@Udface_t@@@@YAPAUdatamap_t@@PAUdface_t@@@Z 10006e80 f   bsplib.obj
 0001:00005f00       ??$DataMapInit@Udfaceid_t@@@@YAPAUdatamap_t@@PAUdfaceid_t@@@Z 10006f00 f   bsplib.obj
 0001:00005f80       ??$DataMapInit@Udbrush_t@@@@YAPAUdatamap_t@@PAUdbrush_t@@@Z 10006f80 f   bsplib.obj
 0001:00006000       ??$DataMapInit@Udbrushside_t@@@@YAPAUdatamap_t@@PAUdbrushside_t@@@Z 10007000 f   bsplib.obj
 0001:00006080       ??$DataMapInit@Udedge_t@@@@YAPAUdatamap_t@@PAUdedge_t@@@Z 10007080 f   bsplib.obj
 0001:00006100       ??$DataMapInit@Udmodel_t@@@@YAPAUdatamap_t@@PAUdmodel_t@@@Z 10007100 f   bsplib.obj
 0001:00006180       ??$DataMapInit@Udphysmodel_t@@@@YAPAUdatamap_t@@PAUdphysmodel_t@@@Z 10007180 f   bsplib.obj
 0001:00006200       ??$DataMapInit@Udphysdisp_t@@@@YAPAUdatamap_t@@PAUdphysdisp_t@@@Z 10007200 f   bsplib.obj
 0001:00006280       ??$DataMapInit@Udarea_t@@@@YAPAUdatamap_t@@PAUdarea_t@@@Z 10007280 f   bsplib.obj
 0001:00006300       ??$DataMapInit@Udareaportal_t@@@@YAPAUdatamap_t@@PAUdareaportal_t@@@Z 10007300 f   bsplib.obj
 0001:00006380       ??$DataMapInit@Udworldlight_t@@@@YAPAUdatamap_t@@PAUdworldlight_t@@@Z 10007380 f   bsplib.obj
 0001:00006400       ??$DataMapInit@Udleafwaterdata_t@@@@YAPAUdatamap_t@@PAUdleafwaterdata_t@@@Z 10007400 f   bsplib.obj
 0001:00006480       ??$DataMapInit@Udoccluderdata_t@@@@YAPAUdatamap_t@@PAUdoccluderdata_t@@@Z 10007480 f   bsplib.obj
 0001:00006500       ??$DataMapInit@Udoccluderpolydata_t@@@@YAPAUdatamap_t@@PAUdoccluderpolydata_t@@@Z 10007500 f   bsplib.obj
 0001:00006580       ??$DataMapInit@Udcubemapsample_t@@@@YAPAUdatamap_t@@PAUdcubemapsample_t@@@Z 10007580 f   bsplib.obj
 0001:00006600       ??$DataMapInit@Udoverlay_t@@@@YAPAUdatamap_t@@PAUdoverlay_t@@@Z 10007600 f   bsplib.obj
 0001:00006680       ??$DataMapInit@Udwateroverlay_t@@@@YAPAUdatamap_t@@PAUdwateroverlay_t@@@Z 10007680 f   bsplib.obj
 0001:00006700       ??$DataMapInit@Udoverlayfade_t@@@@YAPAUdatamap_t@@PAUdoverlayfade_t@@@Z 10007700 f   bsplib.obj
 0001:00006780       ??$DataMapInit@Udgamelumpheader_t@@@@YAPAUdatamap_t@@PAUdgamelumpheader_t@@@Z 10007780 f   bsplib.obj
 0001:00006800       ??$DataMapInit@Udgamelump_t@@@@YAPAUdatamap_t@@PAUdgamelump_t@@@Z 10007800 f   bsplib.obj
 0001:00006880       ??$DataMapInit@UStaticPropDictLump_t@@@@YAPAUdatamap_t@@PAUStaticPropDictLump_t@@@Z 10007880 f   bsplib.obj
 0001:00006900       ??$DataMapInit@UStaticPropLump_t@@@@YAPAUdatamap_t@@PAUStaticPropLump_t@@@Z 10007900 f   bsplib.obj
 0001:00006980       ??$DataMapInit@UStaticPropLumpV4_t@@@@YAPAUdatamap_t@@PAUStaticPropLumpV4_t@@@Z 10007980 f   bsplib.obj
 0001:00006a00       ??$DataMapInit@UStaticPropLumpV5_t@@@@YAPAUdatamap_t@@PAUStaticPropLumpV5_t@@@Z 10007a00 f   bsplib.obj
 0001:00006a80       ??$DataMapInit@UStaticPropLeafLump_t@@@@YAPAUdatamap_t@@PAUStaticPropLeafLump_t@@@Z 10007a80 f   bsplib.obj
 0001:00006b00       ??$DataMapInit@UDetailObjectDictLump_t@@@@YAPAUdatamap_t@@PAUDetailObjectDictLump_t@@@Z 10007b00 f   bsplib.obj
 0001:00006b80       ??$DataMapInit@UDetailObjectLump_t@@@@YAPAUdatamap_t@@PAUDetailObjectLump_t@@@Z 10007b80 f   bsplib.obj
 0001:00006c00       ??$DataMapInit@UDetailSpriteDictLump_t@@@@YAPAUdatamap_t@@PAUDetailSpriteDictLump_t@@@Z 10007c00 f   bsplib.obj
 0001:00006c80       ??$DataMapInit@UDetailPropLightstylesLump_t@@@@YAPAUdatamap_t@@PAUDetailPropLightstylesLump_t@@@Z 10007c80 f   bsplib.obj
 0001:00006d00       ??$DataMapInit@UMeshHeader_t@HardwareVerts@@@HardwareVerts@@YAPAUdatamap_t@@PAUMeshHeader_t@0@@Z 10007d00 f   bsplib.obj
 0001:00006d80       ??$DataMapInit@UFileHeader_t@HardwareVerts@@@HardwareVerts@@YAPAUdatamap_t@@PAUFileHeader_t@0@@Z 10007d80 f   bsplib.obj
 0001:00006ff0       ??$DataMapInit@Uswapcollideheader_t@@@@YAPAUdatamap_t@@PAUswapcollideheader_t@@@Z 10007ff0 f   bsplib.obj
 0001:00007070       ??$DataMapInit@Uswapcompactsurfaceheader_t@@@@YAPAUdatamap_t@@PAUswapcompactsurfaceheader_t@@@Z 10008070 f   bsplib.obj
 0001:000070f0       ??$DataMapInit@Uswapmoppsurfaceheader_t@@@@YAPAUdatamap_t@@PAUswapmoppsurfaceheader_t@@@Z 100080f0 f   bsplib.obj
 0001:00007160       ?LoadLeafs@@YAHXZ          10008160 f   bsplib.obj
 0001:00007350       ?RemoveAll@?$CUtlLinkedList@UGameLump_t@@G$0A@GV?$CUtlMemory@U?$UtlLinkedListElem_t@UGameLump_t@@G@@G@@@@QAEXXZ 10008350 f i bsplib.obj
 0001:00007400       ??$CopyOptionalLump@Udleafambientlighting_t@@@@YAXHAAV?$CUtlVector@Udleafambientlighting_t@@V?$CUtlMemory@Udleafambientlighting_t@@H@@@@H@Z 10008400 f i bsplib.obj
 0001:00007460       ??$CopyOptionalLump@Udleafambientindex_t@@@@YAXHAAV?$CUtlVector@Udleafambientindex_t@@V?$CUtlMemory@Udleafambientindex_t@@H@@@@H@Z 10008460 f i bsplib.obj
 0001:000074e0       ?LoadLeafAmbientLighting@@YAXH@Z 100084e0 f   bsplib.obj
 0001:00007710       ??$CopyOptionalLump@Udfaceid_t@@@@YAXHAAV?$CUtlVector@Udfaceid_t@@V?$CUtlMemory@Udfaceid_t@@H@@@@H@Z 10008710 f i bsplib.obj
 0001:00007790       ?RemoveAll@?$CUtlVector@Uclusterlist_t@@V?$CUtlMemory@Uclusterlist_t@@H@@@@QAEXXZ 10008790 f i bsplib.obj
 0001:00007830       ?RemoveAll@?$CUtlVector@VCUtlString@@V?$CUtlMemory@VCUtlString@@H@@@@QAEXXZ 10008830 f i bsplib.obj
 0001:00007890       ?InsertMultipleBefore@?$CUtlVector@Uclusterlist_t@@V?$CUtlMemory@Uclusterlist_t@@H@@@@QAEHHHPBUclusterlist_t@@@Z 10008890 f i bsplib.obj
 0001:00007990       ?CreateGameLump@CGameLump@@QAEGHHHH@Z 10008990 f   bsplib.obj
 0001:00007a40       ?ParseGameLump@CGameLump@@QAEXPAUdheader_t@@@Z 10008a40 f   bsplib.obj
 0001:00007b40       ?LoadBSPFile@@YAXPBD@Z     10008b40 f   bsplib.obj
 0001:00008b20       ??1?$CUtlVector@Uclusterlist_t@@V?$CUtlMemory@Uclusterlist_t@@H@@@@QAE@XZ 10009b20 f i bsplib.obj
 0001:00008b80       ??1?$CUtlVector@VCUtlString@@V?$CUtlMemory@VCUtlString@@H@@@@QAE@XZ 10009b80 f i bsplib.obj
 0001:00008be0       ?BuildClusterTable@@YAXXZ  10009be0 f   bsplib.obj
 0001:00008d80       ?SetConsoleTextColor@@YAGHHHH@Z 10009d80 f   cmdlib.obj
 0001:00008e10       ?CmdLib_NewHandler@@YAHI@Z 10009e10 f   cmdlib.obj
 0001:00008e30       ?InstallAllocationFunctions@@YAXXZ 10009e30 f   cmdlib.obj
 0001:00008e50       ?CmdLib_Exit@@YAXH@Z       10009e50 f   cmdlib.obj
 0001:00008e60       ?qprintf@@YAXPADZZ         10009e60 f   cmdlib.obj
 0001:00008eb0       ?ExpandPath@@YAPADPAD@Z    10009eb0 f   cmdlib.obj
 0001:00008ef0       ?copystring@@YAPADPBD@Z    10009ef0 f   cmdlib.obj
 0001:00008f30       ?GetHourMinuteSecondsString@@YAXHPADH@Z 10009f30 f   cmdlib.obj
 0001:00009040       ?CmdLib_InitFileSystem@@YAXPBDH@Z 1000a040 f   cmdlib.obj
 0001:00009070       ?SafeOpenWrite@@YAPAXPBD@Z 1000a070 f   cmdlib.obj
 0001:000090b0       ?CmdLib_HasBasePath@@YA_NPBDAAH@Z 1000a0b0 f   cmdlib.obj
 0001:00009170       ?SafeOpenRead@@YAPAXPBD@Z  1000a170 f   cmdlib.obj
 0001:00009290       ?SafeWrite@@YAXPAX0H@Z     1000a290 f   cmdlib.obj
 0001:000092d0       ?LoadFile@@YAHPBDPAPAX@Z   1000a2d0 f   cmdlib.obj
 0001:00009360       ?Grow@?$CUtlMemory@U?$UtlLinkedListElem_t@PAVCZip@@G@@G@@QAEXH@Z 1000a360 f i zip_utils.obj
 0001:00009360       ?Grow@?$CUtlMemory@U?$UtlLinkedListElem_t@P6AXPBD@ZG@@G@@QAEXH@Z 1000a360 f i cmdlib.obj
 0001:00009360       ?Grow@?$CUtlMemory@U?$UtlLinkedListElem_t@P6AXXZG@@G@@QAEXH@Z 1000a360 f i cmdlib.obj
 0001:00009420       ?RemoveAll@?$CUtlLinkedList@P6AXXZG$0A@GV?$CUtlMemory@U?$UtlLinkedListElem_t@P6AXXZG@@G@@@@QAEXXZ 1000a420 f i cmdlib.obj
 0001:00009420       ?RemoveAll@?$CUtlLinkedList@PAVCZip@@G$0A@GV?$CUtlMemory@U?$UtlLinkedListElem_t@PAVCZip@@G@@G@@@@QAEXXZ 1000a420 f i zip_utils.obj
 0001:00009420       ?RemoveAll@?$CUtlLinkedList@P6AXPBD@ZG$0A@GV?$CUtlMemory@U?$UtlLinkedListElem_t@P6AXPBD@ZG@@G@@@@QAEXXZ 1000a420 f i cmdlib.obj
 0001:00009490       ?AllocInternal@?$CUtlLinkedList@PAVCZip@@G$0A@GV?$CUtlMemory@U?$UtlLinkedListElem_t@PAVCZip@@G@@G@@@@IAEG_N@Z 1000a490 f i zip_utils.obj
 0001:00009490       ?AllocInternal@?$CUtlLinkedList@P6AXXZG$0A@GV?$CUtlMemory@U?$UtlLinkedListElem_t@P6AXXZG@@G@@@@IAEG_N@Z 1000a490 f i cmdlib.obj
 0001:00009490       ?AllocInternal@?$CUtlLinkedList@P6AXPBD@ZG$0A@GV?$CUtlMemory@U?$UtlLinkedListElem_t@P6AXPBD@ZG@@G@@@@IAEG_N@Z 1000a490 f i cmdlib.obj
 0001:000095b0       ?CmdLib_Cleanup@@YAXXZ     1000a5b0 f   cmdlib.obj
 0001:00009620       ?Unlink@?$CUtlLinkedList@P6AXXZG$0A@GV?$CUtlMemory@U?$UtlLinkedListElem_t@P6AXXZG@@G@@@@QAEXG@Z 1000a620 f i cmdlib.obj
 0001:00009620       ?Unlink@?$CUtlLinkedList@PAVCZip@@G$0A@GV?$CUtlMemory@U?$UtlLinkedListElem_t@PAVCZip@@G@@G@@@@QAEXG@Z 1000a620 f i zip_utils.obj
 0001:00009620       ?Unlink@?$CUtlLinkedList@P6AXPBD@ZG$0A@GV?$CUtlMemory@U?$UtlLinkedListElem_t@P6AXPBD@ZG@@G@@@@QAEXG@Z 1000a620 f i cmdlib.obj
 0001:000096b0       ?CmdLib_FPrintf@@YAXPAXPBDZZ 1000a6b0 f   cmdlib.obj
 0001:00009840       ?CmdLib_SpewOutputFunc@@YA?AW4SpewRetval_t@@W4SpewType_t@@PBD@Z 1000a840 f   cmdlib.obj
 0001:00009ba0       ?InstallSpewFunction@@YAXXZ 1000aba0 f   cmdlib.obj
 0001:00009be0       ?SetSpewFunctionLogFile@@YAXPBD@Z 1000abe0 f   cmdlib.obj
 0001:00009c30       ?InstallExtraSpewHook@@YAXP6AXPBD@Z@Z 1000ac30 f   cmdlib.obj
 0001:00009c70       ?CmdLib_AtCleanup@@YAXP6AXXZ@Z 1000ac70 f   cmdlib.obj
 0001:00009cb0       ?IsBoxIntersectingBox@@YA_NABVVector@@000@Z 1000acb0 f   collisionutils.obj
 0001:00009d20       ?CountBits@@YAHPAEH@Z      1000ad20 f   flow.obj
 0001:00009d50       ?AllocStackWinding@@YAPAUwinding_t@@PAUpstack_t@@@Z 1000ad50 f   flow.obj
 0001:00009da0       ?FreeStackWinding@@YAXPAUwinding_t@@PAUpstack_t@@@Z 1000ada0 f   flow.obj
 0001:00009df0       ?ChopWinding@@YAPAUwinding_t@@PAU1@PAUpstack_t@@PAUplane_t@@@Z 1000adf0 f   flow.obj
 0001:0000a160       ?WindingCenter@@YAXPAUwinding_t@@AAVVector@@@Z 1000b160 f   flow.obj
 0001:0000a1e0       ?ClipToSeperators@@YAPAUwinding_t@@PAU1@00_NPAUpstack_t@@@Z 1000b1e0 f   flow.obj
 0001:0000a5b0       ?ClusterCenter@@YA?AVVector@@H@Z 1000b5b0 f   flow.obj
 0001:0000a670       ?WritePortalTrace@@YAXPBD@Z 1000b670 f   flow.obj
 0001:0000a760       ?SimpleFlood@@YAXPAUportal_t@@H@Z 1000b760 f   flow.obj
 0001:0000a810       ?BasePortalVis@@YAXHH@Z    1000b810 f   flow.obj
 0001:0000ad00       ?InsertBefore@?$CUtlVector@VVector@@V?$CUtlMemory@VVector@@H@@@@QAEHHABVVector@@@Z 1000bd00 f i flow.obj
 0001:0000ad80       ?DumpPortalTrace@@YAXPAUpstack_t@@@Z 1000bd80 f   flow.obj
 0001:0000b2c0       ?RecursiveLeafFlow@@YAXHPAUthreaddata_t@@PAUpstack_t@@@Z 1000c2c0 f   flow.obj
 0001:0000b620       ?PortalFlow@@YAXHH@Z       1000c620 f   flow.obj
 0001:0000b940       ?LoadCmdLineFromFile@@YAXAAHAAPAPADPBD2@Z 1000c940 f   loadcmdline.obj
 0001:0000ba10       ?DeleteCmdLine@@YAXHPAPAD@Z 1000ca10 f   loadcmdline.obj
 0001:0000ba50       ?GetID@ISQLDBCommand@@UAEHXZ 1000ca50 f i mpi_stats.obj
 0001:0000ba50       ?GetReturnData@ISQLDBCommand@@UAEPAXXZ 1000ca50 f i mpi_stats.obj
 0001:0000ba60       ?GetDebugInfo@ISQLDBCommand@@UAEXPADH@Z 1000ca60 f i mpi_stats.obj
 0001:0000ba70       ??_EISQLDBCommand@@MAEPAXI@Z 1000ca70 f i mpi_stats.obj
 0001:0000ba70       ??_GCSQLDBCommand_GraphEntry@@UAEPAXI@Z 1000ca70 f i mpi_stats.obj
 0001:0000ba70       ??_ECSQLDBCommand_GraphEntry@@UAEPAXI@Z 1000ca70 f i mpi_stats.obj
 0001:0000ba70       ??_GCSQLDBCommand_WorkerStats@@UAEPAXI@Z 1000ca70 f i mpi_stats.obj
 0001:0000ba70       ??_GISQLDBCommand@@MAEPAXI@Z 1000ca70 f i mpi_stats.obj
 0001:0000ba70       ??_ECSQLDBCommand_JobMasterEnd@@UAEPAXI@Z 1000ca70 f i mpi_stats.obj
 0001:0000ba70       ??_ECSQLDBCommand_WorkerStats@@UAEPAXI@Z 1000ca70 f i mpi_stats.obj
 0001:0000ba70       ??_GCSQLDBCommand_JobMasterEnd@@UAEPAXI@Z 1000ca70 f i mpi_stats.obj
 0001:0000baa0       ?FormatStringForSQL@@YAPADPBD@Z 1000caa0 f   mpi_stats.obj
 0001:0000bb10       ?UnloadMySQLWrapper@@YAXXZ 1000cb10 f   mpi_stats.obj
 0001:0000bb50       ?LoadMySQLWrapper@@YA_NPBD00@Z 1000cb50 f   mpi_stats.obj
 0001:0000bc30       ?GetDBInfo@@YAXPBDPAVCDBInfo@@@Z 1000cc30 f   mpi_stats.obj
 0001:0000bd80       ?RunJobWatchApp@@YAXPAD@Z  1000cd80 f   mpi_stats.obj
 0001:0000be50       ?StatsDB_GetUniqueJobID@@YAKXZ 1000ce50 f   mpi_stats.obj
 0001:0000be60       ?deleteThis@CSQLDBCommandBase@@UAEXXZ 1000ce60 f i mpi_stats.obj
 0001:0000be60       ?Release@CThreadedTCPSocket@@UAEXXZ 1000ce60 f i vmpi:ThreadedTCPSocket.obj
 0001:0000be70       ??_ECSQLDBCommand_TextMessage@@UAEPAXI@Z 1000ce70 f i mpi_stats.obj
 0001:0000be70       ??_GCSQLDBCommand_TextMessage@@UAEPAXI@Z 1000ce70 f i mpi_stats.obj
 0001:0000beb0       ?RunCommand@CSQLDBCommand_WorkerStats@@UAEHXZ 1000ceb0 f i mpi_stats.obj
 0001:0000bf80       ?PerfThread_AddGraphEntry@@YAXKAAK0@Z 1000cf80 f   mpi_stats.obj
 0001:0000c010       ?VMPI_Stats_Term@@YAXXZ    1000d010 f   mpi_stats.obj
 0001:0000c120       ?Execute@CMySQLQuery@@QAEHPAVIMySQL@@@Z 1000d120 f   mpi_stats.obj
 0001:0000c180       ?VMPI_Stats_SpewHook@@YAXPBD@Z 1000d180 f   mpi_stats.obj
 0001:0000c1d0       ?PerfThread_SendSpewText@@YAXXZ 1000d1d0 f   mpi_stats.obj
 0001:0000c310       ?PerfThreadFn@@YGKPAX@Z    1000d310 f   mpi_stats.obj
 0001:0000c430       ?VMPI_Stats_InstallSpewHook@@YAXXZ 1000d430 f   mpi_stats.obj
 0001:0000c440       ?Format@CMySQLQuery@@QAAXPBDZZ 1000d440 f   mpi_stats.obj
 0001:0000c520       ?RunCommand@CSQLDBCommand_JobMasterEnd@@UAEHXZ 1000d520 f i mpi_stats.obj
 0001:0000c610       ?UpdateJobWorkerRunningTime@@YAXXZ 1000d610 f   mpi_stats.obj
 0001:0000c6d0       ?RunCommand@CSQLDBCommand_GraphEntry@@UAEHXZ 1000d6d0 f i mpi_stats.obj
 0001:0000c770       ?RunCommand@CSQLDBCommand_TextMessage@@UAEHXZ 1000d770 f i mpi_stats.obj
 0001:0000c800       ?VMPI_Stats_Init_Worker@@YA_NPBD00K@Z 1000d800 f   mpi_stats.obj
 0001:0000c9b0       ?VMPI_Stats_Init_Master@@YA_NPBD000PAK@Z 1000d9b0 f   mpi_stats.obj
 0001:0000cb30       ?StatsDB_InitStatsDatabase@@YAXHPAPADPBD@Z 1000db30 f   mpi_stats.obj
 0001:0000cca0       ?VMPI_DeletePortalMCSocket@@YAXXZ 1000dca0 f   mpivis.obj
 0001:0000cd00       ?VVIS_SetupMPI@@YAXAAHAAPAPAD@Z 1000dd00 f   mpivis.obj
 0001:0000cde0       ?ReceiveBasePortalVis@@YAX_KPAVMessageBuffer@@H@Z 1000dde0 f   mpivis.obj
 0001:0000ced0       ?ReceivePortalFlow@@YAX_KPAVMessageBuffer@@H@Z 1000ded0 f   mpivis.obj
 0001:0000cf70       ?MCThreadCleanupFn@@YAXXZ  1000df70 f   mpivis.obj
 0001:0000cf80       ?OnWorkUnitsCompleted@IWorkUnitDistributorCallbacks@@UAEX_K@Z 1000df80 f i mpivis.obj
 0001:0000cf80       ?NoteLocalWorkUnitCompleted@CDistributor_DefaultWorker@@UAEX_K@Z 1000df80 f i vmpi:vmpi_distribute_work_default.obj
 0001:0000cf90       ?CheckExitedEarly@@YAXXZ   1000df90 f   mpivis.obj
 0001:0000d000       ?End@CFastTimer@@QAEXXZ    1000e000 f i mpivis.obj
 0001:0000d040       ?Update@CVisDistributeWorkCallbacks@@UAE_NXZ 1000e040 f i mpivis.obj
 0001:0000d1c0       ?ProcessBasePortalVis@@YAXH_KPAVMessageBuffer@@@Z 1000e1c0 f   mpivis.obj
 0001:0000d280       ?ProcessPortalFlow@@YAXH_KPAVMessageBuffer@@@Z 1000e280 f   mpivis.obj
 0001:0000d320       ?CopyArray@?$CUtlVector@DV?$CUtlMemory@DH@@@@QAEXPBDH@Z 1000e320 f i mpivis.obj
 0001:0000d390       ?VVIS_DispatchFn@@YA_NPAVMessageBuffer@@HH@Z 1000e390 f   mpivis.obj
 0001:0000d440       ?RunMPIBasePortalVis@@YAXXZ 1000e440 f   mpivis.obj
 0001:0000d760       ?PortalMCThreadFn@@YGKPAX@Z 1000e760 f   mpivis.obj
 0001:0000d890       ?RunMPIPortalFlow@@YAXXZ   1000e890 f   mpivis.obj
 0001:0000dc00       ?QueriesInOutQueue@CMySqlDatabase@@UAEHXZ 1000ec00 f   MySqlDatabase.obj
 0001:0000dc10       ?QueriesInFinishedQueue@CMySqlDatabase@@UAEHXZ 1000ec10 f   MySqlDatabase.obj
 0001:0000dc20       ?AllocInternal@?$CUtlLinkedList@Umsg_t@CMySqlDatabase@@H$0A@HV?$CUtlMemory@U?$UtlLinkedListElem_t@Umsg_t@CMySqlDatabase@@H@@H@@@@IAEH_N@Z 1000ec20 f i MySqlDatabase.obj
 0001:0000dd10       ?RemoveAll@?$CUtlLinkedList@Umsg_t@CMySqlDatabase@@H$0A@HV?$CUtlMemory@U?$UtlLinkedListElem_t@Umsg_t@CMySqlDatabase@@H@@H@@@@QAEXXZ 1000ed10 f i MySqlDatabase.obj
 0001:0000dd70       ?Unlink@?$CUtlLinkedList@Umsg_t@CMySqlDatabase@@H$0A@HV?$CUtlMemory@U?$UtlLinkedListElem_t@Umsg_t@CMySqlDatabase@@H@@H@@@@QAEXH@Z 1000ed70 f i MySqlDatabase.obj
 0001:0000ddf0       ??0CMySqlDatabase@@QAE@XZ  1000edf0 f   MySqlDatabase.obj
 0001:0000de70       ??1CMySqlDatabase@@QAE@XZ  1000ee70 f   MySqlDatabase.obj
 0001:0000df20       ?AddToTail@?$CUtlLinkedList@Umsg_t@CMySqlDatabase@@H$0A@HV?$CUtlMemory@U?$UtlLinkedListElem_t@Umsg_t@CMySqlDatabase@@H@@H@@@@QAEHABUmsg_t@CMySqlDatabase@@@Z 1000ef20 f i MySqlDatabase.obj
 0001:0000dfa0       ?RunThread@CMySqlDatabase@@QAEXXZ 1000efa0 f   MySqlDatabase.obj
 0001:0000e1a0       ?AddCommandToQueue@CMySqlDatabase@@QAEXPAVISQLDBCommand@@PAVISQLDBReplyTarget@@H@Z 1000f1a0 f   MySqlDatabase.obj
 0001:0000e220       ?Initialize@CMySqlDatabase@@QAE_NXZ 1000f220 f   MySqlDatabase.obj
 0001:0000e280       ?UpdatePacifier@@YAXM@Z    1000f280 f   pacifier.obj
 0001:0000e310       ?EndPacifier@@YAX_N@Z      1000f310 f   pacifier.obj
 0001:0000e340       ?StartPacifier@@YAXPBD@Z   1000f340 f   pacifier.obj
 0001:0000e380       ??_GIScratchPad3D@@MAEPAXI@Z 1000f380 f i scratchpad3d.obj
 0001:0000e380       ??_EIScratchPad3D@@MAEPAXI@Z 1000f380 f i scratchpad3d.obj
 0001:0000e3b0       ?Read@CCommand_Point@CScratchPad3D@@UAEXPAVCFileRead@@@Z 1000f3b0 f   scratchpad3d.obj
 0001:0000e400       ?Write@CCommand_Point@CScratchPad3D@@UAEXPAVIFileSystem@@PAX@Z 1000f400 f   scratchpad3d.obj
 0001:0000e440       ?Read@CCommand_Line@CScratchPad3D@@UAEXPAVCFileRead@@@Z 1000f440 f   scratchpad3d.obj
 0001:0000e470       ?Write@CCommand_Line@CScratchPad3D@@UAEXPAVIFileSystem@@PAX@Z 1000f470 f   scratchpad3d.obj
 0001:0000e4a0       ?Read@CCommand_Matrix@CScratchPad3D@@UAEXPAVCFileRead@@@Z 1000f4a0 f   scratchpad3d.obj
 0001:0000e4d0       ?Write@CCommand_Matrix@CScratchPad3D@@UAEXPAVIFileSystem@@PAX@Z 1000f4d0 f   scratchpad3d.obj
 0001:0000e500       ?Read@CCommand_RenderState@CScratchPad3D@@UAEXPAVCFileRead@@@Z 1000f500 f   scratchpad3d.obj
 0001:0000e550       ?Write@CCommand_RenderState@CScratchPad3D@@UAEXPAVIFileSystem@@PAX@Z 1000f550 f   scratchpad3d.obj
 0001:0000e590       ?Release@CScratchPad3D@@UAEXXZ 1000f590 f   scratchpad3d.obj
 0001:0000e5b0       ?GetAutoFlush@CScratchPad3D@@UAE_NXZ 1000f5b0 f   scratchpad3d.obj
 0001:0000e5c0       ?SetAutoFlush@CScratchPad3D@@UAEX_N@Z 1000f5c0 f   scratchpad3d.obj
 0001:0000e5e0       ??4CTextParams@@QAEAAV0@ABV0@@Z 1000f5e0 f i scratchpad3d.obj
 0001:0000e650       ?DrawImageBW@CScratchPad3D@@UAEXPBEHHH_N1PAVVector@@@Z 1000f650 f   scratchpad3d.obj
 0001:0000e710       ?Write@CCommand_Polygon@CScratchPad3D@@UAEXPAVIFileSystem@@PAX@Z 1000f710 f   scratchpad3d.obj
 0001:0000e770       ?Write@CCommand_Text@CScratchPad3D@@UAEXPAVIFileSystem@@PAX@Z 1000f770 f   scratchpad3d.obj
 0001:0000e7d0       ?DrawWireframeBox@CScratchPad3D@@UAEXABVVector@@00@Z 1000f7d0 f   scratchpad3d.obj
 0001:0000ed60       ?DeleteCommands@CScratchPad3D@@QAEXXZ 1000fd60 f   scratchpad3d.obj
 0001:0000edc0       ?Clear@CScratchPad3D@@UAEXXZ 1000fdc0 f   scratchpad3d.obj
 0001:0000ee20       ?Flush@CScratchPad3D@@UAEXXZ 1000fe20 f   scratchpad3d.obj
 0001:0000eec0       ?InsertMultipleBefore@?$CUtlVector@VCSPVert@@V?$CUtlMemory@VCSPVert@@H@@@@QAEHHHPBVCSPVert@@@Z 1000fec0 f i scratchpad3d.obj
 0001:0000f150       ??0CCommand_Text@CScratchPad3D@@QAE@XZ 10010150 f i scratchpad3d.obj
 0001:0000f1b0       ?ScratchPad3D_Create@@YAPAVIScratchPad3D@@PBD@Z 100101b0 f   scratchpad3d.obj
 0001:0000f240       ?AddVectorToTail@?$CUtlVector@VCSPVert@@V?$CUtlMemory@VCSPVert@@H@@@@QAEHABV1@@Z 10010240 f i scratchpad3d.obj
 0001:0000f2e0       ??0CSPVertList@@QAE@PBVVector@@HVCSPColor@@@Z 100102e0 f i scratchpad3d.obj
 0001:0000f470       ?Read@CCommand_Polygon@CScratchPad3D@@UAEXPAVCFileRead@@@Z 10010470 f   scratchpad3d.obj
 0001:0000f4e0       ??_ECScratchPad3D@@UAEPAXI@Z 100104e0 f i scratchpad3d.obj
 0001:0000f4e0       ??_GCScratchPad3D@@UAEPAXI@Z 100104e0 f i scratchpad3d.obj
 0001:0000f510       ?DrawRectGeneric@CScratchPad3D@@QAEXHHHMABVVector2D@@0ABVCSPColor@@@Z 10010510 f   scratchpad3d.obj
 0001:0000f5c0       ?SetMapping@CScratchPad3D@@UAEXABVVector@@000@Z 100105c0 f   scratchpad3d.obj
 0001:0000f740       ?DrawPoint@CScratchPad3D@@UAEXABVCSPVert@@M@Z 10010740 f   scratchpad3d.obj
 0001:0000f810       ?DrawLine@CScratchPad3D@@UAEXABVCSPVert@@0@Z 10010810 f   scratchpad3d.obj
 0001:0000f900       ?DrawPolygon@CScratchPad3D@@UAEXABVCSPVertList@@@Z 10010900 f   scratchpad3d.obj
 0001:0000f9c0       ?DrawRectYZ@CScratchPad3D@@UAEXMABVVector2D@@0ABVCSPColor@@@Z 100109c0 f   scratchpad3d.obj
 0001:0000f9f0       ?DrawRectXZ@CScratchPad3D@@UAEXMABVVector2D@@0ABVCSPColor@@@Z 100109f0 f   scratchpad3d.obj
 0001:0000fa20       ?DrawRectXY@CScratchPad3D@@UAEXMABVVector2D@@0ABVCSPColor@@@Z 10010a20 f   scratchpad3d.obj
 0001:0000fa50       ?SetRenderState@CScratchPad3D@@UAEXW4RenderState@IScratchPad3D@@K@Z 10010a50 f   scratchpad3d.obj
 0001:0000faf0       ?DrawPolygonsForPixels@CScratchPad3D@@QAEXPAVSPRGBA@@HHHPAVVector@@@Z 10010af0 f   scratchpad3d.obj
 0001:0000ff90       ?DrawImageRGBA@CScratchPad3D@@UAEXPAVSPRGBA@@HHH_N1PAVVector@@@Z 10010f90 f   scratchpad3d.obj
 0001:000100b0       ?Read@CCommand_Text@CScratchPad3D@@UAEXPAVCFileRead@@@Z 100110b0 f   scratchpad3d.obj
 0001:00010160       ?DrawText@CScratchPad3D@@UAEXPBDABVCTextParams@@@Z 10011160 f   scratchpad3d.obj
 0001:00010220       ?ScratchPad_DrawWinding@@YAXPAVIScratchPad3D@@HPAVVector@@V2@2@Z 10011220 f   scratchpad_helpers.obj
 0001:000102f0       ?ScratchPad_DrawFace@@YAXPAVIScratchPad3D@@PAUdface_t@@HABVCSPColor@@ABVVector@@@Z 100112f0 f   scratchpad_helpers.obj
 0001:000105c0       ?ScratchPad_DrawWorld@@YAXPAVIScratchPad3D@@_NABVCSPColor@@@Z 100115c0 f   scratchpad_helpers.obj
 0001:000106b0       ?AddScriptToStack@@YAXPADW4ScriptPathMode_t@@@Z 100116b0 f   scriplib.obj
 0001:00010790       ?AddMacroToStack@@YA_NPAD@Z 10011790 f   scriplib.obj
 0001:00010950       ?ExpandMacroToken@@YA_NAAPAD@Z 10011950 f   scriplib.obj
 0001:00010a80       ?ParseFromMemory@@YAXPADH@Z 10011a80 f   scriplib.obj
 0001:00010af0       ?EndOfScript@@YAHH@Z       10011af0 f   scriplib.obj
 0001:00010bb0       ?TokenAvailable@@YAHXZ     10011bb0 f   scriplib.obj
 0001:00010c10       ?DoesFileExist@CScriptLib@@UAE_NPBD@Z 10011c10 f   scriplib.obj
 0001:00010c30       ?ReadFileToBuffer@CScriptLib@@UAE_NPBDAAVCUtlBuffer@@_N2@Z 10011c30 f   scriplib.obj
 0001:00010cb0       ?WriteBufferToFile@CScriptLib@@UAE_NPBDAAVCUtlBuffer@@W4DiskWriteMode_t@@@Z 10011cb0 f   scriplib.obj
 0001:00010d70       ?CompareFileTime@CScriptLib@@UAEHPBD0@Z 10011d70 f   scriplib.obj
 0001:00010dd0       ?MakeTemporaryFilename@CScriptLib@@UAEPADPBDPADH@Z 10011dd0 f   scriplib.obj
 0001:00010e40       ?Grow@?$CUtlMemory@UfileList_t@@H@@QAEXH@Z 10011e40 f i scriplib.obj
 0001:00010e40       ?Grow@?$CUtlMemory@Uclusterlist_t@@H@@QAEXH@Z 10011e40 f i bsplib.obj
 0001:00010e40       ?Grow@?$CUtlMemory@U?$UtlLinkedListElem_t@Umsg_t@CMySqlDatabase@@H@@H@@QAEXH@Z 10011e40 f i MySqlDatabase.obj
 0001:00010ee0       ?DefineMacro@@YAXPAD@Z     10011ee0 f   scriplib.obj
 0001:00011080       ?Grow@?$CUtlMemory@Uvariable_t@@H@@QAEXH@Z 10012080 f i scriplib.obj
 0001:00011130       ?ExpandVariableToken@@YA_NAAPAD@Z 10012130 f   scriplib.obj
 0001:00011260       ?InsertBefore@?$CUtlVector@Uvariable_t@@V?$CUtlMemory@Uvariable_t@@H@@@@QAEHHABUvariable_t@@@Z 10012260 f i scriplib.obj
 0001:000112d0       ?InsertBefore@?$CUtlVector@VCUtlString@@V?$CUtlMemory@VCUtlString@@H@@@@QAEHH@Z 100122d0 f i scriplib.obj
 0001:00011340       ?DefineVariable@@YAXPAD@Z  10012340 f   scriplib.obj
 0001:00011400       ?GetToken@@YAHH@Z          10012400 f   scriplib.obj
 0001:00011800       ?InsertBefore@?$CUtlVector@UfileList_t@@V?$CUtlMemory@UfileList_t@@H@@@@QAEHH@Z 10012800 f i scriplib.obj
 0001:00011870       ?InsertMultipleBefore@?$CUtlVector@UfileList_t@@V?$CUtlMemory@UfileList_t@@H@@@@QAEHHHPBUfileList_t@@@Z 10012870 f i scriplib.obj
 0001:00011970       ?RemoveAll@?$CUtlVector@UfileList_t@@V?$CUtlMemory@UfileList_t@@H@@@@QAEXXZ 10012970 f i scriplib.obj
 0001:000119e0       ?GetFileList@CScriptLib@@AAEHPBD0AAV?$CUtlVector@UfileList_t@@V?$CUtlMemory@UfileList_t@@H@@@@@Z 100129e0 f   scriplib.obj
 0001:00011c40       ??1?$CUtlVector@UfileList_t@@V?$CUtlMemory@UfileList_t@@H@@@@QAE@XZ 10012c40 f i scriplib.obj
 0001:00011ca0       ?DeleteTemporaryFiles@CScriptLib@@UAEXPBD@Z 10012ca0 f   scriplib.obj
 0001:00011dd0       ?RecurseFileTree_r@CScriptLib@@AAEXPBDHAAV?$CUtlVector@VCUtlString@@V?$CUtlMemory@VCUtlString@@H@@@@@Z 10012dd0 f   scriplib.obj
 0001:00011ef0       ?FindFiles@CScriptLib@@UAEHPAD_NAAV?$CUtlVector@UfileList_t@@V?$CUtlMemory@UfileList_t@@H@@@@@Z 10012ef0 f   scriplib.obj
 0001:000121c0       ?SetLowPriority@@YAXXZ     100131c0 f   threads.obj
 0001:000121d0       ?ThreadSetDefault@@YAXXZ   100131d0 f   threads.obj
 0001:00012220       ?InternalRunThreadsFn@@YGKPAX@Z 10013220 f   threads.obj
 0001:00012240       ?RunThreads_Start@@YAXP6AXHPAX@Z0W4ERunThreadsPriority@@@Z 10013240 f   threads.obj
 0001:000122d0       ?RunThreads_End@@YAXXZ     100132d0 f   threads.obj
 0001:00012330       ?RunThreadsOn@@YAXHHP6AXHPAX@Z0@Z 10013330 f   threads.obj
 0001:000123b0       ?ThreadWorkerFunction@@YAXHPAX@Z 100133b0 f   threads.obj
 0001:000124b0       ?RunThreadsOnIndividual@@YAXHHP6AXHH@Z@Z 100134b0 f   threads.obj
 0001:00012570       ?EnableFullMinidumps@@YAX_N@Z 10013570 f   tools_minidump.obj
 0001:00012580       ?SetupDefaultToolsMinidumpHandler@@YAXXZ 10013580 f   tools_minidump.obj
 0001:00012590       ?SetupToolsMinidumpHandler@@YAXP6AXKPAX@Z@Z 10013590 f   tools_minidump.obj
 0001:000125b0       ?SharedDispatch@@YA_NPAVMessageBuffer@@HH@Z 100135b0 f   vmpi_tools_shared.obj
 0001:000127f0       ?SendQDirInfo@@YAXXZ       100137f0 f   vmpi_tools_shared.obj
 0001:00012880       ?RecvQDirInfo@@YAXXZ       10013880 f   vmpi_tools_shared.obj
 0001:000128b0       ?SendDBInfo@@YAXPBVCDBInfo@@K@Z 100138b0 f   vmpi_tools_shared.obj
 0001:00012900       ?RecvDBInfo@@YAXPAVCDBInfo@@PAK@Z 10013900 f   vmpi_tools_shared.obj
 0001:00012950       ?VMPI_SendFileChunk@@YAHPBXHPBD@Z 10013950 f   vmpi_tools_shared.obj
 0001:00012a10       ?VMPI_HandleCrash@@YAXPBDPAX_N@Z 10013a10 f   vmpi_tools_shared.obj
 0001:00012af0       ?VMPI_SecondExceptionFilter@@YGJPAU_EXCEPTION_POINTERS@@@Z 10013af0 f   vmpi_tools_shared.obj
 0001:00012b10       ?VMPI_ExceptionFilter@@YAXKPAX@Z 10013b10 f   vmpi_tools_shared.obj
 0001:00012dc0       ?HandleMPIDisconnect@@YAXHPBD@Z 10013dc0 f   vmpi_tools_shared.obj
 0001:00012e60       ?PComp@@YAHPBX0@Z          10013e60 f   vvis.obj
 0001:00012e90       ?SortPortals@@YAXXZ        10013e90 f   vvis.obj
 0001:00012ee0       ?LeafVectorFromPortalVector@@YAHPAE0@Z 10013ee0 f   vvis.obj
 0001:000130a0       ?CalcPortalVis@@YAXXZ      100140a0 f   vvis.obj
 0001:00013130       ?SetPortalSphere@@YAXPAUportal_t@@@Z 10014130 f   vvis.obj
 0001:00013260       ?CalcPAS@@YAXXZ            10014260 f   vvis.obj
 0001:000135d0       ?DetermineVisRadius@@YAMXZ 100145d0 f   vvis.obj
 0001:00013660       ?ParseCommandLine@@YAHHPAPAD@Z 10014660 f   vvis.obj
 0001:00013960       ?PrintCommandLine@@YAXHPAPAD@Z 10014960 f   vvis.obj
 0001:000139c0       ?ClusterMerge@@YAXH@Z      100149c0 f   vvis.obj
 0001:00013b00       ?CalcVisTrace@@YAXXZ       10014b00 f   vvis.obj
 0001:00013b90       ?CalcVis@@YAXXZ            10014b90 f   vvis.obj
 0001:00014050       ?LoadPortals@@YAXPAD@Z     10015050 f   vvis.obj
 0001:000146d0       ?RunVVis@@YAHHPAPAD@Z      100156d0 f   vvis.obj
 0001:00014a60       _main                      10015a60 f   vvis.obj
 0001:00014b00       ?main@CVVisDLL@@UAEHHPAPAD@Z 10015b00 f i vvis.obj
 0001:00014b20       ?CreateTempFile@CWin32File@@SAPAXAAVCUtlString@@0@Z 10015b20 f i zip_utils.obj
 0001:00014c30       ?FileTell@CWin32File@@SAIPAX@Z 10015c30 f i zip_utils.obj
 0001:00014c80       ?Put@CFileStream@@UAEXPBXH@Z 10015c80 f i zip_utils.obj
 0001:00014cc0       ?Tell@CFileStream@@UAEIXZ  10015cc0 f i zip_utils.obj
 0001:00014d20       ??0CZipEntry@CZipFile@@QAE@ABV01@@Z 10015d20 f   zip_utils.obj
 0001:00014d90       ?ZipFileLessFunc@CZipEntry@CZipFile@@SA_NABV12@0@Z 10015d90 f   zip_utils.obj
 0001:00014db0       ?ZipFileLessFunc_CaselessSort@CZipEntry@CZipFile@@SA_NABV12@0@Z 10015db0 f   zip_utils.obj
 0001:00014e10       ?ParseXZipCommentString@CZipFile@@AAEXPBD@Z 10015e10 f   zip_utils.obj
 0001:00014e80       ?SetBigEndian@CZip@@UAEX_N@Z 10015e80 f   zip_utils.obj
 0001:00014eb0       ?ActivateByteSwapping@CZip@@UAEX_N@Z 10015eb0 f   zip_utils.obj
 0001:00014ee0       ?ForceAlignment@CZip@@UAEX_N0I@Z 10015ee0 f   zip_utils.obj
 0001:00014f10       ?GetAlignment@CZip@@UAEIXZ 10015f10 f   zip_utils.obj
 0001:00014f20       ?Put@CBufferStream@@UAEXPBXH@Z 10015f20 f i zip_utils.obj
 0001:00014f30       ?Tell@CBufferStream@@UAEIXZ 10015f30 f i zip_utils.obj
 0001:00014f40       ?Color@?$CUtlRBTree@VCZipEntry@CZipFile@@HP6A_NABV12@0@ZV?$CUtlMemory@U?$UtlRBTreeNode_t@VCZipEntry@CZipFile@@H@@H@@@@IBE?AW4NodeColor_t@1@H@Z 10015f40 f i zip_utils.obj
 0001:00014f90       ?Grow@?$CUtlMemory@U?$UtlRBTreeNode_t@VCZipEntry@CZipFile@@H@@H@@QAEXH@Z 10015f90 f i zip_utils.obj
 0001:00015040       ??$GetObjects@UZIP_EndOfCentralDirRecord@@@CUtlBuffer@@QAEXPAUZIP_EndOfCentralDirRecord@@H@Z 10016040 f i zip_utils.obj
 0001:000150c0       ??$GetObjects@UZIP_FileHeader@@@CUtlBuffer@@QAEXPAUZIP_FileHeader@@H@Z 100160c0 f i zip_utils.obj
 0001:00015130       ?Parent@?$CUtlRBTree@VCZipEntry@CZipFile@@HP6A_NABV12@0@ZV?$CUtlMemory@U?$UtlRBTreeNode_t@VCZipEntry@CZipFile@@H@@H@@@@QBEHH@Z 10016130 f i zip_utils.obj
 0001:00015180       ?LeftChild@?$CUtlRBTree@VCZipEntry@CZipFile@@HP6A_NABV12@0@ZV?$CUtlMemory@U?$UtlRBTreeNode_t@VCZipEntry@CZipFile@@H@@H@@@@QBEHH@Z 10016180 f i zip_utils.obj
 0001:000151d0       ?RightChild@?$CUtlRBTree@VCZipEntry@CZipFile@@HP6A_NABV12@0@ZV?$CUtlMemory@U?$UtlRBTreeNode_t@VCZipEntry@CZipFile@@H@@H@@@@QBEHH@Z 100161d0 f i zip_utils.obj
 0001:00015220       ?IsRightChild@?$CUtlRBTree@VCZipEntry@CZipFile@@HP6A_NABV12@0@ZV?$CUtlMemory@U?$UtlRBTreeNode_t@VCZipEntry@CZipFile@@H@@H@@@@QBE_NH@Z 10016220 f i zip_utils.obj
 0001:000152d0       ?FindInsertionPosition@?$CUtlRBTree@VCZipEntry@CZipFile@@HP6A_NABV12@0@ZV?$CUtlMemory@U?$UtlRBTreeNode_t@VCZipEntry@CZipFile@@H@@H@@@@IAEXABVCZipEntry@CZipFile@@AAHAA_N@Z 100162d0 f i zip_utils.obj
 0001:000153c0       ?NewNode@?$CUtlRBTree@VCZipEntry@CZipFile@@HP6A_NABV12@0@ZV?$CUtlMemory@U?$UtlRBTreeNode_t@VCZipEntry@CZipFile@@H@@H@@@@QAEHXZ 100163c0 f i zip_utils.obj
 0001:000154c0       ?IsLeftChild@?$CUtlRBTree@VCZipEntry@CZipFile@@HP6A_NABV12@0@ZV?$CUtlMemory@U?$UtlRBTreeNode_t@VCZipEntry@CZipFile@@H@@H@@@@QBE_NH@Z 100164c0 f i zip_utils.obj
 0001:00015570       ?RotateLeft@?$CUtlRBTree@VCZipEntry@CZipFile@@HP6A_NABV12@0@ZV?$CUtlMemory@U?$UtlRBTreeNode_t@VCZipEntry@CZipFile@@H@@H@@@@IAEXH@Z 10016570 f i zip_utils.obj
 0001:00015770       ?RotateRight@?$CUtlRBTree@VCZipEntry@CZipFile@@HP6A_NABV12@0@ZV?$CUtlMemory@U?$UtlRBTreeNode_t@VCZipEntry@CZipFile@@H@@H@@@@IAEXH@Z 10016770 f i zip_utils.obj
 0001:00015a90       ?Find@?$CUtlRBTree@VCZipEntry@CZipFile@@HP6A_NABV12@0@ZV?$CUtlMemory@U?$UtlRBTreeNode_t@VCZipEntry@CZipFile@@H@@H@@@@QBEHABVCZipEntry@CZipFile@@@Z 10016a90 f i zip_utils.obj
 0001:00015b80       ?RemoveAll@?$CUtlRBTree@VCZipEntry@CZipFile@@HP6A_NABV12@0@ZV?$CUtlMemory@U?$UtlRBTreeNode_t@VCZipEntry@CZipFile@@H@@H@@@@QAEXXZ 10016b80 f i zip_utils.obj
 0001:00015c60       ?FirstInorder@?$CUtlRBTree@VCZipEntry@CZipFile@@HP6A_NABV12@0@ZV?$CUtlMemory@U?$UtlRBTreeNode_t@VCZipEntry@CZipFile@@H@@H@@@@QBEHXZ 10016c60 f i zip_utils.obj
 0001:00015cf0       ?NextInorder@?$CUtlRBTree@VCZipEntry@CZipFile@@HP6A_NABV12@0@ZV?$CUtlMemory@U?$UtlRBTreeNode_t@VCZipEntry@CZipFile@@H@@H@@@@QBEHH@Z 10016cf0 f i zip_utils.obj
 0001:00015ec0       ?InsertRebalance@?$CUtlRBTree@VCZipEntry@CZipFile@@HP6A_NABV12@0@ZV?$CUtlMemory@U?$UtlRBTreeNode_t@VCZipEntry@CZipFile@@H@@H@@@@IAEXH@Z 10016ec0 f i zip_utils.obj
 0001:00016310       ?RemoveRebalance@?$CUtlRBTree@VCZipEntry@CZipFile@@HP6A_NABV12@0@ZV?$CUtlMemory@U?$UtlRBTreeNode_t@VCZipEntry@CZipFile@@H@@H@@@@IAEXH@Z 10017310 f i zip_utils.obj
 0001:00016ce0       ?ReadFileFromZip@CZipFile@@QAE_NPBD_NAAVCUtlBuffer@@@Z 10017ce0 f   zip_utils.obj
 0001:00016df0       ?ReadFileFromZip@CZipFile@@QAE_NPAXPBD_NAAVCUtlBuffer@@@Z 10017df0 f   zip_utils.obj
 0001:00016f80       ?FileExistsInZip@CZipFile@@QAE_NPBD@Z 10017f80 f   zip_utils.obj
 0001:00017030       ?CalculateSize@CZipFile@@QAEIXZ 10018030 f   zip_utils.obj
 0001:00017120       ?PrintDirectory@CZipFile@@QAEXXZ 10018120 f   zip_utils.obj
 0001:00017170       ?SaveDirectory@CZipFile@@AAEXAAVIWriteStream@@@Z 10018170 f   zip_utils.obj
 0001:00017670       ?FileExistsInZip@CZip@@UAE_NPBD@Z 10018670 f   zip_utils.obj
 0001:00017680       ?ReadFileFromZip@CZip@@UAE_NPBD_NAAVCUtlBuffer@@@Z 10018680 f   zip_utils.obj
 0001:00017690       ?ReadFileFromZip@CZip@@UAE_NPAXPBD_NAAVCUtlBuffer@@@Z 10018690 f   zip_utils.obj
 0001:000176a0       ?GetNextFilename@CZip@@UAEHHPADHAAH@Z 100186a0 f   zip_utils.obj
 0001:00017710       ?PrintDirectory@CZip@@UAEXXZ 10018710 f   zip_utils.obj
 0001:00017720       ?Reset@CZip@@UAEXXZ        10018720 f   zip_utils.obj
 0001:00017770       ?EstimateSize@CZip@@UAEIXZ 10018770 f   zip_utils.obj
 0001:00017780       ??1?$CUtlRBTree@VCZipEntry@CZipFile@@HP6A_NABV12@0@ZV?$CUtlMemory@U?$UtlRBTreeNode_t@VCZipEntry@CZipFile@@H@@H@@@@QAE@XZ 10018780 f i zip_utils.obj
 0001:000177e0       ?LinkToParent@?$CUtlRBTree@VCZipEntry@CZipFile@@HP6A_NABV12@0@ZV?$CUtlMemory@U?$UtlRBTreeNode_t@VCZipEntry@CZipFile@@H@@H@@@@IAEXHH_N@Z 100187e0 f i zip_utils.obj
 0001:00017850       ?Unlink@?$CUtlRBTree@VCZipEntry@CZipFile@@HP6A_NABV12@0@ZV?$CUtlMemory@U?$UtlRBTreeNode_t@VCZipEntry@CZipFile@@H@@H@@@@IAEXH@Z 10018850 f i zip_utils.obj
 0001:00017b40       ?LinkBefore@?$CUtlLinkedList@PAVCZip@@G$0A@GV?$CUtlMemory@U?$UtlLinkedListElem_t@PAVCZip@@G@@G@@@@QAEXGG@Z 10018b40 f i zip_utils.obj
 0001:00017b40       ?LinkBefore@?$CUtlLinkedList@P6AXXZG$0A@GV?$CUtlMemory@U?$UtlLinkedListElem_t@P6AXXZG@@G@@@@QAEXGG@Z 10018b40 f i cmdlib.obj
 0001:00017b40       ?LinkBefore@?$CUtlLinkedList@P6AXPBD@ZG$0A@GV?$CUtlMemory@U?$UtlLinkedListElem_t@P6AXPBD@ZG@@G@@@@QAEXGG@Z 10018b40 f i cmdlib.obj
 0001:00017bc0       ??$DataMapInit@UZIP_EndOfCentralDirRecord@@@@YAPAUdatamap_t@@PAUZIP_EndOfCentralDirRecord@@@Z 10018bc0 f   zip_utils.obj
 0001:00017c40       ??$DataMapInit@UZIP_FileHeader@@@@YAPAUdatamap_t@@PAUZIP_FileHeader@@@Z 10018c40 f   zip_utils.obj
 0001:00017cc0       ??$DataMapInit@UZIP_LocalFileHeader@@@@YAPAUdatamap_t@@PAUZIP_LocalFileHeader@@@Z 10018cc0 f   zip_utils.obj
 0001:00017d40       ??$DataMapInit@UZIP_PreloadHeader@@@@YAPAUdatamap_t@@PAUZIP_PreloadHeader@@@Z 10018d40 f   zip_utils.obj
 0001:00017dc0       ??$DataMapInit@UZIP_PreloadDirectoryEntry@@@@YAPAUdatamap_t@@PAUZIP_PreloadDirectoryEntry@@@Z 10018dc0 f   zip_utils.obj
 0001:00017e40       ??0CZipFile@@QAE@PBD_N@Z   10018e40 f   zip_utils.obj
 0001:00017ef0       ??1CZipFile@@QAE@XZ        10018ef0 f   zip_utils.obj
 0001:00017f90       ??0CZip@@QAE@PBD_N@Z       10018f90 f   zip_utils.obj
 0001:00018000       ?SaveToBuffer@CZip@@UAEXAAVCUtlBuffer@@@Z 10019000 f   zip_utils.obj
 0001:00018030       ?SaveToDisk@CZip@@UAEXPAU_iobuf@@@Z 10019030 f   zip_utils.obj
 0001:00018060       ?SaveToDisk@CZip@@UAEXPAX@Z 10019060 f   zip_utils.obj
 0001:00018090       ??_ECZip@@UAEPAXI@Z        10019090 f i zip_utils.obj
 0001:00018090       ??_GCZip@@UAEPAXI@Z        10019090 f i zip_utils.obj
 0001:000180c0       ?Remove@?$CUtlRBTree@VCZipEntry@CZipFile@@HP6A_NABV12@0@ZV?$CUtlMemory@U?$UtlRBTreeNode_t@VCZipEntry@CZipFile@@H@@H@@@@QAE_NABVCZipEntry@CZipFile@@@Z 100190c0 f i zip_utils.obj
 0001:00018130       ?FindAndRemove@?$CUtlLinkedList@PAVCZip@@G$0A@GV?$CUtlMemory@U?$UtlLinkedListElem_t@PAVCZip@@G@@G@@@@QAE_NABQAVCZip@@@Z 10019130 f i zip_utils.obj
 0001:000181b0       ?ParseFromBuffer@CZipFile@@QAEXPAXH@Z 100191b0 f   zip_utils.obj
 0001:00018620       ?ParseFromDisk@CZipFile@@QAEPAXPBD@Z 10019620 f   zip_utils.obj
 0001:00018a00       ?AddBufferToZip@CZipFile@@QAEXPBDPAXH_N@Z 10019a00 f   zip_utils.obj
 0001:00018c70       ?AddFileToZip@CZipFile@@QAEXPBD0@Z 10019c70 f   zip_utils.obj
 0001:00018cf0       ?RemoveFileFromZip@CZipFile@@QAEXPBD@Z 10019cf0 f   zip_utils.obj
 0001:00018da0       ?CreateZip@IZip@@SAPAV1@PBD_N@Z 10019da0 f   zip_utils.obj
 0001:00018e00       ?ReleaseZip@IZip@@SAXPAV1@@Z 10019e00 f   zip_utils.obj
 0001:00018e30       ?AddFileToZip@CZip@@UAEXPBD0@Z 10019e30 f   zip_utils.obj
 0001:00018e40       ?RemoveFileFromZip@CZip@@UAEXPBD@Z 10019e40 f   zip_utils.obj
 0001:00018e50       ?AddBufferToZip@CZip@@UAEXPBDPAXH_N@Z 10019e50 f   zip_utils.obj
 0001:00018e60       ?ParseFromBuffer@CZip@@UAEXPAXH@Z 10019e60 f   zip_utils.obj
 0001:00018ed0       ?ParseFromDisk@CZip@@UAEPAXPBD@Z 10019ed0 f   zip_utils.obj
 0001:00018f2e       _Sleep@4                   10019f2e f   kernel32:KERNEL32.dll
 0001:00018f40       _cosf                      10019f40 f i mathlib:mathlib_base.obj
 0001:00018f50       ?SinCos@@YAXMPAM0@Z        10019f50 f i mathlib:mathlib_base.obj
 0001:00018f70       ?_sqrtf@@YAMM@Z            10019f70 f   mathlib:mathlib_base.obj
 0001:00018f80       ?_rsqrtf@@YAMM@Z           10019f80 f   mathlib:mathlib_base.obj
 0001:00018f90       ?_VectorNormalize@@YIMAAVVector@@@Z 10019f90 f   mathlib:mathlib_base.obj
 0001:00018fd0       ?_VectorNormalizeFast@@YIXAAVVector@@@Z 10019fd0 f   mathlib:mathlib_base.obj
 0001:00019010       ?_InvRSquared@@YAMPBM@Z    1001a010 f   mathlib:mathlib_base.obj
 0001:00019050       ?InitSinCosTable@@YAXXZ    1001a050 f   mathlib:mathlib_base.obj
 0001:000190a0       ?VectorAngles@@YAXABVVector@@AAVQAngle@@@Z 1001a0a0 f   mathlib:mathlib_base.obj
 0001:00019190       ?ClearBounds@@YAXAAVVector@@0@Z 1001a190 f   mathlib:mathlib_base.obj
 0001:000191c0       ?AddPointToBounds@@YAXABVVector@@AAV1@1@Z 1001a1c0 f   mathlib:mathlib_base.obj
 0001:00019230       ?MathLib_Init@@YAXMMMH_N000@Z 1001a230 f   mathlib:mathlib_base.obj
 0001:000193d0       ?BuildGammaTable@@YAXMMMH@Z 1001a3d0 f   mathlib:color_conversion.obj
 0001:00019670       ?_SSE_Sqrt@@YAMM@Z         1001a670 f   mathlib:sse.obj
 0001:00019690       ?_SSE_RSqrtAccurate@@YAMM@Z 1001a690 f   mathlib:sse.obj
 0001:000196e0       ?_SSE_RSqrtFast@@YAMM@Z    1001a6e0 f   mathlib:sse.obj
 0001:00019700       ?_SSE_VectorNormalizeFast@@YIXAAVVector@@@Z 1001a700 f   mathlib:sse.obj
 0001:00019790       ?_SSE_InvRSquared@@YAMPBM@Z 1001a790 f   mathlib:sse.obj
 0001:000197e0       ?_SSE_SinCos@@YAXMPAM0@Z   1001a7e0 f   mathlib:sse.obj
 0001:00019920       ?_SSE_cos@@YAMM@Z          1001a920 f   mathlib:sse.obj
 0001:000199f0       ?_SSE2_SinCos@@YAXMPAM0@Z  1001a9f0 f   mathlib:sse.obj
 0001:00019b10       ?_SSE2_cos@@YAMM@Z         1001ab10 f   mathlib:sse.obj
 0001:00019be0       ?_3DNow_Sqrt@@YAMM@Z       1001abe0 f   mathlib:3dnow.obj
 0001:00019c10       ?_3DNow_RSqrt@@YAMM@Z      1001ac10 f   mathlib:3dnow.obj
 0001:00019c30       ?_3DNow_VectorNormalize@@YIMAAVVector@@@Z 1001ac30 f   mathlib:3dnow.obj
 0001:00019cc0       ?_3DNow_VectorNormalizeFast@@YIXAAVVector@@@Z 1001acc0 f   mathlib:3dnow.obj
 0001:00019cd0       ?_3DNow_InvRSquared@@YAMPBM@Z 1001acd0 f   mathlib:3dnow.obj
 0001:00019d10       ?V_strncmp@@YAHPBD0H@Z     1001ad10 f   tier1:strtools.obj
 0001:00019d60       ?V_strncasecmp@@YAHPBD0H@Z 1001ad60 f   tier1:strtools.obj
 0001:00019de0       ?V_strnicmp@@YAHPBD0H@Z    1001ade0 f   tier1:strtools.obj
 0001:00019e20       ?V_stristr@@YAPBDPBD0@Z    1001ae20 f   tier1:strtools.obj
 0001:00019ee0       ?V_stristr@@YAPADPADPBD@Z  1001aee0 f   tier1:strtools.obj
 0001:00019f20       ?V_strncat@@YAPADPADPBDIH@Z 1001af20 f   tier1:strtools.obj
 0001:00019fb0       ?V_StripTrailingSlash@@YAXPAD@Z 1001afb0 f   tier1:strtools.obj
 0001:00019ff0       ?V_StripFilename@@YAXPAD@Z 1001aff0 f   tier1:strtools.obj
 0001:0001a030       ?V_FixSlashes@@YAXPADD@Z   1001b030 f   tier1:strtools.obj
 0001:0001a060       ?V_UnqualifiedFileName@@YAPBDPBD@Z 1001b060 f   tier1:strtools.obj
 0001:0001a0a0       ?V_RemoveDotSlashes@@YA_NPADD@Z 1001b0a0 f   tier1:strtools.obj
 0001:0001a1f0       ?V_AppendSlash@@YAXPADH@Z  1001b1f0 f   tier1:strtools.obj
 0001:0001a240       ?V_IsAbsolutePath@@YA_NPBD@Z 1001b240 f   tier1:strtools.obj
 0001:0001a270       ?V_StrSlice@@YAXPBDHHPADH@Z 1001b270 f   tier1:strtools.obj
 0001:0001a320       ?V_strncpy@@YAXPADPBDH@Z   1001b320 f   tier1:strtools.obj
 0001:0001a360       ?V_snprintf@@YAHPADHPBDZZ  1001b360 f   tier1:strtools.obj
 0001:0001a3b0       ?V_vsnprintf@@YAHPADHPBD0@Z 1001b3b0 f   tier1:strtools.obj
 0001:0001a400       ?V_FileBase@@YAXPBDPADH@Z  1001b400 f   tier1:strtools.obj
 0001:0001a4d0       ?V_StripExtension@@YAXPBDPADH@Z 1001b4d0 f   tier1:strtools.obj
 0001:0001a580       ?V_StripLastDir@@YA_NPADH@Z 1001b580 f   tier1:strtools.obj
 0001:0001a630       ?V_ComposeFileName@@YAXPBD0PADH@Z 1001b630 f   tier1:strtools.obj
 0001:0001a730       ?V_ExtractFileExtension@@YAXPBDPADH@Z 1001b730 f   tier1:strtools.obj
 0001:0001a7b0       ?V_MakeAbsolutePath@@YAXPADHPBD1@Z 1001b7b0 f   tier1:strtools.obj
 0001:0001a950       ?V_StrRight@@YAXPBDHPADH@Z 1001b950 f   tier1:strtools.obj
 0001:0001a9e0       ?InsertBefore@?$CUtlVector@PADV?$CUtlMemory@PADH@@@@QAEHHABQAD@Z 1001b9e0 f i tier1:strtools.obj
 0001:0001a9e0       ?InsertBefore@?$CUtlVector@HV?$CUtlMemory@HH@@@@QAEHHABH@Z 1001b9e0 f i bsplib.obj
 0001:0001aa50       ?V_SplitString2@@YAXPBDPAPBDHAAV?$CUtlVector@PADV?$CUtlMemory@PADH@@@@@Z 1001ba50 f   tier1:strtools.obj
 0001:0001ac80       ?V_SplitString@@YAXPBD0AAV?$CUtlVector@PADV?$CUtlMemory@PADH@@@@@Z 1001bc80 f   tier1:strtools.obj
 0001:0001aca0       ?Length@CUtlString@@QBEHXZ 1001bca0 f   tier1:utlstring.obj
 0001:0001acb0       ?Get@CUtlString@@QBEPBDXZ  1001bcb0 f   tier1:utlstring.obj
 0001:0001acc0       ?Set@CUtlBinaryBlock@@QAEXPBXH@Z 1001bcc0 f   tier1:utlstring.obj
 0001:0001ad40       ?Set@CUtlString@@QAEXPBD@Z 1001bd40 f   tier1:utlstring.obj
 0001:0001ad80       ??4CUtlString@@QAEAAV0@ABV0@@Z 1001bd80 f   tier1:utlstring.obj
 0001:0001ada0       ??4CUtlString@@QAEAAV0@PBD@Z 1001bda0 f   tier1:utlstring.obj
 0001:0001adf0       ??0CUtlString@@QAE@XZ      1001bdf0 f   tier1:utlstring.obj
 0001:0001ae00       ?GetCStringCharConversion@@YAPAVCUtlCharConversion@@XZ 1001be00 f   tier1:utlbuffer.obj
 0001:0001ae10       ?GetNoEscCharConversion@@YAPAVCUtlCharConversion@@XZ 1001be10 f   tier1:utlbuffer.obj
 0001:0001ae20       ?FindConversion@CUtlCStringConversion@@UAEDPBDPAH@Z 1001be20 f   tier1:utlbuffer.obj
 0001:0001ae40       ??0CUtlCharConversion@@QAE@DPBDHPAUConversionArray_t@0@@Z 1001be40 f   tier1:utlbuffer.obj
 0001:0001aee0       ?FindConversion@CUtlCharConversion@@UAEDPBDPAH@Z 1001bee0 f   tier1:utlbuffer.obj
 0001:0001af60       ?SetBufferType@CUtlBuffer@@QAEX_N0@Z 1001bf60 f   tier1:utlbuffer.obj
 0001:0001af90       ?GetOverflow@CUtlBuffer@@IAE_NH@Z 1001bf90 f   tier1:utlbuffer.obj
 0001:0001afa0       ?ActivateByteSwapping@CUtlBuffer@@QAEX_N@Z 1001bfa0 f   tier1:utlbuffer.obj
 0001:0001afd0       ?FindConversion@CUtlNoEscConversion@@UAEDPBDPAH@Z 1001bfd0 f i tier1:utlbuffer.obj
 0001:0001aff0       ?CheckGet@CUtlBuffer@@IAE_NH@Z 1001bff0 f   tier1:utlbuffer.obj
 0001:0001b050       ?CheckArbitraryPeekGet@CUtlBuffer@@IAE_NHAAH@Z 1001c050 f   tier1:utlbuffer.obj
 0001:0001b0c0       ?PeekGet@CUtlBuffer@@QAEPBXHH@Z 1001c0c0 f   tier1:utlbuffer.obj
 0001:0001b100       ?SeekGet@CUtlBuffer@@QAEXW4SeekType_t@1@H@Z 1001c100 f   tier1:utlbuffer.obj
 0001:0001b160       ?CheckPut@CUtlBuffer@@IAE_NH@Z 1001c160 f   tier1:utlbuffer.obj
 0001:0001b1b0       ?AddNullTermination@CUtlBuffer@@IAEXXZ 1001c1b0 f   tier1:utlbuffer.obj
 0001:0001b200       ?ConvertToGrowableMemory@?$CUtlMemory@EH@@QAEXH@Z 1001c200 f i tier1:utlbuffer.obj
 0001:0001b250       ?EnsureCapacity@CUtlBuffer@@QAEXH@Z 1001c250 f   tier1:utlbuffer.obj
 0001:0001b2b0       ?Get@CUtlBuffer@@QAEXPAXH@Z 1001c2b0 f   tier1:utlbuffer.obj
 0001:0001b320       ?EatWhiteSpace@CUtlBuffer@@QAEXXZ 1001c320 f   tier1:utlbuffer.obj
 0001:0001b380       ?PeekWhiteSpace@CUtlBuffer@@IAEHH@Z 1001c380 f   tier1:utlbuffer.obj
 0001:0001b420       ?PeekStringLength@CUtlBuffer@@QAEHXZ 1001c420 f   tier1:utlbuffer.obj
 0001:0001b570       ?PeekStringMatch@CUtlBuffer@@IAE_NHPBDH@Z 1001c570 f   tier1:utlbuffer.obj
 0001:0001b5d0       ?Put@CUtlBuffer@@QAEXPBXH@Z 1001c5d0 f   tier1:utlbuffer.obj
 0001:0001b640       ?PutOverflow@CUtlBuffer@@IAE_NH@Z 1001c640 f   tier1:utlbuffer.obj
 0001:0001b690       ?SeekPut@CUtlBuffer@@QAEXW4SeekType_t@1@H@Z 1001c690 f   tier1:utlbuffer.obj
 0001:0001b710       ??$GetTypeBin@D@CUtlBuffer@@IAEXAAD@Z 1001c710 f i tier1:utlbuffer.obj
 0001:0001b780       ??0CUtlBuffer@@QAE@HHH@Z   1001c780 f   tier1:utlbuffer.obj
 0001:0001b800       ??0CUtlBuffer@@QAE@PBXHH@Z 1001c800 f   tier1:utlbuffer.obj
 0001:0001b880       ?GetChar@CUtlBuffer@@QAEDXZ 1001c880 f i tier1:utlbuffer.obj
 0001:0001b8c0       ?EatCPPComment@CUtlBuffer@@QAE_NXZ 1001c8c0 f   tier1:utlbuffer.obj
 0001:0001b930       ?GetString@CUtlBuffer@@QAEXPADH@Z 1001c930 f   tier1:utlbuffer.obj
 0001:0001ba00       ?GetDelimitedCharInternal@CUtlBuffer@@IAEDPAVCUtlCharConversion@@@Z 1001ca00 f   tier1:utlbuffer.obj
 0001:0001bac0       ?GetDelimitedString@CUtlBuffer@@QAEXPAVCUtlCharConversion@@PADH@Z 1001cac0 f   tier1:utlbuffer.obj
 0001:0001bc30       ?VaScanf@CUtlBuffer@@QAEHPBDPAD@Z 1001cc30 f   tier1:utlbuffer.obj
 0001:0001bee0       ?Scanf@CUtlBuffer@@QAAHPBDZZ 1001cee0 f   tier1:utlbuffer.obj
 0001:0001bf00       ?CRC32_Init@@YAXPAK@Z      1001cf00 f   tier1:checksum_crc.obj
 0001:0001bf10       ?CRC32_Final@@YAXPAK@Z     1001cf10 f   tier1:checksum_crc.obj
 0001:0001bf20       ?CRC32_ProcessBuffer@@YAXPAKPBXH@Z 1001cf20 f   tier1:checksum_crc.obj
 0001:0001c0f0       ?SwapFieldsToTargetEndian@CByteswap@@QAEXPAX0PAUdatamap_t@@@Z 1001d0f0 f   tier1:byteswap.obj
 0001:0001c2b0       ??0InterfaceReg@@QAE@P6APAXXZPBD@Z 1001d2b0 f   tier1:interface.obj
 0001:0001c2e0       _CreateInterface           1001d2e0 f   tier1:interface.obj
 0001:0001c350       ?ThreadedLoadLibraryFunc@@YAIPAX@Z 1001d350 f   tier1:interface.obj
 0001:0001c370       ?Sys_LoadLibrary@@YAPAUHINSTANCE__@@PBD@Z 1001d370 f   tier1:interface.obj
 0001:0001c470       ?Sys_LoadModule@@YAPAVCSysModule@@PBD@Z 1001d470 f   tier1:interface.obj
 0001:0001c590       ?Sys_UnloadModule@@YAXPAVCSysModule@@@Z 1001d590 f   tier1:interface.obj
 0001:0001c5b0       ?Sys_GetFactory@@YAP6APAXPBDPAH@ZPAVCSysModule@@@Z 1001d5b0 f   tier1:interface.obj
 0001:0001c5d0       ?Sys_GetFactoryThis@@YAP6APAXPBDPAH@ZXZ 1001d5d0 f   tier1:interface.obj
 0001:0001c5e0       ?Sys_LoadInterface@@YA_NPBD0PAPAVCSysModule@@PAPAX@Z 1001d5e0 f   tier1:interface.obj
 0001:0001c640       ?ReportError@CKeyValuesErrorStack@@QAEXPBD@Z 1001d640 f i tier1:KeyValues.obj
 0001:0001c6e0       ?GetName@KeyValues@@QBEPBDXZ 1001d6e0 f   tier1:KeyValues.obj
 0001:0001c700       ?ReadToken@KeyValues@@AAEPBDAAVCUtlBuffer@@AA_N1@Z 1001d700 f   tier1:KeyValues.obj
 0001:0001c890       ?RemoveSubKey@KeyValues@@QAEXPAV1@@Z 1001d890 f   tier1:KeyValues.obj
 0001:0001c8f0       ?GetFirstValue@KeyValues@@QAEPAV1@XZ 1001d8f0 f   tier1:KeyValues.obj
 0001:0001c910       ?GetNextValue@KeyValues@@QAEPAV1@XZ 1001d910 f   tier1:KeyValues.obj
 0001:0001c930       ??2KeyValues@@SAPAXI@Z     1001d930 f   tier1:KeyValues.obj
 0001:0001c950       ??0KeyValues@@QAE@PBD@Z    1001d950 f   tier1:KeyValues.obj
 0001:0001c9a0       ?LoadFromFile@KeyValues@@QAE_NPAVIBaseFileSystem@@PBD1@Z 1001d9a0 f   tier1:KeyValues.obj
 0001:0001cad0       ?FindKey@KeyValues@@QAEPAV1@PBD_N@Z 1001dad0 f   tier1:KeyValues.obj
 0001:0001cbf0       ?GetInt@KeyValues@@QAEHPBDH@Z 1001dbf0 f   tier1:KeyValues.obj
 0001:0001cc70       ?SetString@KeyValues@@QAEXPBD0@Z 1001dc70 f   tier1:KeyValues.obj
 0001:0001cce0       ?MakeCopy@KeyValues@@QBEPAV1@XZ 1001dce0 f   tier1:KeyValues.obj
 0001:0001ce90       ?deleteThis@KeyValues@@QAEXXZ 1001de90 f   tier1:KeyValues.obj
 0001:0001ceb0       ?RecursiveMergeKeyValues@KeyValues@@AAEXPAV1@@Z 1001deb0 f   tier1:KeyValues.obj
 0001:0001cf80       ?Grow@?$CUtlMemory@PAUStringPool_t@CUtlSymbolTable@@H@@QAEXH@Z 1001df80 f i tier1:utlsymbol.obj
 0001:0001cf80       ?Grow@?$CUtlMemory@Udleafambientindex_t@@H@@QAEXH@Z 1001df80 f i bsplib.obj
 0001:0001cf80       ?Grow@?$CUtlMemory@PAUportal_t@@H@@QAEXH@Z 1001df80 f i vvis.obj
 0001:0001cf80       ?Grow@?$CUtlMemory@PAVKeyValues@@H@@QAEXH@Z 1001df80 f i tier1:KeyValues.obj
 0001:0001cf80       ?Grow@?$CUtlMemory@PAVCBaseCommand@CScratchPad3D@@H@@QAEXH@Z 1001df80 f i scratchpad3d.obj
 0001:0001cf80       ?Grow@?$CUtlMemory@PADH@@QAEXH@Z 1001df80 f i tier1:strtools.obj
 0001:0001cf80       ?Grow@?$CUtlMemory@HH@@QAEXH@Z 1001df80 f i bsplib.obj
 0001:0001d030       ?RemoveEverything@KeyValues@@AAEXXZ 1001e030 f   tier1:KeyValues.obj
 0001:0001d0d0       ?CreateKey@KeyValues@@AAEPAV1@PBD@Z 1001e0d0 f   tier1:KeyValues.obj
 0001:0001d160       ?GetString@KeyValues@@QAEPBDPBD0@Z 1001e160 f   tier1:KeyValues.obj
 0001:0001d2a0       ?AppendIncludedKeys@KeyValues@@AAEXAAV?$CUtlVector@PAVKeyValues@@V?$CUtlMemory@PAVKeyValues@@H@@@@@Z 1001e2a0 f   tier1:KeyValues.obj
 0001:0001d2f0       ?MergeBaseKeys@KeyValues@@AAEXAAV?$CUtlVector@PAVKeyValues@@V?$CUtlMemory@PAVKeyValues@@H@@@@@Z 1001e2f0 f   tier1:KeyValues.obj
 0001:0001d3f0       ?RecursiveLoadFromBuffer@KeyValues@@AAEXPBDAAVCUtlBuffer@@@Z 1001e3f0 f   tier1:KeyValues.obj
 0001:0001d7d0       ?ParseIncludedKeys@KeyValues@@AAEXPBD0PAVIBaseFileSystem@@0AAV?$CUtlVector@PAVKeyValues@@V?$CUtlMemory@PAVKeyValues@@H@@@@@Z 1001e7d0 f   tier1:KeyValues.obj
 0001:0001d960       ?LoadFromBuffer@KeyValues@@QAE_NPBDAAVCUtlBuffer@@PAVIBaseFileSystem@@0@Z 1001e960 f   tier1:KeyValues.obj
 0001:0001dca0       ?LoadFromBuffer@KeyValues@@QAE_NPBD0PAVIBaseFileSystem@@0@Z 1001eca0 f   tier1:KeyValues.obj
 0001:0001dd20       ?Grow@?$CUtlMemory@U?$UtlRBTreeNode_t@VCStringPoolIndex@CUtlSymbolTable@@G@@G@@QAEXH@Z 1001ed20 f i tier1:utlsymbol.obj
 0001:0001ddd0       ?NewNode@?$CUtlRBTree@VCStringPoolIndex@CUtlSymbolTable@@GVCLess@2@V?$CUtlMemory@U?$UtlRBTreeNode_t@VCStringPoolIndex@CUtlSymbolTable@@G@@G@@@@QAEGXZ 1001edd0 f i tier1:utlsymbol.obj
 0001:0001dec0       ?Parent@?$CUtlRBTree@VCStringPoolIndex@CUtlSymbolTable@@GVCLess@2@V?$CUtlMemory@U?$UtlRBTreeNode_t@VCStringPoolIndex@CUtlSymbolTable@@G@@G@@@@QBEGG@Z 1001eec0 f i tier1:utlsymbol.obj
 0001:0001df30       ??RCLess@CUtlSymbolTable@@QBE_NABVCStringPoolIndex@1@0@Z 1001ef30 f   tier1:utlsymbol.obj
 0001:0001dff0       ?LeftChild@?$CUtlRBTree@VCStringPoolIndex@CUtlSymbolTable@@GVCLess@2@V?$CUtlMemory@U?$UtlRBTreeNode_t@VCStringPoolIndex@CUtlSymbolTable@@G@@G@@@@QBEGG@Z 1001eff0 f i tier1:utlsymbol.obj
 0001:0001e050       ?RightChild@?$CUtlRBTree@VCStringPoolIndex@CUtlSymbolTable@@GVCLess@2@V?$CUtlMemory@U?$UtlRBTreeNode_t@VCStringPoolIndex@CUtlSymbolTable@@G@@G@@@@QBEGG@Z 1001f050 f i tier1:utlsymbol.obj
 0001:0001e0c0       ?FindInsertionPosition@?$CUtlRBTree@VCStringPoolIndex@CUtlSymbolTable@@GVCLess@2@V?$CUtlMemory@U?$UtlRBTreeNode_t@VCStringPoolIndex@CUtlSymbolTable@@G@@G@@@@IAEXABVCStringPoolIndex@CUtlSymbolTable@@AAGAA_N@Z 1001f0c0 f i tier1:utlsymbol.obj
 0001:0001e1b0       ?RotateLeft@?$CUtlRBTree@VCStringPoolIndex@CUtlSymbolTable@@GVCLess@2@V?$CUtlMemory@U?$UtlRBTreeNode_t@VCStringPoolIndex@CUtlSymbolTable@@G@@G@@@@IAEXG@Z 1001f1b0 f i tier1:utlsymbol.obj
 0001:0001e2b0       ?RotateRight@?$CUtlRBTree@VCStringPoolIndex@CUtlSymbolTable@@GVCLess@2@V?$CUtlMemory@U?$UtlRBTreeNode_t@VCStringPoolIndex@CUtlSymbolTable@@G@@G@@@@IAEXG@Z 1001f2b0 f i tier1:utlsymbol.obj
 0001:0001e3b0       ?Find@?$CUtlRBTree@VCStringPoolIndex@CUtlSymbolTable@@GVCLess@2@V?$CUtlMemory@U?$UtlRBTreeNode_t@VCStringPoolIndex@CUtlSymbolTable@@G@@G@@@@QBEGABVCStringPoolIndex@CUtlSymbolTable@@@Z 1001f3b0 f i tier1:utlsymbol.obj
 0001:0001e4b0       ?RemoveAll@?$CUtlRBTree@VCStringPoolIndex@CUtlSymbolTable@@GVCLess@2@V?$CUtlMemory@U?$UtlRBTreeNode_t@VCStringPoolIndex@CUtlSymbolTable@@G@@G@@@@QAEXXZ 1001f4b0 f i tier1:utlsymbol.obj
 0001:0001e570       ?InsertRebalance@?$CUtlRBTree@VCStringPoolIndex@CUtlSymbolTable@@GVCLess@2@V?$CUtlMemory@U?$UtlRBTreeNode_t@VCStringPoolIndex@CUtlSymbolTable@@G@@G@@@@IAEXG@Z 1001f570 f i tier1:utlsymbol.obj
 0001:0001eb20       ?String@CUtlSymbolTableMT@@QBEPBDVCUtlSymbol@@@Z 1001fb20 f i tier1:utlsymbol.obj
 0001:0001eb90       ?LinkToParent@?$CUtlRBTree@VCStringPoolIndex@CUtlSymbolTable@@GVCLess@2@V?$CUtlMemory@U?$UtlRBTreeNode_t@VCStringPoolIndex@CUtlSymbolTable@@G@@G@@@@IAEXGG_N@Z 1001fb90 f i tier1:utlsymbol.obj
 0001:0001ec10       ?RemoveAll@CUtlSymbolTable@@QAEXXZ 1001fc10 f   tier1:utlsymbol.obj
 0001:0001ec90       ??1?$CUtlRBTree@VCStringPoolIndex@CUtlSymbolTable@@GVCLess@2@V?$CUtlMemory@U?$UtlRBTreeNode_t@VCStringPoolIndex@CUtlSymbolTable@@G@@G@@@@QAE@XZ 1001fc90 f i tier1:utlsymbol.obj
 0001:0001ed00       ?Insert@?$CUtlRBTree@VCStringPoolIndex@CUtlSymbolTable@@GVCLess@2@V?$CUtlMemory@U?$UtlRBTreeNode_t@VCStringPoolIndex@CUtlSymbolTable@@G@@G@@@@QAEGABVCStringPoolIndex@CUtlSymbolTable@@@Z 1001fd00 f i tier1:utlsymbol.obj
 0001:0001ed60       ?AddString@CUtlSymbolTable@@QAE?AVCUtlSymbol@@PBD@Z 1001fd60 f   tier1:utlsymbol.obj
 0001:0001eee0       ?Initialize@CUtlSymbol@@KAXXZ 1001fee0 f   tier1:utlsymbol.obj
 0001:0001ef80       ??0CUtlSymbol@@QAE@PBD@Z   1001ff80 f   tier1:utlsymbol.obj
 0001:0001efd0       ?String@CUtlSymbol@@QBEPBDXZ 1001ffd0 f   tier1:utlsymbol.obj
 0001:0001eff0       ?FileSystem_SetupStandardDirectories@@YAXPBD0@Z 1001fff0 f   vmpi:filesystem_tools.obj
 0001:0001f070       ?FileSystem_Init_Normal@@YA_NPBDW4FSInitType_t@@_N@Z 10020070 f   vmpi:filesystem_tools.obj
 0001:0001f280       ?FileSystem_Init@@YA_NPBDHW4FSInitType_t@@_N@Z 10020280 f   vmpi:filesystem_tools.obj
 0001:0001f350       ?FileSystem_Term@@YAXXZ    10020350 f   vmpi:filesystem_tools.obj
 0001:0001f3b0       ?Push@CTSListBase@@QAEPAUTSLNodeBase_t@@PAU2@@Z 100203b0 f i vmpi:vmpi.obj
 0001:0001f420       ?Pop@CTSListBase@@QAEPAUTSLNodeBase_t@@XZ 10020420 f i vmpi:vmpi.obj
 0001:0001f460       ?Detach@CTSListBase@@QAEPAUTSLNodeBase_t@@XZ 10020460 f i vmpi:vmpi.obj
 0001:0001f4a0       ?VMPI_FindArg@@YAPBDHPAPADPBD1@Z 100204a0 f   vmpi:vmpi.obj
 0001:0001f4f0       ?SetupDependencyFilename@@YAXPAVCDependencyInfo@@PBD@Z 100204f0 f   vmpi:vmpi.obj
 0001:0001f600       ?Term@CMasterBroadcaster@@QAEXXZ 10020600 f   vmpi:vmpi.obj
 0001:0001f690       ??0CDispatchReg@@QAE@HP6A_NPAVMessageBuffer@@HH@Z@Z 10020690 f   vmpi:vmpi.obj
 0001:0001f6b0       ?VMPI_InitGlobals@@YAXHPAPADW4VMPIRunMode@@@Z 100206b0 f   vmpi:vmpi.obj
 0001:0001f710       ?VMPI_CheckForNonSDKExecutables@@YA_NXZ 10020710 f   vmpi:vmpi.obj
 0001:0001f790       ?VMPI_GetRunMode@@YA?AW4VMPIRunMode@@XZ 10020790 f   vmpi:vmpi.obj
 0001:0001f7a0       ?VMPI_GetFileSystemMode@@YA?AW4VMPIFileSystemMode@@XZ 100207a0 f   vmpi:vmpi.obj
 0001:0001f7b0       ?VMPI_GetCurrentNumberOfConnections@@YAHXZ 100207b0 f   vmpi:vmpi.obj
 0001:0001f7c0       ?VMPI_IsProcConnected@@YA_NH@Z 100207c0 f   vmpi:vmpi.obj
 0001:0001f7f0       ?VMPI_Sleep@@YAXK@Z        100207f0 f   vmpi:vmpi.obj
 0001:0001f800       ?VMPI_GetJobWorkerID@@YAKH@Z 10020800 f   vmpi:vmpi.obj
 0001:0001f810       ?VMPI_GetCurrentStage@@YAXPADH@Z 10020810 f   vmpi:vmpi.obj
 0001:0001f850       ?VMPI_SetCurrentStage@@YAXPBD@Z 10020850 f   vmpi:vmpi.obj
 0001:0001f890       ?VMPI_IsSDKMode@@YA_NXZ    10020890 f   vmpi:vmpi.obj
 0001:0001f8b0       ?VMPI_GetParamString@@YAPBDW4EVMPICmdLineParam@@@Z 100208b0 f   vmpi:vmpi.obj
 0001:0001f8e0       ?VMPI_IsParamUsed@@YA_NW4EVMPICmdLineParam@@@Z 100208e0 f   vmpi:vmpi.obj
 0001:0001f940       ?Grow@?$CUtlMemory@PAXH@@QAEXH@Z 10020940 f i vmpi:vmpi.obj
 0001:0001f940       ?Grow@?$CUtlMemory@PAVCDependencyFile@CDependencyInfo@@H@@QAEXH@Z 10020940 f i vmpi:vmpi.obj
 0001:0001f940       ?Grow@?$CUtlMemory@PAVCVMPIConnection@@H@@QAEXH@Z 10020940 f i vmpi:vmpi.obj
 0001:0001f940       ?Grow@?$CUtlMemory@PAVCTCPPacket@@H@@QAEXH@Z 10020940 f i vmpi:vmpi.obj
 0001:0001f9f0       ?ParseOptions@@YAXHPAPAD@Z 100209f0 f   vmpi:vmpi.obj
 0001:0001fb40       ?CountActiveConnections@@YAXPAH0@Z 10020b40 f   vmpi:vmpi.obj
 0001:0001fba0       ?UpdateActiveConnectionsText@@YAXXZ 10020ba0 f   vmpi:vmpi.obj
 0001:0001fc40       ?SpawnLocalWorker@@YA_NHPAPADH_N@Z 10020c40 f   vmpi:vmpi.obj
 0001:0001fe40       ?Next@?$CUtlMemory@U?$UtlLinkedListElem_t@PAV?$CUtlVector@DV?$CUtlMemory@DH@@@@G@@G@@QBE?AVIterator_t@1@ABV21@@Z 10020e40 f i vmpi:vmpi.obj
 0001:0001fe40       ?Next@?$CUtlMemory@U?$UtlRBTreeNode_t@UNode_t@?$CUtlMap@PAV?$CUtlLinkedList@_KH$0A@HV?$CUtlMemory@U?$UtlLinkedListElem_t@_KH@@H@@@@HG@@G@@G@@QBE?AVIterator_t@1@ABV21@@Z 10020e40 f i vmpi:vmpi_distribute_work_default.obj
 0001:0001fe80       ?Grow@?$CUtlMemory@U?$UtlLinkedListElem_t@PAV?$CUtlVector@DV?$CUtlMemory@DH@@@@G@@G@@QAEXH@Z 10020e80 f i vmpi:vmpi.obj
 0001:0001ff50       ?Grow@?$CUtlMemory@U?$UtlLinkedListElem_t@PAVCPartitionInfo@@H@@H@@QAEXH@Z 10020f50 f i vmpi:vmpi_distribute_work_default.obj
 0001:0001ff50       ?Grow@?$CUtlMemory@U?$UtlLinkedListElem_t@PAVCChunkInfo@CMasterMulticastThread@@H@@H@@QAEXH@Z 10020f50 f i vmpi:vmpi_filesystem_master.obj
 0001:0001ff50       ?Grow@?$CUtlMemory@U?$UtlLinkedListElem_t@PAVCVMPIConnection@@H@@H@@QAEXH@Z 10020f50 f i vmpi:vmpi.obj
 0001:0001ff50       ?Grow@?$CUtlMemory@U?$UtlLinkedListElem_t@PAVCMulticastFile@CMasterMulticastThread@@H@@H@@QAEXH@Z 10020f50 f i vmpi:vmpi_filesystem_master.obj
 0001:0001ff50       ?Grow@?$CUtlMemory@U?$UtlLinkedListElem_t@P6AXHPBD@ZH@@H@@QAEXH@Z 10020f50 f i vmpi:vmpi.obj
 0001:0001ff50       ?Grow@?$CUtlMemory@U?$UtlLinkedListElem_t@PAVCTCPPacket@@H@@H@@QAEXH@Z 10020f50 f i vmpi:vmpi.obj
 0001:0001ff50       ?Grow@?$CUtlMemory@VCWULookupInfo@@H@@QAEXH@Z 10020f50 f i vmpi:vmpi_distribute_work_default.obj
 0001:0001ff50       ?Grow@?$CUtlMemory@U?$UtlLinkedListElem_t@PAVCClientFileInfo@CMasterMulticastThread@@H@@H@@QAEXH@Z 10020f50 f i vmpi:vmpi_filesystem_master.obj
 0001:0001ff50       ?Grow@?$CUtlMemory@VCFileResponse@@H@@QAEXH@Z 10020f50 f i vmpi:vmpi_filesystem_worker.obj
 0001:0001ff50       ?Grow@?$CUtlMemory@U?$UtlLinkedListElem_t@PAVCFileChunkPacket@@H@@H@@QAEXH@Z 10020f50 f i vmpi:vmpi_filesystem_worker.obj
 0001:0001ff50       ?Grow@?$CUtlMemory@U?$UtlLinkedListElem_t@PAUSendData_t@CThreadedTCPSocket@@H@@H@@QAEXH@Z 10020f50 f i vmpi:ThreadedTCPSocket.obj
 0001:0001ff50       ?Grow@?$CUtlMemory@U?$UtlLinkedListElem_t@PAVCWorkerFile@@H@@H@@QAEXH@Z 10020f50 f i vmpi:vmpi_filesystem_worker.obj
 0001:0001fff0       ?BuildBroadcastPacket@CMasterBroadcaster@@AAEXAAVbf_write@@@Z 10020ff0 f   vmpi:vmpi.obj
 0001:00020110       ?IsValidSDKBinPath@@YA_NAAV?$CUtlVector@PADV?$CUtlMemory@PADH@@@@PAH@Z 10021110 f   vmpi:vmpi.obj
 0001:000203a0       ?VMPI_GetMachineName@@YAPBDH@Z 100213a0 f   vmpi:vmpi.obj
 0001:00020400       ?PurgeAndDeleteElements@?$CUtlVector@PADV?$CUtlMemory@PADH@@@@QAEXXZ 10021400 f i vmpi:vmpi.obj
 0001:00020470       ?RemoveAll@?$CUtlLinkedList@PAV?$CUtlVector@DV?$CUtlMemory@DH@@@@G$0A@GV?$CUtlMemory@U?$UtlLinkedListElem_t@PAV?$CUtlVector@DV?$CUtlMemory@DH@@@@G@@G@@@@QAEXXZ 10021470 f i vmpi:vmpi.obj
 0001:000204e0       ?AllocInternal@?$CUtlLinkedList@PAV?$CUtlVector@DV?$CUtlMemory@DH@@@@G$0A@GV?$CUtlMemory@U?$UtlLinkedListElem_t@PAV?$CUtlVector@DV?$CUtlMemory@DH@@@@G@@G@@@@IAEG_N@Z 100214e0 f i vmpi:vmpi.obj
 0001:00020600       ?InsertMultipleBefore@?$CUtlVector@PADV?$CUtlMemory@PADH@@@@QAEHHHPBQAD@Z 10021600 f i vmpi:vmpi.obj
 0001:000206a0       ?HandleDisconnect@CVMPIConnection@@QAEXXZ 100216a0 f i vmpi:vmpi.obj
 0001:00020750       ?VMPI_HandleAutoRestart@@YA_NXZ 10021750 f   vmpi:vmpi.obj
 0001:000208b0       ?VMPI_FlushGroupedPackets@@YAXK@Z 100218b0 f   vmpi:vmpi.obj
 0001:00020970       ?InsertBefore@?$CUtlVector@PAVCTCPPacket@@V?$CUtlMemory@PAVCTCPPacket@@H@@@@QAEHHABQAVCTCPPacket@@@Z 10021970 f i vmpi:vmpi.obj
 0001:00020970       ?InsertBefore@?$CUtlVector@PAXV?$CUtlMemory@PAXH@@@@QAEHHABQAX@Z 10021970 f i vmpi:vmpi.obj
 0001:00020970       ?InsertBefore@?$CUtlVector@PAVCDependencyFile@CDependencyInfo@@V?$CUtlMemory@PAVCDependencyFile@CDependencyInfo@@H@@@@QAEHHABQAVCDependencyFile@CDependencyInfo@@@Z 10021970 f i vmpi:vmpi.obj
 0001:000209e0       ?Unlink@?$CUtlLinkedList@PAV?$CUtlVector@DV?$CUtlMemory@DH@@@@G$0A@GV?$CUtlMemory@U?$UtlLinkedListElem_t@PAV?$CUtlVector@DV?$CUtlMemory@DH@@@@G@@G@@@@QAEXG@Z 100219e0 f i vmpi:vmpi.obj
 0001:00020a70       ?InsertMultipleBefore@?$CUtlVector@PAVCVMPIConnection@@V?$CUtlMemory@PAVCVMPIConnection@@H@@@@QAEHHHPBQAVCVMPIConnection@@@Z 10021a70 f i vmpi:vmpi.obj
 0001:00020b10       ?Init@CVMPIConnection@@UAEXPAVIThreadedTCPSocket@@@Z 10021b10 f i vmpi:vmpi.obj
 0001:00020b20       ?SetNoTimeoutOption@CMasterBroadcaster@@QAEXXZ 10021b20 f   vmpi:vmpi.obj
 0001:00020bf0       ?VerifyValidSDKMode@@YAXXZ 10021bf0 f   vmpi:vmpi.obj
 0001:00020cd0       ?VMPI_CheckSDKMode@@YAXHPAPAD@Z 10021cd0 f   vmpi:vmpi.obj
 0001:00020d40       ?VMPI_InviteDebugWorkers@@YAXXZ 10021d40 f   vmpi:vmpi.obj
 0001:00020dd0       ?PurgeAndDeleteElements@?$CUtlLinkedList@PAV?$CUtlVector@DV?$CUtlMemory@DH@@@@G$0A@GV?$CUtlMemory@U?$UtlLinkedListElem_t@PAV?$CUtlVector@DV?$CUtlMemory@DH@@@@G@@G@@@@QAEXXZ 10021dd0 f i vmpi:vmpi.obj
 0001:00020e60       ?ParseDependencyFile@@YAXPAVCDependencyInfo@@PBD@Z 10021e60 f   vmpi:vmpi.obj
 0001:00021020       ?SetupDependenciesForPatch@@YAXPAVCDependencyInfo@@PBD@Z 10022020 f   vmpi:vmpi.obj
 0001:000210e0       ?SetupDependencyInfo@@YAXPAVCDependencyInfo@@PBD_N@Z 100220e0 f   vmpi:vmpi.obj
 0001:00021160       ??0CMasterBroadcaster@@QAE@XZ 10022160 f   vmpi:vmpi.obj
 0001:000211e0       ?GetPatchWorkerList@CMasterBroadcaster@@AAEXHPAPAD@Z 100221e0 f   vmpi:vmpi.obj
 0001:00021370       ?VMPI_Finalize@@YAXXZ      10022370 f   vmpi:vmpi.obj
 0001:000214c0       ?VMPI_GroupPackets@@YAXPAVCVMPIConnection@@PBQBXPBHH@Z 100224c0 f   vmpi:vmpi.obj
 0001:00021650       ?VMPI_SetupAutoRestartParameters@@YAXHPAPAD@Z 10022650 f   vmpi:vmpi.obj
[...]
 0001:00050bf0       ??__Eg_LeafAmbientIndexLDR@@YAXXZ 10051bf0 f   bsplib.obj
 0001:00050c00       ??__Eg_LeafAmbientIndexHDR@@YAXXZ 10051c00 f   bsplib.obj
 0001:00050c10       ??__Eg_LeafAmbientLightingLDR@@YAXXZ 10051c10 f   bsplib.obj
 0001:00050c20       ??__Eg_LeafAmbientLightingHDR@@YAXXZ 10051c20 f   bsplib.obj
 0001:00050c30       ??__Etexinfo@@YAXXZ        10051c30 f   bsplib.obj
 0001:00050c40       ??__Eg_dispinfo@@YAXXZ     10051c40 f   bsplib.obj
 0001:00050c50       ??__Eg_DispVerts@@YAXXZ    10051c50 f   bsplib.obj
 0001:00050c60       ??__Eg_DispTris@@YAXXZ     10051c60 f   bsplib.obj
 0001:00050c70       ??__Eg_DispLightmapSamplePositions@@YAXXZ 10051c70 f   bsplib.obj
 0001:00050c80       ??__Edfaceids@@YAXXZ       10051c80 f   bsplib.obj
 0001:00050c90       ??__Eg_FaceMacroTextureInfos@@YAXXZ 10051c90 f   bsplib.obj
 0001:00050ca0       ??__Eg_TexDataStringData@@YAXXZ 10051ca0 f   bsplib.obj
 0001:00050cb0       ??__Eg_TexDataStringTable@@YAXXZ 10051cb0 f   bsplib.obj
 0001:00050cc0       ??__Eg_OccluderData@@YAXXZ 10051cc0 f   bsplib.obj
 0001:00050d00       ??__Eg_OccluderPolyData@@YAXXZ 10051d00 f   bsplib.obj
 0001:00050d40       ??__Eg_OccluderVertexIndices@@YAXXZ 10051d40 f   bsplib.obj
 0001:00050d80       ??__Eg_GameLumps@@YAXXZ    10051d80 f   bsplib.obj
 0001:00050d90       ??__Eg_DataMapHolder@swapcollideheader_t_DataDescInit@@YAXXZ 10051d90 f   bsplib.obj
 0001:00050da0       ??__Eg_DataMapHolder@swapcompactsurfaceheader_t_DataDescInit@@YAXXZ 10051da0 f   bsplib.obj
 0001:00050db0       ??__Eg_DataMapHolder@swapmoppsurfaceheader_t_DataDescInit@@YAXXZ 10051db0 f   bsplib.obj
 0001:00050dc0       ??__Eg_ClusterLeaves@@YAXXZ 10051dc0 f   bsplib.obj
 0001:00050dd0       ??__Eg_CleanupFunctions@@YAXXZ 10051dd0 f   cmdlib.obj
 0001:00050de0       ??__Eg_ExtraSpewHooks@@YAXXZ 10051de0 f   cmdlib.obj
 0001:00050df0       ??__Eg_ExitStopper@@YAXXZ  10051df0 f   cmdlib.obj
 0001:00050e00       ??__Eg_PortalTrace@@YAXXZ  10051e00 f   flow.obj
 0001:00050e20       ??__Eg_SpewTextCS@@YAXXZ   10051e20 f   mpi_stats.obj
 0001:00050e40       ??__Eg_SpewText@@YAXXZ     10051e40 f   mpi_stats.obj
 0001:00050e50       ??__Eg_BasePortalVisResultsFilename@@YAXXZ 10051e50 f   mpivis.obj
 0001:00050e60       ??__Eg_PortalMCAddr@@YAXXZ 10051e60 f   mpivis.obj
 0001:00050e70       ??__Eg_MCThreadExitEvent@@YAXXZ 10051e70 f   mpivis.obj
 0001:00050e90       ??__Eg_VVISDispatchReg@@YAXXZ 10051e90 f   mpivis.obj
 0001:00050eb0       ??__Eg_DistributeWorkReg@@YAXXZ 10051eb0 f   mpivis.obj
 0001:00050ed0       ??__Eg_definevariable@@YAXXZ 10051ed0 f   scriplib.obj
 0001:00050ee0       ??__Eg_CritInit@@YAXXZ     10051ee0 f   threads.obj
 0001:00050ef0       ??__Eg_SharedDispatchReg@@YAXXZ 10051ef0 f   vmpi_tools_shared.obj
 0001:00050f10       ??__E__g_CreateCVVisDLLILaunchableDLL_reg@@YAXXZ 10051f10 f   vvis.obj
 0001:00050f30       ??__Eg_DataMapHolder@ZIP_EndOfCentralDirRecord_DataDescInit@@YAXXZ 10051f30 f   zip_utils.obj
 0001:00050f40       ??__Eg_DataMapHolder@ZIP_FileHeader_DataDescInit@@YAXXZ 10051f40 f   zip_utils.obj
 0001:00050f50       ??__Eg_DataMapHolder@ZIP_LocalFileHeader_DataDescInit@@YAXXZ 10051f50 f   zip_utils.obj
 0001:00050f60       ??__Eg_DataMapHolder@ZIP_PreloadHeader_DataDescInit@@YAXXZ 10051f60 f   zip_utils.obj
 0001:00050f70       ??__Eg_DataMapHolder@ZIP_PreloadDirectoryEntry_DataDescInit@@YAXXZ 10051f70 f   zip_utils.obj
 0001:00050f80       ??__Eg_ZipUtils@@YAXXZ     10051f80 f   zip_utils.obj
 0001:00050f90       ??__Es_StringCharConversion@@YAXXZ 10051f90 f   tier1:utlbuffer.obj
 0001:00051000       ??__Es_NoEscConversion@@YAXXZ 10052000 f   tier1:utlbuffer.obj
 0001:00051030       ??__Eg_CleanupSymbolTable@@YAXXZ 10052030 f   tier1:utlsymbol.obj
 0001:00051040       ??__Eg_PersistentPacketsCS@@YAXXZ 10052040 f   vmpi:vmpi.obj
 0001:00051060       ??__Eg_PersistentPackets@@YAXXZ 10052060 f   vmpi:vmpi.obj
 0001:00051070       ??__Eg_OriginalCommandLineParameters@@YAXXZ 10052070 f   vmpi:vmpi.obj
 0001:00051080       ??__Eg_VMPIMessagesCS@@YAXXZ 10052080 f   vmpi:vmpi.obj
 0001:000510a0       ??__Eg_VMPIMessages@@YAXXZ 100520a0 f   vmpi:vmpi.obj
 0001:000510b0       ??__Eg_VMPIMessagesEvent@@YAXXZ 100520b0 f   vmpi:vmpi.obj
 0001:000510d0       ??__Eg_ErrorSockets@@YAXXZ 100520d0 f   vmpi:vmpi.obj
 0001:000510e0       ??__Eg_ErrorSocketsEvent@@YAXXZ 100520e0 f   vmpi:vmpi.obj
 0001:00051100       ??__Eg_ErrorSocketsCS@@YAXXZ 10052100 f   vmpi:vmpi.obj
 0001:00051120       ??__Eg_ConnectionsCS@@YAXXZ 10052120 f   vmpi:vmpi.obj
 0001:00051140       ??__Eg_DispatchBuffers@@YAXXZ 10052140 f   vmpi:vmpi.obj
 0001:00051170       ??__Eg_DisconnectHandlers@@YAXXZ 10052170 f   vmpi:vmpi.obj
 0001:00051180       ??__Eg_CurrentStageCS@@YAXXZ 10052180 f   vmpi:vmpi.obj
 0001:000511a0       ??__Eg_WorkerCommandLine@@YAXXZ 100521a0 f   vmpi:vmpi.obj
 0001:000511b0       ??__Eg_VMPIInternalDispatchReg@@YAXXZ 100521b0 f   vmpi:vmpi.obj
 0001:000511c0       ??__Eg_MasterBroadcaster@@YAXXZ 100521c0 f   vmpi:vmpi.obj
 0001:000511e0       ??__Eg_DSInfo@@YAXXZ       100521e0 f   vmpi:vmpi_distribute_work.obj
 0001:00051200       ??__Eg_wuCountByProcess@@YAXXZ 10052200 f   vmpi:vmpi_distribute_work.obj
 0001:00051210       ??__Eg_MasterWorkUnitCompletedList@@YAXXZ 10052210 f   vmpi:vmpi_distribute_work.obj
 0001:00051250       ??__E__g_CreateIBaseFileSystem_reg@@YAXXZ 10052250 f   vmpi:vmpi_filesystem.obj
 0001:00051270       ??__Eg_DispatchReg_FileSystem@@YAXXZ 10052270 f   vmpi:vmpi_filesystem.obj
 0001:00051290       ??__Eg_Starter@@YAXXZ      10052290 f   vmpi:iphelpers.obj
 0001:000512b0       ??__Eg_WorkUnits@@YAXXZ    100522b0 f   vmpi:vmpi_distribute_tracker.obj
 0001:000512c0       ??__Eg_WUStatus@@YAXXZ     100522c0 f   vmpi:vmpi_distribute_tracker.obj
 0001:000512d0       ??__Eg_MasterWorkUnitsTracker@@YAXXZ 100522d0 f   vmpi:vmpi_distribute_work_default.obj
 0001:000512e0       ??__Eg_MulticastIP@@YAXXZ  100522e0 f   vmpi:vmpi_filesystem_worker.obj
 0001:000512f0       ??__Eg_FileResponsesCS@@YAXXZ 100522f0 f   vmpi:vmpi_filesystem_worker.obj
 0001:00051310       ??__Eg_FileResponses@@YAXXZ 10052310 f   vmpi:vmpi_filesystem_worker.obj
 0001:00051320       ??__Eg_FileChunkPackets@@YAXXZ 10052320 f   vmpi:vmpi_filesystem_worker.obj
 0001:00051330       ??__Eg_BitWriteMasksInit@@YAXXZ 10052330 f   tier1:bitbuf.obj
 0001:00051340       ??__FnameHolder@?1???$DataMapInit@Udheader_t@@@@YAPAUdatamap_t@@PAUdheader_t@@@Z@YAXXZ 10052340 f   bsplib.obj
 0001:00051350       ??__FnameHolder@?1???$DataMapInit@Ulump_t@@@@YAPAUdatamap_t@@PAUlump_t@@@Z@YAXXZ 10052350 f   bsplib.obj
 0001:00051360       ??__FnameHolder@?1???$DataMapInit@Udflagslump_t@@@@YAPAUdatamap_t@@PAUdflagslump_t@@@Z@YAXXZ 10052360 f   bsplib.obj
 0001:00051370       ??__FnameHolder@?1???$DataMapInit@Udplane_t@@@@YAPAUdatamap_t@@PAUdplane_t@@@Z@YAXXZ 10052370 f   bsplib.obj
 0001:00051380       ??__FnameHolder@?1???$DataMapInit@Udleaf_version_0_t@@@@YAPAUdatamap_t@@PAUdleaf_version_0_t@@@Z@YAXXZ 10052380 f   bsplib.obj
 0001:00051390       ??__FnameHolder@?1???$DataMapInit@Udleaf_t@@@@YAPAUdatamap_t@@PAUdleaf_t@@@Z@YAXXZ 10052390 f   bsplib.obj
 0001:000513a0       ??__FnameHolder@?1???$DataMapInit@UCompressedLightCube@@@@YAPAUdatamap_t@@PAUCompressedLightCube@@@Z@YAXXZ 100523a0 f   bsplib.obj
 0001:000513b0       ??__FnameHolder@?1???$DataMapInit@Udleafambientindex_t@@@@YAPAUdatamap_t@@PAUdleafambientindex_t@@@Z@YAXXZ 100523b0 f   bsplib.obj
 0001:000513c0       ??__FnameHolder@?1???$DataMapInit@Udleafambientlighting_t@@@@YAPAUdatamap_t@@PAUdleafambientlighting_t@@@Z@YAXXZ 100523c0 f   bsplib.obj
 0001:000513d0       ??__FnameHolder@?1???$DataMapInit@Udvertex_t@@@@YAPAUdatamap_t@@PAUdvertex_t@@@Z@YAXXZ 100523d0 f   bsplib.obj
 0001:000513e0       ??__FnameHolder@?1???$DataMapInit@Udnode_t@@@@YAPAUdatamap_t@@PAUdnode_t@@@Z@YAXXZ 100523e0 f   bsplib.obj
 0001:000513f0       ??__FnameHolder@?1???$DataMapInit@Utexinfo_s@@@@YAPAUdatamap_t@@PAUtexinfo_s@@@Z@YAXXZ 100523f0 f   bsplib.obj
 0001:00051400       ??__FnameHolder@?1???$DataMapInit@Udtexdata_t@@@@YAPAUdatamap_t@@PAUdtexdata_t@@@Z@YAXXZ 10052400 f   bsplib.obj
 0001:00051410       ??__FnameHolder@?1???$DataMapInit@Vddispinfo_t@@@@YAPAUdatamap_t@@PAVddispinfo_t@@@Z@YAXXZ 10052410 f   bsplib.obj
 0001:00051420       ??__FnameHolder@?1???$DataMapInit@VCDispNeighbor@@@@YAPAUdatamap_t@@PAVCDispNeighbor@@@Z@YAXXZ 10052420 f   bsplib.obj
 0001:00051430       ??__FnameHolder@?1???$DataMapInit@VCDispCornerNeighbors@@@@YAPAUdatamap_t@@PAVCDispCornerNeighbors@@@Z@YAXXZ 10052430 f   bsplib.obj
 0001:00051440       ??__FnameHolder@?1???$DataMapInit@UCDispSubNeighbor@@@@YAPAUdatamap_t@@PAUCDispSubNeighbor@@@Z@YAXXZ 10052440 f   bsplib.obj
 0001:00051450       ??__FnameHolder@?1???$DataMapInit@VCDispVert@@@@YAPAUdatamap_t@@PAVCDispVert@@@Z@YAXXZ 10052450 f   bsplib.obj
 0001:00051460       ??__FnameHolder@?1???$DataMapInit@VCDispTri@@@@YAPAUdatamap_t@@PAVCDispTri@@@Z@YAXXZ 10052460 f   bsplib.obj
 0001:00051470       ??__FnameHolder@?1???$DataMapInit@VCFaceMacroTextureInfo@@@@YAPAUdatamap_t@@PAVCFaceMacroTextureInfo@@@Z@YAXXZ 10052470 f   bsplib.obj
 0001:00051480       ??__FnameHolder@?1???$DataMapInit@Udprimitive_t@@@@YAPAUdatamap_t@@PAUdprimitive_t@@@Z@YAXXZ 10052480 f   bsplib.obj
 0001:00051490       ??__FnameHolder@?1???$DataMapInit@Udprimvert_t@@@@YAPAUdatamap_t@@PAUdprimvert_t@@@Z@YAXXZ 10052490 f   bsplib.obj
 0001:000514a0       ??__FnameHolder@?1???$DataMapInit@Udface_t@@@@YAPAUdatamap_t@@PAUdface_t@@@Z@YAXXZ 100524a0 f   bsplib.obj
 0001:000514b0       ??__FnameHolder@?1???$DataMapInit@Udfaceid_t@@@@YAPAUdatamap_t@@PAUdfaceid_t@@@Z@YAXXZ 100524b0 f   bsplib.obj
 0001:000514c0       ??__FnameHolder@?1???$DataMapInit@Udbrush_t@@@@YAPAUdatamap_t@@PAUdbrush_t@@@Z@YAXXZ 100524c0 f   bsplib.obj
 0001:000514d0       ??__FnameHolder@?1???$DataMapInit@Udbrushside_t@@@@YAPAUdatamap_t@@PAUdbrushside_t@@@Z@YAXXZ 100524d0 f   bsplib.obj
 0001:000514e0       ??__FnameHolder@?1???$DataMapInit@Udedge_t@@@@YAPAUdatamap_t@@PAUdedge_t@@@Z@YAXXZ 100524e0 f   bsplib.obj
 0001:000514f0       ??__FnameHolder@?1???$DataMapInit@Udmodel_t@@@@YAPAUdatamap_t@@PAUdmodel_t@@@Z@YAXXZ 100524f0 f   bsplib.obj
 0001:00051500       ??__FnameHolder@?1???$DataMapInit@Udphysmodel_t@@@@YAPAUdatamap_t@@PAUdphysmodel_t@@@Z@YAXXZ 10052500 f   bsplib.obj
 0001:00051510       ??__FnameHolder@?1???$DataMapInit@Udphysdisp_t@@@@YAPAUdatamap_t@@PAUdphysdisp_t@@@Z@YAXXZ 10052510 f   bsplib.obj
 0001:00051520       ??__FnameHolder@?1???$DataMapInit@Udarea_t@@@@YAPAUdatamap_t@@PAUdarea_t@@@Z@YAXXZ 10052520 f   bsplib.obj
 0001:00051530       ??__FnameHolder@?1???$DataMapInit@Udareaportal_t@@@@YAPAUdatamap_t@@PAUdareaportal_t@@@Z@YAXXZ 10052530 f   bsplib.obj
 0001:00051540       ??__FnameHolder@?1???$DataMapInit@Udworldlight_t@@@@YAPAUdatamap_t@@PAUdworldlight_t@@@Z@YAXXZ 10052540 f   bsplib.obj
 0001:00051550       ??__FnameHolder@?1???$DataMapInit@Udleafwaterdata_t@@@@YAPAUdatamap_t@@PAUdleafwaterdata_t@@@Z@YAXXZ 10052550 f   bsplib.obj
 0001:00051560       ??__FnameHolder@?1???$DataMapInit@Udoccluderdata_t@@@@YAPAUdatamap_t@@PAUdoccluderdata_t@@@Z@YAXXZ 10052560 f   bsplib.obj
 0001:00051570       ??__FnameHolder@?1???$DataMapInit@Udoccluderpolydata_t@@@@YAPAUdatamap_t@@PAUdoccluderpolydata_t@@@Z@YAXXZ 10052570 f   bsplib.obj
 0001:00051580       ??__FnameHolder@?1???$DataMapInit@Udcubemapsample_t@@@@YAPAUdatamap_t@@PAUdcubemapsample_t@@@Z@YAXXZ 10052580 f   bsplib.obj
 0001:00051590       ??__FnameHolder@?1???$DataMapInit@Udoverlay_t@@@@YAPAUdatamap_t@@PAUdoverlay_t@@@Z@YAXXZ 10052590 f   bsplib.obj
 0001:000515a0       ??__FnameHolder@?1???$DataMapInit@Udwateroverlay_t@@@@YAPAUdatamap_t@@PAUdwateroverlay_t@@@Z@YAXXZ 100525a0 f   bsplib.obj
 0001:000515b0       ??__FnameHolder@?1???$DataMapInit@Udoverlayfade_t@@@@YAPAUdatamap_t@@PAUdoverlayfade_t@@@Z@YAXXZ 100525b0 f   bsplib.obj
 0001:000515c0       ??__FnameHolder@?1???$DataMapInit@Udgamelumpheader_t@@@@YAPAUdatamap_t@@PAUdgamelumpheader_t@@@Z@YAXXZ 100525c0 f   bsplib.obj
 0001:000515d0       ??__FnameHolder@?1???$DataMapInit@Udgamelump_t@@@@YAPAUdatamap_t@@PAUdgamelump_t@@@Z@YAXXZ 100525d0 f   bsplib.obj
 0001:000515e0       ??__FnameHolder@?1???$DataMapInit@UStaticPropDictLump_t@@@@YAPAUdatamap_t@@PAUStaticPropDictLump_t@@@Z@YAXXZ 100525e0 f   bsplib.obj
 0001:000515f0       ??__FnameHolder@?1???$DataMapInit@UStaticPropLump_t@@@@YAPAUdatamap_t@@PAUStaticPropLump_t@@@Z@YAXXZ 100525f0 f   bsplib.obj
 0001:00051600       ??__FnameHolder@?1???$DataMapInit@UStaticPropLumpV4_t@@@@YAPAUdatamap_t@@PAUStaticPropLumpV4_t@@@Z@YAXXZ 10052600 f   bsplib.obj
 0001:00051610       ??__FnameHolder@?1???$DataMapInit@UStaticPropLumpV5_t@@@@YAPAUdatamap_t@@PAUStaticPropLumpV5_t@@@Z@YAXXZ 10052610 f   bsplib.obj
 0001:00051620       ??__FnameHolder@?1???$DataMapInit@UStaticPropLeafLump_t@@@@YAPAUdatamap_t@@PAUStaticPropLeafLump_t@@@Z@YAXXZ 10052620 f   bsplib.obj
 0001:00051630       ??__FnameHolder@?1???$DataMapInit@UDetailObjectDictLump_t@@@@YAPAUdatamap_t@@PAUDetailObjectDictLump_t@@@Z@YAXXZ 10052630 f   bsplib.obj
 0001:00051640       ??__FnameHolder@?1???$DataMapInit@UDetailObjectLump_t@@@@YAPAUdatamap_t@@PAUDetailObjectLump_t@@@Z@YAXXZ 10052640 f   bsplib.obj
 0001:00051650       ??__FnameHolder@?1???$DataMapInit@UDetailSpriteDictLump_t@@@@YAPAUdatamap_t@@PAUDetailSpriteDictLump_t@@@Z@YAXXZ 10052650 f   bsplib.obj
 0001:00051660       ??__FnameHolder@?1???$DataMapInit@UDetailPropLightstylesLump_t@@@@YAPAUdatamap_t@@PAUDetailPropLightstylesLump_t@@@Z@YAXXZ 10052660 f   bsplib.obj
 0001:00051670       ??__FnameHolder@?1???$DataMapInit@UMeshHeader_t@HardwareVerts@@@HardwareVerts@@YAPAUdatamap_t@@PAUMeshHeader_t@0@@Z@YAXXZ 10052670 f   bsplib.obj
 0001:00051680       ??__FnameHolder@?1???$DataMapInit@UFileHeader_t@HardwareVerts@@@HardwareVerts@@YAPAUdatamap_t@@PAUFileHeader_t@0@@Z@YAXXZ 10052680 f   bsplib.obj
 0001:00051690       ??__Fg_StaticPropInstances@@YAXXZ 10052690 f   bsplib.obj
 0001:000516a0       ??__FdlightdataHDR@@YAXXZ  100526a0 f   bsplib.obj
 0001:000516b0       ??__FdlightdataLDR@@YAXXZ  100526b0 f   bsplib.obj
 0001:000516c0       ??__Fdentdata@@YAXXZ       100526c0 f   bsplib.obj
 0001:000516d0       ??__Fg_LeafAmbientIndexLDR@@YAXXZ 100526d0 f   bsplib.obj
 0001:000516e0       ??__Fg_LeafAmbientIndexHDR@@YAXXZ 100526e0 f   bsplib.obj
 0001:000516f0       ??__Fg_LeafAmbientLightingLDR@@YAXXZ 100526f0 f   bsplib.obj
 0001:00051700       ??__Fg_LeafAmbientLightingHDR@@YAXXZ 10052700 f   bsplib.obj
 0001:00051710       ??__Ftexinfo@@YAXXZ        10052710 f   bsplib.obj
 0001:00051720       ??__Fg_DispLightmapSamplePositions@@YAXXZ 10052720 f   bsplib.obj
 0001:00051730       ??__Fg_TexDataStringData@@YAXXZ 10052730 f   bsplib.obj
 0001:00051740       ??__Fg_TexDataStringTable@@YAXXZ 10052740 f   bsplib.obj
 0001:00051750       ??__Fg_OccluderData@@YAXXZ 10052750 f   bsplib.obj
 0001:00051760       ??__Fg_OccluderPolyData@@YAXXZ 10052760 f   bsplib.obj
 0001:00051770       ??__Fg_OccluderVertexIndices@@YAXXZ 10052770 f   bsplib.obj
 0001:00051780       ??__FnameHolder@?1???$DataMapInit@Uswapcollideheader_t@@@@YAPAUdatamap_t@@PAUswapcollideheader_t@@@Z@YAXXZ 10052780 f   bsplib.obj
 0001:00051790       ??__FnameHolder@?1???$DataMapInit@Uswapcompactsurfaceheader_t@@@@YAPAUdatamap_t@@PAUswapcompactsurfaceheader_t@@@Z@YAXXZ 10052790 f   bsplib.obj
 0001:000517a0       ??__FnameHolder@?1???$DataMapInit@Uswapmoppsurfaceheader_t@@@@YAPAUdatamap_t@@PAUswapmoppsurfaceheader_t@@@Z@YAXXZ 100527a0 f   bsplib.obj
 0001:000517b0       ??__Fg_dispinfo@@YAXXZ     100527b0 f   bsplib.obj
 0001:000517c0       ??__Fg_DispVerts@@YAXXZ    100527c0 f   bsplib.obj
 0001:000517d0       ??__Fg_DispTris@@YAXXZ     100527d0 f   bsplib.obj
 0001:000517e0       ??__Fdfaceids@@YAXXZ       100527e0 f   bsplib.obj
 0001:000517f0       ??__Fg_FaceMacroTextureInfos@@YAXXZ 100527f0 f   bsplib.obj
 0001:00051800       ??__Fg_GameLumps@@YAXXZ    10052800 f   bsplib.obj
 0001:00051850       ??__Fg_ClusterLeaves@@YAXXZ 10052850 f   bsplib.obj
 0001:00051860       ??__Fg_StaticPropNames@@YAXXZ 10052860 f   bsplib.obj
 0001:00051870       ??__Fg_ExitStopper@@YAXXZ  10052870 f   cmdlib.obj
 0001:00051890       ??__Fg_CleanupFunctions@@YAXXZ 10052890 f   cmdlib.obj
 0001:000518e0       ??__Fg_ExtraSpewHooks@@YAXXZ 100528e0 f   cmdlib.obj
 0001:00051930       ??__Fbuf@?1??CmdLib_FPrintf@@YAXPAXPBDZZ@YAXXZ 10052930 f   cmdlib.obj
 0001:00051940       ??__Fg_PortalTrace@@YAXXZ  10052940 f   flow.obj
 0001:00051950       ??__Fg_SpewTextCS@@YAXXZ   10052950 f   mpi_stats.obj
 0001:00051960       ??__Fg_SpewText@@YAXXZ     10052960 f   mpi_stats.obj
 0001:00051970       ??__Fg_MCThreadExitEvent@@YAXXZ 10052970 f   mpivis.obj
 0001:00051980       ??__Fg_BasePortalVisResultsFilename@@YAXXZ 10052980 f   mpivis.obj
 0001:00051990       ??__Fg_definevariable@@YAXXZ 10052990 f   scriplib.obj
 0001:000519a0       ??__FnameHolder@?1???$DataMapInit@UZIP_EndOfCentralDirRecord@@@@YAPAUdatamap_t@@PAUZIP_EndOfCentralDirRecord@@@Z@YAXXZ 100529a0 f   zip_utils.obj
 0001:000519b0       ??__FnameHolder@?1???$DataMapInit@UZIP_FileHeader@@@@YAPAUdatamap_t@@PAUZIP_FileHeader@@@Z@YAXXZ 100529b0 f   zip_utils.obj
 0001:000519c0       ??__FnameHolder@?1???$DataMapInit@UZIP_LocalFileHeader@@@@YAPAUdatamap_t@@PAUZIP_LocalFileHeader@@@Z@YAXXZ 100529c0 f   zip_utils.obj
 0001:000519d0       ??__FnameHolder@?1???$DataMapInit@UZIP_PreloadHeader@@@@YAPAUdatamap_t@@PAUZIP_PreloadHeader@@@Z@YAXXZ 100529d0 f   zip_utils.obj
 0001:000519e0       ??__FnameHolder@?1???$DataMapInit@UZIP_PreloadDirectoryEntry@@@@YAPAUdatamap_t@@PAUZIP_PreloadDirectoryEntry@@@Z@YAXXZ 100529e0 f   zip_utils.obj
 0001:000519f0       ??__Fg_ZipUtils@@YAXXZ     100529f0 f   zip_utils.obj
 0001:00051a40       ??__Fg_CleanupSymbolTable@@YAXXZ 10052a40 f   tier1:utlsymbol.obj
 0001:00051a80       ??__Fg_PersistentPacketsCS@@YAXXZ 10052a80 f   vmpi:vmpi.obj
 0001:00051a90       ??__Fg_VMPIMessagesCS@@YAXXZ 10052a90 f   vmpi:vmpi.obj
 0001:00051aa0       ??__Fg_VMPIMessagesEvent@@YAXXZ 10052aa0 f   vmpi:vmpi.obj
 0001:00051ab0       ??__Fg_ErrorSocketsEvent@@YAXXZ 10052ab0 f   vmpi:vmpi.obj
 0001:00051ac0       ??__Fg_ErrorSocketsCS@@YAXXZ 10052ac0 f   vmpi:vmpi.obj
 0001:00051ad0       ??__Fg_ConnectionsCS@@YAXXZ 10052ad0 f   vmpi:vmpi.obj
 0001:00051ae0       ??__Fg_CurrentStageCS@@YAXXZ 10052ae0 f   vmpi:vmpi.obj
 0001:00051af0       ??__Fg_DispatchBuffers@@YAXXZ 10052af0 f   vmpi:vmpi.obj
 0001:00051b20       ??__Fg_PersistentPackets@@YAXXZ 10052b20 f   vmpi:vmpi.obj
 0001:00051b70       ??__Fg_OriginalCommandLineParameters@@YAXXZ 10052b70 f   vmpi:vmpi.obj
 0001:00051b80       ??__Fg_VMPIMessages@@YAXXZ 10052b80 f   vmpi:vmpi.obj
 0001:00051bd0       ??__Fg_ErrorSockets@@YAXXZ 10052bd0 f   vmpi:vmpi.obj
 0001:00051c20       ??__Fg_DisconnectHandlers@@YAXXZ 10052c20 f   vmpi:vmpi.obj
 0001:00051c70       ??__Fg_WorkerCommandLine@@YAXXZ 10052c70 f   vmpi:vmpi.obj
 0001:00051c80       ??__Fg_MasterBroadcaster@@YAXXZ 10052c80 f   vmpi:vmpi.obj
 0001:00051cc0       ??__Fg_wuCountByProcess@@YAXXZ 10052cc0 f   vmpi:vmpi_distribute_work.obj
 0001:00051cd0       ??__Fg_MasterWorkUnitCompletedList@@YAXXZ 10052cd0 f   vmpi:vmpi_distribute_work.obj
 0001:00051cf0       ??__Fg_DSInfo@@YAXXZ       10052cf0 f   vmpi:vmpi_distribute_work.obj
 0001:00051d10       ??__Fg_WUStatus@@YAXXZ     10052d10 f   vmpi:vmpi_distribute_tracker.obj
 0001:00051d20       ??__Fg_WorkUnits@@YAXXZ    10052d20 f   vmpi:vmpi_distribute_tracker.obj
 0001:00051d30       ??__Fg_MasterWorkUnitsTracker@@YAXXZ 10052d30 f   vmpi:vmpi_distribute_work_default.obj
 0001:00051d40       ??__Fg_FileResponsesCS@@YAXXZ 10052d40 f   vmpi:vmpi_filesystem_worker.obj
 0001:00051d50       ??__Fg_FileResponses@@YAXXZ 10052d50 f   vmpi:vmpi_filesystem_worker.obj
 0001:00051d60       ??__Fg_FileChunkPackets@@YAXXZ 10052d60 f   vmpi:vmpi_filesystem_worker.obj
 0001:00051da1       ??__Fnomem@?5???2@YAPAXI@Z@YAXXZ 10052da1 f   LIBCMT:new.obj
