 vrad_dll

 Timestamp is 4e78505d (Tue Sep 20 09:35:41 2011)

 Preferred load address is 10000000

 Start         Length     Name                   Class
 0001:00000000 000b41f1H .text                   CODE
 0001:000b4200 00000256H .text$x                 CODE
 0001:000b4460 000011eeH .text$yc                CODE
 0001:000b5650 00000dddH .text$yd                CODE
 0002:00000000 0000034cH .idata$5                DATA
 0002:0000034c 00000004H .CRT$XCA                DATA
 0002:00000350 0000000cH .CRT$XCC                DATA
 0002:0000035c 00000008H .CRT$XCL                DATA
 0002:00000364 000002c0H .CRT$XCU                DATA
 0002:00000624 00000004H .CRT$XCZ                DATA
 0002:00000628 00000004H .CRT$XIA                DATA
 0002:0000062c 00000014H .CRT$XIC                DATA
 0002:00000640 00000004H .CRT$XIZ                DATA
 0002:00000644 00000004H .CRT$XPA                DATA
 0002:00000648 0000000cH .CRT$XPX                DATA
 0002:00000654 00000004H .CRT$XPXA               DATA
 0002:00000658 00000004H .CRT$XPZ                DATA
 0002:0000065c 00000004H .CRT$XTA                DATA
 0002:00000660 00000004H .CRT$XTZ                DATA
 0002:00000670 00056458H .rdata                  DATA
 0002:00056ac8 0000004aH .rdata$debug            DATA
 0002:00056b14 00001f40H .rdata$r                DATA
 0002:00058a54 00000004H .rtc$IAA                DATA
 0002:00058a58 00000004H .rtc$IZZ                DATA
 0002:00058a5c 00000004H .rtc$TAA                DATA
 0002:00058a60 00000004H .rtc$TZZ                DATA
 0002:00058a68 00000f0cH .xdata$x                DATA
 0002:00059974 0000008cH .idata$2                DATA
 0002:00059a00 00000014H .idata$3                DATA
 0002:00059a14 0000034cH .idata$4                DATA
 0002:00059d60 00000e96H .idata$6                DATA
 0002:0005ac00 0000004fH .edata                  DATA
 0003:00000000 0000be4cH .data                   DATA
 0003:0000be60 050b3ac4H .bss                    DATA

  Address         Publics by Value              Rva+Base       Lib:Object

 0000:00000000       __except_list              00000000     <absolute>
 0000:00000000       ___safe_se_handler_count   00000000     <absolute>
 0000:00000000       ___safe_se_handler_table   00000000     <absolute>
 0000:00000000       ___ImageBase               10000000     <linker-defined>
 0001:00000000       ??_H@YGXPAXIHP6EPAX0@Z@Z   10001000 f i bsptreedata.obj
 0001:00000030       ?DestroyBSPTreeData@@YAXPAVIBSPTreeData@@@Z 10001030 f   bsptreedata.obj
 0001:00000050       ?EnumerateLeavesAtPoint@CBSPTreeData@@UAE_NABVVector@@PAVISpatialLeafEnumerator@@H@Z 10001050 f   bsptreedata.obj
 0001:00000060       ?EnumerateLeavesInBox@CBSPTreeData@@UAE_NABVVector@@0PAVISpatialLeafEnumerator@@H@Z 10001060 f   bsptreedata.obj
 0001:00000070       ?EnumerateLeavesInSphere@CBSPTreeData@@UAE_NABVVector@@MPAVISpatialLeafEnumerator@@H@Z 10001070 f   bsptreedata.obj
 0001:000000a0       ?EnumerateLeavesAlongRay@CBSPTreeData@@UAE_NABURay_t@@PAVISpatialLeafEnumerator@@H@Z 100010a0 f   bsptreedata.obj
 0001:000000b0       ?Grow@?$CUtlMemory@GH@@QAEXH@Z 100010b0 f i tier1:stringpool.obj
 0001:000000b0       ?Grow@?$CUtlMemory@VCFaceMacroTextureInfo@@H@@QAEXH@Z 100010b0 f i bsplib.obj
 0001:000000b0       ?Grow@?$CUtlMemory@ULeaf_t@CBSPTreeData@@H@@QAEXH@Z 100010b0 f i bsptreedata.obj
 0001:000000b0       ?Grow@?$CUtlMemory@VCLMSize@CIncrementalHeader@@H@@QAEXH@Z 100010b0 f i incremental.obj
 0001:000000b0       ?Grow@?$CUtlMemory@VCDispTri@@H@@QAEXH@Z 100010b0 f i bsplib.obj
 0001:000000b0       ?Grow@?$CUtlMemory@Udfaceid_t@@H@@QAEXH@Z 100010b0 f i bsplib.obj
 0001:00000160       ?Grow@?$CUtlMemory@U?$UtlRBTreeNode_t@VCStringPoolIndex@CUtlSymbolTable@@G@@G@@QAEXH@Z 10001160 f i tier1:utlsymbol.obj
 0001:00000160       ?Grow@?$CUtlMemory@U?$UtlLinkedListElem_t@UHandleInfo_t@CBSPTreeData@@G@@G@@QAEXH@Z 10001160 f i bsptreedata.obj
 0001:00000160       ?Grow@?$CUtlMemory@U?$UtlLinkedListElem_t@UHandleInLeaf_t@CBSPTreeData@@G@@G@@QAEXH@Z 10001160 f i bsptreedata.obj
 0001:00000210       ?Grow@?$CUtlMemory@U?$UtlLinkedListElem_t@GG@@G@@QAEXH@Z 10001210 f i bsptreedata.obj
 0001:000002c0       ?IsElementInTree@CBSPTreeData@@UBE_NG@Z 100012c0 f   bsptreedata.obj
 0001:000002f0       ?EnsureCapacity@?$CUtlLinkedList@UHandleInfo_t@CBSPTreeData@@G$0A@GV?$CUtlMemory@U?$UtlLinkedListElem_t@UHandleInfo_t@CBSPTreeData@@G@@G@@@@QAEXH@Z 100012f0 f i bsptreedata.obj
 0001:000002f0       ?EnsureCapacity@?$CUtlLinkedList@UHandleInLeaf_t@CBSPTreeData@@G$00GV?$CUtlMemory@U?$UtlLinkedListElem_t@UHandleInLeaf_t@CBSPTreeData@@G@@G@@@@QAEXH@Z 100012f0 f i bsptreedata.obj
 0001:00000360       ?RemoveAll@?$CUtlLinkedList@UHandleInfo_t@CBSPTreeData@@G$0A@GV?$CUtlMemory@U?$UtlLinkedListElem_t@UHandleInfo_t@CBSPTreeData@@G@@G@@@@QAEXXZ 10001360 f i bsptreedata.obj
 0001:000003d0       ?Unlink@?$CUtlLinkedList@UHandleInfo_t@CBSPTreeData@@G$0A@GV?$CUtlMemory@U?$UtlLinkedListElem_t@UHandleInfo_t@CBSPTreeData@@G@@G@@@@QAEXG@Z 100013d0 f i bsptreedata.obj
 0001:000003d0       ?Unlink@?$CUtlLinkedList@UHandleInLeaf_t@CBSPTreeData@@G$00GV?$CUtlMemory@U?$UtlLinkedListElem_t@UHandleInLeaf_t@CBSPTreeData@@G@@G@@@@QAEXG@Z 100013d0 f i bsptreedata.obj
 0001:00000460       ?RemoveAll@?$CUtlLinkedList@GG$00GV?$CUtlMemory@U?$UtlLinkedListElem_t@GG@@G@@@@QAEXXZ 10001460 f i bsptreedata.obj
 0001:00000510       ?AllocInternal@?$CUtlLinkedList@GG$00GV?$CUtlMemory@U?$UtlLinkedListElem_t@GG@@G@@@@IAEG_N@Z 10001510 f i bsptreedata.obj
 0001:00000630       ?RemoveAll@?$CUtlLinkedList@UHandleInLeaf_t@CBSPTreeData@@G$00GV?$CUtlMemory@U?$UtlLinkedListElem_t@UHandleInLeaf_t@CBSPTreeData@@G@@G@@@@QAEXXZ 10001630 f i bsptreedata.obj
 0001:000006e0       ?AllocInternal@?$CUtlLinkedList@UHandleInfo_t@CBSPTreeData@@G$0A@GV?$CUtlMemory@U?$UtlLinkedListElem_t@UHandleInfo_t@CBSPTreeData@@G@@G@@@@IAEG_N@Z 100016e0 f i bsptreedata.obj
 0001:000006e0       ?AllocInternal@?$CUtlLinkedList@UHandleInLeaf_t@CBSPTreeData@@G$00GV?$CUtlMemory@U?$UtlLinkedListElem_t@UHandleInLeaf_t@CBSPTreeData@@G@@G@@@@IAEG_N@Z 100016e0 f i bsptreedata.obj
 0001:00000800       ?EnumerateElementsInLeaf@CBSPTreeData@@UAE_NHPAVIBSPTreeDataEnumerator@@H@Z 10001800 f   bsptreedata.obj
 0001:00000870       ?EnsureCapacity@?$CUtlVector@ULeaf_t@CBSPTreeData@@V?$CUtlMemory@ULeaf_t@CBSPTreeData@@H@@@@QAEXH@Z 10001870 f i bsptreedata.obj
 0001:000008e0       ?Unlink@?$CUtlLinkedList@GG$00GV?$CUtlMemory@U?$UtlLinkedListElem_t@GG@@G@@@@QAEXG@Z 100018e0 f i bsptreedata.obj
 0001:00000970       ?Shutdown@CBSPTreeData@@UAEXXZ 10001970 f   bsptreedata.obj
 0001:00000a70       ?LinkBefore@?$CUtlLinkedList@GG$00GV?$CUtlMemory@U?$UtlLinkedListElem_t@GG@@G@@@@QAEXGG@Z 10001a70 f i bsptreedata.obj
 0001:00000b00       ?LinkBefore@?$CUtlLinkedList@UHandleInLeaf_t@CBSPTreeData@@G$00GV?$CUtlMemory@U?$UtlLinkedListElem_t@UHandleInLeaf_t@CBSPTreeData@@G@@G@@@@QAEXGG@Z 10001b00 f i bsptreedata.obj
 0001:00000b00       ?LinkBefore@?$CUtlLinkedList@UHandleInfo_t@CBSPTreeData@@G$0A@GV?$CUtlMemory@U?$UtlLinkedListElem_t@UHandleInfo_t@CBSPTreeData@@G@@G@@@@QAEXGG@Z 10001b00 f i bsptreedata.obj
 0001:00000b90       ??0CBSPTreeData@@QAE@XZ    10001b90 f   bsptreedata.obj
 0001:00000c30       ??1CBSPTreeData@@UAE@XZ    10001c30 f   bsptreedata.obj
 0001:00000cf0       ?Init@CBSPTreeData@@UAEXPAVISpatialQuery@@@Z 10001cf0 f   bsptreedata.obj
 0001:00000dd0       ?Insert@CBSPTreeData@@UAEGHABVVector@@0@Z 10001dd0 f   bsptreedata.obj
 0001:00000e40       ?AddHandleToLeaf@CBSPTreeData@@AAEXHG@Z 10001e40 f   bsptreedata.obj
 0001:00000f00       ?EnumerateLeaf@CBSPTreeData@@UAE_NHH@Z 10001f00 f   bsptreedata.obj
 0001:00000f20       ?RemoveFromTree@CBSPTreeData@@AAEXG@Z 10001f20 f   bsptreedata.obj
 0001:00001010       ?ElementMoved@CBSPTreeData@@UAEXGABVVector@@0@Z 10002010 f   bsptreedata.obj
 0001:00001060       ?CreateBSPTreeData@@YAPAVIBSPTreeData@@XZ 10002060 f   bsptreedata.obj
 0001:00001080       ??_ECBSPTreeData@@UAEPAXI@Z 10002080 f i bsptreedata.obj
 0001:00001080       ??_GCBSPTreeData@@UAEPAXI@Z 10002080 f i bsptreedata.obj
 0001:000010b0       ?Remove@CBSPTreeData@@UAEXG@Z 100020b0 f   bsptreedata.obj
 0001:00001110       ??0Vector@@QAE@XZ          10002110 f i disp_common.obj
 0001:00001110       ??0Vector2D@@QAE@XZ        10002110 f i lightmap.obj
 0001:00001110       ??0cplane_t@@QAE@XZ        10002110 f i trace.obj
 0001:00001120       ??4Vector@@QAEAAV0@ABV0@@Z 10002120 f i disp_common.obj
 0001:00001140       ??AVector@@QBEMH@Z         10002140 f i disp_common.obj
 0001:00001150       ??HVector@@QBE?AV0@ABV0@@Z 10002150 f i disp_common.obj
 0001:00001180       ??GVector@@QBE?AV0@ABV0@@Z 10002180 f i disp_common.obj
 0001:000011b0       ??DVector@@QBE?AV0@M@Z     100021b0 f i disp_common.obj
 0001:000011e0       ?SetInvalid@CDispNeighbor@@QAEXXZ 100021e0 f i disp_common.obj
 0001:000011f0       ?SetInvalid@CDispCornerNeighbors@@QAEXXZ 100021f0 f i disp_common.obj
 0001:00001200       ?GetPoint@CCoreDispSurface@@QBEXHAAVVector@@@Z 10002200 f i disp_common.obj
 0001:00001230       ?GetSurface@CCoreDispInfo@@QAEPAVCCoreDispSurface@@XZ 10002230 f i disp_common.obj
 0001:00001240       ?GetEdgeIndexFromPoint@@YAHABVCVertIndex@@H@Z 10002240 f   disp_common.obj
 0001:00001290       ?SetupSpan@@YAXHHW4NeighborSpan@@AAVCVertIndex@@1@Z 10002290 f   disp_common.obj
 0001:00001320       ??0CDispSubEdgeIterator@@QAE@XZ 10002320 f   disp_common.obj
 0001:00001340       ?Next@CDispSubEdgeIterator@@QAE_NXZ 10002340 f   disp_common.obj
 0001:00001380       ?IsLastVert@CDispSubEdgeIterator@@QBE_NXZ 10002380 f   disp_common.obj
 0001:000013a0       ?VertIndexToInt@CDispUtilsHelper@@QBEHABVCVertIndex@@@Z 100023a0 f   disp_common.obj
 0001:000013c0       ?GetEdgeMidPoint@CDispUtilsHelper@@QBE?AVCVertIndex@@H@Z 100023c0 f   disp_common.obj
 0001:00001440       ?TransformIntoSubNeighbor@@YAPAVCDispUtilsHelper@@PAV1@HHABVCVertIndex@@AAV2@@Z 10002440 f   disp_common.obj
 0001:00001550       ?SetupEdgeIncrements@@YAPAVCDispUtilsHelper@@PAV1@HHAAVCVertIndex@@111AAH2@Z 10002550 f   disp_common.obj
 0001:00001710       ?Start@CDispSubEdgeIterator@@QAEXPAVCDispUtilsHelper@@HH_N@Z 10002710 f   disp_common.obj
 0001:00001c20       ?GetPowerInfo@@YAPBVCPowerInfo@@H@Z 10002c20 f   disp_powerinfo.obj
 0001:00001c30       ?GetCornerPointIndex@CPowerInfo@@QBEABVCVertIndex@@H@Z 10002c30 f   disp_powerinfo.obj
 0001:00001c50       ??0CVertInfo@@QAE@XZ       10002c50 f   disp_powerinfo.obj
 0001:00001e50       ?InitPowerInfo@@YAXPAVCPowerInfo@@H@Z 10002e50 f   disp_powerinfo.obj
 0001:00002320       ?VectorLength@@YAMABVVector@@@Z 10003320 f i disp_vrad.obj
 0001:00002350       ?Length@Vector@@QBEMXZ     10003350 f i disp_vrad.obj
 0001:00002380       ?FindNeighborCornerVert@@YAHPAVCCoreDispInfo@@ABVVector@@@Z 10003380 f   disp_vrad.obj
 0001:00002440       ?GetAllNeighbors@@YAHPBVCCoreDispInfo@@QAH@Z 10003440 f   disp_vrad.obj
 0001:00002550       ?BlendTJuncs@@YAXPAPAVCCoreDispInfo@@H@Z 10003550 f   disp_vrad.obj
 0001:00002780       ?BlendEdges@@YAXPAPAVCCoreDispInfo@@H@Z 10003780 f   disp_vrad.obj
 0001:00002a80       ?InsertMultipleBefore@?$CUtlVector@HV?$CUtlMemory@HH@@@@QAEHHHPBH@Z 10003a80 f i disp_vrad.obj
 0001:00002b20       ?BlendCorners@@YAXPAPAVCCoreDispInfo@@H@Z 10003b20 f   disp_vrad.obj
 0001:00002ed0       ?SmoothNeighboringDispSurfNormals@@YAXPAPAVCCoreDispInfo@@H@Z 10003ed0 f   disp_vrad.obj
 0001:00002f00       ?fabs@@YAMM@Z              10003f00 f i incremental.obj
 0001:00002f10       ??AVector@@QAEAAMH@Z       10003f10 f i incremental.obj
 0001:00002f20       ??_EIIncremental@@UAEPAXI@Z 10003f20 f i incremental.obj
 0001:00002f20       ??_GIIncremental@@UAEPAXI@Z 10003f20 f i incremental.obj
 0001:00003140       ?Init@CIncremental@@UAE_NPBD0@Z 10004140 f   incremental.obj
 0001:00003160       ??4dworldlight_t@@QAEAAU0@ABU0@@Z 10004160 f i incremental.obj
 0001:000031f0       ?Purge@?$CUtlMemory@EH@@QAEXXZ 100041f0 f i incremental.obj
 0001:00003220       ?Grow@?$CUtlMemory@Udoccluderpolydata_t@@H@@QAEXH@Z 10004220 f i bsplib.obj
 0001:00003220       ?Grow@?$CUtlMemory@VVector@@H@@QAEXH@Z 10004220 f i lightmap.obj
 0001:00003220       ?Grow@?$CUtlMemory@U?$UtlLinkedListElem_t@HH@@H@@QAEXH@Z 10004220 f i incremental.obj
 0001:000032c0       ?Purge@?$CUtlVector@DV?$CUtlMemory@DH@@@@QAEXXZ 100042c0 f i macro_texture.obj
 0001:000032c0       ?Purge@?$CUtlVector@VCIPAddr@@V?$CUtlMemory@VCIPAddr@@H@@@@QAEXXZ 100042c0 f i vmpi:vmpi.obj
 0001:000032c0       ?Purge@?$CUtlVector@EV?$CUtlMemory@EH@@@@QAEXXZ 100042c0 f i incremental.obj
 0001:000032c0       ?Purge@?$CUtlVector@VCLightValue@@V?$CUtlMemory@VCLightValue@@H@@@@QAEXXZ 100042c0 f i incremental.obj
 0001:00003310       ?RemoveAll@?$CUtlLinkedList@HH$0A@HV?$CUtlMemory@U?$UtlLinkedListElem_t@HH@@H@@@@QAEXXZ 10004310 f i incremental.obj
 0001:00003370       ?AllocInternal@?$CUtlLinkedList@P6AXPBD@ZG$0A@GV?$CUtlMemory@U?$UtlLinkedListElem_t@P6AXPBD@ZG@@G@@@@IAEG_N@Z 10004370 f i cmdlib.obj
 0001:00003370       ?AllocInternal@?$CUtlLinkedList@PAVCZip@@G$0A@GV?$CUtlMemory@U?$UtlLinkedListElem_t@PAVCZip@@G@@G@@@@IAEG_N@Z 10004370 f i zip_utils.obj
 0001:00003370       ?AllocInternal@?$CUtlLinkedList@P6AXXZG$0A@GV?$CUtlMemory@U?$UtlLinkedListElem_t@P6AXXZG@@G@@@@IAEG_N@Z 10004370 f i cmdlib.obj
 0001:00003370       ?AllocInternal@?$CUtlLinkedList@PAVCLightFace@@G$0A@GV?$CUtlMemory@U?$UtlLinkedListElem_t@PAVCLightFace@@G@@G@@@@IAEG_N@Z 10004370 f i incremental.obj
 0001:00003370       ?AllocInternal@?$CUtlLinkedList@PAVCIncLight@@G$0A@GV?$CUtlMemory@U?$UtlLinkedListElem_t@PAVCIncLight@@G@@G@@@@IAEG_N@Z 10004370 f i incremental.obj
 0001:00003490       ?AllocInternal@?$CUtlLinkedList@HH$0A@HV?$CUtlMemory@U?$UtlLinkedListElem_t@HH@@H@@@@IAEH_N@Z 10004490 f i incremental.obj
 0001:00003580       ??1?$CUtlVector@Udleafambientindex_t@@V?$CUtlMemory@Udleafambientindex_t@@H@@@@QAE@XZ 10004580 f i bsplib.obj
 0001:00003580       ??1?$CUtlVector@HV?$CUtlMemory@HH@@@@QAE@XZ 10004580 f i disp_vrad.obj
 0001:00003580       ??1?$CUtlVector@Udfaceid_t@@V?$CUtlMemory@Udfaceid_t@@H@@@@QAE@XZ 10004580 f i bsplib.obj
 0001:00003580       ??1?$CUtlVector@UResourceEntryInfo@@V?$CUtlMemory@UResourceEntryInfo@@H@@@@QAE@XZ 10004580 f i vtf:vtf.obj
 0001:00003580       ??1?$CUtlVector@UResourceMemorySection@CVTFTexture@@V?$CUtlMemory@UResourceMemorySection@CVTFTexture@@H@@@@QAE@XZ 10004580 f i vtf:vtf.obj
 0001:00003580       ??1?$CUtlVector@Uambientsample_t@@V?$CUtlMemory@Uambientsample_t@@H@@@@QAE@XZ 10004580 f i leaf_ambient_lighting.obj
 0001:00003580       ??1?$CUtlVector@Umaterialentry_t@CShadowTextureList@@V?$CUtlMemory@Umaterialentry_t@CShadowTextureList@@H@@@@QAE@XZ 10004580 f i vradstaticprops.obj
 0001:00003580       ??1?$CUtlVector@VVector@@V?$CUtlMemory@VVector@@H@@@@QAE@XZ 10004580 f i lightmap.obj
 0001:00003580       ??1?$CUtlVector@PAUStringPool_t@CUtlSymbolTable@@V?$CUtlMemory@PAUStringPool_t@CUtlSymbolTable@@H@@@@QAE@XZ 10004580 f i tier1:utlsymbol.obj
 0001:00003580       ??1?$CUtlVector@ULeaf_t@CBSPTreeData@@V?$CUtlMemory@ULeaf_t@CBSPTreeData@@H@@@@QAE@XZ 10004580 f i bsptreedata.obj
 0001:00003580       ??1?$CUtlVector@UCPatch@@V?$CUtlMemory@UCPatch@@H@@@@QAE@XZ 10004580 f i vrad.obj
 0001:00003580       ??1?$CUtlVector@VCDispTri@@V?$CUtlMemory@VCDispTri@@H@@@@QAE@XZ 10004580 f i bsplib.obj
 0001:00003580       ??1?$CUtlVector@DV?$CUtlMemory@DH@@@@QAE@XZ 10004580 f i macro_texture.obj
 0001:00003580       ??1?$CUtlVector@UCacheOptimizedKDNode@@V?$CUtlMemory@UCacheOptimizedKDNode@@H@@@@QAE@XZ 10004580 f i vrad.obj
 0001:00003580       ??1?$CUtlVector@PBDV?$CUtlMemory@PBDH@@@@QAE@XZ 10004580 f i vrad.obj
 0001:00003580       ??1?$CUtlVector@VCFaceMacroTextureInfo@@V?$CUtlMemory@VCFaceMacroTextureInfo@@H@@@@QAE@XZ 10004580 f i bsplib.obj
 0001:00003580       ??1?$CUtlVector@Udoccluderdata_t@@V?$CUtlMemory@Udoccluderdata_t@@H@@@@QAE@XZ 10004580 f i bsplib.obj
 0001:00003580       ??1?$CUtlVector@ULightDesc_t@@V?$CUtlMemory@ULightDesc_t@@H@@@@QAE@XZ 10004580 f i vrad.obj
 0001:00003580       ??1?$CUtlVector@Udplane_t@@V?$CUtlMemory@Udplane_t@@H@@@@QAE@XZ 10004580 f i leaf_ambient_lighting.obj
 0001:00003580       ??1?$CUtlVector@VCLMSize@CIncrementalHeader@@V?$CUtlMemory@VCLMSize@CIncrementalHeader@@H@@@@QAE@XZ 10004580 f i incremental.obj
 0001:00003580       ??1?$CUtlVector@PAVCMacroTextureData@@V?$CUtlMemory@PAVCMacroTextureData@@H@@@@QAE@XZ 10004580 f i macro_texture.obj
 0001:00003580       ??1?$CUtlVector@Udleafambientlighting_t@@V?$CUtlMemory@Udleafambientlighting_t@@H@@@@QAE@XZ 10004580 f i bsplib.obj
 0001:00003580       ??1?$CUtlVector@Ubumplights_t@@V?$CUtlMemory@Ubumplights_t@@H@@@@QAE@XZ 10004580 f i vrad.obj
 0001:00003580       ??1?$CUtlVector@VS3RGBA@@V?$CUtlMemory@VS3RGBA@@H@@@@QAE@XZ 10004580 f i vtf:vtf.obj
 0001:00003580       ??1?$CUtlVector@VCFileResponse@@V?$CUtlMemory@VCFileResponse@@H@@@@QAE@XZ 10004580 f i vmpi:vmpi_filesystem_worker.obj
 0001:00003580       ??1?$CUtlVector@Vddispinfo_t@@V?$CUtlMemory@Vddispinfo_t@@H@@@@QAE@XZ 10004580 f i bsplib.obj
 0001:00003580       ??1?$CUtlVector@PAXV?$CUtlMemory@PAXH@@@@QAE@XZ 10004580 f i vmpi:vmpi.obj
 0001:00003580       ??1?$CUtlVector@UDetailPropLightstylesLump_t@@V?$CUtlMemory@UDetailPropLightstylesLump_t@@H@@@@QAE@XZ 10004580 f i vraddetailprops.obj
 0001:00003580       ??1?$CUtlVector@VCDispVert@@V?$CUtlMemory@VCDispVert@@H@@@@QAE@XZ 10004580 f i bsplib.obj
 0001:00003580       ??1?$CUtlVector@Uvariable_t@@V?$CUtlMemory@Uvariable_t@@H@@@@QAE@XZ 10004580 f i scriplib.obj
 0001:00003580       ??1?$CUtlVector@VCIPAddr@@V?$CUtlMemory@VCIPAddr@@H@@@@QAE@XZ 10004580 f i vmpi:vmpi.obj
 0001:00003580       ??1?$CUtlVector@Utexinfo_s@@V?$CUtlMemory@Utexinfo_s@@H@@@@QAE@XZ 10004580 f i bsplib.obj
 0001:00003580       ??1?$CUtlVector@VCLightValue@@V?$CUtlMemory@VCLightValue@@H@@@@QAE@XZ 10004580 f i incremental.obj
 0001:00003580       ??1?$CUtlVector@PAVCVRADDispColl@@V?$CUtlMemory@PAVCVRADDispColl@@H@@@@QAE@XZ 10004580 f i vraddisps.obj
 0001:00003580       ??1?$CUtlVector@PADV?$CUtlMemory@PADH@@@@QAE@XZ 10004580 f i zip_utils.obj
 0001:00003580       ??1?$CUtlVector@PAVCTCPPacket@@V?$CUtlMemory@PAVCTCPPacket@@H@@@@QAE@XZ 10004580 f i vmpi:vmpi.obj
 0001:00003580       ??1?$CUtlVector@EV?$CUtlMemory@EH@@@@QAE@XZ 10004580 f i incremental.obj
 0001:00003580       ??1?$CUtlVector@VCWULookupInfo@@V?$CUtlMemory@VCWULookupInfo@@H@@@@QAE@XZ 10004580 f i vmpi:vmpi_distribute_work_default.obj
 0001:00003580       ??1?$CUtlVector@UbadVertex_t@@V?$CUtlMemory@UbadVertex_t@@H@@@@QAE@XZ 10004580 f i vradstaticprops.obj
 0001:00003580       ??1?$CUtlVector@VCChunkInfo@CMasterMulticastThread@@V?$CUtlMemory@VCChunkInfo@CMasterMulticastThread@@H@@@@QAE@XZ 10004580 f i vmpi:vmpi_filesystem_master.obj
 0001:00003580       ??1?$CUtlVector@VCMachineRecord@CTransmitRateMgr@@V?$CUtlMemory@VCMachineRecord@CTransmitRateMgr@@H@@@@QAE@XZ 10004580 f i vmpi:vmpi_filesystem_master.obj
 0001:00003580       ??1?$CUtlVector@_KV?$CUtlMemory@_KH@@@@QAE@XZ 10004580 f i vmpi:vmpi_distribute_work.obj
 0001:00003580       ??1?$CUtlVector@IV?$CUtlMemory@IH@@@@QAE@XZ 10004580 f i samplehash.obj
 0001:00003580       ??1?$CUtlVector@VCWUStatus@@V?$CUtlMemory@VCWUStatus@@H@@@@QAE@XZ 10004580 f i vmpi:vmpi_distribute_tracker.obj
 0001:00003580       ??1?$CUtlVector@Udoccluderpolydata_t@@V?$CUtlMemory@Udoccluderpolydata_t@@H@@@@QAE@XZ 10004580 f i bsplib.obj
 0001:00003580       ??1?$CUtlVector@UDispCollTree_t@CVRadDispMgr@@V?$CUtlMemory@UDispCollTree_t@CVRadDispMgr@@H@@@@QAE@XZ 10004580 f i vraddisps.obj
 0001:00003580       ??1?$CUtlVector@VCWorkerInfo@CWorkUnitWalker@@V?$CUtlMemory@VCWorkerInfo@CWorkUnitWalker@@H@@@@QAE@XZ 10004580 f i vmpi:vmpi_distribute_work_sdk.obj
 0001:000035f0       ?Unlink@?$CUtlLinkedList@HH$0A@HV?$CUtlMemory@U?$UtlLinkedListElem_t@HH@@H@@@@QAEXH@Z 100045f0 f i incremental.obj
 0001:00003670       ?DecodeCharOrShort@@YAGPAVCUtlBuffer@@@Z 10004670 f   incremental.obj
 0001:00003750       ?EncodeCharOrShort@@YAXPAVCUtlBuffer@@G@Z 10004750 f   incremental.obj
 0001:00003810       ?DecompressLightData@@YAXPAVCUtlBuffer@@PAV?$CUtlVector@VCLightValue@@V?$CUtlMemory@VCLightValue@@H@@@@@Z 10004810 f   incremental.obj
 0001:000038c0       ?CompressLightData@@YAXPBVCLightValue@@HPAVCUtlBuffer@@@Z 100048c0 f   incremental.obj
 0001:000039f0       ??0CIncLight@@QAE@XZ       100049f0 f   incremental.obj
 0001:00003a50       ??_ECIncremental@@UAEPAXI@Z 10004a50 f i incremental.obj
 0001:00003a50       ??_GCIncremental@@UAEPAXI@Z 10004a50 f i incremental.obj
 0001:00003ac0       ??_GCLightFace@@QAEPAXI@Z  10004ac0 f i incremental.obj
 0001:00003b10       ?CopyArray@?$CUtlVector@EV?$CUtlMemory@EH@@@@QAEXPBEH@Z 10004b10 f i incremental.obj
 0001:00003b10       ?CopyArray@?$CUtlVector@DV?$CUtlMemory@DH@@@@QAEXPBDH@Z 10004b10 f i mpivrad.obj
 0001:00003b80       ?PurgeAndDeleteElements@?$CUtlLinkedList@PAVCLightFace@@G$0A@GV?$CUtlMemory@U?$UtlLinkedListElem_t@PAVCLightFace@@G@@G@@@@QAEXXZ 10004b80 f i incremental.obj
 0001:00003c80       ?GetIncremental@@YAPAVIIncremental@@XZ 10004c80 f   incremental.obj
 0001:00003d10       ?ReadIncrementalHeader@CIncremental@@AAE_NJPAVCIncrementalHeader@@@Z 10004d10 f   incremental.obj
 0001:00003e30       ?WriteIncrementalHeader@CIncremental@@AAE_NJ@Z 10004e30 f   incremental.obj
 0001:00003f70       ?IsIncrementalFileValid@CIncremental@@AAE_NXZ 10004f70 f   incremental.obj
 0001:00004060       ?FinishFace@CIncremental@@UAEXGHH@Z 10005060 f   incremental.obj
 0001:00004150       ?GetFacesTouched@CIncremental@@UAEXAAV?$CUtlVector@EV?$CUtlMemory@EH@@@@@Z 10005150 f   incremental.obj
 0001:00004170       ?SaveIncrementalFile@CIncremental@@AAE_NXZ 10005170 f   incremental.obj
 0001:00004410       ?Serialize@CIncremental@@UAE_NXZ 10005410 f   incremental.obj
 0001:00004430       ?AddLightsForActiveLights@CIncremental@@AAEXXZ 10005430 f   incremental.obj
 0001:00004590       ?FindOrCreateLightFace@CIncLight@@QAEPAVCLightFace@@HHPA_N@Z 10005590 f   incremental.obj
 0001:00004720       ?PurgeAndDeleteElements@?$CUtlLinkedList@PAVCIncLight@@G$0A@GV?$CUtlMemory@U?$UtlLinkedListElem_t@PAVCIncLight@@G@@G@@@@QAEXXZ 10005720 f i incremental.obj
 0001:00004810       ?AddLightToFace@CIncremental@@UAEXGHHHMH@Z 10005810 f   incremental.obj
 0001:000048a0       ?LoadIncrementalFile@CIncremental@@AAE_NXZ 100058a0 f   incremental.obj
 0001:00004c60       ?PrepareForLighting@CIncremental@@UAE_NXZ 10005c60 f   incremental.obj
 0001:00005030       ?LinkLightsToFaces@CIncremental@@AAEXAAV?$CUtlVector@V?$CUtlVector@PAVCLightFace@@V?$CUtlMemory@PAVCLightFace@@H@@@@V?$CUtlMemory@V?$CUtlVector@PAVCLightFace@@V?$CUtlMemory@PAVCLightFace@@H@@@@H@@@@@Z 10006030 f   incremental.obj
 0001:00005160       ?Finalize@CIncremental@@UAE_NXZ 10006160 f   incremental.obj
 0001:000054c0       ?Init@Vector@@QAEXMMM@Z    100064c0 f i leaf_ambient_lighting.obj
 0001:000054e0       ?AddEmitSurfaceLights@@YAXABVVector@@QAV1@@Z 100064e0 f   leaf_ambient_lighting.obj
 0001:000058d0       ?ComputeAmbientFromSphericalSamples@@YAXHABVVector@@QAV1@@Z 100068d0 f   leaf_ambient_lighting.obj
 0001:00005c50       ?IsLeafAmbientSurfaceLight@@YA_NPAUdworldlight_t@@@Z 10006c50 f   leaf_ambient_lighting.obj
 0001:00005cf0       ?CubeDeltaGammaSpace@@YAHPAVVector@@0@Z 10006cf0 f   leaf_ambient_lighting.obj
 0001:00005d60       ?AABBDistance@@YAMABVVector@@000@Z 10006d60 f   leaf_ambient_lighting.obj
 0001:00005e50       ??4ambientsample_t@@QAEAAU0@ABU0@@Z 10006e50 f i leaf_ambient_lighting.obj
 0001:00005ee0       ?RemapValClamped@@YAMMMMMM@Z 10006ee0 f i leaf_ambient_lighting.obj
 0001:00005f60       ?Grow@?$CUtlMemory@Uambientsample_t@@H@@QAEXH@Z 10006f60 f i leaf_ambient_lighting.obj
 0001:00006010       ?GenerateLeafSamplePosition@CLeafSampler@@QAEXHABV?$CUtlVector@Udplane_t@@V?$CUtlMemory@Udplane_t@@H@@@@AAVVector@@@Z 10007010 f i leaf_ambient_lighting.obj
 0001:00006290       ?Mod_LeafAmbientColorAtPos@@YAXPAVVector@@ABV1@ABV?$CUtlVector@Uambientsample_t@@V?$CUtlMemory@Uambientsample_t@@H@@@@H@Z 10007290 f   leaf_ambient_lighting.obj
 0001:000064d0       ?CompressAmbientSampleList@@YAXAAV?$CUtlVector@Uambientsample_t@@V?$CUtlMemory@Uambientsample_t@@H@@@@@Z 100074d0 f   leaf_ambient_lighting.obj
 0001:00006560       ?InsertBefore@?$CUtlVector@Udplane_t@@V?$CUtlMemory@Udplane_t@@H@@@@QAEHHABUdplane_t@@@Z 10007560 f i leaf_ambient_lighting.obj
 0001:000065f0       ?InsertMultipleBefore@?$CUtlVector@Uambientsample_t@@V?$CUtlMemory@Uambientsample_t@@H@@@@QAEHHHPBUambientsample_t@@@Z 100075f0 f i leaf_ambient_lighting.obj
 0001:000066a0       ?InsertBefore@?$CUtlVector@PADV?$CUtlMemory@PADH@@@@QAEHHABQAD@Z 100076a0 f i tier1:strtools.obj
 0001:000066a0       ?InsertBefore@?$CUtlVector@HV?$CUtlMemory@HH@@@@QAEHHABH@Z 100076a0 f i leaf_ambient_lighting.obj
 0001:00006710       ?GetLeafBoundaryPlanes@@YAXAAV?$CUtlVector@Udplane_t@@V?$CUtlMemory@Udplane_t@@H@@@@H@Z 10007710 f   leaf_ambient_lighting.obj
 0001:00006810       ?AddSampleToList@@YAXAAV?$CUtlVector@Uambientsample_t@@V?$CUtlMemory@Uambientsample_t@@H@@@@ABVVector@@PAV2@@Z 10007810 f   leaf_ambient_lighting.obj
 0001:00006b00       ?EnumerateLeaf@CLeafList@@UAE_NHH@Z 10007b00 f i leaf_ambient_lighting.obj
 0001:00006b60       ?NearestNeighborWithLight@@YAHH@Z 10007b60 f   leaf_ambient_lighting.obj
 0001:00006d70       ?ComputeAmbientForLeaf@@YAXHHAAV?$CUtlVector@Uambientsample_t@@V?$CUtlMemory@Uambientsample_t@@H@@@@@Z 10007d70 f   leaf_ambient_lighting.obj
 0001:00006ea0       ?VMPI_ProcessLeafAmbient@@YAXH_KPAVMessageBuffer@@@Z 10007ea0 f   leaf_ambient_lighting.obj
 0001:00006f20       ?RemoveAll@?$CUtlVector@V?$CUtlVector@Uambientsample_t@@V?$CUtlMemory@Uambientsample_t@@H@@@@V?$CUtlMemory@V?$CUtlVector@Uambientsample_t@@V?$CUtlMemory@Uambientsample_t@@H@@@@H@@@@QAEXXZ 10007f20 f i leaf_ambient_lighting.obj
 0001:00006f20       ?RemoveAll@?$CUtlVector@UClusterDispList_t@@V?$CUtlMemory@UClusterDispList_t@@H@@@@QAEXXZ 10007f20 f i vismat.obj
 0001:00006f20       ?RemoveAll@?$CUtlVector@V?$CUtlVector@PAVCLightFace@@V?$CUtlMemory@PAVCLightFace@@H@@@@V?$CUtlMemory@V?$CUtlVector@PAVCLightFace@@V?$CUtlMemory@PAVCLightFace@@H@@@@H@@@@QAEXXZ 10007f20 f i incremental.obj
 0001:00006f20       ?RemoveAll@?$CUtlVector@V?$CUtlVector@UDispCollPlaneIndex_t@@V?$CUtlMemory@UDispCollPlaneIndex_t@@H@@@@V?$CUtlMemory@V?$CUtlVector@UDispCollPlaneIndex_t@@V?$CUtlMemory@UDispCollPlaneIndex_t@@H@@@@H@@@@QAEXXZ 10007f20 f i dispcoll_common.obj
 0001:00007150       ?VMPI_ReceiveLeafAmbientResults@@YAX_KPAVMessageBuffer@@H@Z 10008150 f   leaf_ambient_lighting.obj
 0001:000071b0       ?SetCount@?$CUtlVector@Udleafambientindex_t@@V?$CUtlMemory@Udleafambientindex_t@@H@@@@QAEXH@Z 100081b0 f i leaf_ambient_lighting.obj
 0001:00007210       ??1?$CUtlVector@UClusterDispList_t@@V?$CUtlMemory@UClusterDispList_t@@H@@@@QAE@XZ 10008210 f i vismat.obj
 0001:00007210       ??1?$CUtlVector@V?$CUtlVector@Uambientsample_t@@V?$CUtlMemory@Uambientsample_t@@H@@@@V?$CUtlMemory@V?$CUtlVector@Uambientsample_t@@V?$CUtlMemory@Uambientsample_t@@H@@@@H@@@@QAE@XZ 10008210 f i leaf_ambient_lighting.obj
 0001:00007210       ??1?$CUtlVector@V?$CUtlVector@UDispCollPlaneIndex_t@@V?$CUtlMemory@UDispCollPlaneIndex_t@@H@@@@V?$CUtlMemory@V?$CUtlVector@UDispCollPlaneIndex_t@@V?$CUtlMemory@UDispCollPlaneIndex_t@@H@@@@H@@@@QAE@XZ 10008210 f i dispcoll_common.obj
 0001:00007270       ?InsertMultipleBefore@?$CUtlVector@V?$CUtlVector@Uambientsample_t@@V?$CUtlMemory@Uambientsample_t@@H@@@@V?$CUtlMemory@V?$CUtlVector@Uambientsample_t@@V?$CUtlMemory@Uambientsample_t@@H@@@@H@@@@QAEHHHPBV?$CUtlVector@Uambientsample_t@@V?$CUtlMemory@Uambientsample_t@@H@@@@@Z 10008270 f i leaf_ambient_lighting.obj
 0001:00007460       ?ComputePerLeafAmbientLighting@@YAXXZ 10008460 f   leaf_ambient_lighting.obj
 0001:000079e0       _cosf                      100089e0 f i lightmap.obj
 0001:000079f0       ?VectorScale@@YAXABVVector@@MAAV1@@Z 100089f0 f i lightmap.obj
 0001:00007a20       ?PowSIMD@@YA?AT__m128@@ABT1@M@Z 10008a20 f i lightmap.obj
 0001:00007a40       ?GetBumpNormals@@YAXPBM0ABVVector@@1QAV1@@Z 10008a40 f   lightmap.obj
 0001:00007a90       ?PairEdges@@YAXXZ          10008a90 f   lightmap.obj
 0001:00008070       ?LightmapCoordWindingForFace@@YAPAUwinding_t@@PAUlightinfo_t@@@Z 10009070 f   lightmap.obj
 0001:000080e0       ?DumpFaces@@YAXPAUlightinfo_t@@H@Z 100090e0 f   lightmap.obj
 0001:000083a0       ?FreeSampleWindings@@YAXPAUfacelight_t@@@Z 100093a0 f   lightmap.obj
 0001:000083e0       ?BuildFaceLuxels@@YA_NPAUlightinfo_t@@PAUfacelight_t@@@Z 100093e0 f   lightmap.obj
 0001:000084a0       ?FindTargetEntity@@YAPAUentity_t@@PAD@Z 100094a0 f   lightmap.obj
 0001:00008520       ?LightForString@@YAHPADAAVVector@@@Z 10009520 f   lightmap.obj
 0001:00008980       ?CanLeafTraceToSky@@YA_NH@Z 10009980 f   lightmap.obj
 0001:00008b20       ?ExportDirectLightsToWorldLights@@YAXXZ 10009b20 f   lightmap.obj
 0001:00008c20       ?GatherSampleSkyLightSSE@@YAXAAUSSE_sampleLightOutput_t@@PAUdirectlight_t@@HABVFourVectors@@PAV3@HHHHM@Z 10009c20 f   lightmap.obj
 0001:00008f10       ?GatherSampleAmbientSkySSE@@YAXAAUSSE_sampleLightOutput_t@@PAUdirectlight_t@@HABVFourVectors@@PAV3@HHHHM@Z 10009f10 f   lightmap.obj
 0001:000092f0       ?GatherSampleStandardLightSSE@@YAXAAUSSE_sampleLightOutput_t@@PAUdirectlight_t@@HABVFourVectors@@PAV3@HHHHM@Z 1000a2f0 f   lightmap.obj
 0001:000098d0       ?GatherSampleLightSSE@@YAXAAUSSE_sampleLightOutput_t@@PAUdirectlight_t@@HABVFourVectors@@PAV3@HHHHM@Z 1000a8d0 f   lightmap.obj
 0001:00009a10       ?GetPhongNormal@@YAXHABVVector@@AAV1@@Z 1000aa10 f   lightmap.obj
 0001:00009ce0       ?GetPhongNormal@@YAXHABVFourVectors@@AAV1@@Z 1000ace0 f   lightmap.obj
 0001:0000a270       ?GetVisCache@@YAHHHPAE@Z   1000b270 f   lightmap.obj
 0001:0000abd0       ?PointsInWinding@@YA_NABVFourVectors@@PAUwinding_t@@AAH@Z 1000bbd0 f   lightmap.obj
 0001:0000b100       ?ConvertRGBExp32ToRGBA8888@@YAXPBUColorRGBExp32@@PAE@Z 1000c100 f   lightmap.obj
 0001:0000b2d0       ?MergeDLightVis@@YAXPAUdirectlight_t@@H@Z 1000c2d0 f   lightmap.obj
 0001:0000bb90       ?CalcFaceVectors@@YAXPAUlightinfo_t@@@Z 1000cb90 f   lightmap.obj
 0001:0000bd50       ?BuildFacesamplesAndLuxels_DoFast@@YA_NPAUlightinfo_t@@PAUfacelight_t@@@Z 1000cd50 f   lightmap.obj
 0001:0000bef0       ?BuildFacesamples@@YA_NPAUlightinfo_t@@PAUfacelight_t@@@Z 1000cef0 f   lightmap.obj
 0001:0000c240       ?CalcPoints@@YAXPAUlightinfo_t@@PAUfacelight_t@@H@Z 1000d240 f   lightmap.obj
 0001:0000c330       ?AllocDLight@@YAPAUdirectlight_t@@AAVVector@@_N@Z 1000d330 f   lightmap.obj
 0001:0000c570       ?BuildVisForLightEnvironment@@YAXXZ 1000d570 f   lightmap.obj
 0001:0000c980       ?CreateDirectLights@@YAXXZ 1000d980 f   lightmap.obj
 0001:0000cc60       ?AddSampleToPatch@@YAXPAUsample_t@@AAULightingValue_t@@H@Z 1000dc60 f   lightmap.obj
 0001:0000cdb0       ?DumpSamples@@YAXHPAUfacelight_t@@@Z 1000ddb0 f   lightmap.obj
 0001:0000cf00       ?InitLightinfo@@YAXPAUlightinfo_t@@H@Z 1000df00 f   lightmap.obj
 0001:0000d180       ?BuildPatchLights@@YAXH@Z  1000e180 f   lightmap.obj
 0001:0000d5b0       ?InsertBefore@?$CUtlVector@VVector@@V?$CUtlMemory@VVector@@H@@@@QAEHHABVVector@@@Z 1000e5b0 f i lightmap.obj
 0001:0000d630       ?BuildFacelights@@YAXHH@Z  1000e630 f   lightmap.obj
 0001:0000db90       ??1CNormalList@@QAE@XZ     1000eb90 f i lightmap.obj
 0001:0000dc10       ??0CNormalList@@QAE@XZ     1000ec10 f   lightmap.obj
 0001:0000dc60       ?FindOrAddNormal@CNormalList@@QAEHABVVector@@@Z 1000ec60 f   lightmap.obj
 0001:0000de20       ?SaveVertexNormals@@YAXXZ  1000ee20 f   lightmap.obj
 0001:0000df60       ?PrecompLightmapOffsets@@YAXXZ 1000ef60 f   lightmap.obj
 0001:0000e260       ?LoadCmdLineFromFile@@YAXAAHAAPAPADPBD2@Z 1000f260 f   loadcmdline.obj
 0001:0000e330       ?DeleteCmdLine@@YAXHPAPAD@Z 1000f330 f   loadcmdline.obj
 0001:0000e370       ?MemAlloc_StrDup@@YAPADPBD@Z 1000f370 f i macro_texture.obj
 0001:0000e3c0       ?CaselessStringLessThan@@YA_NABQBD0@Z 1000f3c0 f i macro_texture.obj
 0001:0000e3e0       ?Grow@?$CUtlMemory@EH@@QAEXH@Z 1000f3e0 f i incremental.obj
 0001:0000e3e0       ?Grow@?$CUtlMemory@DH@@QAEXH@Z 1000f3e0 f i macro_texture.obj
 0001:0000e490       ?SampleMacroTexture@@YA?AVVector@@PBVCMacroTextureData@@ABV1@@Z 1000f490 f i macro_texture.obj
 0001:0000e5c0       ?EnsureCapacity@?$CUtlMemory@EH@@QAEXH@Z 1000f5c0 f i macro_texture.obj
 0001:0000e610       ?Parent@?$CUtlRBTree@UNode_t@?$CUtlMap@PBDPAVCMacroTextureData@@H@@HVCKeyLess@2@V?$CUtlMemory@U?$UtlRBTreeNode_t@UNode_t@?$CUtlMap@PBDPAVCMacroTextureData@@H@@H@@H@@@@QBEHH@Z 1000f610 f i macro_texture.obj
 0001:0000e670       ?Grow@?$CUtlMemory@UMeshData_t@CVradStaticPropMgr@@H@@QAEXH@Z 1000f670 f i vradstaticprops.obj
 0001:0000e670       ?Grow@?$CUtlMemory@U?$UtlLinkedListElem_t@Umsg_t@CMySqlDatabase@@H@@H@@QAEXH@Z 1000f670 f i MySqlDatabase.obj
 0001:0000e670       ?Grow@?$CUtlMemory@UfileList_t@@H@@QAEXH@Z 1000f670 f i scriplib.obj
 0001:0000e670       ?Grow@?$CUtlMemory@U?$UtlRBTreeNode_t@UNode_t@?$CUtlMap@PBDPAVCMacroTextureData@@H@@H@@H@@QAEXH@Z 1000f670 f i macro_texture.obj
 0001:0000e670       ?Grow@?$CUtlMemory@Uclusterlist_t@@H@@QAEXH@Z 1000f670 f i bsplib.obj
 0001:0000e710       ?ApplyMacroTextures@@YAXHABVVector@@AAV1@@Z 1000f710 f   macro_texture.obj
 0001:0000e790       ?RightChild@?$CUtlRBTree@UNode_t@?$CUtlMap@PBDPAVCMacroTextureData@@H@@HVCKeyLess@2@V?$CUtlMemory@U?$UtlRBTreeNode_t@UNode_t@?$CUtlMap@PBDPAVCMacroTextureData@@H@@H@@H@@@@QBEHH@Z 1000f790 f i macro_texture.obj
 0001:0000e7f0       ?FindInsertionPosition@?$CUtlRBTree@UNode_t@?$CUtlMap@PBDPAVCMacroTextureData@@H@@HVCKeyLess@2@V?$CUtlMemory@U?$UtlRBTreeNode_t@UNode_t@?$CUtlMap@PBDPAVCMacroTextureData@@H@@H@@H@@@@IAEXABUNode_t@?$CUtlMap@PBDPAVCMacroTextureData@@H@@AAHAA_N@Z 1000f7f0 f i macro_texture.obj
 0001:0000e8e0       ?InsertMultipleBefore@?$CUtlVector@DV?$CUtlMemory@DH@@@@QAEHHHPBD@Z 1000f8e0 f i macro_texture.obj
 0001:0000e970       ?NewNode@?$CUtlRBTree@UNode_t@?$CUtlMap@PBDPAVCMacroTextureData@@H@@HVCKeyLess@2@V?$CUtlMemory@U?$UtlRBTreeNode_t@UNode_t@?$CUtlMap@PBDPAVCMacroTextureData@@H@@H@@H@@@@QAEHXZ 1000f970 f i macro_texture.obj
 0001:0000ea30       ?FirstInorder@?$CUtlRBTree@UNode_t@?$CUtlMap@PBDPAVCMacroTextureData@@H@@HVCKeyLess@2@V?$CUtlMemory@U?$UtlRBTreeNode_t@UNode_t@?$CUtlMap@PBDPAVCMacroTextureData@@H@@H@@H@@@@QBEHXZ 1000fa30 f i macro_texture.obj
 0001:0000ead0       ?IsRightChild@?$CUtlRBTree@UNode_t@?$CUtlMap@PBDPAVCMacroTextureData@@H@@HVCKeyLess@2@V?$CUtlMemory@U?$UtlRBTreeNode_t@UNode_t@?$CUtlMap@PBDPAVCMacroTextureData@@H@@H@@H@@@@QBE_NH@Z 1000fad0 f i macro_texture.obj
 0001:0000eb80       ?IsLeftChild@?$CUtlRBTree@UNode_t@?$CUtlMap@PBDPAVCMacroTextureData@@H@@HVCKeyLess@2@V?$CUtlMemory@U?$UtlRBTreeNode_t@UNode_t@?$CUtlMap@PBDPAVCMacroTextureData@@H@@H@@H@@@@QBE_NH@Z 1000fb80 f i macro_texture.obj
 0001:0000ec30       ?RotateLeft@?$CUtlRBTree@UNode_t@?$CUtlMap@PBDPAVCMacroTextureData@@H@@HVCKeyLess@2@V?$CUtlMemory@U?$UtlRBTreeNode_t@UNode_t@?$CUtlMap@PBDPAVCMacroTextureData@@H@@H@@H@@@@IAEXH@Z 1000fc30 f i macro_texture.obj
 0001:0000ede0       ?RotateRight@?$CUtlRBTree@UNode_t@?$CUtlMap@PBDPAVCMacroTextureData@@H@@HVCKeyLess@2@V?$CUtlMemory@U?$UtlRBTreeNode_t@UNode_t@?$CUtlMap@PBDPAVCMacroTextureData@@H@@H@@H@@@@IAEXH@Z 1000fde0 f i macro_texture.obj
 0001:0000ef60       ?Find@?$CUtlRBTree@UNode_t@?$CUtlMap@PBDPAVCMacroTextureData@@H@@HVCKeyLess@2@V?$CUtlMemory@U?$UtlRBTreeNode_t@UNode_t@?$CUtlMap@PBDPAVCMacroTextureData@@H@@H@@H@@@@QBEHABUNode_t@?$CUtlMap@PBDPAVCMacroTextureData@@H@@@Z 1000ff60 f i macro_texture.obj
 0001:0000f050       ?RemoveAll@?$CUtlRBTree@UNode_t@?$CUtlMap@PBDPAVCMacroTextureData@@H@@HVCKeyLess@2@V?$CUtlMemory@U?$UtlRBTreeNode_t@UNode_t@?$CUtlMap@PBDPAVCMacroTextureData@@H@@H@@H@@@@QAEXXZ 10010050 f i macro_texture.obj
 0001:0000f110       ?NextInorder@?$CUtlRBTree@UNode_t@?$CUtlMap@PBDPAVCMacroTextureData@@H@@HVCKeyLess@2@V?$CUtlMemory@U?$UtlRBTreeNode_t@UNode_t@?$CUtlMap@PBDPAVCMacroTextureData@@H@@H@@H@@@@QBEHH@Z 10010110 f i macro_texture.obj
 0001:0000f280       ?InsertRebalance@?$CUtlRBTree@UNode_t@?$CUtlMap@PBDPAVCMacroTextureData@@H@@HVCKeyLess@2@V?$CUtlMemory@U?$UtlRBTreeNode_t@UNode_t@?$CUtlMap@PBDPAVCMacroTextureData@@H@@H@@H@@@@IAEXH@Z 10010280 f i macro_texture.obj
 0001:0000f6e0       ?LinkToParent@?$CUtlRBTree@UNode_t@?$CUtlMap@PBDPAVCMacroTextureData@@H@@HVCKeyLess@2@V?$CUtlMemory@U?$UtlRBTreeNode_t@UNode_t@?$CUtlMap@PBDPAVCMacroTextureData@@H@@H@@H@@@@IAEXHH_N@Z 100106e0 f i macro_texture.obj
 0001:0000f750       ?SetSize@?$CUtlVector@EV?$CUtlMemory@EH@@@@QAEXH@Z 10010750 f i incremental.obj
 0001:0000f750       ?SetSize@?$CUtlVector@DV?$CUtlMemory@DH@@@@QAEXH@Z 10010750 f i macro_texture.obj
 0001:0000f7a0       ??1?$CUtlRBTree@UNode_t@?$CUtlMap@PBDPAVCMacroTextureData@@H@@HVCKeyLess@2@V?$CUtlMemory@U?$UtlRBTreeNode_t@UNode_t@?$CUtlMap@PBDPAVCMacroTextureData@@H@@H@@H@@@@QAE@XZ 100107a0 f i macro_texture.obj
 0001:0000f800       ?RemoveAll@?$CUtlDict@PAVCMacroTextureData@@H@@QAEXXZ 10010800 f i macro_texture.obj
 0001:0000f850       ?LoadMacroTextureFile@@YAPAVCMacroTextureData@@PBD@Z 10010850 f   macro_texture.obj
 0001:0000fa30       ?Insert@?$CUtlDict@PAVCMacroTextureData@@H@@QAEHPBDABQAVCMacroTextureData@@@Z 10010a30 f i macro_texture.obj
 0001:0000fae0       ?InitMacroTexture@@YAXPBD@Z 10010ae0 f   macro_texture.obj
 0001:0000fd90       ?MakeModuleFileName@@YAPBDXZ 10010d90 f   memoverride.obj
 0001:0000fe20       ??2@YAPAXI@Z               10010e20 f   memoverride.obj
 0001:0000fe20       __malloc_crt               10010e20 f   memoverride.obj
 0001:0000fe20       _malloc                    10010e20 f   memoverride.obj
 0001:0000fe80       _calloc                    10010e80 f   memoverride.obj
 0001:0000ff00       __calloc_base              10010f00 f   memoverride.obj
 0001:0000ff80       __realloc_base             10010f80 f   memoverride.obj
 0001:0000ffe0       __recalloc_base            10010fe0 f   memoverride.obj
 0001:00010070       __calloc_crt               10011070 f   memoverride.obj
 0001:00010090       __realloc_crt              10011090 f   memoverride.obj
 0001:000100a0       __recalloc_crt             100110a0 f   memoverride.obj
 0001:000100c0       __msize                    100110c0 f   memoverride.obj
 0001:000100e0       __heap_init                100110e0 f   memoverride.obj
 0001:000100f0       _free                      100110f0 f   memoverride.obj
 0001:000100f0       ??3@YAXPAX@Z               100110f0 f   memoverride.obj
 0001:000100f0       ??_V@YAXPAX@Z              100110f0 f   memoverride.obj
 0001:00010110       __strdup                   10011110 f   memoverride.obj
 0001:00010190       ?GetBufferType@CCodecBuffer@@UBE?BW4_CodecBufferType@@XZ 10011190 f i bitmap:CodecBuffer.obj
 0001:00010190       __expand                   10011190 f i memoverride.obj
 0001:00010190       __wcsdup                   10011190 f i memoverride.obj
 0001:00010190       ?GetID@ISQLDBCommand@@UAEHXZ 10011190 f i mpi_stats.obj
 0001:00010190       ?sync@?$basic_streambuf@DU?$char_traits@D@std@@@std@@MAEHXZ 10011190 f i chunkfile.obj
 0001:00010190       ?GetReturnData@ISQLDBCommand@@UAEPAXXZ 10011190 f i mpi_stats.obj
 0001:000101a0       ?GetDebugInfo@ISQLDBCommand@@UAEXPADH@Z 100111a0 f i mpi_stats.obj
 0001:000101b0       ??_GCSQLDBCommand_WorkerStats@@UAEPAXI@Z 100111b0 f i mpi_stats.obj
 0001:000101b0       ??_GCSQLDBCommand_GraphEntry@@UAEPAXI@Z 100111b0 f i mpi_stats.obj
 0001:000101b0       ??_ECSQLDBCommand_GraphEntry@@UAEPAXI@Z 100111b0 f i mpi_stats.obj
 0001:000101b0       ??_EISQLDBCommand@@MAEPAXI@Z 100111b0 f i mpi_stats.obj
 0001:000101b0       ??_GCSQLDBCommand_JobMasterEnd@@UAEPAXI@Z 100111b0 f i mpi_stats.obj
 0001:000101b0       ??_GISQLDBCommand@@MAEPAXI@Z 100111b0 f i mpi_stats.obj
 0001:000101b0       ??_ECSQLDBCommand_WorkerStats@@UAEPAXI@Z 100111b0 f i mpi_stats.obj
 0001:000101b0       ??_ECSQLDBCommand_JobMasterEnd@@UAEPAXI@Z 100111b0 f i mpi_stats.obj
 0001:000101e0       ?FormatStringForSQL@@YAPADPBD@Z 100111e0 f   mpi_stats.obj
 0001:00010250       ?UnloadMySQLWrapper@@YAXXZ 10011250 f   mpi_stats.obj
 0001:00010290       ?LoadMySQLWrapper@@YA_NPBD00@Z 10011290 f   mpi_stats.obj
 0001:00010370       ?GetDBInfo@@YAXPBDPAVCDBInfo@@@Z 10011370 f   mpi_stats.obj
 0001:000104c0       ?RunJobWatchApp@@YAXPAD@Z  100114c0 f   mpi_stats.obj
 0001:00010590       ?deleteThis@CSQLDBCommandBase@@UAEXXZ 10011590 f i mpi_stats.obj
 0001:00010590       ?Release@CThreadedTCPSocket@@UAEXXZ 10011590 f i vmpi:ThreadedTCPSocket.obj
 0001:000105a0       ??_ECSQLDBCommand_TextMessage@@UAEPAXI@Z 100115a0 f i mpi_stats.obj
 0001:000105a0       ??_GCSQLDBCommand_TextMessage@@UAEPAXI@Z 100115a0 f i mpi_stats.obj
 0001:000105e0       ?RunCommand@CSQLDBCommand_WorkerStats@@UAEHXZ 100115e0 f i mpi_stats.obj
 0001:000106b0       ?PerfThread_AddGraphEntry@@YAXKAAK0@Z 100116b0 f   mpi_stats.obj
 0001:00010740       ?VMPI_Stats_Term@@YAXXZ    10011740 f   mpi_stats.obj
 0001:00010850       ?Execute@CMySQLQuery@@QAEHPAVIMySQL@@@Z 10011850 f   mpi_stats.obj
 0001:000108b0       ?VMPI_Stats_SpewHook@@YAXPBD@Z 100118b0 f   mpi_stats.obj
 0001:00010900       ?PerfThread_SendSpewText@@YAXXZ 10011900 f   mpi_stats.obj
 0001:00010a40       ?PerfThreadFn@@YGKPAX@Z    10011a40 f   mpi_stats.obj
 0001:00010b60       ?VMPI_Stats_InstallSpewHook@@YAXXZ 10011b60 f   mpi_stats.obj
 0001:00010b70       ?Format@CMySQLQuery@@QAAXPBDZZ 10011b70 f   mpi_stats.obj
 0001:00010c50       ?RunCommand@CSQLDBCommand_JobMasterEnd@@UAEHXZ 10011c50 f i mpi_stats.obj
 0001:00010d40       ?UpdateJobWorkerRunningTime@@YAXXZ 10011d40 f   mpi_stats.obj
 0001:00010e00       ?RunCommand@CSQLDBCommand_GraphEntry@@UAEHXZ 10011e00 f i mpi_stats.obj
 0001:00010ea0       ?RunCommand@CSQLDBCommand_TextMessage@@UAEHXZ 10011ea0 f i mpi_stats.obj
 0001:00010f30       ?VMPI_Stats_Init_Worker@@YA_NPBD00K@Z 10011f30 f   mpi_stats.obj
 0001:000110e0       ?VMPI_Stats_Init_Master@@YA_NPBD000PAK@Z 100120e0 f   mpi_stats.obj
 0001:00011260       ?StatsDB_InitStatsDatabase@@YAXHPAPADPBD@Z 10012260 f   mpi_stats.obj
 0001:000113d0       ?VRAD_SetupMPI@@YAXAAHAAPAPAD@Z 100123d0 f   mpivrad.obj
 0001:000114a0       ?MPI_AddPatchData@@YAXHHPAUCPatch@@@Z 100124a0 f   mpivrad.obj
 0001:00011500       ?End@CFastTimer@@QAEXXZ    10012500 f i mpivrad.obj
 0001:00011540       ?SerializeFace@@YAXPAVMessageBuffer@@H@Z 10012540 f   mpivrad.obj
 0001:00011610       ?UnSerializeFace@@YAXPAVMessageBuffer@@HH@Z 10012610 f   mpivrad.obj
 0001:00011830       ?MPI_ReceiveFaceResults@@YAX_KPAVMessageBuffer@@H@Z 10012830 f   mpivrad.obj
 0001:00011850       ??$SwapBufferToTargetEndian@I@CByteswap@@QAEXPAI0H@Z 10012850 f i tier1:KeyValues.obj
 0001:00011850       ??$SwapBufferToTargetEndian@H@CByteswap@@QAEXPAH0H@Z 10012850 f i mpivrad.obj
 0001:000118d0       ?MPI_ReceiveVisLeafsResults@@YAX_KPAVMessageBuffer@@H@Z 100128d0 f   mpivrad.obj
 0001:00011990       ??$PutTypeBin@D@CUtlBuffer@@IAEXD@Z 10012990 f i mpivrad.obj
 0001:000119c0       ??$GetTypeBin@D@CUtlBuffer@@IAEXAAD@Z 100129c0 f i mpivrad.obj
 0001:00011a00       ??$PutTypeBin@H@CUtlBuffer@@IAEXH@Z 10012a00 f i mpivrad.obj
 0001:00011a60       ?PutTabs@CUtlBuffer@@IAEXXZ 10012a60 f i mpivrad.obj
 0001:00011ab0       ?MPI_ProcessFaces@@YAXH_KPAVMessageBuffer@@@Z 10012ab0 f   mpivrad.obj
 0001:00011b40       ?RunMPIBuildFacelights@@YAXXZ 10012b40 f   mpivrad.obj
 0001:00011c30       ?MPI_ProcessVisLeafs@@YAXH_KPAVMessageBuffer@@@Z 10012c30 f   mpivrad.obj
 0001:00011d10       ?RunMPIBuildVisLeafs@@YAXXZ 10012d10 f   mpivrad.obj
 0001:00011e70       ?GetChar@CUtlBuffer@@QAEDXZ 10012e70 f i mpivrad.obj
 0001:00011ed0       ?GetInt@CUtlBuffer@@QAEHXZ 10012ed0 f i mpivrad.obj
 0001:00011f50       ?EnsureCount@?$CUtlVector@EV?$CUtlMemory@EH@@@@QAEXH@Z 10012f50 f i mpivrad.obj
 0001:00011fb0       ?VMPI_DistributeLightData@@YAXXZ 10012fb0 f   mpivrad.obj
 0001:000123e0       ?VRAD_DispatchFn@@YA_NPAVMessageBuffer@@HH@Z 100133e0 f   mpivrad.obj
 0001:00012420       ?QueriesInOutQueue@CMySqlDatabase@@UAEHXZ 10013420 f   MySqlDatabase.obj
 0001:00012430       ?QueriesInFinishedQueue@CMySqlDatabase@@UAEHXZ 10013430 f   MySqlDatabase.obj
 0001:00012440       ?AllocInternal@?$CUtlLinkedList@Umsg_t@CMySqlDatabase@@H$0A@HV?$CUtlMemory@U?$UtlLinkedListElem_t@Umsg_t@CMySqlDatabase@@H@@H@@@@IAEH_N@Z 10013440 f i MySqlDatabase.obj
 0001:00012530       ?RemoveAll@?$CUtlLinkedList@Umsg_t@CMySqlDatabase@@H$0A@HV?$CUtlMemory@U?$UtlLinkedListElem_t@Umsg_t@CMySqlDatabase@@H@@H@@@@QAEXXZ 10013530 f i MySqlDatabase.obj
 0001:00012590       ?Unlink@?$CUtlLinkedList@Umsg_t@CMySqlDatabase@@H$0A@HV?$CUtlMemory@U?$UtlLinkedListElem_t@Umsg_t@CMySqlDatabase@@H@@H@@@@QAEXH@Z 10013590 f i MySqlDatabase.obj
 0001:00012610       ??0CMySqlDatabase@@QAE@XZ  10013610 f   MySqlDatabase.obj
 0001:00012690       ??1CMySqlDatabase@@QAE@XZ  10013690 f   MySqlDatabase.obj
 0001:00012740       ?AddToTail@?$CUtlLinkedList@Umsg_t@CMySqlDatabase@@H$0A@HV?$CUtlMemory@U?$UtlLinkedListElem_t@Umsg_t@CMySqlDatabase@@H@@H@@@@QAEHABUmsg_t@CMySqlDatabase@@@Z 10013740 f i MySqlDatabase.obj
 0001:000127c0       ?RunThread@CMySqlDatabase@@QAEXXZ 100137c0 f   MySqlDatabase.obj
 0001:000129c0       ?AddCommandToQueue@CMySqlDatabase@@QAEXPAVISQLDBCommand@@PAVISQLDBReplyTarget@@H@Z 100139c0 f   MySqlDatabase.obj
 0001:00012a40       ?Initialize@CMySqlDatabase@@QAE_NXZ 10013a40 f   MySqlDatabase.obj
 0001:00012aa0       ?UpdatePacifier@@YAXM@Z    10013aa0 f   pacifier.obj
 0001:00012b30       ?EndPacifier@@YAX_N@Z      10013b30 f   pacifier.obj
 0001:00012b60       ?StartPacifier@@YAXPBD@Z   10013b60 f   pacifier.obj
 0001:00012ba0       ?GetPhysicsFactory@@YAP6APAXPBDPAH@ZXZ 10013ba0 f   physdll.obj
 0001:00012be0       _PhysicsDLLPath            10013be0 f   physdll.obj
 0001:00012c10       ?Init@Vector2D@@QAEXMM@Z   10013c10 f i radial.obj
 0001:00012c30       ?WorldToLuxelSpace@@YAXPBUlightinfo_t@@ABVVector@@AAVVector2D@@@Z 10013c30 f   radial.obj
 0001:00012c90       ?LuxelSpaceToWorld@@YAXPBUlightinfo_t@@MMAAVVector@@@Z 10013c90 f   radial.obj
 0001:00012cf0       ?LuxelSpaceToWorld@@YAXPBUlightinfo_t@@T__m128@@1AAVFourVectors@@@Z 10013cf0 f   radial.obj
 0001:00012e00       ?AddDirectToRadial@@YAXPAUradial_s@@ABVVector@@ABVVector2D@@2QBULightingValue_t@@_N4@Z 10013e00 f   radial.obj
 0001:00013210       ?AddBouncedToRadial@@YAXPAUradial_s@@ABVVector@@ABVVector2D@@2QBV2@_N4@Z 10014210 f   radial.obj
 0001:00013550       ?AllocateRadial@@YAPAUradial_s@@H@Z 10014550 f   radial.obj
 0001:00013590       ?SampleRadial@@YA_NPAUradial_s@@AAVVector@@QAULightingValue_t@@H@Z 10014590 f   radial.obj
 0001:00013a20       ?FloatLess@@YA_NABM0@Z     10014a20 f   radial.obj
 0001:00013a40       ?DumpDispLuxels@@YAXHAAVVector@@HH@Z 10014a40 f   radial.obj
 0001:00013ae0       ?CloseDispLuxels@@YAXXZ    10014ae0 f   radial.obj
 0001:00013b10       ?PatchLightmapCoordRange@@YAXPAUradial_s@@HAAVVector2D@@1@Z 10014b10 f   radial.obj
 0001:00013c20       ?BuildPatchRadial@@YAPAUradial_s@@H@Z 10014c20 f   radial.obj
 0001:00013ec0       ?BuildLuxelRadial@@YAPAUradial_s@@HH@Z 10014ec0 f   radial.obj
 0001:00014380       ?Parent@?$CUtlRBTree@MHP6A_NABM0@ZV?$CUtlMemory@U?$UtlRBTreeNode_t@MH@@H@@@@QBEHH@Z 10015380 f i radial.obj
 0001:000143e0       ?RightChild@?$CUtlRBTree@MHP6A_NABM0@ZV?$CUtlMemory@U?$UtlRBTreeNode_t@MH@@H@@@@QBEHH@Z 100153e0 f i radial.obj
 0001:00014440       ?IsRightChild@?$CUtlRBTree@MHP6A_NABM0@ZV?$CUtlMemory@U?$UtlRBTreeNode_t@MH@@H@@@@QBE_NH@Z 10015440 f i radial.obj
 0001:000144f0       ?FindInsertionPosition@?$CUtlRBTree@MHP6A_NABM0@ZV?$CUtlMemory@U?$UtlRBTreeNode_t@MH@@H@@@@IAEXABMAAHAA_N@Z 100154f0 f i radial.obj
 0001:000145e0       ?NewNode@?$CUtlRBTree@MHP6A_NABM0@ZV?$CUtlMemory@U?$UtlRBTreeNode_t@MH@@H@@@@QAEHXZ 100155e0 f i radial.obj
 0001:000146a0       ?IsLeftChild@?$CUtlRBTree@MHP6A_NABM0@ZV?$CUtlMemory@U?$UtlRBTreeNode_t@MH@@H@@@@QBE_NH@Z 100156a0 f i radial.obj
 0001:00014750       ?RotateLeft@?$CUtlRBTree@MHP6A_NABM0@ZV?$CUtlMemory@U?$UtlRBTreeNode_t@MH@@H@@@@IAEXH@Z 10015750 f i radial.obj
 0001:00014900       ?RotateRight@?$CUtlRBTree@MHP6A_NABM0@ZV?$CUtlMemory@U?$UtlRBTreeNode_t@MH@@H@@@@IAEXH@Z 10015900 f i radial.obj
 0001:00014a70       ?RemoveAll@?$CUtlRBTree@MHP6A_NABM0@ZV?$CUtlMemory@U?$UtlRBTreeNode_t@MH@@H@@@@QAEXXZ 10015a70 f i radial.obj
 0001:00014b30       ?FirstInorder@?$CUtlRBTree@MHP6A_NABM0@ZV?$CUtlMemory@U?$UtlRBTreeNode_t@MH@@H@@@@QBEHXZ 10015b30 f i radial.obj
 0001:00014bd0       ?NextInorder@?$CUtlRBTree@MHP6A_NABM0@ZV?$CUtlMemory@U?$UtlRBTreeNode_t@MH@@H@@@@QBEHH@Z 10015bd0 f i radial.obj
 0001:00014d50       ?InsertRebalance@?$CUtlRBTree@MHP6A_NABM0@ZV?$CUtlMemory@U?$UtlRBTreeNode_t@MH@@H@@@@IAEXH@Z 10015d50 f i radial.obj
 0001:000151b0       ?FinalLightFace@@YAXHH@Z   100161b0 f   radial.obj
 0001:00015d40       ?PatchSampleData_KeyFunc@@YAIABUPatchSampleData_t@@@Z 10016d40 f   samplehash.obj
 0001:00015d40       ?SampleData_KeyFunc@@YAIABUSampleData_t@@@Z 10016d40 f   samplehash.obj
 0001:00015d60       ?PatchSampleData_CompareFunc@@YA_NABUPatchSampleData_t@@0@Z 10016d60 f   samplehash.obj
 0001:00015d60       ?SampleData_CompareFunc@@YA_NABUSampleData_t@@0@Z 10016d60 f   samplehash.obj
 0001:00015d90       ?Grow@?$CUtlMemory@Udleafambientlighting_t@@H@@QAEXH@Z 10016d90 f i leaf_ambient_lighting.obj
 0001:00015d90       ?Grow@?$CUtlMemory@UPatchSampleData_t@@H@@QAEXH@Z 10016d90 f i samplehash.obj
 0001:00015d90       ?Grow@?$CUtlMemory@UcolorVertex_t@@H@@QAEXH@Z 10016d90 f i vradstaticprops.obj
 0001:00015d90       ?Grow@?$CUtlMemory@USampleData_t@@H@@QAEXH@Z 10016d90 f i samplehash.obj
 0001:00015d90       ?Grow@?$CUtlMemory@Umaterialentry_t@CShadowTextureList@@H@@QAEXH@Z 10016d90 f i vradstaticprops.obj
 0001:00015d90       ?Grow@?$CUtlMemory@UbadVertex_t@@H@@QAEXH@Z 10016d90 f i vradstaticprops.obj
 0001:00015e50       ?IncrementPatchIterationKey@@YAGXZ 10016e50 f   samplehash.obj
 0001:00015eb0       ?Log@?$CUtlHash@USampleData_t@@P6A_NABU1@0@ZP6AI0@Z@@QAEXPBD@Z 10016eb0 f i samplehash.obj
 0001:00015f60       ?DoFind@?$CUtlHash@USampleData_t@@P6A_NABU1@0@ZP6AI0@Z@@IBE_NABUSampleData_t@@PAIPAH@Z 10016f60 f i samplehash.obj
 0001:00015f60       ?DoFind@?$CUtlHash@UPatchSampleData_t@@P6A_NABU1@0@ZP6AI0@Z@@IBE_NABUPatchSampleData_t@@PAIPAH@Z 10016f60 f i samplehash.obj
 0001:00016000       ?SampleData_Log@@YAXXZ     10017000 f   samplehash.obj
 0001:00016020       ?SampleData_Find@@YAIPAUsample_t@@@Z 10017020 f   samplehash.obj
 0001:00016110       ?InsertBefore@?$CUtlVector@USampleData_t@@V?$CUtlMemory@USampleData_t@@H@@@@QAEHH@Z 10017110 f i samplehash.obj
 0001:00016110       ?InsertBefore@?$CUtlVector@UPatchSampleData_t@@V?$CUtlMemory@UPatchSampleData_t@@H@@@@QAEHH@Z 10017110 f i samplehash.obj
 0001:000161a0       ?RemoveAll@?$CUtlVector@USampleData_t@@V?$CUtlMemory@USampleData_t@@H@@@@QAEXXZ 100171a0 f i samplehash.obj
 0001:000161a0       ?RemoveAll@?$CUtlVector@UPatchSampleData_t@@V?$CUtlMemory@UPatchSampleData_t@@H@@@@QAEXXZ 100171a0 f i samplehash.obj
 0001:00016250       ??4?$CUtlVector@PAVCLightFace@@V?$CUtlMemory@PAVCLightFace@@H@@@@QAEAAV0@ABV0@@Z 10017250 f i incremental.obj
 0001:00016250       ??4?$CUtlVector@HV?$CUtlMemory@HH@@@@QAEAAV0@ABV0@@Z 10017250 f i samplehash.obj
 0001:000162d0       ?SampleData_InsertIntoHashTable@@YAIPAUsample_t@@I@Z 100172d0 f   samplehash.obj
 0001:00016460       ?SampleData_AddSample@@YAIPAUsample_t@@I@Z 10017460 f   samplehash.obj
 0001:00016510       ?PatchSampleData_AddSample@@YAXPAUCPatch@@H@Z 10017510 f   samplehash.obj
 0001:000167a0       ?Purge@?$CUtlHash@UPatchSampleData_t@@P6A_NABU1@0@ZP6AI0@Z@@QAEXXZ 100177a0 f i samplehash.obj
 0001:000167a0       ?Purge@?$CUtlHash@USampleData_t@@P6A_NABU1@0@ZP6AI0@Z@@QAEXXZ 100177a0 f i samplehash.obj
 0001:00016800       ?RemoveAll@?$CUtlVector@V?$CUtlVector@USampleData_t@@V?$CUtlMemory@USampleData_t@@H@@@@V?$CUtlMemory@V?$CUtlVector@USampleData_t@@V?$CUtlMemory@USampleData_t@@H@@@@H@@@@QAEXXZ 10017800 f i samplehash.obj
 0001:00016800       ?RemoveAll@?$CUtlVector@V?$CUtlVector@UPatchSampleData_t@@V?$CUtlMemory@UPatchSampleData_t@@H@@@@V?$CUtlMemory@V?$CUtlVector@UPatchSampleData_t@@V?$CUtlMemory@UPatchSampleData_t@@H@@@@H@@@@QAEXXZ 10017800 f i samplehash.obj
 0001:000168a0       ??1?$CUtlVector@V?$CUtlVector@USampleData_t@@V?$CUtlMemory@USampleData_t@@H@@@@V?$CUtlMemory@V?$CUtlVector@USampleData_t@@V?$CUtlMemory@USampleData_t@@H@@@@H@@@@QAE@XZ 100178a0 f i samplehash.obj
 0001:000168a0       ??1?$CUtlVector@V?$CUtlVector@UPatchSampleData_t@@V?$CUtlMemory@UPatchSampleData_t@@H@@@@V?$CUtlMemory@V?$CUtlVector@UPatchSampleData_t@@V?$CUtlMemory@UPatchSampleData_t@@H@@@@H@@@@QAE@XZ 100178a0 f i samplehash.obj
 0001:00016900       ?PointLeafnum_r@@YAHABVVector@@H@Z 10017900 f   trace.obj
 0001:00016970       ?PointLeafnum@@YAHABVVector@@@Z 10017970 f   trace.obj
 0001:00016990       ??4CBaseTrace@@QAEAAV0@ABV0@@Z 10017990 f i trace.obj
 0001:00016a20       ?VisitTriangle_ShouldContinue@CCoverageCountTexture@@UAE_NABUTriIntersectData_t@@ABVFourRays@@PAT__m128@@222H@Z 10017a20 f i trace.obj
 0001:00016af0       ?TestLine@@YAXABVFourVectors@@0PAT__m128@@H@Z 10017af0 f   trace.obj
 0001:00016c80       ?DM_ClipBoxToBrush@@YAXPAVCToolTrace@@ABVVector@@111PAUdbrush_t@@@Z 10017c80 f   trace.obj
 0001:00017000       ?AddBrushToRaytraceEnvironment@@YAXPAUdbrush_t@@ABVVMatrix@@@Z 10018000 f   trace.obj
 0001:00017280       ?TraceLeafBrushes@@YAMHABVVector@@0AAVCBaseTrace@@@Z 10018280 f   trace.obj
 0001:00017400       ?TestLine_DoesHitSky@@YAXABVFourVectors@@0PAT__m128@@_NH2@Z 10018400 f   trace.obj
 0001:00017890       ?GetBrushes_r@@YAXHAAV?$CUtlVector@HV?$CUtlMemory@HH@@@@@Z 10018890 f   trace.obj
 0001:00017980       ?AddBrushes@@YAXPAUdmodel_t@@ABVVMatrix@@@Z 10018980 f   trace.obj
 0001:00017a30       ?ExtractBrushEntityShadowCasters@@YAXXZ 10018a30 f   trace.obj
 0001:00017b10       ?AddBrushesForRayTrace@@YAXXZ 10018b10 f   trace.obj
 0001:00017ce0       ?Finish@CTransferMaker@@QAEXXZ 10018ce0 f   vismat.obj
 0001:00017d50       ?PointInLeaf@@YAPAUdleaf_t@@HABVVector@@@Z 10018d50 f   vismat.obj
 0001:00017de0       ?ClusterFromPoint@@YAHABVVector@@@Z 10018de0 f   vismat.obj
 0001:00017e00       ?BuildVisLeafs_Start@@YAPAUtransfer_t@@XZ 10018e00 f   vismat.obj
 0001:00017e10       ?BuildVisLeafs_End@@YAXPAUtransfer_t@@@Z 10018e10 f   vismat.obj
 0001:00017e20       ??0CTransferMaker@@QAE@PAUtransfer_t@@@Z 10018e20 f   vismat.obj
 0001:00017ea0       ?TestPatchToPatch@@YAXHHHPAUtransfer_t@@AAVCTransferMaker@@H@Z 10018ea0 f   vismat.obj
 0001:00018010       ?TestPatchToFace@@YAXIHHPAUtransfer_t@@AAVCTransferMaker@@H@Z 10019010 f   vismat.obj
 0001:000180f0       ?BuildVisRow@@YAXHPAEHPAUtransfer_t@@AAVCTransferMaker@@H@Z 100190f0 f   vismat.obj
 0001:00018290       ?BuildVisLeafs_Cluster@@YAXHPAUtransfer_t@@HP6AXHHPAUCPatch@@@Z@Z 10019290 f   vismat.obj
 0001:000183d0       ?BuildVisLeafs@@YAXHPAX@Z  100193d0 f   vismat.obj
 0001:00018420       ?BuildVisMatrix@@YAXXZ     10019420 f   vismat.obj
 0001:00018460       ?InsertMultipleBefore@?$CUtlVector@V?$CUtlVector@PAVCLightFace@@V?$CUtlMemory@PAVCLightFace@@H@@@@V?$CUtlMemory@V?$CUtlVector@PAVCLightFace@@V?$CUtlMemory@PAVCLightFace@@H@@@@H@@@@QAEHHHPBV?$CUtlVector@PAVCLightFace@@V?$CUtlMemory@PAVCLightFace@@H@@@@@Z 10019460 f i incremental.obj
 0001:00018460       ?InsertMultipleBefore@?$CUtlVector@UClusterDispList_t@@V?$CUtlMemory@UClusterDispList_t@@H@@@@QAEHHHPBUClusterDispList_t@@@Z 10019460 f i vismat.obj
 0001:00018550       ?AddDispsToClusterTable@@YAXXZ 10019550 f   vismat.obj
 0001:000186b0       ?SharedDispatch@@YA_NPAVMessageBuffer@@HH@Z 100196b0 f   vmpi_tools_shared.obj
 0001:000188f0       ?SendQDirInfo@@YAXXZ       100198f0 f   vmpi_tools_shared.obj
 0001:00018980       ?RecvQDirInfo@@YAXXZ       10019980 f   vmpi_tools_shared.obj
 0001:000189b0       ?SendDBInfo@@YAXPBVCDBInfo@@K@Z 100199b0 f   vmpi_tools_shared.obj
 0001:00018a00       ?RecvDBInfo@@YAXPAVCDBInfo@@PAK@Z 10019a00 f   vmpi_tools_shared.obj
 0001:00018a50       ?VMPI_SendFileChunk@@YAHPBXHPBD@Z 10019a50 f   vmpi_tools_shared.obj
 0001:00018b10       ?VMPI_HandleCrash@@YAXPBDPAX_N@Z 10019b10 f   vmpi_tools_shared.obj
 0001:00018bf0       ?VMPI_SecondExceptionFilter@@YGJPAU_EXCEPTION_POINTERS@@@Z 10019bf0 f   vmpi_tools_shared.obj
 0001:00018c10       ?VMPI_ExceptionFilter@@YAXKPAX@Z 10019c10 f   vmpi_tools_shared.obj
 0001:00018ec0       ?HandleMPIDisconnect@@YAXHPBD@Z 10019ec0 f   vmpi_tools_shared.obj
 0001:00018f60       ?Dot@Vector@@QBEMABV1@@Z   10019f60 f i vrad.obj
 0001:00018f80       ?CrossProduct@@YAXABVVector@@0AAV1@@Z 10019f80 f i vrad.obj
 0001:00018f80       ?CrossProduct@@YAXPBM0PAM@Z 10019f80 f i mathlib:mathlib_base.obj
 0001:00018fc0       ?MakeParents@@YAXHH@Z      10019fc0 f   vrad.obj
 0001:00019020       ?LightForTexture@@YAXPBDAAVVector@@@Z 1001a020 f   vrad.obj
 0001:00019150       ?WindingFromFace@@YAPAUwinding_t@@PAUdface_t@@AAVVector@@@Z 1001a150 f   vrad.obj
 0001:00019200       ?ProcessSkyCameras@@YAXXZ  1001a200 f   vrad.obj
 0001:00019330       ?EntityForModel@@YAPAUentity_t@@H@Z 1001a330 f   vrad.obj
 0001:000193d0       ?FormFactorPolyToDiff@@YAMPAUCPatch@@0@Z 1001a3d0 f   vrad.obj
 0001:00019530       ?FormFactorDiffToDiff@@YAMPAUCPatch@@0@Z 1001a530 f   vrad.obj
 0001:000195b0       ?WriteWinding@@YAXPAXPAUwinding_t@@AAVVector@@@Z 1001a5b0 f   vrad.obj
 0001:00019640       ?WriteNormal@@YAXPAXABVVector@@1M1@Z 1001a640 f   vrad.obj
 0001:00019700       ?WriteLine@@YAXPAXABVVector@@11@Z 1001a700 f   vrad.obj
 0001:000197b0       ?WriteTrace@@YAXPBDABVFourRays@@ABURayTracingResult@@@Z 1001a7b0 f   vrad.obj
 0001:00019920       ?PreGetBumpNormalsForDisp@@YAXPAUtexinfo_s@@AAVVector@@11@Z 1001a920 f   vrad.obj
 0001:00019b20       ?InitDumpPatchesFiles@@YAXXZ 1001ab20 f   vrad.obj
 0001:00019ba0       ?VRAD_Finish@@YAXXZ        1001aba0 f   vrad.obj
 0001:00019c90       ?VRAD_Init@@YAXXZ          1001ac90 f   vrad.obj
 0001:00019cd0       ?ParseCommandLine@@YAHHPAPADPA_N@Z 1001acd0 f   vrad.obj
 0001:0001a6a0       ?PrintCommandLine@@YAXHPAPAD@Z 1001b6a0 f   vrad.obj
 0001:0001a6f0       ?Purge@?$CUtlBlockMemory@UCacheOptimizedTriangle@@H@@QAEXXZ 1001b6f0 f i vrad.obj
 0001:0001a740       ?ChangeSize@?$CUtlBlockMemory@UCacheOptimizedTriangle@@H@@IAEXH@Z 1001b740 f i vrad.obj
 0001:0001a7f0       ?Grow@?$CUtlMemory@Ubumplights_t@@H@@QAEXH@Z 1001b7f0 f i vrad.obj
 0001:0001a890       ??4CPatch@@QAEAAU0@ABU0@@Z 1001b890 f i vrad.obj
 0001:0001ab40       ?Grow@?$CUtlMemory@UCPatch@@H@@QAEXH@Z 1001bb40 f i vrad.obj
 0001:0001abf0       ?BaseLightForFace@@YAXPAUdface_t@@AAVVector@@PAM1@Z 1001bbf0 f   vrad.obj
 0001:0001aca0       ?MakeTransfer@@YAXHHPAUtransfer_t@@@Z 1001bca0 f   vrad.obj
 0001:0001ade0       ?MakeScales@@YAXHPAUtransfer_t@@@Z 1001bde0 f   vrad.obj
 0001:0001aee0       ?WriteWorld@@YAXPADH@Z     1001bee0 f   vrad.obj
 0001:0001b020       ?CollectLight@@YAXAAVVector@@@Z 1001c020 f   vrad.obj
 0001:0001b510       ?GatherLight@@YAXHPAX@Z    1001c510 f   vrad.obj
 0001:0001ba90       ?BounceLight@@YAXXZ        1001ca90 f   vrad.obj
 0001:0001bd40       ?InsertMultipleBefore@?$CUtlVector@VVector@@V?$CUtlMemory@VVector@@H@@@@QAEHHHPBVVector@@@Z 1001cd40 f i vrad.obj
 0001:0001be90       ?InsertMultipleBefore@?$CUtlVector@Ubumplights_t@@V?$CUtlMemory@Ubumplights_t@@H@@@@QAEHHHPBUbumplights_t@@@Z 1001ce90 f i vrad.obj
 0001:0001c110       ?WriteRTEnv@@YAXPAD@Z      1001d110 f   vrad.obj
 0001:0001c2e0       ?AddToTail@?$CUtlVector@UCPatch@@V?$CUtlMemory@UCPatch@@H@@@@QAEHXZ 1001d2e0 f i vrad.obj
 0001:0001c340       ?ReadLightFile@@YAXPAD@Z   1001d340 f   vrad.obj
 0001:0001c730       ?MakePatchForFace@@YAXHPAUwinding_t@@@Z 1001d730 f   vrad.obj
 0001:0001cae0       ?MakePatches@@YAXXZ        1001dae0 f   vrad.obj
 0001:0001cc20       ?CreateChildPatch@@YAHHPAUwinding_t@@MABVVector@@@Z 1001dc20 f   vrad.obj
 0001:0001cee0       ?SubdividePatch@@YAXH@Z    1001dee0 f   vrad.obj
 0001:0001d190       ?SubdividePatches@@YAXXZ   1001e190 f   vrad.obj
 0001:0001d5f0       ?RadWorld_Start@@YAXXZ     1001e5f0 f   vrad.obj
 0001:0001d770       ??0RayTracingEnvironment@@QAE@XZ 1001e770 f i vrad.obj
 0001:0001d890       ?BuildFacesVisibleToLights@@YAX_N@Z 1001e890 f   vrad.obj
 0001:0001dad0       ?RadWorld_Go@@YA_NXZ       1001ead0 f   vrad.obj
 0001:0001dd40       ?VRAD_LoadBSP@@YAXPBD@Z    1001ed40 f   vrad.obj
 0001:0001e2c0       ?RunVRAD@@YAHHPAPAD@Z      1001f2c0 f   vrad.obj
 0001:0001e3b0       ?VRAD_Main@@YAHHPAPAD@Z    1001f3b0 f   vrad.obj
 0001:0001e4a0       ?Vector2DCopy@@YAXABVVector2D@@AAV1@@Z 1001f4a0 f i vrad_dispcoll.obj
 0001:0001e4c0       ?BaseFacePlaneToDispUV@CVRADDispColl@@QAEXABVVector@@AAVVector2D@@@Z 1001f4c0 f   vrad_dispcoll.obj
 0001:0001e4f0       ?PlaneTypeForNormal@@YAHAAVVector@@@Z 1001f4f0 f   vrad_dispcoll.obj
 0001:0001e5d0       ?Grow@?$CUtlMemory@UDispCollTree_t@CVRadDispMgr@@H@@QAEXH@Z 1001f5d0 f i vraddisps.obj
 0001:0001e5d0       ?Grow@?$CUtlMemory@Uvariable_t@@H@@QAEXH@Z 1001f5d0 f i scriplib.obj
 0001:0001e5d0       ?Grow@?$CUtlMemory@VVector2D@@H@@QAEXH@Z 1001f5d0 f i vrad_dispcoll.obj
 0001:0001e680       ?CalcSampleRadius2AndBox@CVRADDispColl@@IAEXPAUdface_t@@@Z 1001f680 f   vrad_dispcoll.obj
 0001:0001e760       ?DispUVToSurf_TriTLToBR@CVRADDispColl@@IAEXAAVVector@@MMMHHHH@Z 1001f760 f   vrad_dispcoll.obj
 0001:0001ea10       ?DispUVToSurf_TriBLToTR@CVRADDispColl@@IAEXAAVVector@@MMMHHHH@Z 1001fa10 f   vrad_dispcoll.obj
 0001:0001ecc0       ?DispUVToSurfNormal@CVRADDispColl@@QAEXABVVector2D@@AAVVector@@@Z 1001fcc0 f   vrad_dispcoll.obj
 0001:0001eeb0       ?InitParentPatch@CVRADDispColl@@QAE_NHPAVVector@@AAM@Z 1001feb0 f   vrad_dispcoll.obj
 0001:0001f200       ?InitPatch@CVRADDispColl@@QAE_NHHHPAVVector@@PAHAAM@Z 10020200 f   vrad_dispcoll.obj
 0001:0001f650       ?AddPolysForRayTrace@CVRADDispColl@@QAEXXZ 10020650 f   vrad_dispcoll.obj
 0001:0001f6f0       ?DispUVToSurfPoint@CVRADDispColl@@QAEXABVVector2D@@AAVVector@@M@Z 100206f0 f   vrad_dispcoll.obj
 0001:0001f7c0       ?InsertMultipleBefore@?$CUtlVector@VVector2D@@V?$CUtlMemory@VVector2D@@H@@@@QAEHHHPBVVector2D@@@Z 100207c0 f i vrad_dispcoll.obj
 0001:0001f8e0       ??0CVRADDispColl@@QAE@XZ   100208e0 f   vrad_dispcoll.obj
 0001:0001f9d0       ?CreateParentPatches@CVRADDispColl@@QAEMXZ 100209d0 f   vrad_dispcoll.obj
 0001:0001fb20       ?CreateChildPatchesFromRoot@CVRADDispColl@@QAEXHPAH@Z 10020b20 f   vrad_dispcoll.obj
 0001:0001ffd0       ?CreateChildPatchesSub@CVRADDispColl@@QAEXH@Z 10020fd0 f   vrad_dispcoll.obj
 0001:00020520       ?Create@CVRADDispColl@@UAE_NPAVCCoreDispInfo@@@Z 10021520 f   vrad_dispcoll.obj
 0001:00020620       ?CreateChildPatches@CVRADDispColl@@QAEXHH@Z 10021620 f   vrad_dispcoll.obj
 0001:00020ac0       ?Init@Ray_t@@QAEXABVVector@@000@Z 10021ac0 f i vraddetailprops.obj
 0001:00020c00       ?VRadDetailProps_SetHDRMode@@YAX_N@Z 10021c00 f   vraddetailprops.obj
 0001:00020c20       ?TestPointAgainstSurface@CLightSurface@@AAE_NABVVector@@PAUdface_t@@PAUtexinfo_s@@@Z 10021c20 f i vraddetailprops.obj
 0001:00020cd0       ?Grow@?$CUtlMemory@UDetailPropLightstylesLump_t@@H@@QAEXH@Z 10021cd0 f i vraddetailprops.obj
 0001:000211f0       ?EnumerateNode@CLightSurface@@UAE_NHABURay_t@@MH@Z 100221f0 f i vraddetailprops.obj
 0001:00021320       ?EnumerateLeaf@CLightSurface@@UAE_NHABURay_t@@MMH@Z 10022320 f i vraddetailprops.obj
 0001:00021530       ?CastRayInLeaf@@YA_NHABVVector@@0HPAMPAV1@@Z 10022530 f   vraddetailprops.obj
 0001:00021640       ?CalcRayAmbientLighting@@YAXHABVVector@@0MQAV1@@Z 10022640 f   vraddetailprops.obj
 0001:00021930       ?ComputeIndirectLightingAtPoint@@YAXAAVVector@@00H_N1@Z 10022930 f   vraddetailprops.obj
 0001:00022620       ?SetCount@?$CUtlVector@UDetailPropLightstylesLump_t@@V?$CUtlMemory@UDetailPropLightstylesLump_t@@H@@@@QAEXH@Z 10023620 f i vraddetailprops.obj
 0001:00022680       ?UnserializeDetailPropLighting@@YAXHHAAV?$CUtlVector@UDetailPropLightstylesLump_t@@V?$CUtlMemory@UDetailPropLightstylesLump_t@@H@@@@@Z 10023680 f   vraddetailprops.obj
 0001:00022730       ?ComputeDetailPropLighting@@YAXH@Z 10023730 f   vraddetailprops.obj
 0001:00022800       ?GetNormal@CCoreDispSurface@@QAEXAAVVector@@@Z 10023800 f i vraddisps.obj
 0001:00022860       ?InvDelta@Ray_t@@QBE?AVVector@@XZ 10023860 f i vraddisps.obj
 0001:000228e0       ?StaticDispMgr@@YAPAVIVRadDispMgr@@XZ 100238e0 f   vraddisps.obj
 0001:000228f0       ?ClipRayToDisp@CVRadDispMgr@@UAE_NAAUDispTested_t@@ABURay_t@@@Z 100238f0 f   vraddisps.obj
 0001:00022930       ?ClipRayToDispInLeaf@CVRadDispMgr@@UAE_NAAUDispTested_t@@ABURay_t@@H@Z 10023930 f   vraddisps.obj
 0001:00022980       ?ClipRayToDispInLeaf@CVRadDispMgr@@UAEXAAUDispTested_t@@ABURay_t@@HAAMAAPAUdface_t@@AAVVector2D@@@Z 10023980 f   vraddisps.obj
 0001:000229f0       ?ClipRayToDispInLeaf@CVRadDispMgr@@UAEXAAUDispTested_t@@ABURay_t@@HAAMPAVVector@@@Z 100239f0 f   vraddisps.obj
 0001:00022a60       ?AddSampleLightToRadial@@YAXABVVector@@0PAULightingValue_t@@M00PAUradial_s@@H_N3@Z 10023a60 f   vraddisps.obj
 0001:00022d30       ?SampleRadial@CVRadDispMgr@@UAE_NHPAUradial_s@@ABVVector@@HPAULightingValue_t@@H_N@Z 10023d30 f   vraddisps.obj
 0001:00022ff0       ?StartTimer@CVRadDispMgr@@UAEXPBD@Z 10023ff0 f   vraddisps.obj
 0001:00023020       ?EnumerateLeaf@CBSPDispRayEnumerator@@UAE_NHH@Z 10024020 f   vraddisps.obj
 0001:00023050       ?StartRayTest@CVRadDispMgr@@UAEXAAUDispTested_t@@@Z 10024050 f   vraddisps.obj
 0001:000230b0       ?GetSampleLight@@YAXPAUfacelight_t@@H_NHPAULightingValue_t@@@Z 100240b0 f i vraddisps.obj
 0001:00023180       ?EndTimer@CVRadDispMgr@@UAEXXZ 10024180 f   vraddisps.obj
 0001:000231f0       ?Grow@?$CUtlMemory@PAVCPhysConvex@@H@@QAEXH@Z 100241f0 f i vradstaticprops.obj
 0001:000231f0       ?Grow@?$CUtlMemory@PAVCCoreDispInfo@@H@@QAEXH@Z 100241f0 f i vraddisps.obj
 0001:000231f0       ?Grow@?$CUtlMemory@PBDH@@QAEXH@Z 100241f0 f i vrad.obj
 0001:000231f0       ?Grow@?$CUtlMemory@PAUdirectlight_t@@H@@QAEXH@Z 100241f0 f i vraddetailprops.obj
 0001:000231f0       ?Grow@?$CUtlMemory@VCLightValue@@H@@QAEXH@Z 100241f0 f i incremental.obj
 0001:000231f0       ?Grow@?$CUtlMemory@PAUCPatch@@H@@QAEXH@Z 100241f0 f i vraddisps.obj
 0001:000231f0       ?Grow@?$CUtlMemory@Udleafambientindex_t@@H@@QAEXH@Z 100241f0 f i leaf_ambient_lighting.obj
 0001:000231f0       ?Grow@?$CUtlMemory@PADH@@QAEXH@Z 100241f0 f i tier1:strtools.obj
 0001:000231f0       ?Grow@?$CUtlMemory@IH@@QAEXH@Z 100241f0 f i samplehash.obj
 0001:000231f0       ?Grow@?$CUtlMemory@PAUStringPool_t@CUtlSymbolTable@@H@@QAEXH@Z 100241f0 f i tier1:utlsymbol.obj
 0001:000231f0       ?Grow@?$CUtlMemory@PAVCLightFace@@H@@QAEXH@Z 100241f0 f i incremental.obj
 0001:000231f0       ?Grow@?$CUtlMemory@PAVKeyValues@@H@@QAEXH@Z 100241f0 f i tier1:KeyValues.obj
 0001:000231f0       ?Grow@?$CUtlMemory@PAVCVRADDispColl@@H@@QAEXH@Z 100241f0 f i vraddisps.obj
 0001:000231f0       ?Grow@?$CUtlMemory@PAVCMacroTextureData@@H@@QAEXH@Z 100241f0 f i macro_texture.obj
 0001:000231f0       ?Grow@?$CUtlMemory@PAV?$CUtlVector@UcolorVertex_t@@V?$CUtlMemory@UcolorVertex_t@@H@@@@H@@QAEXH@Z 100241f0 f i vradstaticprops.obj
 0001:000231f0       ?Grow@?$CUtlMemory@HH@@QAEXH@Z 100241f0 f i disp_vrad.obj
 0001:000232a0       ?DispBuilderInit@CVRadDispMgr@@AAEXPAVCCoreDispInfo@@PAUdface_t@@H@Z 100242a0 f   vraddisps.obj
 0001:00023580       ?MakePatches@CVRadDispMgr@@UAEXXZ 10024580 f   vraddisps.obj
 0001:000235f0       ?SubdividePatch@CVRadDispMgr@@UAEXH@Z 100245f0 f   vraddisps.obj
 0001:00023640       ?AddPolysForRayTrace@CVRadDispMgr@@UAEXXZ 10024640 f   vraddisps.obj
 0001:00023670       ?GetDispSurfNormal@CVRadDispMgr@@UAEXHAAVVector@@0_N@Z 10024670 f   vraddisps.obj
 0001:000237b0       ?GetDispSurf@CVRadDispMgr@@UAEXHPAPAVCVRADDispColl@@@Z 100247b0 f   vraddisps.obj
 0001:000237e0       ?DispRayDistance_EnumerateElement@CVRadDispMgr@@QAE_NHPAVCBSPDispRayDistanceEnumerator@@@Z 100247e0 f   vraddisps.obj
 0001:00023960       ?AddPatchLightToRadial@@YAXABVVector@@0PAV1@M00PAUradial_s@@H_N3@Z 10024960 f   vraddisps.obj
 0001:00023c80       ?RadialLuxelAddPatch@CVRadDispMgr@@AAEXHABVVector@@0MPAUradial_s@@H_NAAV?$CUtlVector@PAUCPatch@@V?$CUtlMemory@PAUCPatch@@H@@@@@Z 10024c80 f   vraddisps.obj
 0001:00023d80       ?InsertSamplesDataIntoHashTable@CVRadDispMgr@@UAEXXZ 10024d80 f   vraddisps.obj
 0001:00023e20       ?InsertPatchSampleDataIntoHashTable@CVRadDispMgr@@UAEXXZ 10024e20 f   vraddisps.obj
 0001:00023f10       ?BuildDispSamples@CVRadDispMgr@@UAE_NPAUlightinfo_t@@PAUfacelight_t@@H@Z 10024f10 f   vraddisps.obj
 0001:000242a0       ?BuildDispLuxels@CVRadDispMgr@@UAE_NPAUlightinfo_t@@PAUfacelight_t@@H@Z 100252a0 f   vraddisps.obj
 0001:000243f0       ?BuildDispSamplesAndLuxels_DoFast@CVRadDispMgr@@UAE_NPAUlightinfo_t@@PAUfacelight_t@@H@Z 100253f0 f   vraddisps.obj
 0001:00024600       ?EnumerateElement@CBSPDispRayEnumerator@@UAI_NHH@Z 10025600 f   vraddisps.obj
 0001:00024660       ?EnumerateElement@CBSPDispRayDistanceEnumerator@@UAI_NHH@Z 10025660 f i vraddisps.obj
 0001:00024670       ?Shutdown@CVRadDispMgr@@UAEXXZ 10025670 f   vraddisps.obj
 0001:00024700       ??1CBSPDispFaceListEnumerator@@UAE@XZ 10025700 f i vraddisps.obj
 0001:00024780       ??_ECBSPDispFaceListEnumerator@@UAEPAXI@Z 10025780 f i vraddisps.obj
 0001:00024780       ??_GCBSPDispFaceListEnumerator@@UAEPAXI@Z 10025780 f i vraddisps.obj
 0001:000247b0       ??0CVRadDispMgr@@QAE@XZ    100257b0 f   vraddisps.obj
 0001:00024820       ?UnserializeDisps@CVRadDispMgr@@AAEXXZ 10025820 f   vraddisps.obj
 0001:00024b30       ?DispFaceList_EnumerateLeaf@CVRadDispMgr@@QAE_NHH@Z 10025b30 f   vraddisps.obj
 0001:00024c10       ?DispFaceList_EnumerateElement@CVRadDispMgr@@QAE_NHH@Z 10025c10 f   vraddisps.obj
 0001:00024ca0       ?RadialLuxelAddSamples@CVRadDispMgr@@AAEXHABVVector@@0MPAUradial_s@@H_NH@Z 10025ca0 f   vraddisps.obj
 0001:00024f80       ?RadialLuxelBuild@CVRadDispMgr@@AAEXPAVCVRADDispColl@@PAUradial_s@@H_N@Z 10025f80 f   vraddisps.obj
 0001:00025030       ?BuildLuxelRadial@CVRadDispMgr@@UAEPAUradial_s@@HH_N@Z 10026030 f   vraddisps.obj
 0001:00025090       ?EnumerateLeaf@CBSPDispFaceListEnumerator@@UAE_NHH@Z 10026090 f   vraddisps.obj
 0001:000250a0       ?EnumerateElement@CBSPDispFaceListEnumerator@@UAI_NHH@Z 100260a0 f   vraddisps.obj
 0001:000250c0       ??_ECVRadDispMgr@@UAEPAXI@Z 100260c0 f i vraddisps.obj
 0001:000250c0       ??_GCVRadDispMgr@@UAEPAXI@Z 100260c0 f i vraddisps.obj
 0001:00025100       ?Init@CVRadDispMgr@@UAEXXZ 10026100 f   vraddisps.obj
 0001:00025120       ?GetInterestingPatchesForLuxels@CVRadDispMgr@@AAEXHAAV?$CUtlVector@PAUCPatch@@V?$CUtlMemory@PAUCPatch@@H@@@@M@Z 10026120 f   vraddisps.obj
 0001:00025660       ?RadialPatchBuild@CVRadDispMgr@@AAEXPAVCVRADDispColl@@PAUradial_s@@_N@Z 10026660 f   vraddisps.obj
 0001:00025720       ?BuildPatchRadial@CVRadDispMgr@@UAEPAUradial_s@@H_N@Z 10026720 f   vraddisps.obj
 0001:000257a0       ?CalcDatSize@@YAHXZ        100267a0 f   vraddll.obj
 0001:00025840       ?main@CVRadDLL@@UAEHHPAPAD@Z 10026840 f   vraddll.obj
 0001:00025860       ?Init@CVRadDLL@@UAE_NPBD@Z 10026860 f   vraddll.obj
 0001:000258a0       ?GetPercentComplete@CVRadDLL@@UAEMXZ 100268a0 f   vraddll.obj
 0001:000258b0       ?Interrupt@CVRadDLL@@UAEXXZ 100268b0 f   vraddll.obj
 0001:000258c0       ?main@CVRadDLL@@W3AEHHPAPAD@Z 100268c0 f i vraddll.obj
 0001:000258d0       ?GetBSPInfo@CVRadDLL@@UAEXPAVCBSPInfo@@@Z 100268d0 f   vraddll.obj
 0001:00025990       ?DoIncrementalLight@CVRadDLL@@UAE_NPBD@Z 10026990 f   vraddll.obj
 0001:00025aa0       ?Serialize@CVRadDLL@@UAE_NXZ 10026aa0 f   vraddll.obj
 0001:00025af0       ?Vector2DAdd@@YAXABVVector2D@@0AAV1@@Z 10026af0 f i vradstaticprops.obj
 0001:00025b10       ?Vector2DMultiply@@YAXABVVector2D@@MAAV1@@Z 10026b10 f i vradstaticprops.obj
 0001:00025b30       ?Studio_ConvertStudioHdrToNewVersion@@YA_NPAUstudiohdr_t@@@Z 10026b30 f i vradstaticprops.obj
 0001:00025c80       ?Studio_LoadVertexes@@YAHPBUvertexFileHeader_t@@PAU1@H_N@Z 10026c80 f i vradstaticprops.obj
 0001:00025dc0       ?StaticPropMgr@@YAPAVIVradStaticPropMgr@@XZ 10026dc0 f   vradstaticprops.obj
 0001:00025dd0       ?InitFromRGB8888@alphatexture_t@CShadowTextureList@@QAEXHHPAE@Z 10026dd0 f i vradstaticprops.obj
 0001:00025e60       ?ForceTextureShadowsOnModel@@YAXPBD@Z 10026e60 f   vradstaticprops.obj
 0001:00025ef0       ?IsModelTextureShadowsForced@@YA_NPBD@Z 10026ef0 f   vradstaticprops.obj
 0001:00025f70       ?ComputeDirectLightingAtPoint@@YAXAAVVector@@00HHH@Z 10026f70 f   vradstaticprops.obj
 0001:00026170       ?CacheVertexData@mstudiomodel_t@@QAEPBUvertexFileHeader_t@@PAX@Z 10027170 f   vradstaticprops.obj
 0001:00026360       ?Grow@?$CUtlMemory@UStaticPropDict_t@CVradStaticPropMgr@@H@@QAEXH@Z 10027360 f i vradstaticprops.obj
 0001:00026410       ?Grow@?$CUtlMemory@UCStaticProp@CVradStaticPropMgr@@H@@QAEXH@Z 10027410 f i vradstaticprops.obj
 0001:000264b0       ?GetVertexData@mstudiomodel_t@@QAEPBUmstudio_modelvertexdata_t@@PAX@Z 100274b0 f i vradstaticprops.obj
 0001:00026520       ?LoadStudioModel@@YA_NPBDAAVCUtlBuffer@@@Z 10027520 f   vradstaticprops.obj
 0001:00026610       ?LoadStudioCollisionModel@@YA_NPBDAAVCUtlBuffer@@@Z 10027610 f   vradstaticprops.obj
 0001:000266a0       ?LoadVTXFile@@YA_NPBDPBUstudiohdr_t@@AAVCUtlBuffer@@@Z 100276a0 f   vradstaticprops.obj
 0001:00026790       ?LoadFileIntoBuffer@@YA_NAAVCUtlBuffer@@PBD@Z 10027790 f   vradstaticprops.obj
 0001:00026820       ?Parent@?$CUtlRBTree@UNode_t@?$CUtlMap@PBDUalphatexture_t@CShadowTextureList@@G@@GVCKeyLess@2@V?$CUtlMemory@U?$UtlRBTreeNode_t@UNode_t@?$CUtlMap@PBDUalphatexture_t@CShadowTextureList@@G@@G@@G@@@@QBEGG@Z 10027820 f i vradstaticprops.obj
 0001:00026890       ?Grow@?$CUtlMemory@U?$UtlLinkedListElem_t@UGameLump_t@@G@@G@@QAEXH@Z 10027890 f i bsplib.obj
 0001:00026890       ?Grow@?$CUtlMemory@U?$UtlRBTreeNode_t@UNode_t@?$CUtlMap@PBDUalphatexture_t@CShadowTextureList@@G@@G@@G@@QAEXH@Z 10027890 f i vradstaticprops.obj
 0001:000269d0       ?InsertMultipleBefore@?$CUtlVector@UcolorVertex_t@@V?$CUtlMemory@UcolorVertex_t@@H@@@@QAEHHHPBUcolorVertex_t@@@Z 100279d0 f i vradstaticprops.obj
 0001:00026be0       ?LeftChild@?$CUtlRBTree@UNode_t@?$CUtlMap@PBDUalphatexture_t@CShadowTextureList@@G@@GVCKeyLess@2@V?$CUtlMemory@U?$UtlRBTreeNode_t@UNode_t@?$CUtlMap@PBDUalphatexture_t@CShadowTextureList@@G@@G@@G@@@@QBEGG@Z 10027be0 f i vradstaticprops.obj
 0001:00026c40       ?RightChild@?$CUtlRBTree@UNode_t@?$CUtlMap@PBDUalphatexture_t@CShadowTextureList@@G@@GVCKeyLess@2@V?$CUtlMemory@U?$UtlRBTreeNode_t@UNode_t@?$CUtlMap@PBDUalphatexture_t@CShadowTextureList@@G@@G@@G@@@@QBEGG@Z 10027c40 f i vradstaticprops.obj
 0001:00026cb0       ?FindInsertionPosition@?$CUtlRBTree@UNode_t@?$CUtlMap@PBDUalphatexture_t@CShadowTextureList@@G@@GVCKeyLess@2@V?$CUtlMemory@U?$UtlRBTreeNode_t@UNode_t@?$CUtlMap@PBDUalphatexture_t@CShadowTextureList@@G@@G@@G@@@@IAEXABUNode_t@?$CUtlMap@PBDUalphatexture_t@CShadowTextureList@@G@@AAGAA_N@Z 10027cb0 f i vradstaticprops.obj
 0001:00026da0       ?NewNode@?$CUtlRBTree@UNode_t@?$CUtlMap@PBDUalphatexture_t@CShadowTextureList@@G@@GVCKeyLess@2@V?$CUtlMemory@U?$UtlRBTreeNode_t@UNode_t@?$CUtlMap@PBDUalphatexture_t@CShadowTextureList@@G@@G@@G@@@@QAEGXZ 10027da0 f i vradstaticprops.obj
 0001:00026e90       ?FirstInorder@?$CUtlRBTree@UNode_t@?$CUtlMap@PBDUalphatexture_t@CShadowTextureList@@G@@GVCKeyLess@2@V?$CUtlMemory@U?$UtlRBTreeNode_t@UNode_t@?$CUtlMap@PBDUalphatexture_t@CShadowTextureList@@G@@G@@G@@@@QBEGXZ 10027e90 f i vradstaticprops.obj
 0001:00026f60       ?RotateLeft@?$CUtlRBTree@UNode_t@?$CUtlMap@PBDUalphatexture_t@CShadowTextureList@@G@@GVCKeyLess@2@V?$CUtlMemory@U?$UtlRBTreeNode_t@UNode_t@?$CUtlMap@PBDUalphatexture_t@CShadowTextureList@@G@@G@@G@@@@IAEXG@Z 10027f60 f i vradstaticprops.obj
 0001:00027060       ?RotateRight@?$CUtlRBTree@UNode_t@?$CUtlMap@PBDUalphatexture_t@CShadowTextureList@@G@@GVCKeyLess@2@V?$CUtlMemory@U?$UtlRBTreeNode_t@UNode_t@?$CUtlMap@PBDUalphatexture_t@CShadowTextureList@@G@@G@@G@@@@IAEXG@Z 10028060 f i vradstaticprops.obj
 0001:00027160       ?SerializeLighting@CVradStaticPropMgr@@AAEXXZ 10028160 f   vradstaticprops.obj
 0001:00027420       ?Find@?$CUtlRBTree@UNode_t@?$CUtlMap@PBDUalphatexture_t@CShadowTextureList@@G@@GVCKeyLess@2@V?$CUtlMemory@U?$UtlRBTreeNode_t@UNode_t@?$CUtlMap@PBDUalphatexture_t@CShadowTextureList@@G@@G@@G@@@@QBEGABUNode_t@?$CUtlMap@PBDUalphatexture_t@CShadowTextureList@@G@@@Z 10028420 f i vradstaticprops.obj
 0001:00027520       ?RemoveAll@?$CUtlRBTree@UNode_t@?$CUtlMap@PBDUalphatexture_t@CShadowTextureList@@G@@GVCKeyLess@2@V?$CUtlMemory@U?$UtlRBTreeNode_t@UNode_t@?$CUtlMap@PBDUalphatexture_t@CShadowTextureList@@G@@G@@G@@@@QAEXXZ 10028520 f i vradstaticprops.obj
 0001:000275e0       ?NextInorder@?$CUtlRBTree@UNode_t@?$CUtlMap@PBDUalphatexture_t@CShadowTextureList@@G@@GVCKeyLess@2@V?$CUtlMemory@U?$UtlRBTreeNode_t@UNode_t@?$CUtlMap@PBDUalphatexture_t@CShadowTextureList@@G@@G@@G@@@@QBEGG@Z 100285e0 f i vradstaticprops.obj
 0001:000277e0       ?InsertRebalance@?$CUtlRBTree@UNode_t@?$CUtlMap@PBDUalphatexture_t@CShadowTextureList@@G@@GVCKeyLess@2@V?$CUtlMemory@U?$UtlRBTreeNode_t@UNode_t@?$CUtlMap@PBDUalphatexture_t@CShadowTextureList@@G@@G@@G@@@@IAEXG@Z 100287e0 f i vradstaticprops.obj
 0001:00027d90       ?LoadVTFRGB8888@CShadowTextureList@@QAEPAEPBDPAH1PA_N2@Z 10028d90 f i vradstaticprops.obj
 0001:00027f90       ?ComputeCoverageForTriangle@CShadowTextureList@@QAEMHABVVector2D@@00@Z 10028f90 f i vradstaticprops.obj
 0001:000281c0       ?SampleMaterial@CShadowTextureList@@QAEHHABVVector@@_N@Z 100291c0 f i vradstaticprops.obj
 0001:00028280       ?ComputeCoverageFromTexture@@YAMMMMH@Z 10029280 f   vradstaticprops.obj
 0001:000282d0       ?LinkToParent@?$CUtlRBTree@UNode_t@?$CUtlMap@PBDUalphatexture_t@CShadowTextureList@@G@@GVCKeyLess@2@V?$CUtlMemory@U?$UtlRBTreeNode_t@UNode_t@?$CUtlMap@PBDUalphatexture_t@CShadowTextureList@@G@@G@@G@@@@IAEXGG_N@Z 100292d0 f i vradstaticprops.obj
 0001:00028350       ?ComputeConvexHull@@YAPAVCPhysCollide@@PAUstudiohdr_t@@@Z 10029350 f   vradstaticprops.obj
 0001:000284a0       ?ComputeLighting@CVradStaticPropMgr@@AAEXAAUCStaticProp@1@HHPAVCComputeStaticPropLightingResults@@@Z 100294a0 f   vradstaticprops.obj
 0001:00028be0       ?AddPolysForRayTrace@CVradStaticPropMgr@@EAEXXZ 10029be0 f   vradstaticprops.obj
 0001:000295e0       ?PurgeAndDeleteElements@?$CUtlVector@PAV?$CUtlVector@UcolorVertex_t@@V?$CUtlMemory@UcolorVertex_t@@H@@@@V?$CUtlMemory@PAV?$CUtlVector@UcolorVertex_t@@V?$CUtlMemory@UcolorVertex_t@@H@@@@H@@@@QAEXXZ 1002a5e0 f i vradstaticprops.obj
 0001:000296a0       ?InsertBefore@?$CUtlVector@UStaticPropDict_t@CVradStaticPropMgr@@V?$CUtlMemory@UStaticPropDict_t@CVradStaticPropMgr@@H@@@@QAEHH@Z 1002a6a0 f i vradstaticprops.obj
 0001:00029740       ??1?$CUtlRBTree@UNode_t@?$CUtlMap@PBDUalphatexture_t@CShadowTextureList@@G@@GVCKeyLess@2@V?$CUtlMemory@U?$UtlRBTreeNode_t@UNode_t@?$CUtlMap@PBDUalphatexture_t@CShadowTextureList@@G@@G@@G@@@@QAE@XZ 1002a740 f i vradstaticprops.obj
 0001:000297b0       ?RemoveAll@?$CUtlDict@Ualphatexture_t@CShadowTextureList@@G@@QAEXXZ 1002a7b0 f i vradstaticprops.obj
 0001:00029810       ?VMPI_ProcessStaticProp@CVradStaticPropMgr@@AAEXHHPAVMessageBuffer@@@Z 1002a810 f   vradstaticprops.obj
 0001:000298e0       ?RemoveAll@?$CUtlVector@UStaticPropDict_t@CVradStaticPropMgr@@V?$CUtlMemory@UStaticPropDict_t@CVradStaticPropMgr@@H@@@@QAEXXZ 1002a8e0 f i vradstaticprops.obj
 0001:000299f0       ?Insert@?$CUtlRBTree@UNode_t@?$CUtlMap@PBDUalphatexture_t@CShadowTextureList@@G@@GVCKeyLess@2@V?$CUtlMemory@U?$UtlRBTreeNode_t@UNode_t@?$CUtlMap@PBDUalphatexture_t@CShadowTextureList@@G@@G@@G@@@@QAEGABUNode_t@?$CUtlMap@PBDUalphatexture_t@CShadowTextureList@@G@@@Z 1002a9f0 f i vradstaticprops.obj
 0001:00029a60       ??4?$CUtlVector@VVector@@V?$CUtlMemory@VVector@@H@@@@QAEAAV0@ABV0@@Z 1002aa60 f i vradstaticprops.obj
 0001:00029b60       ?VMPI_ProcessStaticProp_Static@CVradStaticPropMgr@@CAXH_KPAVMessageBuffer@@@Z 1002ab60 f   vradstaticprops.obj
[...]
 0001:000b5400       ??__Eg_MasterBroadcaster@@YAXXZ 100b6400 f   vmpi:vmpi.obj
 0001:000b5420       ??__Eg_DSInfo@@YAXXZ       100b6420 f   vmpi:vmpi_distribute_work.obj
 0001:000b5440       ??__Eg_wuCountByProcess@@YAXXZ 100b6440 f   vmpi:vmpi_distribute_work.obj
 0001:000b5450       ??__Eg_MasterWorkUnitCompletedList@@YAXXZ 100b6450 f   vmpi:vmpi_distribute_work.obj
 0001:000b5490       ??__E__g_CreateIBaseFileSystem_reg@@YAXXZ 100b6490 f   vmpi:vmpi_filesystem.obj
 0001:000b54b0       ??__Eg_DispatchReg_FileSystem@@YAXXZ 100b64b0 f   vmpi:vmpi_filesystem.obj
 0001:000b54d0       ??__Eg_Starter@@YAXXZ      100b64d0 f   vmpi:iphelpers.obj
 0001:000b54f0       ??__Eg_WorkUnits@@YAXXZ    100b64f0 f   vmpi:vmpi_distribute_tracker.obj
 0001:000b5500       ??__Eg_WUStatus@@YAXXZ     100b6500 f   vmpi:vmpi_distribute_tracker.obj
 0001:000b5510       ??__Eg_MasterWorkUnitsTracker@@YAXXZ 100b6510 f   vmpi:vmpi_distribute_work_default.obj
 0001:000b5520       ??__Eg_MulticastIP@@YAXXZ  100b6520 f   vmpi:vmpi_filesystem_worker.obj
 0001:000b5530       ??__Eg_FileResponsesCS@@YAXXZ 100b6530 f   vmpi:vmpi_filesystem_worker.obj
 0001:000b5550       ??__Eg_FileResponses@@YAXXZ 100b6550 f   vmpi:vmpi_filesystem_worker.obj
 0001:000b5560       ??__Eg_FileChunkPackets@@YAXXZ 100b6560 f   vmpi:vmpi_filesystem_worker.obj
 0001:000b5570       ??__Eg_DataMapHolder@VTFFileBaseHeader_t_DataDescInit@@YAXXZ 100b6570 f   vtf:vtf.obj
 0001:000b5580       ??__Eg_DataMapHolder@VTFFileHeaderV7_1_t_DataDescInit@@YAXXZ 100b6580 f   vtf:vtf.obj
 0001:000b5590       ??__Eg_DataMapHolder@VTFFileHeaderV7_2_t_DataDescInit@@YAXXZ 100b6590 f   vtf:vtf.obj
 0001:000b55a0       ??__Eg_DataMapHolder@VTFFileHeaderV7_3_t_DataDescInit@@YAXXZ 100b65a0 f   vtf:vtf.obj
 0001:000b55b0       ??__Eg_DataMapHolder@VTFFileHeader_t_DataDescInit@@YAXXZ 100b65b0 f   vtf:vtf.obj
 0001:000b55c0       ??__Eg_DataMapHolder@VTFFileHeaderX360_t_DataDescInit@@YAXXZ 100b65c0 f   vtf:vtf.obj
 0001:000b55d0       ??__Eg_BitWriteMasksInit@@YAXXZ 100b65d0 f   tier1:bitbuf.obj
 0001:000b55da       ??__Einitlocks@std@@YAXXZ  100b65da f   libcpmt:xlock.obj
 0001:000b55f0       ??__E_Fac_tidy_reg@std@@YAXXZ 100b65f0 f   libcpmt:locale0.obj
 0001:000b55fc       ??__Eclassic_locale@std@@YAXXZ 100b65fc f   libcpmt:locale0.obj
 0001:000b5608       ??__E_Generic_object@std@@YAXXZ 100b6608 f   libcpmt:syserror.obj
 0001:000b5614       ??__E_Iostream_object@std@@YAXXZ 100b6614 f   libcpmt:syserror.obj
 0001:000b5620       ??__E_System_object@std@@YAXXZ 100b6620 f   libcpmt:syserror.obj
 0001:000b562c       ??__Einitlocks@std@@YAXXZ  100b662c f   libcpmt:iosptrs.obj
 0001:000b5642       ??__Einit_atexit@@YAXXZ    100b6642 f   libcpmt:iosptrs.obj
 0001:000b5650       ??__Finc@?1??GetIncremental@@YAPAVIIncremental@@XZ@YAXXZ 100b6650 f   incremental.obj
 0001:000b56b0       ??__Fg_LeafAmbientSamples@@YAXXZ 100b66b0 f   leaf_ambient_lighting.obj
 0001:000b56c0       ??__Fg_FaceMacroTextures@@YAXXZ 100b66c0 f   macro_texture.obj
 0001:000b56d0       ??__Fg_MacroTextureLookup@@YAXXZ 100b66d0 f   macro_texture.obj
 0001:000b56f0       ??__Fg_SpewTextCS@@YAXXZ   100b66f0 f   mpi_stats.obj
 0001:000b5700       ??__Fg_SpewText@@YAXXZ     100b6700 f   mpi_stats.obj
 0001:000b5710       ??__Fg_LightResultsFilename@@YAXXZ 100b6710 f   mpivrad.obj
 0001:000b5720       ??__Fg_SampleHashTable@@YAXXZ 100b6720 f   samplehash.obj
 0001:000b5740       ??__Fg_PatchSampleHashTable@@YAXXZ 100b6740 f   samplehash.obj
 0001:000b5760       ??__Fmb@@YAXXZ             100b6760 f   vismat.obj
 0001:000b5770       ??__Fg_ClusterDispFaces@@YAXXZ 100b6770 f   vismat.obj
 0001:000b5780       ??__Fg_Patches@@YAXXZ      100b6780 f   vrad.obj
 0001:000b5790       ??__Fg_FacePatches@@YAXXZ  100b6790 f   vrad.obj
 0001:000b57a0       ??__FfaceParents@@YAXXZ    100b67a0 f   vrad.obj
 0001:000b57b0       ??__FclusterChildren@@YAXXZ 100b67b0 f   vrad.obj
 0001:000b57c0       ??__Femitlight@@YAXXZ      100b67c0 f   vrad.obj
 0001:000b57d0       ??__Faddlight@@YAXXZ       100b67d0 f   vrad.obj
 0001:000b57e0       ??__Fg_FacesVisibleToLights@@YAXXZ 100b67e0 f   vrad.obj
 0001:000b57f0       ??__Fg_NonShadowCastingMaterialStrings@@YAXXZ 100b67f0 f   vrad.obj
 0001:000b5800       ??__Fg_RtEnv@@YAXXZ        100b6800 f   vrad.obj
 0001:000b5860       ??__Fs_DetailPropLightStyleLumpLDR@@YAXXZ 100b6860 f   vraddetailprops.obj
 0001:000b5870       ??__Fs_DetailPropLightStyleLumpHDR@@YAXXZ 100b6870 f   vraddetailprops.obj
 0001:000b5880       ??__Fg_ModelCenterOffset@@YAXXZ 100b6880 f   vraddetailprops.obj
 0001:000b5890       ??__Fg_SpriteCenterOffset@@YAXXZ 100b6890 f   vraddetailprops.obj
 0001:000b58a0       ??__Fs_DispMgr@@YAXXZ      100b68a0 f   vraddisps.obj
 0001:000b58d0       ??__Fg_LastGoodLightData@@YAXXZ 100b68d0 f   vraddll.obj
 0001:000b58e0       ??__Fg_FacesTouched@@YAXXZ 100b68e0 f   vraddll.obj
 0001:000b58f0       ??__Fg_ForcedTextureShadowsModels@@YAXXZ 100b68f0 f   vradstaticprops.obj
 0001:000b5900       ??__Fg_ShadowTextureList@@YAXXZ 100b6900 f   vradstaticprops.obj
 0001:000b5920       ??__Fg_StaticPropMgr@@YAXXZ 100b6920 f   vradstaticprops.obj
 0001:000b5940       ??__FnameHolder@?1???$DataMapInit@UZIP_EndOfCentralDirRecord@@@@YAPAUdatamap_t@@PAUZIP_EndOfCentralDirRecord@@@Z@YAXXZ 100b6940 f   zip_utils.obj
 0001:000b5950       ??__FnameHolder@?1???$DataMapInit@UZIP_FileHeader@@@@YAPAUdatamap_t@@PAUZIP_FileHeader@@@Z@YAXXZ 100b6950 f   zip_utils.obj
 0001:000b5960       ??__FnameHolder@?1???$DataMapInit@UZIP_LocalFileHeader@@@@YAPAUdatamap_t@@PAUZIP_LocalFileHeader@@@Z@YAXXZ 100b6960 f   zip_utils.obj
 0001:000b5970       ??__FnameHolder@?1???$DataMapInit@UZIP_PreloadHeader@@@@YAPAUdatamap_t@@PAUZIP_PreloadHeader@@@Z@YAXXZ 100b6970 f   zip_utils.obj
 0001:000b5980       ??__FnameHolder@?1???$DataMapInit@UZIP_PreloadDirectoryEntry@@@@YAPAUdatamap_t@@PAUZIP_PreloadDirectoryEntry@@@Z@YAXXZ 100b6980 f   zip_utils.obj
 0001:000b5990       ??__Fg_ZipUtils@@YAXXZ     100b6990 f   zip_utils.obj
 0001:000b59e0       ??__FnameHolder@?1???$DataMapInit@Udheader_t@@@@YAPAUdatamap_t@@PAUdheader_t@@@Z@YAXXZ 100b69e0 f   bsplib.obj
 0001:000b59f0       ??__FnameHolder@?1???$DataMapInit@Ulump_t@@@@YAPAUdatamap_t@@PAUlump_t@@@Z@YAXXZ 100b69f0 f   bsplib.obj
 0001:000b5a00       ??__FnameHolder@?1???$DataMapInit@Udflagslump_t@@@@YAPAUdatamap_t@@PAUdflagslump_t@@@Z@YAXXZ 100b6a00 f   bsplib.obj
 0001:000b5a10       ??__FnameHolder@?1???$DataMapInit@Udplane_t@@@@YAPAUdatamap_t@@PAUdplane_t@@@Z@YAXXZ 100b6a10 f   bsplib.obj
 0001:000b5a20       ??__FnameHolder@?1???$DataMapInit@Udleaf_version_0_t@@@@YAPAUdatamap_t@@PAUdleaf_version_0_t@@@Z@YAXXZ 100b6a20 f   bsplib.obj
 0001:000b5a30       ??__FnameHolder@?1???$DataMapInit@Udleaf_t@@@@YAPAUdatamap_t@@PAUdleaf_t@@@Z@YAXXZ 100b6a30 f   bsplib.obj
 0001:000b5a40       ??__FnameHolder@?1???$DataMapInit@UCompressedLightCube@@@@YAPAUdatamap_t@@PAUCompressedLightCube@@@Z@YAXXZ 100b6a40 f   bsplib.obj
 0001:000b5a50       ??__FnameHolder@?1???$DataMapInit@Udleafambientindex_t@@@@YAPAUdatamap_t@@PAUdleafambientindex_t@@@Z@YAXXZ 100b6a50 f   bsplib.obj
 0001:000b5a60       ??__FnameHolder@?1???$DataMapInit@Udleafambientlighting_t@@@@YAPAUdatamap_t@@PAUdleafambientlighting_t@@@Z@YAXXZ 100b6a60 f   bsplib.obj
 0001:000b5a70       ??__FnameHolder@?1???$DataMapInit@Udvertex_t@@@@YAPAUdatamap_t@@PAUdvertex_t@@@Z@YAXXZ 100b6a70 f   bsplib.obj
 0001:000b5a80       ??__FnameHolder@?1???$DataMapInit@Udnode_t@@@@YAPAUdatamap_t@@PAUdnode_t@@@Z@YAXXZ 100b6a80 f   bsplib.obj
 0001:000b5a90       ??__FnameHolder@?1???$DataMapInit@Utexinfo_s@@@@YAPAUdatamap_t@@PAUtexinfo_s@@@Z@YAXXZ 100b6a90 f   bsplib.obj
 0001:000b5aa0       ??__FnameHolder@?1???$DataMapInit@Udtexdata_t@@@@YAPAUdatamap_t@@PAUdtexdata_t@@@Z@YAXXZ 100b6aa0 f   bsplib.obj
 0001:000b5ab0       ??__FnameHolder@?1???$DataMapInit@Vddispinfo_t@@@@YAPAUdatamap_t@@PAVddispinfo_t@@@Z@YAXXZ 100b6ab0 f   bsplib.obj
 0001:000b5ac0       ??__FnameHolder@?1???$DataMapInit@VCDispNeighbor@@@@YAPAUdatamap_t@@PAVCDispNeighbor@@@Z@YAXXZ 100b6ac0 f   bsplib.obj
 0001:000b5ad0       ??__FnameHolder@?1???$DataMapInit@VCDispCornerNeighbors@@@@YAPAUdatamap_t@@PAVCDispCornerNeighbors@@@Z@YAXXZ 100b6ad0 f   bsplib.obj
 0001:000b5ae0       ??__FnameHolder@?1???$DataMapInit@UCDispSubNeighbor@@@@YAPAUdatamap_t@@PAUCDispSubNeighbor@@@Z@YAXXZ 100b6ae0 f   bsplib.obj
 0001:000b5af0       ??__FnameHolder@?1???$DataMapInit@VCDispVert@@@@YAPAUdatamap_t@@PAVCDispVert@@@Z@YAXXZ 100b6af0 f   bsplib.obj
 0001:000b5b00       ??__FnameHolder@?1???$DataMapInit@VCDispTri@@@@YAPAUdatamap_t@@PAVCDispTri@@@Z@YAXXZ 100b6b00 f   bsplib.obj
 0001:000b5b10       ??__FnameHolder@?1???$DataMapInit@VCFaceMacroTextureInfo@@@@YAPAUdatamap_t@@PAVCFaceMacroTextureInfo@@@Z@YAXXZ 100b6b10 f   bsplib.obj
 0001:000b5b20       ??__FnameHolder@?1???$DataMapInit@Udprimitive_t@@@@YAPAUdatamap_t@@PAUdprimitive_t@@@Z@YAXXZ 100b6b20 f   bsplib.obj
 0001:000b5b30       ??__FnameHolder@?1???$DataMapInit@Udprimvert_t@@@@YAPAUdatamap_t@@PAUdprimvert_t@@@Z@YAXXZ 100b6b30 f   bsplib.obj
 0001:000b5b40       ??__FnameHolder@?1???$DataMapInit@Udface_t@@@@YAPAUdatamap_t@@PAUdface_t@@@Z@YAXXZ 100b6b40 f   bsplib.obj
 0001:000b5b50       ??__FnameHolder@?1???$DataMapInit@Udfaceid_t@@@@YAPAUdatamap_t@@PAUdfaceid_t@@@Z@YAXXZ 100b6b50 f   bsplib.obj
 0001:000b5b60       ??__FnameHolder@?1???$DataMapInit@Udbrush_t@@@@YAPAUdatamap_t@@PAUdbrush_t@@@Z@YAXXZ 100b6b60 f   bsplib.obj
 0001:000b5b70       ??__FnameHolder@?1???$DataMapInit@Udbrushside_t@@@@YAPAUdatamap_t@@PAUdbrushside_t@@@Z@YAXXZ 100b6b70 f   bsplib.obj
 0001:000b5b80       ??__FnameHolder@?1???$DataMapInit@Udedge_t@@@@YAPAUdatamap_t@@PAUdedge_t@@@Z@YAXXZ 100b6b80 f   bsplib.obj
 0001:000b5b90       ??__FnameHolder@?1???$DataMapInit@Udmodel_t@@@@YAPAUdatamap_t@@PAUdmodel_t@@@Z@YAXXZ 100b6b90 f   bsplib.obj
 0001:000b5ba0       ??__FnameHolder@?1???$DataMapInit@Udphysmodel_t@@@@YAPAUdatamap_t@@PAUdphysmodel_t@@@Z@YAXXZ 100b6ba0 f   bsplib.obj
 0001:000b5bb0       ??__FnameHolder@?1???$DataMapInit@Udphysdisp_t@@@@YAPAUdatamap_t@@PAUdphysdisp_t@@@Z@YAXXZ 100b6bb0 f   bsplib.obj
 0001:000b5bc0       ??__FnameHolder@?1???$DataMapInit@Udarea_t@@@@YAPAUdatamap_t@@PAUdarea_t@@@Z@YAXXZ 100b6bc0 f   bsplib.obj
 0001:000b5bd0       ??__FnameHolder@?1???$DataMapInit@Udareaportal_t@@@@YAPAUdatamap_t@@PAUdareaportal_t@@@Z@YAXXZ 100b6bd0 f   bsplib.obj
 0001:000b5be0       ??__FnameHolder@?1???$DataMapInit@Udworldlight_t@@@@YAPAUdatamap_t@@PAUdworldlight_t@@@Z@YAXXZ 100b6be0 f   bsplib.obj
 0001:000b5bf0       ??__FnameHolder@?1???$DataMapInit@Udleafwaterdata_t@@@@YAPAUdatamap_t@@PAUdleafwaterdata_t@@@Z@YAXXZ 100b6bf0 f   bsplib.obj
 0001:000b5c00       ??__FnameHolder@?1???$DataMapInit@Udoccluderdata_t@@@@YAPAUdatamap_t@@PAUdoccluderdata_t@@@Z@YAXXZ 100b6c00 f   bsplib.obj
 0001:000b5c10       ??__FnameHolder@?1???$DataMapInit@Udoccluderpolydata_t@@@@YAPAUdatamap_t@@PAUdoccluderpolydata_t@@@Z@YAXXZ 100b6c10 f   bsplib.obj
 0001:000b5c20       ??__FnameHolder@?1???$DataMapInit@Udcubemapsample_t@@@@YAPAUdatamap_t@@PAUdcubemapsample_t@@@Z@YAXXZ 100b6c20 f   bsplib.obj
 0001:000b5c30       ??__FnameHolder@?1???$DataMapInit@Udoverlay_t@@@@YAPAUdatamap_t@@PAUdoverlay_t@@@Z@YAXXZ 100b6c30 f   bsplib.obj
 0001:000b5c40       ??__FnameHolder@?1???$DataMapInit@Udwateroverlay_t@@@@YAPAUdatamap_t@@PAUdwateroverlay_t@@@Z@YAXXZ 100b6c40 f   bsplib.obj
 0001:000b5c50       ??__FnameHolder@?1???$DataMapInit@Udoverlayfade_t@@@@YAPAUdatamap_t@@PAUdoverlayfade_t@@@Z@YAXXZ 100b6c50 f   bsplib.obj
 0001:000b5c60       ??__FnameHolder@?1???$DataMapInit@Udgamelumpheader_t@@@@YAPAUdatamap_t@@PAUdgamelumpheader_t@@@Z@YAXXZ 100b6c60 f   bsplib.obj
 0001:000b5c70       ??__FnameHolder@?1???$DataMapInit@Udgamelump_t@@@@YAPAUdatamap_t@@PAUdgamelump_t@@@Z@YAXXZ 100b6c70 f   bsplib.obj
 0001:000b5c80       ??__FnameHolder@?1???$DataMapInit@UStaticPropDictLump_t@@@@YAPAUdatamap_t@@PAUStaticPropDictLump_t@@@Z@YAXXZ 100b6c80 f   bsplib.obj
 0001:000b5c90       ??__FnameHolder@?1???$DataMapInit@UStaticPropLump_t@@@@YAPAUdatamap_t@@PAUStaticPropLump_t@@@Z@YAXXZ 100b6c90 f   bsplib.obj
 0001:000b5ca0       ??__FnameHolder@?1???$DataMapInit@UStaticPropLumpV4_t@@@@YAPAUdatamap_t@@PAUStaticPropLumpV4_t@@@Z@YAXXZ 100b6ca0 f   bsplib.obj
 0001:000b5cb0       ??__FnameHolder@?1???$DataMapInit@UStaticPropLumpV5_t@@@@YAPAUdatamap_t@@PAUStaticPropLumpV5_t@@@Z@YAXXZ 100b6cb0 f   bsplib.obj
 0001:000b5cc0       ??__FnameHolder@?1???$DataMapInit@UStaticPropLeafLump_t@@@@YAPAUdatamap_t@@PAUStaticPropLeafLump_t@@@Z@YAXXZ 100b6cc0 f   bsplib.obj
 0001:000b5cd0       ??__FnameHolder@?1???$DataMapInit@UDetailObjectDictLump_t@@@@YAPAUdatamap_t@@PAUDetailObjectDictLump_t@@@Z@YAXXZ 100b6cd0 f   bsplib.obj
 0001:000b5ce0       ??__FnameHolder@?1???$DataMapInit@UDetailObjectLump_t@@@@YAPAUdatamap_t@@PAUDetailObjectLump_t@@@Z@YAXXZ 100b6ce0 f   bsplib.obj
 0001:000b5cf0       ??__FnameHolder@?1???$DataMapInit@UDetailSpriteDictLump_t@@@@YAPAUdatamap_t@@PAUDetailSpriteDictLump_t@@@Z@YAXXZ 100b6cf0 f   bsplib.obj
 0001:000b5d00       ??__FnameHolder@?1???$DataMapInit@UDetailPropLightstylesLump_t@@@@YAPAUdatamap_t@@PAUDetailPropLightstylesLump_t@@@Z@YAXXZ 100b6d00 f   bsplib.obj
 0001:000b5d10       ??__FnameHolder@?1???$DataMapInit@UMeshHeader_t@HardwareVerts@@@HardwareVerts@@YAPAUdatamap_t@@PAUMeshHeader_t@0@@Z@YAXXZ 100b6d10 f   bsplib.obj
 0001:000b5d20       ??__FnameHolder@?1???$DataMapInit@UFileHeader_t@HardwareVerts@@@HardwareVerts@@YAPAUdatamap_t@@PAUFileHeader_t@0@@Z@YAXXZ 100b6d20 f   bsplib.obj
 0001:000b5d30       ??__Fg_StaticPropInstances@@YAXXZ 100b6d30 f   bsplib.obj
 0001:000b5d40       ??__FdlightdataHDR@@YAXXZ  100b6d40 f   bsplib.obj
 0001:000b5d50       ??__FdlightdataLDR@@YAXXZ  100b6d50 f   bsplib.obj
 0001:000b5d60       ??__Fdentdata@@YAXXZ       100b6d60 f   bsplib.obj
 0001:000b5d70       ??__Fg_LeafAmbientIndexLDR@@YAXXZ 100b6d70 f   bsplib.obj
 0001:000b5d80       ??__Fg_LeafAmbientIndexHDR@@YAXXZ 100b6d80 f   bsplib.obj
 0001:000b5d90       ??__Fg_LeafAmbientLightingLDR@@YAXXZ 100b6d90 f   bsplib.obj
 0001:000b5da0       ??__Fg_LeafAmbientLightingHDR@@YAXXZ 100b6da0 f   bsplib.obj
 0001:000b5db0       ??__Ftexinfo@@YAXXZ        100b6db0 f   bsplib.obj
 0001:000b5dc0       ??__Fg_DispLightmapSamplePositions@@YAXXZ 100b6dc0 f   bsplib.obj
 0001:000b5dd0       ??__Fg_TexDataStringData@@YAXXZ 100b6dd0 f   bsplib.obj
 0001:000b5de0       ??__Fg_TexDataStringTable@@YAXXZ 100b6de0 f   bsplib.obj
 0001:000b5df0       ??__Fg_OccluderData@@YAXXZ 100b6df0 f   bsplib.obj
 0001:000b5e00       ??__Fg_OccluderPolyData@@YAXXZ 100b6e00 f   bsplib.obj
 0001:000b5e10       ??__Fg_OccluderVertexIndices@@YAXXZ 100b6e10 f   bsplib.obj
 0001:000b5e20       ??__FnameHolder@?1???$DataMapInit@Uswapcollideheader_t@@@@YAPAUdatamap_t@@PAUswapcollideheader_t@@@Z@YAXXZ 100b6e20 f   bsplib.obj
 0001:000b5e30       ??__FnameHolder@?1???$DataMapInit@Uswapcompactsurfaceheader_t@@@@YAPAUdatamap_t@@PAUswapcompactsurfaceheader_t@@@Z@YAXXZ 100b6e30 f   bsplib.obj
 0001:000b5e40       ??__FnameHolder@?1???$DataMapInit@Uswapmoppsurfaceheader_t@@@@YAPAUdatamap_t@@PAUswapmoppsurfaceheader_t@@@Z@YAXXZ 100b6e40 f   bsplib.obj
 0001:000b5e50       ??__Fg_dispinfo@@YAXXZ     100b6e50 f   bsplib.obj
 0001:000b5e60       ??__Fg_DispVerts@@YAXXZ    100b6e60 f   bsplib.obj
 0001:000b5e70       ??__Fg_DispTris@@YAXXZ     100b6e70 f   bsplib.obj
 0001:000b5e80       ??__Fdfaceids@@YAXXZ       100b6e80 f   bsplib.obj
 0001:000b5e90       ??__Fg_FaceMacroTextureInfos@@YAXXZ 100b6e90 f   bsplib.obj
 0001:000b5ea0       ??__Fg_GameLumps@@YAXXZ    100b6ea0 f   bsplib.obj
 0001:000b5ef0       ??__Fg_ClusterLeaves@@YAXXZ 100b6ef0 f   bsplib.obj
 0001:000b5f00       ??__Fg_StaticPropNames@@YAXXZ 100b6f00 f   bsplib.obj
 0001:000b5f10       ??__Fg_ExitStopper@@YAXXZ  100b6f10 f   cmdlib.obj
 0001:000b5f30       ??__Fg_CleanupFunctions@@YAXXZ 100b6f30 f   cmdlib.obj
 0001:000b5f80       ??__Fg_ExtraSpewHooks@@YAXXZ 100b6f80 f   cmdlib.obj
 0001:000b5fd0       ??__Fbuf@?1??CmdLib_FPrintf@@YAXPAXPBDZZ@YAXXZ 100b6fd0 f   cmdlib.obj
 0001:000b5fe0       ??__Fg_DispCollPlaneIndexHash@@YAXXZ 100b6fe0 f   dispcoll_common.obj
 0001:000b6000       ??__Fg_definevariable@@YAXXZ 100b7000 f   scriplib.obj
 0001:000b6010       ??__Fg_CleanupSymbolTable@@YAXXZ 100b7010 f   tier1:utlsymbol.obj
 0001:000b6050       ??__Fg_PersistentPacketsCS@@YAXXZ 100b7050 f   vmpi:vmpi.obj
 0001:000b6060       ??__Fg_VMPIMessagesCS@@YAXXZ 100b7060 f   vmpi:vmpi.obj
 0001:000b6070       ??__Fg_VMPIMessagesEvent@@YAXXZ 100b7070 f   vmpi:vmpi.obj
 0001:000b6080       ??__Fg_ErrorSocketsEvent@@YAXXZ 100b7080 f   vmpi:vmpi.obj
 0001:000b6090       ??__Fg_ErrorSocketsCS@@YAXXZ 100b7090 f   vmpi:vmpi.obj
 0001:000b60a0       ??__Fg_ConnectionsCS@@YAXXZ 100b70a0 f   vmpi:vmpi.obj
 0001:000b60b0       ??__Fg_CurrentStageCS@@YAXXZ 100b70b0 f   vmpi:vmpi.obj
 0001:000b60c0       ??__Fg_DispatchBuffers@@YAXXZ 100b70c0 f   vmpi:vmpi.obj
 0001:000b60f0       ??__Fg_PersistentPackets@@YAXXZ 100b70f0 f   vmpi:vmpi.obj
 0001:000b6140       ??__Fg_OriginalCommandLineParameters@@YAXXZ 100b7140 f   vmpi:vmpi.obj
 0001:000b6150       ??__Fg_VMPIMessages@@YAXXZ 100b7150 f   vmpi:vmpi.obj
 0001:000b61a0       ??__Fg_ErrorSockets@@YAXXZ 100b71a0 f   vmpi:vmpi.obj
 0001:000b61f0       ??__Fg_DisconnectHandlers@@YAXXZ 100b71f0 f   vmpi:vmpi.obj
 0001:000b6240       ??__Fg_WorkerCommandLine@@YAXXZ 100b7240 f   vmpi:vmpi.obj
 0001:000b6250       ??__Fg_MasterBroadcaster@@YAXXZ 100b7250 f   vmpi:vmpi.obj
 0001:000b6290       ??__Fg_wuCountByProcess@@YAXXZ 100b7290 f   vmpi:vmpi_distribute_work.obj
 0001:000b62a0       ??__Fg_MasterWorkUnitCompletedList@@YAXXZ 100b72a0 f   vmpi:vmpi_distribute_work.obj
 0001:000b62c0       ??__Fg_DSInfo@@YAXXZ       100b72c0 f   vmpi:vmpi_distribute_work.obj
 0001:000b62e0       ??__Fg_WUStatus@@YAXXZ     100b72e0 f   vmpi:vmpi_distribute_tracker.obj
 0001:000b62f0       ??__Fg_WorkUnits@@YAXXZ    100b72f0 f   vmpi:vmpi_distribute_tracker.obj
 0001:000b6300       ??__Fg_MasterWorkUnitsTracker@@YAXXZ 100b7300 f   vmpi:vmpi_distribute_work_default.obj
 0001:000b6310       ??__Fg_FileResponsesCS@@YAXXZ 100b7310 f   vmpi:vmpi_filesystem_worker.obj
 0001:000b6320       ??__Fg_FileResponses@@YAXXZ 100b7320 f   vmpi:vmpi_filesystem_worker.obj
 0001:000b6330       ??__Fg_FileChunkPackets@@YAXXZ 100b7330 f   vmpi:vmpi_filesystem_worker.obj
 0001:000b6380       ??__FnameHolder@?1???$DataMapInit@UVTFFileBaseHeader_t@@@@YAPAUdatamap_t@@PAUVTFFileBaseHeader_t@@@Z@YAXXZ 100b7380 f   vtf:vtf.obj
 0001:000b6390       ??__FnameHolder@?1???$DataMapInit@UVTFFileHeaderV7_1_t@@@@YAPAUdatamap_t@@PAUVTFFileHeaderV7_1_t@@@Z@YAXXZ 100b7390 f   vtf:vtf.obj
 0001:000b63a0       ??__FnameHolder@?1???$DataMapInit@UVTFFileHeaderV7_2_t@@@@YAPAUdatamap_t@@PAUVTFFileHeaderV7_2_t@@@Z@YAXXZ 100b73a0 f   vtf:vtf.obj
 0001:000b63b0       ??__FnameHolder@?1???$DataMapInit@UVTFFileHeaderV7_3_t@@@@YAPAUdatamap_t@@PAUVTFFileHeaderV7_3_t@@@Z@YAXXZ 100b73b0 f   vtf:vtf.obj
 0001:000b63c0       ??__FnameHolder@?1???$DataMapInit@UVTFFileHeader_t@@@@YAPAUdatamap_t@@PAUVTFFileHeader_t@@@Z@YAXXZ 100b73c0 f   vtf:vtf.obj
 0001:000b63d0       ??__FnameHolder@?1???$DataMapInit@UVTFFileHeaderX360_t@@@@YAPAUdatamap_t@@PAUVTFFileHeaderX360_t@@@Z@YAXXZ 100b73d0 f   vtf:vtf.obj
 0001:000b63da       ??__Finitlocks@std@@YAXXZ  100b73da f   libcpmt:xlock.obj
 0001:000b63e4       ??__Fclassic_locale@std@@YAXXZ 100b73e4 f   libcpmt:locale0.obj
 0001:000b63ee       ??__F_Fac_tidy_reg@std@@YAXXZ 100b73ee f   libcpmt:locale0.obj
 0001:000b63f8       ??__F_Generic_object@std@@YAXXZ 100b73f8 f   libcpmt:syserror.obj
 0001:000b6403       ??__F_Iostream_object@std@@YAXXZ 100b7403 f   libcpmt:syserror.obj
 0001:000b640e       ??__F_System_object@std@@YAXXZ 100b740e f   libcpmt:syserror.obj
 0001:000b6419       ??__Finitlocks@std@@YAXXZ  100b7419 f   libcpmt:iosptrs.obj
 0001:000b6423       ??__Finit_atexit@@YAXXZ    100b7423 f   libcpmt:iosptrs.obj
