 serverplugin_empty

 Timestamp is 4e785044 (Tue Sep 20 09:35:16 2011)

 Preferred load address is 10000000

 Start         Length     Name                   Class
 0001:00000000 000119d8H .text                   CODE
 0001:000119e0 00000383H .text$yc                CODE
 0001:00011d70 0000014bH .text$yd                CODE
 0002:00000000 0000011cH .idata$5                DATA
 0002:0000011c 00000004H .CRT$XCA                DATA
 0002:00000120 00000050H .CRT$XCU                DATA
 0002:00000170 00000004H .CRT$XCZ                DATA
 0002:00000174 00000004H .CRT$XIA                DATA
 0002:00000178 00000014H .CRT$XIC                DATA
 0002:0000018c 00000004H .CRT$XIZ                DATA
 0002:00000190 00000004H .CRT$XPA                DATA
 0002:00000194 00000004H .CRT$XPX                DATA
 0002:00000198 00000004H .CRT$XPXA               DATA
 0002:0000019c 00000004H .CRT$XPZ                DATA
 0002:000001a0 00000004H .CRT$XTA                DATA
 0002:000001a4 00000004H .CRT$XTZ                DATA
 0002:000001b0 000097b0H .rdata                  DATA
 0002:00009960 00000063H .rdata$debug            DATA
 0002:000099c4 000004e8H .rdata$r                DATA
 0002:00009eb0 0000000cH .rdata$sxdata           DATA
 0002:00009ebc 00000004H .rtc$IAA                DATA
 0002:00009ec0 00000004H .rtc$IZZ                DATA
 0002:00009ec4 00000004H .rtc$TAA                DATA
 0002:00009ec8 00000004H .rtc$TZZ                DATA
 0002:00009ed0 000002f4H .xdata$x                DATA
 0002:0000a1c4 0000003cH .idata$2                DATA
 0002:0000a200 00000014H .idata$3                DATA
 0002:0000a214 0000011cH .idata$4                DATA
 0002:0000a330 00000510H .idata$6                DATA
 0002:0000a840 0000007aH .edata                  DATA
 0003:00000000 00001c00H .data                   DATA
 0003:00001c00 0000c060H .bss                    DATA

  Address         Publics by Value              Rva+Base       Lib:Object

 0000:00000000       __except_list              00000000     <absolute>
 0000:00000003       ___safe_se_handler_count   00000003     <absolute>
 0000:00000000       ___ImageBase               10000000     <linker-defined>
 0001:00000000       ?MakeModuleFileName@@YAPBDXZ 10001000 f   memoverride.obj
 0001:00000090       ??3@YAXPAX@Z               10001090 f   memoverride.obj
 0001:00000090       _free                      10001090 f   memoverride.obj
 0001:000000b0       __calloc_base              100010b0 f   memoverride.obj
 0001:00000130       __realloc_base             10001130 f   memoverride.obj
 0001:00000190       __malloc_crt               10001190 f   memoverride.obj
 0001:00000190       _malloc                    10001190 f   memoverride.obj
 0001:00000190       ??2@YAPAXI@Z               10001190 f   memoverride.obj
 0001:000001f0       __calloc_crt               100011f0 f   memoverride.obj
 0001:00000210       __realloc_crt              10001210 f   memoverride.obj
 0001:00000220       __msize                    10001220 f   memoverride.obj
 0001:00000240       __heap_init                10001240 f   memoverride.obj
 0001:00000250       ?RandomAngle@@YA?AVQAngle@@MM@Z 10001250 f i serverplugin_bot.obj
 0001:000002c0       ?Init@Ray_t@@QAEXABVVector@@000@Z 100012c0 f i serverplugin_bot.obj
 0001:00000400       ??4CBotCmd@@QAEAAV0@ABV0@@Z 10001400 f i serverplugin_bot.obj
 0001:00000480       ?Bot_RunMimicCommand@@YA_NAAVCBotCmd@@@Z 10001480 f   serverplugin_bot.obj
 0001:00000510       ?Bot_UpdateStrafing@@YAXPAVCPluginBot@@AAVCBotCmd@@@Z 10001510 f   serverplugin_bot.obj
 0001:000005b0       ?Bot_HandleSendCmd@@YAXPAVCPluginBot@@@Z 100015b0 f   serverplugin_bot.obj
 0001:00000630       ?Bot_SetForwardMovement@@YAXPAVCPluginBot@@AAVCBotCmd@@@Z 10001630 f   serverplugin_bot.obj
 0001:000006c0       ?Bot_HandleRespawn@@YAXPAVCPluginBot@@AAVCBotCmd@@@Z 100016c0 f   serverplugin_bot.obj
 0001:00000730       ?ShouldHitEntity@CTraceFilterWorldAndPropsOnly@@UAE_NPAVIHandleEntity@@H@Z 10001730 f i serverplugin_bot.obj
 0001:00000740       ?GetTraceType@CTraceFilterWorldAndPropsOnly@@UBE?AW4TraceType_t@@XZ 10001740 f i serverplugin_bot.obj
 0001:00000740       ?DefaultCompletionFunc@@YAHPBDQAY0EA@D@Z 10001740 f i tier1:convar.obj
 0001:00000750       ?Bot_FlipOut@@YAXPAVCPluginBot@@AAVCBotCmd@@@Z 10001750 f   serverplugin_bot.obj
 0001:00000890       ?Bot_ForceFireWeapon@@YAXPAVCPluginBot@@AAVCBotCmd@@@Z 10001890 f   serverplugin_bot.obj
 0001:00000950       ?Grow@?$CUtlMemory@VCPluginBot@@H@@QAEXH@Z 10001950 f i serverplugin_bot.obj
 0001:00000a10       ?Bot_UpdateDirection@@YAXPAVCPluginBot@@@Z 10001a10 f   serverplugin_bot.obj
 0001:00000c00       ?Bot_Think@@YAXPAVCPluginBot@@@Z 10001c00 f   serverplugin_bot.obj
 0001:00000d00       ?Bot_RunAll@@YAXXZ         10001d00 f   serverplugin_bot.obj
 0001:00000da0       ??1?$CUtlVector@VCPluginBot@@V?$CUtlMemory@VCPluginBot@@H@@@@QAE@XZ 10001da0 f i serverplugin_bot.obj
 0001:00000e10       ?InsertBefore@?$CUtlVector@VCPluginBot@@V?$CUtlMemory@VCPluginBot@@H@@@@QAEHH@Z 10001e10 f i serverplugin_bot.obj
 0001:00000ea0       ?BotAdd_f@@YAXXZ           10001ea0 f   serverplugin_bot.obj
 0001:00000f40       ??_EIGameEventListener@@UAEPAXI@Z 10001f40 f i serverplugin_empty.obj
 0001:00000f40       ??_GIGameEventListener@@UAEPAXI@Z 10001f40 f i serverplugin_empty.obj
 0001:00000f80       ?GetCommandIndex@CEmptyServerPlugin@@UAEHXZ 10001f80 f i serverplugin_empty.obj
 0001:00000fa0       ?Load@CEmptyServerPlugin@@UAE_NP6APAXPBDPAH@Z2@Z 10001fa0 f   serverplugin_empty.obj
 0001:000010e0       ?Unload@CEmptyServerPlugin@@UAEXXZ 100020e0 f   serverplugin_empty.obj
 0001:00001110       __heap_term                10002110 f   memoverride.obj
 0001:00001110       ?Pause@CEmptyServerPlugin@@UAEXXZ 10002110 f   serverplugin_empty.obj
 0001:00001110       ?UnPause@CEmptyServerPlugin@@UAEXXZ 10002110 f   serverplugin_empty.obj
 0001:00001120       ?GetPluginDescription@CEmptyServerPlugin@@UAEPBDXZ 10002120 f   serverplugin_empty.obj
 0001:00001130       ?LevelInit@CEmptyServerPlugin@@UAEXPBD@Z 10002130 f   serverplugin_empty.obj
 0001:00001170       ?ServerActivate@CEmptyServerPlugin@@UAEXPAUedict_t@@HH@Z 10002170 f   serverplugin_empty.obj
 0001:00001180       ?GameFrame@CEmptyServerPlugin@@UAEX_N@Z 10002180 f   serverplugin_empty.obj
 0001:000011a0       ?LevelShutdown@CEmptyServerPlugin@@UAEXXZ 100021a0 f   serverplugin_empty.obj
 0001:000011d0       ?SetCommandClient@CEmptyServerPlugin@@UAEXH@Z 100021d0 f   serverplugin_empty.obj
 0001:000011e0       ?ClientPrint@@YAXPAUedict_t@@PADZZ 100021e0 f   serverplugin_empty.obj
 0001:00001220       ?ClientSettingsChanged@CEmptyServerPlugin@@UAEXPAUedict_t@@@Z 10002220 f   serverplugin_empty.obj
 0001:000012b0       ?ClientConnect@CEmptyServerPlugin@@UAE?AW4PLUGIN_RESULT@@PA_NPAUedict_t@@PBD2PADH@Z 100022b0 f   serverplugin_empty.obj
 0001:00001380       ?NetworkIDValidated@CEmptyServerPlugin@@UAE?AW4PLUGIN_RESULT@@PBD0@Z 10002380 f   serverplugin_empty.obj
 0001:00001390       ?OnQueryCvarValueFinished@CEmptyServerPlugin@@UAEXHPAUedict_t@@W4EQueryCvarValueStatus@@PBD2@Z 10002390 f   serverplugin_empty.obj
 0001:000013c0       ?FireGameEvent@CEmptyServerPlugin@@UAEXPAVKeyValues@@@Z 100023c0 f   serverplugin_empty.obj
 0001:00001410       ??_ECEmptyServerPlugin@@W3AEPAXI@Z 10002410 f i serverplugin_empty.obj
 0001:00001420       ??_GCEmptyServerPlugin@@UAEPAXI@Z 10002420 f i serverplugin_empty.obj
 0001:00001420       ??_ECEmptyServerPlugin@@UAEPAXI@Z 10002420 f i serverplugin_empty.obj
 0001:00001450       ?ClientPutInServer@CEmptyServerPlugin@@UAEXPAUedict_t@@PBD@Z 10002450 f   serverplugin_empty.obj
 0001:000014f0       ?ClientCommand@CEmptyServerPlugin@@UAE?AW4PLUGIN_RESULT@@PAUedict_t@@ABVCCommand@@@Z 100024f0 f   serverplugin_empty.obj
 0001:000017f0       _cosf                      100027f0 f i mathlib:mathlib_base.obj
 0001:00001800       ?SinCos@@YAXMPAM0@Z        10002800 f i mathlib:mathlib_base.obj
 0001:00001820       ?_sqrtf@@YAMM@Z            10002820 f   mathlib:mathlib_base.obj
 0001:00001830       ?_rsqrtf@@YAMM@Z           10002830 f   mathlib:mathlib_base.obj
 0001:00001840       ?_VectorNormalize@@YIMAAVVector@@@Z 10002840 f   mathlib:mathlib_base.obj
 0001:00001880       ?_VectorNormalizeFast@@YIXAAVVector@@@Z 10002880 f   mathlib:mathlib_base.obj
 0001:000018c0       ?_InvRSquared@@YAMPBM@Z    100028c0 f   mathlib:mathlib_base.obj
 0001:00001900       ?InitSinCosTable@@YAXXZ    10002900 f   mathlib:mathlib_base.obj
 0001:00001950       ?AngleVectors@@YAXABVQAngle@@PAVVector@@@Z 10002950 f   mathlib:mathlib_base.obj
 0001:000019d0       ?MathLib_Init@@YAXMMMH_N000@Z 100029d0 f   mathlib:mathlib_base.obj
 0001:00001b70       ?BuildGammaTable@@YAXMMMH@Z 10002b70 f   mathlib:color_conversion.obj
 0001:00001e10       ?_SSE_Sqrt@@YAMM@Z         10002e10 f   mathlib:sse.obj
 0001:00001e30       ?_SSE_RSqrtAccurate@@YAMM@Z 10002e30 f   mathlib:sse.obj
 0001:00001e80       ?_SSE_RSqrtFast@@YAMM@Z    10002e80 f   mathlib:sse.obj
 0001:00001ea0       ?_SSE_VectorNormalizeFast@@YIXAAVVector@@@Z 10002ea0 f   mathlib:sse.obj
 0001:00001f30       ?_SSE_InvRSquared@@YAMPBM@Z 10002f30 f   mathlib:sse.obj
 0001:00001f80       ?_SSE_SinCos@@YAXMPAM0@Z   10002f80 f   mathlib:sse.obj
 0001:000020c0       ?_SSE_cos@@YAMM@Z          100030c0 f   mathlib:sse.obj
 0001:00002190       ?_SSE2_SinCos@@YAXMPAM0@Z  10003190 f   mathlib:sse.obj
 0001:000022b0       ?_SSE2_cos@@YAMM@Z         100032b0 f   mathlib:sse.obj
 0001:00002380       ?_3DNow_Sqrt@@YAMM@Z       10003380 f   mathlib:3dnow.obj
 0001:000023b0       ?_3DNow_RSqrt@@YAMM@Z      100033b0 f   mathlib:3dnow.obj
 0001:000023d0       ?_3DNow_VectorNormalize@@YIMAAVVector@@@Z 100033d0 f   mathlib:3dnow.obj
 0001:00002460       ?_3DNow_VectorNormalizeFast@@YIXAAVVector@@@Z 10003460 f   mathlib:3dnow.obj
 0001:00002470       ?_3DNow_InvRSquared@@YAMPBM@Z 10003470 f   mathlib:3dnow.obj
 0001:000024b0       ?ConVar_Register@@YAXHPAVIConCommandBaseAccessor@@@Z 100034b0 f   tier1:convar.obj
 0001:00002540       ?ConVar_Unregister@@YAXXZ  10003540 f   tier1:convar.obj
 0001:00002580       ?IsCommand@ConCommandBase@@UBE_NXZ 10003580 f   tier1:convar.obj
 0001:00002580       ?IsCommand@ConCommand@@UBE_NXZ 10003580 f   tier1:convar.obj
 0001:00002590       ?GetDLLIdentifier@ConCommandBase@@UBEHXZ 10003590 f   tier1:convar.obj
 0001:000025a0       ?Create@ConCommandBase@@MAEXPBD0H@Z 100035a0 f   tier1:convar.obj
 0001:000025f0       ?Init@ConVar@@EAEXXZ       100035f0 f   tier1:convar.obj
 0001:000025f0       ?Init@ConCommandBase@@MAEXXZ 100035f0 f   tier1:convar.obj
 0001:00002610       ?GetName@ConCommandBase@@UBEPBDXZ 10003610 f   tier1:convar.obj
 0001:00002620       ?IsFlagSet@ConCommandBase@@UBE_NH@Z 10003620 f   tier1:convar.obj
 0001:00002630       ?AddFlags@ConCommandBase@@UAEXH@Z 10003630 f   tier1:convar.obj
 0001:00002640       ?GetHelpText@ConCommandBase@@UBEPBDXZ 10003640 f   tier1:convar.obj
 0001:00002650       ?IsRegistered@ConCommandBase@@UBE_NXZ 10003650 f   tier1:convar.obj
 0001:00002660       ??0ConCommand@@QAE@PBDP6AXXZ0HP6AH0QAY0EA@D@Z@Z 10003660 f   tier1:convar.obj
 0001:00002700       ??0ConCommand@@QAE@PBDP6AXABVCCommand@@@Z0HP6AH0QAY0EA@D@Z@Z 10003700 f   tier1:convar.obj
 0001:000027a0       ??1ConCommand@@UAE@XZ      100037a0 f   tier1:convar.obj
 0001:000027b0       ?Dispatch@ConCommand@@UAEXABVCCommand@@@Z 100037b0 f   tier1:convar.obj
 0001:000027f0       ?CanAutoComplete@ConCommand@@UAE_NXZ 100037f0 f   tier1:convar.obj
 0001:00002800       ??1ConVar@@UAE@XZ          10003800 f   tier1:convar.obj
 0001:00002830       ?IsFlagSet@ConVar@@UBE_NH@Z 10003830 f   tier1:convar.obj
 0001:00002850       ?GetHelpText@ConVar@@UBEPBDXZ 10003850 f   tier1:convar.obj
 0001:00002860       ?AddFlags@ConVar@@UAEXH@Z  10003860 f   tier1:convar.obj
 0001:00002870       ?IsRegistered@ConVar@@UBE_NXZ 10003870 f   tier1:convar.obj
 0001:00002880       ?GetName@ConVar@@UBEPBDXZ  10003880 f   tier1:convar.obj
 0001:00002890       ?IsCommand@ConVar@@UBE_NXZ 10003890 f   tier1:convar.obj
 0001:000028a0       ?InternalSetValue@ConVar@@EAEXPBD@Z 100038a0 f   tier1:convar.obj
 0001:00002930       ?ChangeStringValue@ConVar@@EAEXPBDM@Z 10003930 f   tier1:convar.obj
 0001:000029e0       ?ClampValue@ConVar@@EAE_NAAM@Z 100039e0 f   tier1:convar.obj
 0001:00002a30       ?InternalSetFloatValue@ConVar@@EAEXM@Z 10003a30 f   tier1:convar.obj
 0001:00002ac0       ?InternalSetIntValue@ConVar@@EAEXH@Z 10003ac0 f   tier1:convar.obj
 0001:00002b40       ?Create@ConVar@@EAEXPBD0H0_NM1MP6AXPAVIConVar@@0M@Z@Z 10003b40 f   tier1:convar.obj
 0001:00002c10       ?SetValue@ConVar@@UAEXPBD@Z 10003c10 f   tier1:convar.obj
 0001:00002c20       ?SetValue@ConVar@@UAEXM@Z  10003c20 f   tier1:convar.obj
 0001:00002c40       ?SetValue@ConVar@@UAEXH@Z  10003c40 f   tier1:convar.obj
 0001:00002c50       ?IsFlagSet@ConVar@@WBI@BE_NH@Z 10003c50 f i tier1:convar.obj
 0001:00002c60       ?GetName@ConVar@@WBI@BEPBDXZ 10003c60 f i tier1:convar.obj
 0001:00002c70       ?RegisterConCommandBase@CDefaultAccessor@@UAE_NPAVConCommandBase@@@Z 10003c70 f i tier1:convar.obj
 0001:00002c90       ??_GConCommandBase@@UAEPAXI@Z 10003c90 f i tier1:convar.obj
 0001:00002c90       ??_EConCommand@@UAEPAXI@Z  10003c90 f i tier1:convar.obj
 0001:00002c90       ??_GConCommand@@UAEPAXI@Z  10003c90 f i tier1:convar.obj
 0001:00002c90       ??_EConCommandBase@@UAEPAXI@Z 10003c90 f i tier1:convar.obj
 0001:00002cc0       ??_EConVar@@UAEPAXI@Z      10003cc0 f i tier1:convar.obj
 0001:00002cc0       ??_GCEmptyConVar@@UAEPAXI@Z 10003cc0 f i tier1:convar.obj
 0001:00002cc0       ??_GConVar@@UAEPAXI@Z      10003cc0 f i tier1:convar.obj
 0001:00002cc0       ??_ECEmptyConVar@@UAEPAXI@Z 10003cc0 f i tier1:convar.obj
 0001:00002d10       ??0ConVar@@QAE@PBD0H0@Z    10003d10 f   tier1:convar.obj
 0001:00002d70       ??0CEmptyConVar@@QAE@XZ    10003d70 f i tier1:convar.obj
 0001:00002e40       ?SetValue@CEmptyConVar@@UAEXPBD@Z 10003e40 f i tier1:convar.obj
 0001:00002e40       ?ClientDisconnect@CEmptyServerPlugin@@UAEXPAUedict_t@@@Z 10003e40 f i serverplugin_empty.obj
 0001:00002e40       ?OnEdictAllocated@CEmptyServerPlugin@@UAEXPAUedict_t@@@Z 10003e40 f i serverplugin_empty.obj
 0001:00002e40       ?SetValue@CEmptyConVar@@UAEXH@Z 10003e40 f i tier1:convar.obj
 0001:00002e40       ?ClientActive@CEmptyServerPlugin@@UAEXPAUedict_t@@@Z 10003e40 f i serverplugin_empty.obj
 0001:00002e40       ?OnEdictFreed@CEmptyServerPlugin@@UAEXPBUedict_t@@@Z 10003e40 f i serverplugin_empty.obj
 0001:00002e40       ?SetValue@CEmptyConVar@@UAEXM@Z 10003e40 f i tier1:convar.obj
 0001:00002e50       ?GetName@CEmptyConVar@@UBEPBDXZ 10003e50 f i tier1:convar.obj
 0001:00002e60       ?IsFlagSet@CEmptyConVar@@UBE_NH@Z 10003e60 f i tier1:convar.obj
 0001:00002e70       ?GetName@CEmptyConVar@@WBI@BEPBDXZ 10003e70 f i tier1:convar.obj
 0001:00002e80       ?IsFlagSet@CEmptyConVar@@WBI@BE_NH@Z 10003e80 f i tier1:convar.obj
 0001:00002e90       ?Grow@?$CUtlMemory@VCUtlString@@H@@QAEXH@Z 10003e90 f i tier1:convar.obj
 0001:00002f40       ?AutoCompleteSuggest@ConCommand@@UAEHPBDAAV?$CUtlVector@VCUtlString@@V?$CUtlMemory@VCUtlString@@H@@@@@Z 10003f40 f   tier1:convar.obj
 0001:00003060       ?V_snprintf@@YAHPADHPBDZZ  10004060 f   tier1:strtools.obj
 0001:000030b0       ?V_vsnprintf@@YAHPADHPBD0@Z 100040b0 f   tier1:strtools.obj
 0001:00003100       ?ConnectTier1Libraries@@YAXPAP6APAXPBDPAH@ZH@Z 10004100 f   tier1:tier1.obj
 0001:00003170       ?DisconnectTier1Libraries@@YAXXZ 10004170 f   tier1:tier1.obj
 0001:00003190       ?GetName@KeyValues@@QBEPBDXZ 10004190 f   tier1:KeyValues.obj
 0001:000031b0       ??2KeyValues@@SAPAXI@Z     100041b0 f   tier1:KeyValues.obj
 0001:000031d0       ??0KeyValues@@QAE@PBD@Z    100041d0 f   tier1:KeyValues.obj
 0001:00003220       ?FindKey@KeyValues@@QAEPAV1@PBD_N@Z 10004220 f   tier1:KeyValues.obj
 0001:00003340       ?SetColor@KeyValues@@QAEXPBDVColor@@@Z 10004340 f   tier1:KeyValues.obj
 0001:00003380       ?SetString@KeyValues@@QAEXPBD0@Z 10004380 f   tier1:KeyValues.obj
 0001:000033f0       ?SetInt@KeyValues@@QAEXPBDH@Z 100043f0 f   tier1:KeyValues.obj
 0001:00003410       ?deleteThis@KeyValues@@QAEXXZ 10004410 f   tier1:KeyValues.obj
 0001:00003430       ?RemoveEverything@KeyValues@@AAEXXZ 10004430 f   tier1:KeyValues.obj
 0001:000034d0       ??0InterfaceReg@@QAE@P6APAXXZPBD@Z 100044d0 f   tier1:interface.obj
 0001:00003500       _CreateInterface           10004500 f   tier1:interface.obj
 0001:00003570       ?Grow@?$CUtlMemory@EH@@QAEXH@Z 10004570 f i tier1:utlstring.obj
 0001:00003620       ?Set@CUtlBinaryBlock@@QAEXPBXH@Z 10004620 f   tier1:utlstring.obj
 0001:000036a0       ??0CUtlString@@QAE@PBD@Z   100046a0 f   tier1:utlstring.obj
 0001:00003700       ??0CUtlString@@QAE@ABV0@@Z 10004700 f   tier1:utlstring.obj
 0001:00003770       ?FindConversion@CUtlCStringConversion@@UAEDPBDPAH@Z 10004770 f   tier1:utlbuffer.obj
 0001:00003790       ??0CUtlCharConversion@@QAE@DPBDHPAUConversionArray_t@0@@Z 10004790 f   tier1:utlbuffer.obj
 0001:00003830       ?FindConversion@CUtlCharConversion@@UAEDPBDPAH@Z 10004830 f   tier1:utlbuffer.obj
 0001:000038b0       ?FindConversion@CUtlNoEscConversion@@UAEDPBDPAH@Z 100048b0 f i tier1:utlbuffer.obj
 0001:000038d0       ?ConnectTier2Libraries@@YAXPAP6APAXPBDPAH@ZH@Z 100048d0 f   tier2:tier2.obj
 0001:00003a40       ?DisconnectTier2Libraries@@YAXXZ 10004a40 f   tier2:tier2.obj
 0001:00003a80       _strrchr                   10004a80 f   LIBCMT:strrchr.obj
 0001:00003ab0       _memset                    10004ab0 f   LIBCMT:memset.obj
 0001:00003b2a       __vsnprintf_l              10004b2a f   LIBCMT:vsnprint.obj
 0001:00003bd6       __vsnprintf                10004bd6 f   LIBCMT:vsnprint.obj
 0001:00003c00       _memcpy                    10004c00 f   LIBCMT:memcpy.obj
 0001:00003f61       __cfltcvt_init             10004f61 f   LIBCMT:_fpinit_.obj
 0001:00003fc1       __fpmath                   10004fc1 f   LIBCMT:_fpinit_.obj
 0001:00003fda       _rand                      10004fda f   LIBCMT:rand.obj
 0001:00004000       _memmove                   10005000 f   LIBCMT:memmove.obj
 0001:00004361       ??1type_info@@UAE@XZ       10005361 f   LIBCMT:typinfo.obj
 0001:00004371       ??_Gtype_info@@UAEPAXI@Z   10005371 f i LIBCMT:typinfo.obj
 0001:00004371       ??_Etype_info@@UAEPAXI@Z   10005371 f i LIBCMT:typinfo.obj
 0001:00004392       __purecall                 10005392 f   LIBCMT:purevirt.obj
 0001:00004472       ___onexitinit              10005472 f   LIBCMT:onexit.obj
 0001:000044a3       __onexit                   100054a3 f   LIBCMT:onexit.obj
 0001:000044df       _atexit                    100054df f   LIBCMT:onexit.obj
 0001:000044f6       __CRT_INIT@12              100054f6 f   LIBCMT:dllcrt0.obj
 0001:00004750       __DllMainCRTStartup@12     10005750 f   LIBCMT:dllcrt0.obj
 0001:00004780       _acos                      10005780 f   LIBCMT:_acos_.obj
 0001:000047c0       __CIacos                   100057c0 f   LIBCMT:_acos_.obj
 0001:000047fb       __CIacos_default           100057fb f   LIBCMT:_acos_.obj
 0001:0000480f       __acos_default             1000580f     LIBCMT:_acos_.obj
 0001:000048d0       _asin                      100058d0 f   LIBCMT:_asin_.obj
 0001:00004910       __CIasin                   10005910 f   LIBCMT:_asin_.obj
 0001:0000494b       __CIasin_default           1000594b f   LIBCMT:_asin_.obj
 0001:0000495f       __asin_default             1000595f     LIBCMT:_asin_.obj
 0001:00004a20       _fmod                      10005a20 f   LIBCMT:_87fmod_.obj
 0001:00004a2a       __CIfmod                   10005a2a f   LIBCMT:_87fmod_.obj
 0001:00004a50       _pow                       10005a50 f   LIBCMT:_pow_.obj
 0001:00004a90       __CIpow                    10005a90 f   LIBCMT:_pow_.obj
 0001:00004acb       __CIpow_default            10005acb f   LIBCMT:_pow_.obj
 0001:00004ae4       __pow_default              10005ae4     LIBCMT:_pow_.obj
 0001:00004ce0       __ftol2_sse                10005ce0 f   LIBCMT:ftol2.obj
 0001:00004ce9       __ftol2_pentium4           10005ce9 f   LIBCMT:ftol2.obj
 0001:00004cfc       __ftol2_sse_excpt          10005cfc f   LIBCMT:ftol2.obj
 0001:00004d16       __ftol2                    10005d16 f   LIBCMT:ftol2.obj
 0001:00004d90       _floor                     10005d90 f   LIBCMT:_floor_pentium4_.obj
 0001:00004dd0       __floor_pentium4           10005dd0 f   LIBCMT:_floor_pentium4_.obj
 0001:00004ec0       __alloca_probe_16          10005ec0 f   LIBCMT:alloca16.obj
 0001:00004ed6       __alloca_probe_8           10005ed6     LIBCMT:alloca16.obj
 0001:00004eec       ??0_LocaleUpdate@@QAE@PAUlocaleinfo_struct@@@Z 10005eec f i LIBCMT:atof.obj
 0001:00004f73       __atof_l                   10005f73 f   LIBCMT:atof.obj
 0001:0000501e       _atof                      1000601e f   LIBCMT:atof.obj
 0001:00005050       _strchr                    10006050 f   LIBCMT:strchr.obj
 0001:00005056       ___from_strstr_to_strchr   10006056     LIBCMT:strchr.obj
 0001:00005110       __alloca_probe             10006110     LIBCMT:chkstk.obj
 0001:00005110       __chkstk                   10006110 f   LIBCMT:chkstk.obj
 0001:00005140       _strstr                    10006140 f   LIBCMT:strstr.obj
 0001:000051c6       __tolower_l                100061c6 f   LIBCMT:tolower.obj
 0001:000052db       _tolower                   100062db f   LIBCMT:tolower.obj
 0001:00005310       _strncat                   10006310 f   LIBCMT:strncat.obj
 0001:00005450       _strncpy                   10006450 f   LIBCMT:strncpy.obj
 0001:00005580       __allmul                   10006580 f   LIBCMT:llmul.obj
 0001:000055c0       __allrem                   100065c0 f   LIBCMT:llrem.obj
 0001:00005680       __alldiv                   10006680 f   LIBCMT:lldiv.obj
 0001:0000572a       __isdigit_l                1000672a f i LIBCMT:_ctype.obj
 0001:0000577b       _isdigit                   1000677b f i LIBCMT:_ctype.obj
 0001:000057a9       __VEC_memzero              100067a9 f   LIBCMT:p4_memset.obj
 0001:00005863       ___sse2_available_init     10006863 f   LIBCMT:cpu_disp.obj
 0001:00005873       __flsbuf                   10006873 f   LIBCMT:_flsbuf.obj
 0001:00005a57       __output_l                 10006a57 f   LIBCMT:output.obj
 0001:00006603       __initp_misc_invarg        10007603 f   LIBCMT:invarg.obj
 0001:00006612       __call_reportfault         10007612 f   LIBCMT:invarg.obj
 0001:0000673b       __invoke_watson            1000773b f   LIBCMT:invarg.obj
 0001:00006760       __invalid_parameter        10007760 f   LIBCMT:invarg.obj
 0001:0000678d       __invalid_parameter_noinfo 1000778d f   LIBCMT:invarg.obj
 0001:0000679d       __get_errno_from_oserr     1000779d f   LIBCMT:dosmap.obj
 0001:000067df       __errno                    100077df f   LIBCMT:dosmap.obj
 0001:000067f2       ___doserrno                100077f2 f   LIBCMT:dosmap.obj
 0001:00006805       __dosmaperr                10007805 f   LIBCMT:dosmap.obj
 0001:00006828       __VEC_memcpy               10007828 f   LIBCMT:p4_memcpy.obj
 0001:0000692b       __forcdecpt_l              1000792b f   LIBCMT:cvt.obj
 0001:0000699f       __cropzeros_l              1000799f f   LIBCMT:cvt.obj
 0001:00006a21       __positive                 10007a21 f   LIBCMT:cvt.obj
 0001:00006a3d       __fassign_l                10007a3d f   LIBCMT:cvt.obj
 0001:00006a7f       __fassign                  10007a7f f   LIBCMT:cvt.obj
 0001:00006ab8       __forcdecpt                10007ab8 f   LIBCMT:cvt.obj
 0001:00006acb       __cropzeros                10007acb f   LIBCMT:cvt.obj
 0001:00006c3f       __cftoe_l                  10007c3f f   LIBCMT:cvt.obj
 0001:00006d06       __cftoe                    10007d06 f   LIBCMT:cvt.obj
 0001:00006d26       __cftoa_l                  10007d26 f   LIBCMT:cvt.obj
 0001:0000719f       __cftof_l                  1000819f f   LIBCMT:cvt.obj
 0001:00007260       __cftog_l                  10008260 f   LIBCMT:cvt.obj
 0001:0000734d       __cfltcvt_l                1000834d f   LIBCMT:cvt.obj
 0001:000073d5       __cfltcvt                  100083d5 f   LIBCMT:cvt.obj
 0001:000073f8       __initp_misc_cfltcvt_tab   100083f8 f   LIBCMT:cmiscdat.obj
 0001:0000741b       __setdefaultprecision      1000841b f   LIBCMT:fp8.obj
 0001:00007443       __encoded_null             10008443 f   LIBCMT:tidtable.obj
 0001:0000744c       ___crtTlsAlloc@4           1000844c f   LIBCMT:tidtable.obj
 0001:00007455       ___set_flsgetvalue         10008455 f   LIBCMT:tidtable.obj
 0001:00007489       __mtterm                   10008489 f   LIBCMT:tidtable.obj
 0001:000074c6       __initptd                  100084c6 f   LIBCMT:tidtable.obj
 0001:0000757a       __getptd_noexit            1000857a f   LIBCMT:tidtable.obj
 0001:000075f3       __getptd                   100085f3 f   LIBCMT:tidtable.obj
 0001:0000760d       __freefls@4                1000860d f   LIBCMT:tidtable.obj
 0001:0000773c       __freeptd                  1000873c f   LIBCMT:tidtable.obj
 0001:000077aa       __mtinit                   100087aa f   LIBCMT:tidtable.obj
 0001:00007925       ?_Type_info_dtor@type_info@@CAXPAV1@@Z 10008925 f   LIBCMT:typname.obj
 0001:000079a0       _strcmp                    100089a0 f   LIBCMT:strcmp.obj
 0001:00007a28       _abort                     10008a28 f   LIBCMT:abort.obj
 0001:00007a5b       __set_abort_behavior       10008a5b f   LIBCMT:abort.obj
 0001:00007a7c       __GET_RTERRMSG             10008a7c f   LIBCMT:crt0msg.obj
 0001:00007aa2       __NMSG_WRITE               10008aa2 f   LIBCMT:crt0msg.obj
 0001:00007c51       __FF_MSGBANNER             10008c51 f   LIBCMT:crt0msg.obj
 0001:00007c8a       __initp_misc_purevirt      10008c8a f   LIBCMT:inithelp.obj
 0001:00007c99       ___crtCorExitProcess       10008c99 f   LIBCMT:crt0dat.obj
 0001:00007cc4       ___crtExitProcess          10008cc4 f   LIBCMT:crt0dat.obj
 0001:00007cdc       __lockexit                 10008cdc f   LIBCMT:crt0dat.obj
 0001:00007ce5       __unlockexit               10008ce5 f   LIBCMT:crt0dat.obj
 0001:00007cee       __init_pointers            10008cee f   LIBCMT:crt0dat.obj
 0001:00007d21       __initterm_e               10008d21 f   LIBCMT:crt0dat.obj
 0001:00007d45       __cinit                    10008d45 f   LIBCMT:crt0dat.obj
 0001:00007f1c       __exit                     10008f1c f   LIBCMT:crt0dat.obj
 0001:00007f32       __cexit                    10008f32 f   LIBCMT:crt0dat.obj
 0001:00007f41       __amsg_exit                10008f41 f   LIBCMT:crt0dat.obj
 0001:00007f60       __SEH_prolog4              10008f60 f   LIBCMT:sehprolg4.obj
 0001:00007fa5       __SEH_epilog4              10008fa5 f   LIBCMT:sehprolg4.obj
 0001:00007fc0       __except_handler4          10008fc0 f   LIBCMT:chandler4.obj
 0001:0000814f       __ioinit                   1000914f f   LIBCMT:ioinit.obj
 0001:00008394       __ioterm                   10009394 f   LIBCMT:ioinit.obj
 0001:000083e7       __setenvp                  100093e7 f   LIBCMT:stdenvp.obj
 0001:0000865d       __setargv                  1000965d f   LIBCMT:stdargv.obj
 0001:00008718       ___crtGetEnvironmentStringsA 10009718 f   LIBCMT:a_env.obj
 0001:000087af       __RTC_Initialize           100097af f   LIBCMT:_initsect_.obj
 0001:000087d5       __RTC_Terminate            100097d5 f   LIBCMT:_initsect_.obj
 0001:000087fb       __XcptFilter               100097fb f   LIBCMT:winxfltr.obj
 0001:00008945       ___CppXcptFilter           10009945 f   LIBCMT:winxfltr.obj
 0001:00008965       _DllMain@12                10009965 f   LIBCMT:dllmain.obj
 0001:0000896b       ___security_init_cookie    1000996b f   LIBCMT:gs_support.obj
 0001:00008a06       __sse2_mathfcns_init       10009a06 f   LIBCMT:_mathfcns_.obj
 0001:00008a20       __CIacos_pentium4          10009a20 f   LIBCMT:_acos_pentium4_.obj
 0001:00008a38       __acos_pentium4            10009a38     LIBCMT:_acos_pentium4_.obj
 0001:00008f80       __trandisp1                10009f80 f   LIBCMT:_87disp_.obj
 0001:00008fe7       __trandisp2                10009fe7 f   LIBCMT:_87disp_.obj
 0001:00009073       __rttospopde               1000a073     LIBCMT:_87disp_.obj
 0001:00009078       __rttospop                 1000a078     LIBCMT:_87disp_.obj
 0001:0000907a       __rtnospop                 1000a07a     LIBCMT:_87disp_.obj
 0001:0000907c       __rttosnpop                1000a07c     LIBCMT:_87disp_.obj
 0001:0000907d       __rtnospopde               1000a07d     LIBCMT:_87disp_.obj
 0001:00009084       __rtzeropop                1000a084     LIBCMT:_87disp_.obj
 0001:00009086       __rtzeronpop               1000a086     LIBCMT:_87disp_.obj
 0001:0000908b       __rtonepop                 1000a08b     LIBCMT:_87disp_.obj
 0001:0000908d       __rtonenpop                1000a08d     LIBCMT:_87disp_.obj
 0001:00009092       __tosnan1                  1000a092     LIBCMT:_87disp_.obj
 0001:000090bd       __nosnan2                  1000a0bd     LIBCMT:_87disp_.obj
 0001:000090bf       __tosnan2                  1000a0bf     LIBCMT:_87disp_.obj
 0001:000090e7       __nan2                     1000a0e7     LIBCMT:_87disp_.obj
 0001:00009126       __rtindfpop                1000a126     LIBCMT:_87disp_.obj
 0001:00009128       __rtindfnpop               1000a128     LIBCMT:_87disp_.obj
 0001:00009139       __rttosnpopde              1000a139     LIBCMT:_87disp_.obj
 0001:00009143       __rtchsifneg               1000a143     LIBCMT:_87disp_.obj
 0001:00009150       __startTwoArgErrorHandling 1000a150 f   LIBCMT:_genexcep_.obj
 0001:00009167       __startOneArgErrorHandling 1000a167 f   LIBCMT:_genexcep_.obj
 0001:000091b0       __twoToTOS                 1000a1b0 f   LIBCMT:_common_.obj
 0001:000091c5       __load_CW                  1000a1c5 f   LIBCMT:_common_.obj
 0001:000091dc       __convertTOStoQNaN         1000a1dc f   LIBCMT:_common_.obj
 0001:000091f5       __fload_withFB             1000a1f5 f   LIBCMT:_common_.obj
 0001:00009238       __checkTOS_withFB          1000a238 f   LIBCMT:_common_.obj
 0001:0000924e       __fast_exit                1000a24e f   LIBCMT:_common_.obj
 0001:0000925b       __math_exit                1000a25b f   LIBCMT:_common_.obj
 0001:00009285       __check_overflow_exit      1000a285 f   LIBCMT:_common_.obj
 0001:00009299       __check_range_exit         1000a299 f   LIBCMT:_common_.obj
 0001:00009340       __CIasin_pentium4          1000a340 f   LIBCMT:_asin_pentium4_.obj
 0001:00009358       __asin_pentium4            1000a358     LIBCMT:_asin_pentium4_.obj
 0001:000098c0       __cintrindisp2             1000a8c0 f   LIBCMT:_87cdisp_.obj
 0001:000098fe       __cintrindisp1             1000a8fe f   LIBCMT:_87cdisp_.obj
 0001:0000993b       __ctrandisp2               1000a93b f   LIBCMT:_87cdisp_.obj
 0001:00009aca       __ctrandisp1               1000aaca f   LIBCMT:_87cdisp_.obj
 0001:00009afd       __fload                    1000aafd f   LIBCMT:_87cdisp_.obj
 0001:00009b40       __CIpow_pentium4           1000ab40 f   LIBCMT:_pow_pentium4_.obj
 0001:00009b59       __pow_pentium4             1000ab59     LIBCMT:_pow_pentium4_.obj
 0001:0000a6b1       __fFEXP                    1000b6b1     LIBCMT:_87tran_.obj
 0001:0000a708       __rtinfpopse               1000b708     LIBCMT:_87tran_.obj
 0001:0000a70a       __rtinfnpopse              1000b70a     LIBCMT:_87tran_.obj
 0001:0000a71a       __fFLN                     1000b71a     LIBCMT:_87tran_.obj
 0001:0000a7cf       __rtinfpop                 1000b7cf     LIBCMT:_87tran_.obj
 0001:0000a7d1       __rtinfnpop                1000b7d1     LIBCMT:_87tran_.obj
 0001:0000a7ee       __ffexpm1                  1000b7ee     LIBCMT:_87tran_.obj
 0001:0000a897       __d_inttype                1000b897 f   LIBCMT:_powhlp_.obj
 0001:0000a901       __powhlp                   1000b901 f   LIBCMT:_powhlp_.obj
 0001:0000aa2c       ___libm_error_support      1000ba2c f   LIBCMT:_libm_error_.obj
 0001:0000acf8       __floor_default            1000bcf8 f   LIBCMT:_floor_.obj
 0001:0000aff3       ___updatetmbcinfo          1000bff3 f   LIBCMT:mbctype.obj
 0001:0000b113       __setmbcp_nolock           1000c113 f   LIBCMT:mbctype.obj
 0001:0000b2fc       __setmbcp                  1000c2fc f   LIBCMT:mbctype.obj
 0001:0000b496       ___initmbctable            1000c496 f   LIBCMT:mbctype.obj
 0001:0000b4b4       ___addlocaleref            1000c4b4 f   LIBCMT:localref.obj
 0001:0000b543       ___removelocaleref         1000c543 f   LIBCMT:localref.obj
 0001:0000b5dc       ___freetlocinfo            1000c5dc f   LIBCMT:localref.obj
 0001:0000b727       __updatetlocinfoEx_nolock  1000c727 f   LIBCMT:localref.obj
 0001:0000b774       ___updatetlocinfo          1000c774 f   LIBCMT:localref.obj
 0001:0000b7ed       __fltin2                   1000c7ed f   LIBCMT:_cfin_.obj
 0001:0000b894       __isctype_l                1000c894 f   LIBCMT:isctype.obj
 0001:0000b94c       @__security_check_cookie@4 1000c94c f   LIBCMT:secchk.obj
 0001:0000b95b       ___strgtold12_l            1000c95b f   LIBCMT:_strgtold_.obj
 0001:0000c037       __freea                    1000d037 f i LIBCMT:a_map.obj
 0001:0000c23e       ___crtLCMapStringA         1000d23e f   LIBCMT:a_map.obj
 0001:0000c284       __isleadbyte_l             1000d284 f i LIBCMT:_wctype.obj
 0001:0000c2bc       _isleadbyte                1000d2bc f i LIBCMT:_wctype.obj
 0001:0000c2cf       __mtinitlocks              1000d2cf f   LIBCMT:mlock.obj
 0001:0000c319       __mtdeletelocks            1000d319 f   LIBCMT:mlock.obj
 0001:0000c370       __unlock                   1000d370 f   LIBCMT:mlock.obj
 0001:0000c387       __mtinitlocknum            1000d387 f   LIBCMT:mlock.obj
 0001:0000c449       __lock                     1000d449 f   LIBCMT:mlock.obj
 0001:0000c480       _strlen                    1000d480 f   LIBCMT:strlen.obj
 0001:0000c510       __lseeki64_nolock          1000d510 f   LIBCMT:lseeki64.obj
 0001:0000c595       __lseeki64                 1000d595 f   LIBCMT:lseeki64.obj
 0001:0000c67f       __write_nolock             1000d67f f   LIBCMT:write.obj
 0001:0000cd7c       __write                    1000dd7c f   LIBCMT:write.obj
 0001:0000ce50       __getbuf                   1000de50 f   LIBCMT:_getbuf.obj
 0001:0000ce99       __isatty                   1000de99 f   LIBCMT:isatty.obj
 0001:0000ceef       ___iob_func                1000deef f   LIBCMT:_file.obj
 0001:0000cef5       ___initstdio               1000def5 f   LIBCMT:_file.obj
 0001:0000cfa6       ___endstdio                1000dfa6 f   LIBCMT:_file.obj
 0001:0000cfc6       __lock_file                1000dfc6 f   LIBCMT:_file.obj
 0001:0000d007       __lock_file2               1000e007 f   LIBCMT:_file.obj
 0001:0000d039       __unlock_file              1000e039 f   LIBCMT:_file.obj
 0001:0000d075       __unlock_file2             1000e075 f   LIBCMT:_file.obj
 0001:0000d0a4       __fileno                   1000e0a4 f   LIBCMT:fileno.obj
 0001:0000d0ca       __get_printf_count_output  1000e0ca f   LIBCMT:printf.obj
 0001:0000d0e0       __wctomb_s_l               1000e0e0 f   LIBCMT:wctomb.obj
 0001:0000d235       _wctomb_s                  1000e235 f   LIBCMT:wctomb.obj
 0001:0000d260       __aulldvrm                 1000e260 f   LIBCMT:ulldvrm.obj
 0001:0000d2f5       __crt_debugger_hook        1000e2f5 f   LIBCMT:dbghook.obj
 0001:0000d2fd       __atodbl_l                 1000e2fd f   LIBCMT:atodbl.obj
 0001:0000d3a5       __atoflt_l                 1000e3a5 f   LIBCMT:atodbl.obj
 0001:0000d44d       _strcpy_s                  1000e44d f   LIBCMT:strcpy_s.obj
 0001:0000d4ac       __fptostr                  1000e4ac f   LIBCMT:_fptostr.obj
 0001:0000d55f       ___dtold                   1000e55f f   LIBCMT:_cfout_.obj
 0001:0000d612       __fltout2                  1000e612 f   LIBCMT:_cfout_.obj
 0001:0000d6a0       __alldvrm                  1000e6a0 f   LIBCMT:lldvrm.obj
 0001:0000d780       __aullshr                  1000e780 f   LIBCMT:ullshr.obj
 0001:0000d79f       __fptrap                   1000e79f f   LIBCMT:crt0fp.obj
 0001:0000d7a8       __controlfp_s              1000e7a8 f   LIBCMT:_contrlfp_.obj
 0001:0000d810       __local_unwind4            1000e810 f   LIBCMT:exsup4.obj
 0001:0000d8e6       __seh_longjmp_unwind4@4    1000e8e6 f   LIBCMT:exsup4.obj
 0001:0000d902       @_EH4_CallFilterFunc@8     1000e902 f   LIBCMT:exsup4.obj
 0001:0000d919       @_EH4_TransferToHandler@8  1000e919 f   LIBCMT:exsup4.obj
 0001:0000d932       @_EH4_GlobalUnwind2@8      1000e932 f   LIBCMT:exsup4.obj
 0001:0000d94b       @_EH4_LocalUnwind@16       1000e94b f   LIBCMT:exsup4.obj
 0001:0000d962       __initp_misc_winsig        1000e962 f   LIBCMT:winsig.obj
 0001:0000d9b7       ___get_sigabrt             1000e9b7 f   LIBCMT:winsig.obj
 0001:0000d9c4       _raise                     1000e9c4 f   LIBCMT:winsig.obj
 0001:0000db67       ___crtMessageBoxW          1000eb67 f   LIBCMT:crtmboxw.obj
 0001:0000dcd3       _wcscat_s                  1000ecd3 f   LIBCMT:wcscat_s.obj
 0001:0000dd48       _wcsncpy_s                 1000ed48 f   LIBCMT:wcsncpy_s.obj
 0001:0000de15       _wcslen                    1000ee15 f   LIBCMT:wcslen.obj
 0001:0000de30       _wcscpy_s                  1000ee30 f   LIBCMT:wcscpy_s.obj
 0001:0000de93       __set_error_mode           1000ee93 f   LIBCMT:errmode.obj
 0001:0000ded2       ?terminate@@YAXXZ          1000eed2 f   LIBCMT:hooks.obj
 0001:0000df0b       __initp_eh_hooks           1000ef0b f   LIBCMT:hooks.obj
 0001:0000df1c       __initp_misc_rand_s        1000ef1c f   LIBCMT:rand_s.obj
 0001:0000df2b       __initp_heap_handler       1000ef2b f   LIBCMT:handler.obj
 0001:0000df40       __ValidateImageBase        1000ef40 f   LIBCMT:pesect.obj
 0001:0000df80       __FindPESection            1000ef80 f   LIBCMT:pesect.obj
 0001:0000dfd0       __IsNonwritableInCurrentImage 1000efd0 f   LIBCMT:pesect.obj
 0001:0000e0df       __ismbblead                1000f0df f   LIBCMT:ismbbyte.obj
 0001:0000e0f7       __87except                 1000f0f7 f   LIBCMT:_87except_.obj
 0001:0000e236       __frnd                     1000f236 f   LIBCMT:_frnd_.obj
 0001:0000e24a       __fpclass                  1000f24a f   LIBCMT:_ieeemisc_.obj
 0001:0000e2e7       __set_exp                  1000f2e7 f   LIBCMT:_util_.obj
 0001:0000e314       __sptype                   1000f314 f   LIBCMT:_util_.obj
 0001:0000e37a       __decomp                   1000f37a f   LIBCMT:_util_.obj
 0001:0000e43d       __matherr                  1000f43d f   LIBCMT:_matherr_.obj
 0001:0000e440       __raise_exc_ex             1000f440 f   LIBCMT:_fpexcept_.obj
 0001:0000e71c       __raise_exc                1000f71c f   LIBCMT:_fpexcept_.obj
 0001:0000e73f       __handle_exc               1000f73f f   LIBCMT:_fpexcept_.obj
 0001:0000e923       __set_errno_from_matherr   1000f923 f   LIBCMT:_fpexcept_.obj
 0001:0000e950       __errcode                  1000f950 f   LIBCMT:_fpexcept_.obj
 0001:0000e984       __umatherr                 1000f984 f   LIBCMT:_fpexcept_.obj
 0001:0000ea24       __handle_qnan1             1000fa24 f   LIBCMT:_fpexcept_.obj
 0001:0000ea79       __except1                  1000fa79 f   LIBCMT:_fpexcept_.obj
 0001:0000eb43       __statfp                   1000fb43 f   LIBCMT:_fpctrl_.obj
 0001:0000eb53       __clrfp                    1000fb53 f   LIBCMT:_fpctrl_.obj
 0001:0000eb64       __ctrlfp                   1000fb64 f   LIBCMT:_fpctrl_.obj
 0001:0000eb8f       __set_statfp               1000fb8f f   LIBCMT:_fpctrl_.obj
 0001:0000ebe7       ___set_fpsr_sse2           1000fbe7 f   LIBCMT:_fpctrl_.obj
 0001:0000ed40       ___crtGetStringTypeA       1000fd40 f   LIBCMT:a_str.obj
 0001:0000ed80       ___free_lc_time            1000fd80 f   LIBCMT:inittime.obj
 0001:0000f0f7       ___free_lconv_num          100100f7 f   LIBCMT:initnum.obj
 0001:0000f160       ___free_lconv_mon          10010160 f   LIBCMT:initmon.obj
 0001:0000f25e       __ld12tod                  1001025e f   LIBCMT:_intrncvt_.obj
 0001:0000f7af       __ld12tof                  100107af f   LIBCMT:_intrncvt_.obj
 0001:0000fd00       ___report_gsfailure        10010d00 f   LIBCMT:gs_report.obj
 0001:0000fe06       ___mtold12                 10010e06 f   LIBCMT:_mantold_.obj
 0001:0000fff0       _strcspn                   10010ff0 f   LIBCMT:strcspn.obj
 0001:00010040       _strpbrk                   10011040 f   LIBCMT:strpbrk.obj
 0001:00010080       __SEH_prolog4_GS           10011080 f   LIBCMT:sehprolg4gs.obj
 0001:000100c8       __SEH_epilog4_GS           100110c8 f   LIBCMT:sehprolg4gs.obj
 0001:000100d7       __mbtowc_l                 100110d7 f   LIBCMT:mbtowc.obj
 0001:000101ed       _mbtowc                    100111ed f   LIBCMT:mbtowc.obj
 0001:00010207       __free_osfhnd              10011207 f   LIBCMT:osfinfo.obj
 0001:0001028d       __get_osfhandle            1001128d f   LIBCMT:osfinfo.obj
 0001:000102f6       ___lock_fhandle            100112f6 f   LIBCMT:osfinfo.obj
 0001:00010395       __unlock_fhandle           10011395 f   LIBCMT:osfinfo.obj
 0001:000103bc       __putwch_nolock            100113bc f   LIBCMT:putwch.obj
 0001:000103fe       __fcloseall                100113fe f   LIBCMT:closeall.obj
 0001:0001049a       __flush                    1001149a f   LIBCMT:fflush.obj
 0001:00010502       __fflush_nolock            10011502 f   LIBCMT:fflush.obj
 0001:00010624       __flushall                 10011624 f   LIBCMT:fflush.obj
 0001:0001062d       _$I10_OUTPUT               1001162d f   LIBCMT:_x10fout_.obj
 0001:00011053       __control87                10012053 f i LIBCMT:_ieee87_.obj
 0001:00011370       __global_unwind2           10012370 f   LIBCMT:exsup.obj
 0001:000113d5       __local_unwind2            100123d5 f   LIBCMT:exsup.obj
 0001:00011459       __abnormal_termination     10012459 f   LIBCMT:exsup.obj
 0001:0001147c       __NLG_Notify1              1001247c f   LIBCMT:exsup.obj
 0001:00011485       __NLG_Notify               10012485 f   LIBCMT:exsup.obj
 0001:0001149c       __NLG_Dispatch2            1001249c     LIBCMT:exsup.obj
 0001:0001149c       __NLG_Dispatch             1001249c     LIBCMT:exsup.obj
 0001:000114a4       __NLG_Call                 100124a4 f   LIBCMT:exsup.obj
 0001:000114a6       __NLG_Return2              100124a6     LIBCMT:exsup.obj
 0001:000114a7       ___ascii_stricmp           100124a7 f   LIBCMT:stricmp.obj
 0001:000114e0       __stricmp_l                100124e0 f   LIBCMT:stricmp.obj
 0001:000115a0       _stricmp                   100125a0 f   LIBCMT:stricmp.obj
 0001:000115a0       __stricmp                  100125a0 f   LIBCMT:stricmp.obj
 0001:000115e7       ___initconout              100125e7 f   LIBCMT:initcon.obj
 0001:00011606       ___termconout              10012606 f   LIBCMT:initcon.obj
 0001:0001161d       __fclose_nolock            1001261d f   LIBCMT:fclose.obj
 0001:0001168a       _fclose                    1001268a f   LIBCMT:fclose.obj
 0001:000116fe       __commit                   100126fe f   LIBCMT:commit.obj
 0001:000117e0       ___ascii_strnicmp          100127e0 f   LIBCMT:_strnicm.obj
 0001:00011841       __close_nolock             10012841 f   LIBCMT:close.obj
 0001:000118dd       __close                    100128dd f   LIBCMT:close.obj
 0001:000119a1       __freebuf                  100129a1 f   LIBCMT:_freebuf.obj
 0001:000119d2       _RtlUnwind@16              100129d2 f   kernel32:KERNEL32.dll
 0002:00000000       __imp__GetModuleFileNameA@12 10013000     kernel32:KERNEL32.dll
 0002:00000004       __imp__VirtualQuery@12     10013004     kernel32:KERNEL32.dll
 0002:00000008       __imp__HeapAlloc@12        10013008     kernel32:KERNEL32.dll
 0002:0000000c       __imp__GetProcessHeap@0    1001300c     kernel32:KERNEL32.dll
 0002:00000010       __imp__FlushFileBuffers@4  10013010     kernel32:KERNEL32.dll
 0002:00000014       __imp__CloseHandle@4       10013014     kernel32:KERNEL32.dll
 0002:00000018       __imp__CreateFileW@28      10013018     kernel32:KERNEL32.dll
 0002:0000001c       __imp__WriteConsoleW@20    1001301c     kernel32:KERNEL32.dll
 0002:00000020       __imp__SetStdHandle@8      10013020     kernel32:KERNEL32.dll
 0002:00000024       __imp__MultiByteToWideChar@24 10013024     kernel32:KERNEL32.dll
 0002:00000028       __imp__WideCharToMultiByte@32 10013028     kernel32:KERNEL32.dll
 0002:0000002c       __imp__GetProcAddress@8    1001302c     kernel32:KERNEL32.dll
 0002:00000030       __imp__DecodePointer@4     10013030     kernel32:KERNEL32.dll
 0002:00000034       __imp__EncodePointer@4     10013034     kernel32:KERNEL32.dll
 0002:00000038       __imp__GetCurrentThreadId@0 10013038     kernel32:KERNEL32.dll
 0002:0000003c       __imp__GetCommandLineA@0   1001303c     kernel32:KERNEL32.dll
 0002:00000040       __imp__GetLastError@0      10013040     kernel32:KERNEL32.dll
 0002:00000044       __imp__IsProcessorFeaturePresent@4 10013044     kernel32:KERNEL32.dll
 0002:00000048       __imp__UnhandledExceptionFilter@4 10013048     kernel32:KERNEL32.dll
 0002:0000004c       __imp__SetUnhandledExceptionFilter@4 1001304c     kernel32:KERNEL32.dll
 0002:00000050       __imp__IsDebuggerPresent@0 10013050     kernel32:KERNEL32.dll
 0002:00000054       __imp__TerminateProcess@8  10013054     kernel32:KERNEL32.dll
 0002:00000058       __imp__GetCurrentProcess@0 10013058     kernel32:KERNEL32.dll
 0002:0000005c       __imp__TlsAlloc@0          1001305c     kernel32:KERNEL32.dll
 0002:00000060       __imp__TlsGetValue@4       10013060     kernel32:KERNEL32.dll
 0002:00000064       __imp__TlsSetValue@8       10013064     kernel32:KERNEL32.dll
 0002:00000068       __imp__TlsFree@4           10013068     kernel32:KERNEL32.dll
 0002:0000006c       __imp__InterlockedIncrement@4 1001306c     kernel32:KERNEL32.dll
 0002:00000070       __imp__GetModuleHandleW@4  10013070     kernel32:KERNEL32.dll
 0002:00000074       __imp__SetLastError@4      10013074     kernel32:KERNEL32.dll
 0002:00000078       __imp__InterlockedDecrement@4 10013078     kernel32:KERNEL32.dll
 0002:0000007c       __imp__WriteFile@20        1001307c     kernel32:KERNEL32.dll
 0002:00000080       __imp__GetStdHandle@4      10013080     kernel32:KERNEL32.dll
 0002:00000084       __imp__GetModuleFileNameW@12 10013084     kernel32:KERNEL32.dll
 0002:00000088       __imp__ExitProcess@4       10013088     kernel32:KERNEL32.dll
 0002:0000008c       __imp__SetHandleCount@4    1001308c     kernel32:KERNEL32.dll
 0002:00000090       __imp__InitializeCriticalSectionAndSpinCount@8 10013090     kernel32:KERNEL32.dll
 0002:00000094       __imp__GetFileType@4       10013094     kernel32:KERNEL32.dll
 0002:00000098       __imp__GetStartupInfoW@4   10013098     kernel32:KERNEL32.dll
 0002:0000009c       __imp__DeleteCriticalSection@4 1001309c     kernel32:KERNEL32.dll
 0002:000000a0       __imp__FreeEnvironmentStringsW@4 100130a0     kernel32:KERNEL32.dll
 0002:000000a4       __imp__GetEnvironmentStringsW@0 100130a4     kernel32:KERNEL32.dll
 0002:000000a8       __imp__QueryPerformanceCounter@4 100130a8     kernel32:KERNEL32.dll
 0002:000000ac       __imp__GetTickCount@0      100130ac     kernel32:KERNEL32.dll
 0002:000000b0       __imp__GetCurrentProcessId@0 100130b0     kernel32:KERNEL32.dll
 0002:000000b4       __imp__GetSystemTimeAsFileTime@4 100130b4     kernel32:KERNEL32.dll
 0002:000000b8       __imp__GetCPInfo@8         100130b8     kernel32:KERNEL32.dll
 0002:000000bc       __imp__GetACP@0            100130bc     kernel32:KERNEL32.dll
 0002:000000c0       __imp__GetOEMCP@0          100130c0     kernel32:KERNEL32.dll
 0002:000000c4       __imp__IsValidCodePage@4   100130c4     kernel32:KERNEL32.dll
 0002:000000c8       __imp__RaiseException@16   100130c8     kernel32:KERNEL32.dll
 0002:000000cc       __imp__LCMapStringW@24     100130cc     kernel32:KERNEL32.dll
 0002:000000d0       __imp__LeaveCriticalSection@4 100130d0     kernel32:KERNEL32.dll
 0002:000000d4       __imp__EnterCriticalSection@4 100130d4     kernel32:KERNEL32.dll
 0002:000000d8       __imp__GetStringTypeW@16   100130d8     kernel32:KERNEL32.dll
 0002:000000dc       __imp__SetFilePointer@16   100130dc     kernel32:KERNEL32.dll
 0002:000000e0       __imp__GetConsoleCP@0      100130e0     kernel32:KERNEL32.dll
 0002:000000e4       __imp__GetConsoleMode@8    100130e4     kernel32:KERNEL32.dll
 0002:000000e8       __imp__RtlUnwind@16        100130e8     kernel32:KERNEL32.dll
 0002:000000ec       __imp__LoadLibraryW@4      100130ec     kernel32:KERNEL32.dll
 0002:000000f0       \177KERNEL32_NULL_THUNK_DATA 100130f0     kernel32:KERNEL32.dll
 0002:000000f4       __imp__GetCPUInformation   100130f4     tier0:tier0.dll
 0002:000000f8       __imp__Msg                 100130f8     tier0:tier0.dll
 0002:000000fc       __imp__Warning             100130fc     tier0:tier0.dll
 0002:00000100       __imp__g_pMemAlloc         10013100     tier0:tier0.dll
 0002:00000104       __imp__AssertValidStringPtr 10013104     tier0:tier0.dll
 0002:00000108       __imp___AssertValidWritePtr 10013108     tier0:tier0.dll
 0002:0000010c       \177tier0_NULL_THUNK_DATA  1001310c     tier0:tier0.dll
 0002:00000110       __imp__KeyValuesSystem     10013110     vstdlib:vstdlib.dll
 0002:00000114       __imp__RandomFloat         10013114     vstdlib:vstdlib.dll
 0002:00000118       \177vstdlib_NULL_THUNK_DATA 10013118     vstdlib:vstdlib.dll
 0002:0000011c       ___xc_a                    1001311c     LIBCMT:crt0init.obj
 0002:00000170       ___xc_z                    10013170     LIBCMT:crt0init.obj
 0002:00000174       ___xi_a                    10013174     LIBCMT:crt0init.obj
 0002:0000018c       ___xi_z                    1001318c     LIBCMT:crt0init.obj
 0002:00000190       ___xp_a                    10013190     LIBCMT:crt0init.obj
 0002:0000019c       ___xp_z                    1001319c     LIBCMT:crt0init.obj
 0002:000001a0       ___xt_a                    100131a0     LIBCMT:crt0init.obj
 0002:000001a4       ___xt_z                    100131a4     LIBCMT:crt0init.obj
 0002:000001cc       __real@38000100            100131cc     serverplugin_bot.obj
 0002:000001d0       ??_C@_00CNPNBAHC@?$AA@     100131d0     serverplugin_bot.obj
 0002:000001d4       ??_C@_0BG@FHJDLLKG@FCVAR_NEVER_AS_STRING?$AA@ 100131d4     serverplugin_bot.obj
 0002:000001ec       __real@bf800000            100131ec     serverplugin_bot.obj
 0002:000001f0       __real@3eb0c6f7a0b5ed8d    100131f0     serverplugin_bot.obj
 0002:000001f8       __real@3f000000            100131f8     serverplugin_bot.obj
 0002:000001fc       __real@44160000            100131fc     serverplugin_bot.obj
 0002:00000200       __real@44960000            10013200     serverplugin_bot.obj
 0002:00000204       __real@40000000            10013204     serverplugin_bot.obj
 0002:00000208       __real@3f800000            10013208     serverplugin_bot.obj
 0002:0000020c       __real@3dcccccd            1001320c     serverplugin_bot.obj
 0002:00000210       ??_C@_0M@MNBJBCMD@joinclass?50?$AA@ 10013210     serverplugin_bot.obj
 0002:0000021c       ??_C@_0L@NCGIGCAG@jointeam?53?$AA@ 1001321c     serverplugin_bot.obj
 0002:00000228       ??_C@_08FKNMJMK@joingame?$AA@ 10013228     serverplugin_bot.obj
 0002:00000238       ??_7CTraceFilterWorldAndPropsOnly@@6B@ 10013238     serverplugin_bot.obj
 0002:00000240       __real@41700000            10013240     serverplugin_bot.obj
 0002:00000244       __real@c3340000            10013244     serverplugin_bot.obj
 0002:00000248       __real@43b40000            10013248     serverplugin_bot.obj
 0002:0000024c       __real@43340000            1001324c     serverplugin_bot.obj
 0002:00000250       __real@41200000            10013250     serverplugin_bot.obj
 0002:00000254       __real@42100000            10013254     serverplugin_bot.obj
 0002:00000258       __real@c1800000            10013258     serverplugin_bot.obj
 0002:0000025c       __real@42900000            1001325c     serverplugin_bot.obj
 0002:00000260       __real@41800000            10013260     serverplugin_bot.obj
 0002:00000264       __real@c1700000            10013264     serverplugin_bot.obj
 0002:00000268       ??_C@_06FNCAPEEA@Bot_?$CFi?$AA@ 10013268     serverplugin_bot.obj
 0002:00000270       ??_C@_0BL@LBCPOBOF@plugin_bot_forcefireweapon?$AA@ 10013270     serverplugin_bot.obj
 0002:0000028c       ??_C@_0CO@NNJHAIPB@Force?5bots?5with?5the?5specified?5we@ 1001328c     serverplugin_bot.obj
 0002:000002bc       ??_C@_0BI@DPHNKEHN@plugin_bot_forceattack2?$AA@ 100132bc     serverplugin_bot.obj
 0002:000002d4       ??_C@_01GBGANLPD@0?$AA@    100132d4     serverplugin_bot.obj
 0002:000002d8       ??_C@_0BK@IIIPJCI@When?5firing?0?5use?5attack2?4?$AA@ 100132d8     serverplugin_bot.obj
 0002:000002f4       ??_C@_0BJ@LBJBILOP@plugin_bot_forceattackon?$AA@ 100132f4     serverplugin_bot.obj
 0002:00000310       ??_C@_0CL@FEILKIFG@When?5firing?0?5don?8t?5tap?5fire?0?5hol@ 10013310     serverplugin_bot.obj
 0002:0000033c       ??_C@_0BD@MMCOAFA@plugin_bot_flipout?$AA@ 1001333c     serverplugin_bot.obj
 0002:00000350       ??_C@_0CD@FJEMHCEH@When?5on?0?5all?5bots?5fire?5their?5gun@ 10013350     serverplugin_bot.obj
 0002:00000374       ??_C@_0BH@OKCPLICO@plugin_bot_changeclass?$AA@ 10013374     serverplugin_bot.obj
 0002:0000038c       ??_C@_0DB@MJPFGPIJ@Force?5all?5bots?5to?5change?5to?5the?5@ 1001338c     serverplugin_bot.obj
 0002:000003c0       ??_C@_0BB@PINCOLFD@plugin_bot_mimic?$AA@ 100133c0     serverplugin_bot.obj
 0002:000003d4       ??_C@_0CF@HKHCBGPP@Bot?5uses?5usercmd?5of?5player?5by?5in@ 100133d4     serverplugin_bot.obj
 0002:000003fc       ??_C@_0BM@BMKEEKDN@plugin_bot_mimic_yaw_offset?$AA@ 100133fc     serverplugin_bot.obj
 0002:00000418       ??_C@_0BF@FNDGHLCD@Offsets?5the?5bot?5yaw?4?$AA@ 10013418     serverplugin_bot.obj
 0002:00000430       ??_C@_0BD@DHEFMEBH@plugin_bot_sendcmd?$AA@ 10013430     serverplugin_bot.obj
 0002:00000444       ??_C@_0CL@HDMANDCM@Forces?5bots?5to?5send?5the?5specifie@ 10013444     serverplugin_bot.obj
 0002:00000470       ??_C@_0BC@GJPABEI@plugin_bot_crouch?$AA@ 10013470     serverplugin_bot.obj
 0002:00000484       ??_C@_0N@LBLODGDI@Bot?5crouches?$AA@ 10013484     serverplugin_bot.obj
 0002:00000494       ??_C@_0P@DCAALBEH@plugin_bot_add?$AA@ 10013494     serverplugin_bot.obj
 0002:000004a4       ??_C@_0L@FBGONGHH@Add?5a?5bot?4?$AA@ 100134a4     serverplugin_bot.obj
 0002:000004b4       ??_7IGameEventListener@@6B@ 100134b4     serverplugin_empty.obj
 0002:000004c4       ??_7CEmptyServerPlugin@@6BIServerPluginCallbacks@@@ 100134c4     serverplugin_empty.obj
 0002:00000518       __real@400ccccd            10013518     serverplugin_empty.obj
 0002:0000051c       ??_C@_0BB@GGLDEOJH@VEngineRandom001?$AA@ 1001351c     serverplugin_empty.obj
 0002:00000530       ??_C@_0BF@MCLCNLOC@EngineTraceServer003?$AA@ 10013530     serverplugin_empty.obj
 0002:00000548       ??_C@_0BI@MINMEAOF@ISERVERPLUGINHELPERS001?$AA@ 10013548     serverplugin_empty.obj
 0002:00000560       ??_C@_0BF@IFKKOJOJ@GAMEEVENTSMANAGER001?$AA@ 10013560     serverplugin_empty.obj
 0002:00000578       ??_C@_0BB@EPGHCKHN@VEngineServer021?$AA@ 10013578     serverplugin_empty.obj
 0002:0000058c       ??_C@_0CI@MLOIEJHN@Unable?5to?5load?5botcontroller?0?5ig@ 1001358c     serverplugin_empty.obj
 0002:000005b4       ??_C@_0O@KMGCIEJP@BotManager001?$AA@ 100135b4     serverplugin_empty.obj
 0002:000005c4       ??_C@_0CM@DHKFEKEL@Unable?5to?5load?5playerinfomanager@ 100135c4     serverplugin_empty.obj
 0002:000005f0       ??_C@_0BF@KHEIIEDP@PlayerInfoManager002?$AA@ 100135f0     serverplugin_empty.obj
 0002:00000608       ??_C@_0BE@ILKNPCNC@Emtpy?9Plugin?0?5Valve?$AA@ 10013608     serverplugin_empty.obj
 0002:0000061c       ??_C@_0BM@LHJGLBIE@Level?5?$CC?$CFs?$CC?5has?5been?5loaded?6?$AA@ 1001361c     serverplugin_empty.obj
 0002:00000638       ??_C@_0CG@NOGHMIGC@Your?5name?5changed?5to?5?$CC?$CFs?$CC?5?$CIfrom?5@ 10013638     serverplugin_empty.obj
 0002:00000660       ??_C@_04MEMAJGDJ@name?$AA@ 10013660     serverplugin_empty.obj
 0002:00000668       ??_C@_04CLCEDBPF@time?$AA@ 10013668     serverplugin_empty.obj
 0002:00000670       ??_C@_05PHLGJONK@title?$AA@ 10013670     serverplugin_empty.obj
 0002:00000678       ??_C@_04EEIGNHLG@menu?$AA@ 10013678     serverplugin_empty.obj
 0002:00000680       ??_C@_0BK@HJGOPEIJ@DoAskConnect?5?$DMserver?5IP?$DO?6?$AA@ 10013680     serverplugin_empty.obj
 0002:0000069c       ??_C@_0DL@ELJMLEBL@Cvar?5query?5?$CIcookie?3?5?$CFd?0?5status?3?5@ 1001369c     serverplugin_empty.obj
 0002:000006d8       ??_C@_0DD@CBDJMHDL@CEmptyServerPlugin?3?3FireGameEven@ 100136d8     serverplugin_empty.obj
 0002:0000070c       ??_C@_0BB@EIJKFAEE@Version?32?40?40?40?6?$AA@ 1001370c     serverplugin_empty.obj
 0002:00000724       ??_7CEmptyServerPlugin@@6BIGameEventListener@@@ 10013724     serverplugin_empty.obj
 0002:0000072c       ??_C@_05KJNJLLGA@level?$AA@ 1001372c     serverplugin_empty.obj
 0002:00000734       ??_C@_05PEENBMOG@color?$AA@ 10013734     serverplugin_empty.obj
 0002:0000073c       ??_C@_0M@FOMKIIJH@Hello?5there?$AA@ 1001373c     serverplugin_empty.obj
 0002:00000748       ??_C@_05COLMCDPH@Hello?$AA@ 10013748     serverplugin_empty.obj
 0002:00000750       ??_C@_03GLPMCEFE@msg?$AA@  10013750     serverplugin_empty.obj
 0002:00000754       ??_C@_03BANJEMDJ@say?$AA@  10013754     serverplugin_empty.obj
 0002:00000758       ??_C@_0BA@FNDCHBCB@Enter?5something?$AA@ 10013758     serverplugin_empty.obj
 0002:00000768       ??_C@_05OLGJEJBH@Stuff?$AA@ 10013768     serverplugin_empty.obj
 0002:00000770       ??_C@_05HNNDEAND@entry?$AA@ 10013770     serverplugin_empty.obj
 0002:00000778       ??_C@_0BE@JEEPPAPE@Just?5a?5simple?5hello?$AA@ 10013778     serverplugin_empty.obj
 0002:00000790       ??_C@_0EA@CIJPNFIE@This?5is?5a?5long?5long?5long?5text?5st@ 10013790     serverplugin_empty.obj
 0002:000007d0       ??_C@_0P@HMAGMGE@A?5rich?5message?$AA@ 100137d0     serverplugin_empty.obj
 0002:000007e0       ??_C@_04BLFEJHBC@rich?$AA@ 100137e0     serverplugin_empty.obj
 0002:000007e8       ??_C@_07KMMNMMFF@command?$AA@ 100137e8     serverplugin_empty.obj
 0002:000007f0       ??_C@_08ELICKKFH@option?$CFi?$AA@ 100137f0     serverplugin_empty.obj
 0002:000007fc       ??_C@_09EAHIBBFF@Option?5?$CFi?$AA@ 100137fc     serverplugin_empty.obj
 0002:00000808       ??_C@_02IKAHHCAI@?$CFi?$AA@ 10013808     serverplugin_empty.obj
 0002:0000080c       ??_C@_0BJ@PBCALLLO@Pick?5an?5option?6Or?5don?8t?4?$AA@ 1001380c     serverplugin_empty.obj
 0002:00000828       ??_C@_0BM@GFIPMON@You?8ve?5got?5options?0?5hit?5ESC?$AA@ 10013828     serverplugin_empty.obj
 0002:00000844       ??_C@_0BK@KKMILLMK@ISERVERPLUGINCALLBACKS003?$AA@ 10013844     serverplugin_empty.obj
 0002:00000860       ??_C@_0N@MANNMGEK@DoAskConnect?$AA@ 10013860     serverplugin_empty.obj
 0002:00000870       ??_C@_0DG@MCEHNNDH@Server?5plugin?5example?5of?5using?5t@ 10013870     serverplugin_empty.obj
 0002:000008a8       ??_C@_0O@BHBBOCBB@empty_version?$AA@ 100138a8     serverplugin_empty.obj
 0002:000008b8       ??_C@_0CH@LOPCFAAE@prints?5the?5version?5of?5the?5empty?5@ 100138b8     serverplugin_empty.obj
 0002:000008e0       ??_C@_09LMEJGGDD@empty_log?$AA@ 100138e0     serverplugin_empty.obj
 0002:000008ec       ??_C@_0CF@EBLEFAEB@logs?5the?5version?5of?5the?5empty?5pl@ 100138ec     serverplugin_empty.obj
 0002:00000914       ??_C@_0N@MEPEJGFK@plugin_empty?$AA@ 10013914     serverplugin_empty.obj
 0002:00000924       ??_C@_0BE@BEOFDBNA@Example?5plugin?5cvar?$AA@ 10013924     serverplugin_empty.obj
 0002:00000938       ?nanmask@@3HB              10013938     mathlib:mathlib_base.obj
 0002:0000093c       __real@34000000            1001393c     mathlib:mathlib_base.obj
 0002:00000940       __real@3f70000000000000    10013940     mathlib:mathlib_base.obj
 0002:00000948       __real@400921fb54442d18    10013948     mathlib:mathlib_base.obj
 0002:00000950       __real@4000000000000000    10013950     mathlib:mathlib_base.obj
 0002:00000958       __real@0000000000000000    10013958     mathlib:mathlib_base.obj
 0002:00000960       __real@3c8efa35            10013960     mathlib:mathlib_base.obj
 0002:00000968       __real@3fe0000000000000    10013968     mathlib:mathlib_base.obj
 0002:00000970       __real@3ff0000000000000    10013970     mathlib:mathlib_base.obj
 0002:00000978       __real@40400000            10013978     mathlib:mathlib_base.obj
 0002:0000097c       __real@3e800000            1001397c     mathlib:mathlib_base.obj
 0002:00000980       __real@3e000000            10013980     mathlib:mathlib_base.obj
 0002:00000988       __real@40019999a0000000    10013988     mathlib:color_conversion.obj
 0002:00000990       __real@3fdd1745c0000000    10013990     mathlib:color_conversion.obj
 0002:00000998       __real@437f0000            10013998     mathlib:color_conversion.obj
 0002:000009a0       __real@3f50000000000000    100139a0     mathlib:color_conversion.obj
 0002:000009a8       __real@406fe00000000000    100139a8     mathlib:color_conversion.obj
 0002:000009b0       __real@3fec000000000000    100139b0     mathlib:color_conversion.obj
 0002:000009b8       __real@3f50040100401004    100139b8     mathlib:color_conversion.obj
 0002:000009c0       __real@3b808081            100139c0     mathlib:color_conversion.obj
 0002:000009c8       __real@3fc0000000000000    100139c8     mathlib:color_conversion.obj
 0002:000009d0       __real@3fb3333333333333    100139d0     mathlib:color_conversion.obj
 0002:000009d8       __real@3d4ccccd            100139d8     mathlib:color_conversion.obj
 0002:00000aa4       ??_7ConCommandBase@@6B@    10013aa4     tier1:convar.obj
 0002:00000ad0       ??_7ConCommand@@6B@        10013ad0     tier1:convar.obj
 0002:00000b08       ??_7IConVar@@6B@           10013b08     tier1:convar.obj
 0002:00000b20       ??_7ConVar@@6BIConVar@@@   10013b20     tier1:convar.obj
 0002:00000b3c       ??_7ConVar@@6BConCommandBase@@@ 10013b3c     tier1:convar.obj
 0002:00000b7c       ??_C@_02NJPGOMH@?$CFf?$AA@ 10013b7c     tier1:convar.obj
 0002:00000b80       ??_C@_02DPKJAMEF@?$CFd?$AA@ 10013b80     tier1:convar.obj
 0002:00000b88       ??_7CDefaultAccessor@@6B@  10013b88     tier1:convar.obj
 0002:00000b90       ??_7CEmptyConVar@@6BIConVar@@@ 10013b90     tier1:convar.obj
 0002:00000bac       ??_7CEmptyConVar@@6BConCommandBase@@@ 10013bac     tier1:convar.obj
 0002:00000bec       ??_C@_01JOAMLHOP@?9?$AA@   10013bec     tier1:strtools.obj
 0002:00000bf0       ??_C@_0BB@MDCHKHHM@VProcessUtils001?$AA@ 10013bf0     tier1:tier1.obj
 0002:00000c04       ??_C@_0P@BMLDPPDB@VEngineCvar004?$AA@ 10013c04     tier1:tier1.obj
 0002:00000c14       ??_C@_07CIFAGBMG@unknown?$AA@ 10013c14     tier1:KeyValues.obj
 0002:00000c1c       ??_C@_04HIBGFPH@NULL?$AA@  10013c1c     tier1:KeyValues.obj
 0002:00000c24       ??_C@_01BJJEKLCA@?$CC?$AA@ 10013c24     tier1:KeyValues.obj
 0002:00000c28       ??_C@_01GEODFPGF@?8?$AA@   10013c28     tier1:utlbuffer.obj
 0002:00000c2c       ??_C@_01OGPIMHDM@?$DP?$AA@ 10013c2c     tier1:utlbuffer.obj
 0002:00000c30       ??_C@_01KICIPPFI@?2?$AA@   10013c30     tier1:utlbuffer.obj
 0002:00000c34       ??_C@_01MCMALHOG@a?$AA@    10013c34     tier1:utlbuffer.obj
 0002:00000c38       ??_C@_01INIBCBCB@f?$AA@    10013c38     tier1:utlbuffer.obj
 0002:00000c3c       ??_C@_01KDCPPGHE@r?$AA@    10013c3c     tier1:utlbuffer.obj
 0002:00000c40       ??_C@_01OJONOECF@b?$AA@    10013c40     tier1:utlbuffer.obj
 0002:00000c44       ??_C@_01MHEDDDHA@v?$AA@    10013c44     tier1:utlbuffer.obj
 0002:00000c48       ??_C@_01PFHFFBPC@t?$AA@    10013c48     tier1:utlbuffer.obj
 0002:00000c4c       ??_C@_01EFFIKLCJ@n?$AA@    10013c4c     tier1:utlbuffer.obj
 0002:00000c54       ??_7CUtlCharConversion@@6B@ 10013c54     tier1:utlbuffer.obj
 0002:00000c5c       ??_7CUtlNoEscConversion@@6B@ 10013c5c     tier1:utlbuffer.obj
 0002:00000c64       ??_7CUtlCStringConversion@@6B@ 10013c64     tier1:utlbuffer.obj
 0002:00000c68       ??_C@_0BH@EDCMADAP@QueuedLoaderVersion001?$AA@ 10013c68     tier2:tier2.obj
 0002:00000c80       ??_C@_0L@JKJAFMO@VMDLLIB001?$AA@ 10013c80     tier2:tier2.obj
 0002:00000c8c       ??_C@_06GIKEPADO@VP4001?$AA@ 10013c8c     tier2:tier2.obj
 0002:00000c94       ??_C@_0BK@BIOKFMO@COLORCORRECTION_VERSION_1?$AA@ 10013c94     tier2:tier2.obj
 0002:00000cb0       ??_C@_0BC@LDFGJHOB@VBAllocTracker001?$AA@ 10013cb0     tier2:tier2.obj
 0002:00000cc4       ??_C@_0BE@PCBACOML@DebugTextureInfo001?$AA@ 10013cc4     tier2:tier2.obj
 0002:00000cd8       ??_C@_0CA@CMOGODCE@MaterialSystemHardwareConfig012?$AA@ 10013cd8     tier2:tier2.obj
 0002:00000cf8       ??_C@_0BI@OFANKHPJ@NetworkSystemVersion001?$AA@ 10013cf8     tier2:tier2.obj
 0002:00000d10       ??_C@_0BG@BKNMCPPE@InputSystemVersion001?$AA@ 10013d10     tier2:tier2.obj
 0002:00000d28       ??_C@_0BD@JIHPMPMC@VMaterialSystem079?$AA@ 10013d28     tier2:tier2.obj
 0002:00000d3c       ??_C@_0P@PAEMGLHD@VFileSystem017?$AA@ 10013d3c     tier2:tier2.obj
 0002:00000d4c       __FPinit                   10013d4c     LIBCMT:_fpinit_.obj
 0002:00000d54       ??_7type_info@@6B@         10013d54     LIBCMT:typinfo.obj
 0002:00000d58       __pDefaultRawDllMain       10013d58     LIBCMT:dllcrt0.obj
 0002:00000d58       __pRawDllMain              10013d58     LIBCMT:dllcrt0.obj
 0002:00000d60       __OP_FMODjmptab            10013d60     LIBCMT:_87fmod_.obj
 0002:00000e00       ??_C@_1O@CEDCILHN@?$AA?$CI?$AAn?$AAu?$AAl?$AAl?$AA?$CJ?$AA?$AA@ 10013e00     LIBCMT:output.obj
 0002:00000e10       ??_C@_06OJHGLDPL@?$CInull?$CJ?$AA@ 10013e10     LIBCMT:output.obj
 0002:00000e18       ___lookuptable             10013e18     LIBCMT:output.obj
 0002:00000e74       ??_C@_05KLBDPFGC@e?$CL000?$AA@ 10013e74     LIBCMT:cvt.obj
 0002:00000e7c       ??_C@_1BK@DBDEIDLH@?$AAK?$AAE?$AAR?$AAN?$AAE?$AAL?$AA3?$AA2?$AA?4?$AAD?$AAL?$AAL?$AA?$AA@ 10013e7c     LIBCMT:tidtable.obj
 0002:00000e98       ??_C@_07PEJMOBNF@FlsFree?$AA@ 10013e98     LIBCMT:tidtable.obj
 0002:00000ea0       ??_C@_0M@JCPCPOEF@FlsSetValue?$AA@ 10013ea0     LIBCMT:tidtable.obj
 0002:00000eac       ??_C@_0M@GDNOONDI@FlsGetValue?$AA@ 10013eac     LIBCMT:tidtable.obj
 0002:00000eb8       ??_C@_08KNHFBNJ@FlsAlloc?$AA@ 10013eb8     LIBCMT:tidtable.obj
 0002:00000ec4       ??_C@_1BO@BKOMIGKJ@?$AAr?$AAu?$AAn?$AAt?$AAi?$AAm?$AAe?$AA?5?$AAe?$AAr?$AAr?$AAo?$AAr?$AA?5?$AA?$AA@ 10013ec4     LIBCMT:crt0msg.obj
 0002:00000ee4       ??_C@_15JNBOKNOG@?$AA?$AN?$AA?6?$AA?$AA@ 10013ee4     LIBCMT:crt0msg.obj
 0002:00000eec       ??_C@_1BM@JBBEPPHI@?$AAT?$AAL?$AAO?$AAS?$AAS?$AA?5?$AAe?$AAr?$AAr?$AAo?$AAr?$AA?$AN?$AA?6?$AA?$AA@ 10013eec     LIBCMT:crt0msg.obj
 0002:00000f08       ??_C@_1BK@KMOMNAAI@?$AAS?$AAI?$AAN?$AAG?$AA?5?$AAe?$AAr?$AAr?$AAo?$AAr?$AA?$AN?$AA?6?$AA?$AA@ 10013f08     LIBCMT:crt0msg.obj
 0002:00000f24       ??_C@_1BO@BFCDCGC@?$AAD?$AAO?$AAM?$AAA?$AAI?$AAN?$AA?5?$AAe?$AAr?$AAr?$AAo?$AAr?$AA?$AN?$AA?6?$AA?$AA@ 10013f24     LIBCMT:crt0msg.obj
 0002:00000f48       ??_C@_1BOO@KGEDBGAJ@?$AAR?$AA6?$AA0?$AA3?$AA3?$AA?$AN?$AA?6?$AA?9?$AA?5?$AAA?$AAt?$AAt?$AAe?$AAm?$AAp?$AAt?$AA?5?$AAt?$AAo?$AA?5?$AAu?$AAs?$AAe?$AA?5?$AAM?$AAS?$AAI?$AAL?$AA?5?$AAc?$AAo?$AAd@ 10013f48     LIBCMT:crt0msg.obj
 0002:00001138       ??_C@_1GG@GOPILAJP@?$AAR?$AA6?$AA0?$AA3?$AA2?$AA?$AN?$AA?6?$AA?9?$AA?5?$AAn?$AAo?$AAt?$AA?5?$AAe?$AAn?$AAo?$AAu?$AAg?$AAh?$AA?5?$AAs?$AAp?$AAa?$AAc?$AAe?$AA?5?$AAf?$AAo?$AAr?$AA?5?$AAl?$AAo@ 10014138     LIBCMT:crt0msg.obj
 0002:000011a0       ??_C@_1MG@ENCOOIDF@?$AAR?$AA6?$AA0?$AA3?$AA1?$AA?$AN?$AA?6?$AA?9?$AA?5?$AAA?$AAt?$AAt?$AAe?$AAm?$AAp?$AAt?$AA?5?$AAt?$AAo?$AA?5?$AAi?$AAn?$AAi?$AAt?$AAi?$AAa?$AAl?$AAi?$AAz?$AAe?$AA?5?$AAt@ 100141a0     LIBCMT:crt0msg.obj
 0002:00001268       ??_C@_1DO@BMFCDCD@?$AAR?$AA6?$AA0?$AA3?$AA0?$AA?$AN?$AA?6?$AA?9?$AA?5?$AAC?$AAR?$AAT?$AA?5?$AAn?$AAo?$AAt?$AA?5?$AAi?$AAn?$AAi?$AAt?$AAi?$AAa?$AAl?$AAi?$AAz?$AAe?$AAd?$AA?$AN?$AA?6?$AA?$AA@ 10014268     LIBCMT:crt0msg.obj
 0002:000012a8       ??_C@_1EK@HHFLMAOL@?$AAR?$AA6?$AA0?$AA2?$AA8?$AA?$AN?$AA?6?$AA?9?$AA?5?$AAu?$AAn?$AAa?$AAb?$AAl?$AAe?$AA?5?$AAt?$AAo?$AA?5?$AAi?$AAn?$AAi?$AAt?$AAi?$AAa?$AAl?$AAi?$AAz?$AAe?$AA?5?$AAh?$AAe@ 100142a8     LIBCMT:crt0msg.obj
 0002:000012f8       ??_C@_1GK@MFGOKLAG@?$AAR?$AA6?$AA0?$AA2?$AA7?$AA?$AN?$AA?6?$AA?9?$AA?5?$AAn?$AAo?$AAt?$AA?5?$AAe?$AAn?$AAo?$AAu?$AAg?$AAh?$AA?5?$AAs?$AAp?$AAa?$AAc?$AAe?$AA?5?$AAf?$AAo?$AAr?$AA?5?$AAl?$AAo@ 100142f8     LIBCMT:crt0msg.obj
 0002:00001368       ??_C@_1GK@MCAAGJMO@?$AAR?$AA6?$AA0?$AA2?$AA6?$AA?$AN?$AA?6?$AA?9?$AA?5?$AAn?$AAo?$AAt?$AA?5?$AAe?$AAn?$AAo?$AAu?$AAg?$AAh?$AA?5?$AAs?$AAp?$AAa?$AAc?$AAe?$AA?5?$AAf?$AAo?$AAr?$AA?5?$AAs?$AAt@ 10014368     LIBCMT:crt0msg.obj
 0002:000013d8       ??_C@_1EM@MAADIHMB@?$AAR?$AA6?$AA0?$AA2?$AA5?$AA?$AN?$AA?6?$AA?9?$AA?5?$AAp?$AAu?$AAr?$AAe?$AA?5?$AAv?$AAi?$AAr?$AAt?$AAu?$AAa?$AAl?$AA?5?$AAf?$AAu?$AAn?$AAc?$AAt?$AAi?$AAo?$AAn?$AA?5?$AAc@ 100143d8     LIBCMT:crt0msg.obj
 0002:00001428       ??_C@_1GK@FHCKBEFA@?$AAR?$AA6?$AA0?$AA2?$AA4?$AA?$AN?$AA?6?$AA?9?$AA?5?$AAn?$AAo?$AAt?$AA?5?$AAe?$AAn?$AAo?$AAu?$AAg?$AAh?$AA?5?$AAs?$AAp?$AAa?$AAc?$AAe?$AA?5?$AAf?$AAo?$AAr?$AA?5?$AA_?$AAo@ 10014428     LIBCMT:crt0msg.obj
 0002:00001498       ??_C@_1FC@ECHBIFBC@?$AAR?$AA6?$AA0?$AA1?$AA9?$AA?$AN?$AA?6?$AA?9?$AA?5?$AAu?$AAn?$AAa?$AAb?$AAl?$AAe?$AA?5?$AAt?$AAo?$AA?5?$AAo?$AAp?$AAe?$AAn?$AA?5?$AAc?$AAo?$AAn?$AAs?$AAo?$AAl?$AAe?$AA?5@ 10014498     LIBCMT:crt0msg.obj
 0002:000014f0       ??_C@_1EC@JIBHAOPH@?$AAR?$AA6?$AA0?$AA1?$AA8?$AA?$AN?$AA?6?$AA?9?$AA?5?$AAu?$AAn?$AAe?$AAx?$AAp?$AAe?$AAc?$AAt?$AAe?$AAd?$AA?5?$AAh?$AAe?$AAa?$AAp?$AA?5?$AAe?$AAr?$AAr?$AAo?$AAr?$AA?$AN?$AA?6@ 100144f0     LIBCMT:crt0msg.obj
 0002:00001538       ??_C@_1FK@BEOGODMC@?$AAR?$AA6?$AA0?$AA1?$AA7?$AA?$AN?$AA?6?$AA?9?$AA?5?$AAu?$AAn?$AAe?$AAx?$AAp?$AAe?$AAc?$AAt?$AAe?$AAd?$AA?5?$AAm?$AAu?$AAl?$AAt?$AAi?$AAt?$AAh?$AAr?$AAe?$AAa?$AAd?$AA?5@ 10014538     LIBCMT:crt0msg.obj
 0002:00001598       ??_C@_1FI@LOGNIKDM@?$AAR?$AA6?$AA0?$AA1?$AA6?$AA?$AN?$AA?6?$AA?9?$AA?5?$AAn?$AAo?$AAt?$AA?5?$AAe?$AAn?$AAo?$AAu?$AAg?$AAh?$AA?5?$AAs?$AAp?$AAa?$AAc?$AAe?$AA?5?$AAf?$AAo?$AAr?$AA?5?$AAt?$AAh@ 10014598     LIBCMT:crt0msg.obj
 0002:000015f0       ??_C@_1EG@BEHAGFJD@?$AAR?$AA6?$AA0?$AA1?$AA0?$AA?$AN?$AA?6?$AA?9?$AA?5?$AAa?$AAb?$AAo?$AAr?$AAt?$AA?$CI?$AA?$CJ?$AA?5?$AAh?$AAa?$AAs?$AA?5?$AAb?$AAe?$AAe?$AAn?$AA?5?$AAc?$AAa?$AAl?$AAl?$AAe?$AAd@ 100145f0     LIBCMT:crt0msg.obj
 0002:00001638       ??_C@_1FI@HONFMGBI@?$AAR?$AA6?$AA0?$AA0?$AA9?$AA?$AN?$AA?6?$AA?9?$AA?5?$AAn?$AAo?$AAt?$AA?5?$AAe?$AAn?$AAo?$AAu?$AAg?$AAh?$AA?5?$AAs?$AAp?$AAa?$AAc?$AAe?$AA?5?$AAf?$AAo?$AAr?$AA?5?$AAe?$AAn@ 10014638     LIBCMT:crt0msg.obj
 0002:00001690       ??_C@_1FE@LLNEDJMD@?$AAR?$AA6?$AA0?$AA0?$AA8?$AA?$AN?$AA?6?$AA?9?$AA?5?$AAn?$AAo?$AAt?$AA?5?$AAe?$AAn?$AAo?$AAu?$AAg?$AAh?$AA?5?$AAs?$AAp?$AAa?$AAc?$AAe?$AA?5?$AAf?$AAo?$AAr?$AA?5?$AAa?$AAr@ 10014690     LIBCMT:crt0msg.obj
 0002:000016e8       ??_C@_1FK@PGACCAFB@?$AAR?$AA6?$AA0?$AA0?$AA2?$AA?$AN?$AA?6?$AA?9?$AA?5?$AAf?$AAl?$AAo?$AAa?$AAt?$AAi?$AAn?$AAg?$AA?5?$AAp?$AAo?$AAi?$AAn?$AAt?$AA?5?$AAs?$AAu?$AAp?$AAp?$AAo?$AAr?$AAt?$AA?5@ 100146e8     LIBCMT:crt0msg.obj
 0002:000017f8       ??_C@_1EK@MBDPDCGA@?$AAM?$AAi?$AAc?$AAr?$AAo?$AAs?$AAo?$AAf?$AAt?$AA?5?$AAV?$AAi?$AAs?$AAu?$AAa?$AAl?$AA?5?$AAC?$AA?$CL?$AA?$CL?$AA?5?$AAR?$AAu?$AAn?$AAt?$AAi?$AAm?$AAe?$AA?5?$AAL?$AAi?$AAb@ 100147f8     LIBCMT:crt0msg.obj
 0002:00001844       ??_C@_15IABLJNFO@?$AA?6?$AA?6?$AA?$AA@ 10014844     LIBCMT:crt0msg.obj
 0002:0000184c       ??_C@_17LGKOMLJ@?$AA?4?$AA?4?$AA?4?$AA?$AA@ 1001484c     LIBCMT:crt0msg.obj
 0002:00001854       ??_C@_1CO@EAEJAADC@?$AA?$DM?$AAp?$AAr?$AAo?$AAg?$AAr?$AAa?$AAm?$AA?5?$AAn?$AAa?$AAm?$AAe?$AA?5?$AAu?$AAn?$AAk?$AAn?$AAo?$AAw?$AAn?$AA?$DO?$AA?$AA@ 10014854     LIBCMT:crt0msg.obj
 0002:00001884       ??_C@_1DE@JNGNBFGO@?$AAR?$AAu?$AAn?$AAt?$AAi?$AAm?$AAe?$AA?5?$AAE?$AAr?$AAr?$AAo?$AAr?$AA?$CB?$AA?6?$AA?6?$AAP?$AAr?$AAo?$AAg?$AAr?$AAa?$AAm?$AA?3?$AA?5?$AA?$AA@ 10014884     LIBCMT:crt0msg.obj
 0002:000018b8       ??_C@_0P@MIGLKIOC@CorExitProcess?$AA@ 100148b8     LIBCMT:crt0dat.obj
 0002:000018c8       ??_C@_1BI@BGOHAHKC@?$AAm?$AAs?$AAc?$AAo?$AAr?$AAe?$AAe?$AA?4?$AAd?$AAl?$AAl?$AA?$AA@ 100148c8     LIBCMT:crt0dat.obj
 0002:000018e0       __XcptActTab               100148e0     LIBCMT:winxfltr.obj
 0002:00001970       __First_FPE_Indx           10014970     LIBCMT:winxfltr.obj
 0002:00001974       __Num_FPE                  10014974     LIBCMT:winxfltr.obj
 0002:00001978       __XcptActTabSize           10014978     LIBCMT:winxfltr.obj
 0002:0000197c       __XcptActTabCount          1001497c     LIBCMT:winxfltr.obj
 0002:000031a0       __indefinite               100161a0     LIBCMT:_87disp_.obj
 0002:000031aa       __piby2                    100161aa     LIBCMT:_87disp_.obj
 0002:000031d8       __DEFAULT_CW_in_mem        100161d8     LIBCMT:_common_.obj
 0002:000031da       __pi_by_2_to_61            100161da     LIBCMT:_common_.obj
 0002:00008370       __infinity                 1001b370     LIBCMT:_87tran_.obj
 0002:0000837a       __minfinity                1001b37a     LIBCMT:_87tran_.obj
 0002:00008384       __logemax                  1001b384     LIBCMT:_87tran_.obj
 0002:000083aa       __OP_EXPjmptab             1001b3aa     LIBCMT:_87tran_.obj
 0002:00008438       ??_C@_03IIINPABG@tan?$AA@  1001b438     LIBCMT:_libm_error_.obj
 0002:0000843c       ??_C@_03LALBNOCG@cos?$AA@  1001b43c     LIBCMT:_libm_error_.obj
 0002:00008440       ??_C@_03BLEJJJBH@sin?$AA@  1001b440     LIBCMT:_libm_error_.obj
 0002:00008444       ??_C@_04EHEDPDJG@modf?$AA@ 1001b444     LIBCMT:_libm_error_.obj
 0002:0000844c       ??_C@_05PBJFFIGL@floor?$AA@ 1001b44c     LIBCMT:_libm_error_.obj
 0002:00008454       ??_C@_04GFPJNGEK@ceil?$AA@ 1001b454     LIBCMT:_libm_error_.obj
 0002:0000845c       ??_C@_04MLLJIGOK@atan?$AA@ 1001b45c     LIBCMT:_libm_error_.obj
 0002:00008464       ??_C@_05EOHGHCHD@exp10?$AA@ 1001b464     LIBCMT:_libm_error_.obj
 0002:0000846c       ??_C@_04PDIFKINK@acos?$AA@ 1001b46c     LIBCMT:_libm_error_.obj
 0002:00008474       ??_C@_04FIHNOPOL@asin?$AA@ 1001b474     LIBCMT:_libm_error_.obj
 0002:0000847c       ??_C@_03MGHMBJCF@log?$AA@  1001b47c     LIBCMT:_libm_error_.obj
 0002:00008480       ??_C@_05HGHHAHAP@log10?$AA@ 1001b480     LIBCMT:_libm_error_.obj
 0002:00008488       ??_C@_03KHJOGHMM@exp?$AA@  1001b488     LIBCMT:_libm_error_.obj
 0002:0000848c       ??_C@_03JGHBODFD@pow?$AA@  1001b48c     LIBCMT:_libm_error_.obj
 0002:00008490       ??_C@_1BC@GDGBMEMK@?$AAH?$AAH?$AA?3?$AAm?$AAm?$AA?3?$AAs?$AAs?$AA?$AA@ 1001b490     LIBCMT:nlsdata2.obj
 0002:000084a4       ??_C@_1CI@KNAKOEBC@?$AAd?$AAd?$AAd?$AAd?$AA?0?$AA?5?$AAM?$AAM?$AAM?$AAM?$AA?5?$AAd?$AAd?$AA?0?$AA?5?$AAy?$AAy?$AAy?$AAy?$AA?$AA@ 1001b4a4     LIBCMT:nlsdata2.obj
 0002:000084cc       ??_C@_1BC@IEBCMHCM@?$AAM?$AAM?$AA?1?$AAd?$AAd?$AA?1?$AAy?$AAy?$AA?$AA@ 1001b4cc     LIBCMT:nlsdata2.obj
 0002:000084e0       ??_C@_15CLMNNGEL@?$AAP?$AAM?$AA?$AA@ 1001b4e0     LIBCMT:nlsdata2.obj
 0002:000084e8       ??_C@_15ODEHAHHF@?$AAA?$AAM?$AA?$AA@ 1001b4e8     LIBCMT:nlsdata2.obj
 0002:000084f0       ??_C@_1BC@FEMKIFH@?$AAD?$AAe?$AAc?$AAe?$AAm?$AAb?$AAe?$AAr?$AA?$AA@ 1001b4f0     LIBCMT:nlsdata2.obj
 0002:00008504       ??_C@_1BC@BGLIFPF@?$AAN?$AAo?$AAv?$AAe?$AAm?$AAb?$AAe?$AAr?$AA?$AA@ 1001b504     LIBCMT:nlsdata2.obj
 0002:00008518       ??_C@_1BA@EPANDLNG@?$AAO?$AAc?$AAt?$AAo?$AAb?$AAe?$AAr?$AA?$AA@ 1001b518     LIBCMT:nlsdata2.obj
 0002:00008528       ??_C@_1BE@DKAAMBJL@?$AAS?$AAe?$AAp?$AAt?$AAe?$AAm?$AAb?$AAe?$AAr?$AA?$AA@ 1001b528     LIBCMT:nlsdata2.obj
 0002:0000853c       ??_C@_1O@PAHLKOAC@?$AAA?$AAu?$AAg?$AAu?$AAs?$AAt?$AA?$AA@ 1001b53c     LIBCMT:nlsdata2.obj
 0002:0000854c       ??_C@_19BIFMLPCD@?$AAJ?$AAu?$AAl?$AAy?$AA?$AA@ 1001b54c     LIBCMT:nlsdata2.obj
 0002:00008558       ??_C@_19EPFLPGAP@?$AAJ?$AAu?$AAn?$AAe?$AA?$AA@ 1001b558     LIBCMT:nlsdata2.obj
 0002:00008564       ??_C@_1M@GJNLMHFD@?$AAA?$AAp?$AAr?$AAi?$AAl?$AA?$AA@ 1001b564     LIBCMT:nlsdata2.obj
 0002:00008570       ??_C@_1M@IKEENEDF@?$AAM?$AAa?$AAr?$AAc?$AAh?$AA?$AA@ 1001b570     LIBCMT:nlsdata2.obj
 0002:0000857c       ??_C@_1BC@JGDDFFAM@?$AAF?$AAe?$AAb?$AAr?$AAu?$AAa?$AAr?$AAy?$AA?$AA@ 1001b57c     LIBCMT:nlsdata2.obj
 0002:00008590       ??_C@_1BA@EFMEIEBA@?$AAJ?$AAa?$AAn?$AAu?$AAa?$AAr?$AAy?$AA?$AA@ 1001b590     LIBCMT:nlsdata2.obj
 0002:000085a0       ??_C@_17EGKACKIF@?$AAD?$AAe?$AAc?$AA?$AA@ 1001b5a0     LIBCMT:nlsdata2.obj
 0002:000085a8       ??_C@_17BBDMLCIG@?$AAN?$AAo?$AAv?$AA?$AA@ 1001b5a8     LIBCMT:nlsdata2.obj
 0002:000085b0       ??_C@_17FNLKOI@?$AAO?$AAc?$AAt?$AA?$AA@ 1001b5b0     LIBCMT:nlsdata2.obj
 0002:000085b8       ??_C@_17HCHCOKMG@?$AAS?$AAe?$AAp?$AA?$AA@ 1001b5b8     LIBCMT:nlsdata2.obj
 0002:000085c0       ??_C@_17ICPELBCN@?$AAA?$AAu?$AAg?$AA?$AA@ 1001b5c0     LIBCMT:nlsdata2.obj
 0002:000085c8       ??_C@_17IJPCKHK@?$AAJ?$AAu?$AAl?$AA?$AA@ 1001b5c8     LIBCMT:nlsdata2.obj
 0002:000085d0       ??_C@_17KCJGOCPB@?$AAJ?$AAu?$AAn?$AA?$AA@ 1001b5d0     LIBCMT:nlsdata2.obj
 0002:000085d8       ??_C@_17PNNKMEED@?$AAM?$AAa?$AAy?$AA?$AA@ 1001b5d8     LIBCMT:nlsdata2.obj
 0002:000085e0       ??_C@_17LFPOIHDD@?$AAA?$AAp?$AAr?$AA?$AA@ 1001b5e0     LIBCMT:nlsdata2.obj
 0002:000085e8       ??_C@_17CKNLEDEC@?$AAM?$AAa?$AAr?$AA?$AA@ 1001b5e8     LIBCMT:nlsdata2.obj
 0002:000085f0       ??_C@_17LMDJEKJN@?$AAF?$AAe?$AAb?$AA?$AA@ 1001b5f0     LIBCMT:nlsdata2.obj
 0002:000085f8       ??_C@_17DKNBKCHM@?$AAJ?$AAa?$AAn?$AA?$AA@ 1001b5f8     LIBCMT:nlsdata2.obj
 0002:00008600       ??_C@_1BC@ENMNNPAJ@?$AAS?$AAa?$AAt?$AAu?$AAr?$AAd?$AAa?$AAy?$AA?$AA@ 1001b600     LIBCMT:nlsdata2.obj
 0002:00008614       ??_C@_1O@PDICJHAG@?$AAF?$AAr?$AAi?$AAd?$AAa?$AAy?$AA?$AA@ 1001b614     LIBCMT:nlsdata2.obj
 0002:00008624       ??_C@_1BC@HHMNLIHE@?$AAT?$AAh?$AAu?$AAr?$AAs?$AAd?$AAa?$AAy?$AA?$AA@ 1001b624     LIBCMT:nlsdata2.obj
 0002:00008638       ??_C@_1BE@EBOGMDOH@?$AAW?$AAe?$AAd?$AAn?$AAe?$AAs?$AAd?$AAa?$AAy?$AA?$AA@ 1001b638     LIBCMT:nlsdata2.obj
 0002:0000864c       ??_C@_1BA@ENFBFFEK@?$AAT?$AAu?$AAe?$AAs?$AAd?$AAa?$AAy?$AA?$AA@ 1001b64c     LIBCMT:nlsdata2.obj
 0002:0000865c       ??_C@_1O@MMNBFLIA@?$AAM?$AAo?$AAn?$AAd?$AAa?$AAy?$AA?$AA@ 1001b65c     LIBCMT:nlsdata2.obj
 0002:0000866c       ??_C@_1O@IHNHDHPB@?$AAS?$AAu?$AAn?$AAd?$AAa?$AAy?$AA?$AA@ 1001b66c     LIBCMT:nlsdata2.obj
 0002:0000867c       ??_C@_17GGIBDPIH@?$AAS?$AAa?$AAt?$AA?$AA@ 1001b67c     LIBCMT:nlsdata2.obj
 0002:00008684       ??_C@_17HFOLPPLP@?$AAF?$AAr?$AAi?$AA?$AA@ 1001b684     LIBCMT:nlsdata2.obj
 0002:0000868c       ??_C@_17PDPHAADD@?$AAT?$AAh?$AAu?$AA?$AA@ 1001b68c     LIBCMT:nlsdata2.obj
 0002:00008694       ??_C@_17CJEDCEPE@?$AAW?$AAe?$AAd?$AA?$AA@ 1001b694     LIBCMT:nlsdata2.obj
 0002:0000869c       ??_C@_17BMKGEGOJ@?$AAT?$AAu?$AAe?$AA?$AA@ 1001b69c     LIBCMT:nlsdata2.obj
 0002:000086a4       ??_C@_17KBOMKBF@?$AAM?$AAo?$AAn?$AA?$AA@ 1001b6a4     LIBCMT:nlsdata2.obj
 0002:000086ac       ??_C@_17MBGCMIPB@?$AAS?$AAu?$AAn?$AA?$AA@ 1001b6ac     LIBCMT:nlsdata2.obj
 0002:000086b4       ??_C@_08JCCMCCIL@HH?3mm?3ss?$AA@ 1001b6b4     LIBCMT:nlsdata2.obj
 0002:000086c0       ??_C@_0BE@CKGJFCPC@dddd?0?5MMMM?5dd?0?5yyyy?$AA@ 1001b6c0     LIBCMT:nlsdata2.obj
 0002:000086d4       ??_C@_08BPBNCDIB@MM?1dd?1yy?$AA@ 1001b6d4     LIBCMT:nlsdata2.obj
 0002:000086e0       ??_C@_02CJNFDJBF@PM?$AA@   1001b6e0     LIBCMT:nlsdata2.obj
 0002:000086e4       ??_C@_02DEDBPAFC@AM?$AA@   1001b6e4     LIBCMT:nlsdata2.obj
 0002:000086e8       ??_C@_08EDHMEBNP@December?$AA@ 1001b6e8     LIBCMT:nlsdata2.obj
 0002:000086f4       ??_C@_08HCHEGEOA@November?$AA@ 1001b6f4     LIBCMT:nlsdata2.obj
 0002:00008700       ??_C@_07JJNFCEND@October?$AA@ 1001b700     LIBCMT:nlsdata2.obj
 0002:00008708       ??_C@_09BHHEALKD@September?$AA@ 1001b708     LIBCMT:nlsdata2.obj
 0002:00008714       ??_C@_06LBBHFDDG@August?$AA@ 1001b714     LIBCMT:nlsdata2.obj
 0002:0000871c       ??_C@_04MIEPOIFP@July?$AA@ 1001b71c     LIBCMT:nlsdata2.obj
 0002:00008724       ??_C@_04CNLMGBGM@June?$AA@ 1001b724     LIBCMT:nlsdata2.obj
[...]
 0003:00000108       ?pfSqrt@@3P6AMM@ZA         1001e108     mathlib:mathlib_base.obj
 0003:0000010c       ?pfRSqrt@@3P6AMM@ZA        1001e10c     mathlib:mathlib_base.obj
 0003:00000110       ?pfRSqrtFast@@3P6AMM@ZA    1001e110     mathlib:mathlib_base.obj
 0003:00000114       ?pfVectorNormalize@@3P6IMAAVVector@@@ZA 1001e114     mathlib:mathlib_base.obj
 0003:00000118       ?pfVectorNormalizeFast@@3P6IXAAVVector@@@ZA 1001e118     mathlib:mathlib_base.obj
 0003:0000011c       ?pfInvRSquared@@3P6AMPBM@ZA 1001e11c     mathlib:mathlib_base.obj
 0003:00000120       ?pfFastSinCos@@3P6AXMPAM0@ZA 1001e120     mathlib:mathlib_base.obj
 0003:00000124       ?pfFastCos@@3P6AMM@ZA      1001e124     mathlib:mathlib_base.obj
 0003:00000130       ?vec3_invalid@@3VVector@@B 1001e130     mathlib:mathlib_base.obj
 0003:00000180       ?power2_n@@3PAMA           1001e180     mathlib:color_conversion.obj
 0003:000005a8       ??_R0?AVIConCommandBaseAccessor@@@8 1001e5a8     tier1:convar.obj
 0003:000005d0       ??_R0?AVConCommandBase@@@8 1001e5d0     tier1:convar.obj
 0003:000005f4       ??_R0?AVConCommand@@@8     1001e5f4     tier1:convar.obj
 0003:00000610       ??_R0?AVIConVar@@@8        1001e610     tier1:convar.obj
 0003:00000628       ??_R0?AVConVar@@@8         1001e628     tier1:convar.obj
 0003:00000644       ??_R0?AVCDefaultAccessor@@@8 1001e644     tier1:convar.obj
 0003:00000664       ??_R0?AVCEmptyConVar@@@8   1001e664     tier1:convar.obj
 0003:000006b0       ?g_KeyValuesErrorStack@@3VCKeyValuesErrorStack@@A 1001e6b0     tier1:KeyValues.obj
 0003:00000828       ??_R0?AVCUtlCharConversion@@@8 1001e828     tier1:utlbuffer.obj
 0003:0000084c       ??_R0?AVCUtlNoEscConversion@@@8 1001e84c     tier1:utlbuffer.obj
 0003:00000870       ??_R0?AVCUtlCStringConversion@@@8 1001e870     tier1:utlbuffer.obj
 0003:000008b0       __fltused                  1001e8b0     LIBCMT:_fpinit_.obj
 0003:000008b4       __ldused                   1001e8b4     LIBCMT:_fpinit_.obj
 0003:000008c0       ??_R0?AVtype_info@@@8      1001e8c0     LIBCMT:typinfo.obj
 0003:00000900       __half                     1001e900     LIBCMT:_pow_.obj
 0003:00000910       ___nullstring              1001e910     LIBCMT:output.obj
 0003:00000914       ___wnullstring             1001e914     LIBCMT:output.obj
 0003:00000a88       __cfltcvt_tab              1001ea88     LIBCMT:cmiscdat.obj
 0003:00000ab0       ___flsindex                1001eab0     LIBCMT:tidtable.obj
 0003:00000ab4       ___getvalueindex           1001eab4     LIBCMT:tidtable.obj
 0003:00000ac0       ___abort_behavior          1001eac0     LIBCMT:abort.obj
 0003:00000ad0       ___badioinfo               1001ead0     LIBCMT:ioinit.obj
 0003:00000b18       ___initialmbcinfo          1001eb18     LIBCMT:mbctype.obj
 0003:00000d38       __mbctype                  1001ed38     LIBCMT:mbctype.obj
 0003:00000e40       __mbcasemap                1001ee40     LIBCMT:mbctype.obj
 0003:00000f40       ___ptmbcinfo               1001ef40     LIBCMT:mbctype.obj
 0003:00001038       ___globallocalestatus      1001f038     LIBCMT:glstatus.obj
 0003:0000103c       ___clocalestr              1001f03c     LIBCMT:nlsdata2.obj
 0003:00001040       ___lc_time_c               1001f040     LIBCMT:nlsdata2.obj
 0003:000011a8       ___initiallocinfo          1001f1a8     LIBCMT:nlsdata2.obj
 0003:00001280       ___ptlocinfo               1001f280     LIBCMT:nlsdata2.obj
 0003:00001284       ___security_cookie         1001f284     LIBCMT:gs_cookie.obj
 0003:00001288       ___security_cookie_complement 1001f288     LIBCMT:gs_cookie.obj
 0003:000013b0       __HUGE                     1001f3b0     LIBCMT:_huge_.obj
 0003:000013b8       __iob                      1001f3b8     LIBCMT:_file.obj
 0003:00001640       __d_inf                    1001f640     LIBCMT:_util_.obj
 0003:00001648       __d_ind                    1001f648     LIBCMT:_util_.obj
 0003:00001650       __d_max                    1001f650     LIBCMT:_util_.obj
 0003:00001658       __d_min                    1001f658     LIBCMT:_util_.obj
 0003:00001660       __d_mzero                  1001f660     LIBCMT:_util_.obj
 0003:00001668       __matherr_flag             1001f668     LIBCMT:_matherr_.obj
 0003:00001778       ___lconv_static_decimal    1001f778     LIBCMT:lconv.obj
 0003:0000177c       ___lconv_static_W_decimal  1001f77c     LIBCMT:lconv.obj
 0003:00001780       ___lconv_c                 1001f780     LIBCMT:lconv.obj
 0003:000017d0       ___lconv                   1001f7d0     LIBCMT:lconv.obj
 0003:000017d4       __pctype                   1001f7d4     LIBCMT:ctype.obj
 0003:000017d8       __pwctype                  1001f7d8     LIBCMT:ctype.obj
 0003:00001810       __pow10pos                 1001f810     LIBCMT:_constpow_.obj
 0003:00001970       __pow10neg                 1001f970     LIBCMT:_constpow_.obj
 0003:00001acc       ___mb_cur_max              1001facc     LIBCMT:nlsdata1.obj
 0003:00001ad0       ___decimal_point           1001fad0     LIBCMT:nlsdata1.obj
 0003:00001ad4       ___decimal_point_length    1001fad4     LIBCMT:nlsdata1.obj
 0003:00001ae0       __NLG_Destination          1001fae0     LIBCMT:exsup.obj
 0003:00001af0       __lookuptrailbytes         1001faf0     LIBCMT:read.obj
 0003:00001bf0       __confh                    1001fbf0     LIBCMT:initcon.obj
 0003:00001c00       __crtBreakAlloc            1001fc00     memoverride.obj
 0003:00001c04       ___crtDebugCheckCount      1001fc04     memoverride.obj
 0003:00001c08       ___crtDebugFillThreshold   1001fc08     memoverride.obj
 0003:00001c40       ?bot_forceattack2@@3VConVar@@A 1001fc40     serverplugin_bot.obj
 0003:00001c88       ?bot_sendcmd@@3VConVar@@A  1001fc88     serverplugin_bot.obj
 0003:00001cd0       ?cc_Bot@@3VConCommand@@A   1001fcd0     serverplugin_bot.obj
 0003:00001cf4       ?s_Bots@@3V?$CUtlVector@VCPluginBot@@V?$CUtlMemory@VCPluginBot@@H@@@@A 1001fcf4     serverplugin_bot.obj
 0003:00001d08       ?bot_flipout@@3VConVar@@A  1001fd08     serverplugin_bot.obj
 0003:00001d50       ?bot_forcefireweapon@@3VConVar@@A 1001fd50     serverplugin_bot.obj
 0003:00001d98       ?bot_crouch@@3VConVar@@A   1001fd98     serverplugin_bot.obj
 0003:00001de0       ?bot_forceattackon@@3VConVar@@A 1001fde0     serverplugin_bot.obj
 0003:00001e70       ?bot_changeclass@@3VConVar@@A 1001fe70     serverplugin_bot.obj
 0003:00001f00       ?engine@@3PAVIVEngineServer@@A 1001ff00     serverplugin_empty.obj
 0003:00001f04       ?gameeventmanager@@3PAVIGameEventManager@@A 1001ff04     serverplugin_empty.obj
 0003:00001f08       ?playerinfomanager@@3PAVIPlayerInfoManager@@A 1001ff08     serverplugin_empty.obj
 0003:00001f0c       ?botmanager@@3PAVIBotManager@@A 1001ff0c     serverplugin_empty.obj
 0003:00001f10       ?helpers@@3PAVIServerPluginHelpers@@A 1001ff10     serverplugin_empty.obj
 0003:00001f14       ?randomStr@@3PAVIUniformRandomStream@@A 1001ff14     serverplugin_empty.obj
 0003:00001f18       ?enginetrace@@3PAVIEngineTrace@@A 1001ff18     serverplugin_empty.obj
 0003:00001f1c       ?gpGlobals@@3PAVCGlobalVars@@A 1001ff1c     serverplugin_empty.obj
 0003:000023f8       ?SinCosTable@@3PAMA        100203f8     mathlib:mathlib_base.obj
 0003:000027f8       ?s_bMathlibInitialized@@3_NA 100207f8     mathlib:mathlib_base.obj
 0003:00002808       ?vec3_origin@@3VVector@@B  10020808     mathlib:mathlib_base.obj
 0003:00002814       ?vec3_angle@@3VQAngle@@B   10020814     mathlib:mathlib_base.obj
 0003:00002c20       ?lineartolightmap@@3PAEA   10020c20     mathlib:color_conversion.obj
 0003:00006420       ?lineartovertex@@3PAMA     10024420     mathlib:color_conversion.obj
 0003:0000a638       ?s_pConCommandBases@ConCommandBase@@1PAV1@A 10028638     tier1:convar.obj
 0003:0000a63c       ?s_pAccessor@ConCommandBase@@1PAVIConCommandBaseAccessor@@A 1002863c     tier1:convar.obj
 0003:0000a6a0       _cvar                      100286a0     tier1:tier1.obj
 0003:0000a6a4       _g_pCVar                   100286a4     tier1:tier1.obj
 0003:0000a6a8       ?g_pProcessUtils@@3PAVIProcessUtils@@A 100286a8     tier1:tier1.obj
 0003:0000aac0       ?s_pInterfaceRegs@InterfaceReg@@2PAV1@A 10028ac0     tier1:interface.obj
 0003:0000aad0       ?s_StringCharConversion@@3VCUtlCStringConversion@@A 10028ad0     tier1:utlbuffer.obj
 0003:0000b4e0       ?s_NoEscConversion@@3VCUtlNoEscConversion@@A 100294e0     tier1:utlbuffer.obj
 0003:0000bdf0       ?g_pFullFileSystem@@3PAVIFileSystem@@A 10029df0     tier2:tier2.obj
 0003:0000bdf4       ?materials@@3PAVIMaterialSystem@@A 10029df4     tier2:tier2.obj
 0003:0000bdf8       ?g_pMaterialSystem@@3PAVIMaterialSystem@@A 10029df8     tier2:tier2.obj
 0003:0000bdfc       ?g_pInputSystem@@3PAVIInputSystem@@A 10029dfc     tier2:tier2.obj
 0003:0000be00       ?g_pNetworkSystem@@3PAVINetworkSystem@@A 10029e00     tier2:tier2.obj
 0003:0000be04       ?g_pMaterialSystemHardwareConfig@@3PAVIMaterialSystemHardwareConfig@@A 10029e04     tier2:tier2.obj
 0003:0000be08       ?g_pMaterialSystemDebugTextureInfo@@3PAVIDebugTextureInfo@@A 10029e08     tier2:tier2.obj
 0003:0000be0c       ?g_VBAllocTracker@@3PAVIVBAllocTracker@@A 10029e0c     tier2:tier2.obj
 0003:0000be10       ?colorcorrection@@3PAVIColorCorrectionSystem@@A 10029e10     tier2:tier2.obj
 0003:0000be14       ?p4@@3PAVIP4@@A            10029e14     tier2:tier2.obj
 0003:0000be18       ?mdllib@@3PAVIMdlLib@@A    10029e18     tier2:tier2.obj
 0003:0000be1c       ?g_pQueuedLoader@@3PAVIQueuedLoader@@A 10029e1c     tier2:tier2.obj
 0003:0000be38       ___fastflag                10029e38     LIBCMT:_fpinit_.obj
 0003:0000be40       __aenvptr                  10029e40     LIBCMT:dllcrt0.obj
 0003:0000be44       __wenvptr                  10029e44     LIBCMT:dllcrt0.obj
 0003:0000be48       ___error_mode              10029e48     LIBCMT:dllcrt0.obj
 0003:0000be4c       ___app_type                10029e4c     LIBCMT:dllcrt0.obj
 0003:0000be50       ___pInvalidArgHandler      10029e50     LIBCMT:invarg.obj
 0003:0000be54       _gpFlsAlloc                10029e54     LIBCMT:tidtable.obj
 0003:0000be58       _gpFlsGetValue             10029e58     LIBCMT:tidtable.obj
 0003:0000be5c       _gpFlsSetValue             10029e5c     LIBCMT:tidtable.obj
 0003:0000be60       _gpFlsFree                 10029e60     LIBCMT:tidtable.obj
 0003:0000c498       ___pPurecall               1002a498     LIBCMT:inithelp.obj
 0003:0000c49c       __umaskval                 1002a49c     LIBCMT:crt0dat.obj
 0003:0000c4a0       ___argc                    1002a4a0     LIBCMT:crt0dat.obj
 0003:0000c4a4       ___argv                    1002a4a4     LIBCMT:crt0dat.obj
 0003:0000c4a8       ___wargv                   1002a4a8     LIBCMT:crt0dat.obj
 0003:0000c4ac       __environ                  1002a4ac     LIBCMT:crt0dat.obj
 0003:0000c4b0       ___initenv                 1002a4b0     LIBCMT:crt0dat.obj
 0003:0000c4b4       __wenviron                 1002a4b4     LIBCMT:crt0dat.obj
 0003:0000c4b8       ___winitenv                1002a4b8     LIBCMT:crt0dat.obj
 0003:0000c4bc       __pgmptr                   1002a4bc     LIBCMT:crt0dat.obj
 0003:0000c4c0       __wpgmptr                  1002a4c0     LIBCMT:crt0dat.obj
 0003:0000c4c4       __exitflag                 1002a4c4     LIBCMT:crt0dat.obj
 0003:0000c4c8       __C_Termination_Done       1002a4c8     LIBCMT:crt0dat.obj
 0003:0000c4cc       __C_Exit_Done              1002a4cc     LIBCMT:crt0dat.obj
 0003:0000c5e0       ___mbulinfo                1002a5e0     LIBCMT:mbctype.obj
 0003:0000c5ec       ___mbcodepage              1002a5ec     LIBCMT:mbctype.obj
 0003:0000c5f0       ___ismbcodepage            1002a5f0     LIBCMT:mbctype.obj
 0003:0000c5f4       ___mblcid                  1002a5f4     LIBCMT:mbctype.obj
 0003:0000c5f8       ___locale_changed          1002a5f8     LIBCMT:setlocal.obj
 0003:0000c750       __cflush                   1002a750     LIBCMT:_file.obj
 0003:0000c758       __outputformat             1002a758     LIBCMT:outputformat.obj
 0003:0000c770       ?pArgList@UnDecorator@@0PAVReplicator@@A 1002a770     LIBCMT:undname.obj
 0003:0000c774       ?pZNameList@UnDecorator@@0PAVReplicator@@A 1002a774     LIBCMT:undname.obj
 0003:0000c778       ?pTemplateArgList@UnDecorator@@0PAVReplicator@@A 1002a778     LIBCMT:undname.obj
 0003:0000c77c       ?gName@UnDecorator@@0PBDB  1002a77c     LIBCMT:undname.obj
 0003:0000c780       ?name@UnDecorator@@0PBDB   1002a780     LIBCMT:undname.obj
 0003:0000c784       ?outputString@UnDecorator@@0PADA 1002a784     LIBCMT:undname.obj
 0003:0000c788       ?maxStringLength@UnDecorator@@0HA 1002a788     LIBCMT:undname.obj
 0003:0000c78c       ?disableFlags@UnDecorator@@0KA 1002a78c     LIBCMT:undname.obj
 0003:0000c790       ?m_pGetParameter@UnDecorator@@0P6APADJ@ZA 1002a790     LIBCMT:undname.obj
 0003:0000c794       ?fExplicitTemplateParams@UnDecorator@@0_NA 1002a794     LIBCMT:undname.obj
 0003:0000c795       ?fGetTemplateArgumentList@UnDecorator@@0_NA 1002a795     LIBCMT:undname.obj
 0003:0000c7c0       ?__pInconsistency@@3P6AXXZA 1002a7c0     LIBCMT:hooks.obj
 0003:0000c7c8       ?_pnhHeap@@3P6AHI@ZA       1002a7c8     LIBCMT:handler.obj
 0003:0000c7cc       ___lconv_static_null       1002a7cc     LIBCMT:lconv.obj
 0003:0000c7d0       ___lconv_static_W_null     1002a7d0     LIBCMT:lconv.obj
 0003:0000cafc       __stdbuf                   1002aafc     LIBCMT:_sftbuf.obj
 0003:0000cb04       __debugger_hook_dummy      1002ab04     <common>
 0003:0000cb08       ___piob                    1002ab08     <common>
 0003:0000cb20       __bufin                    1002ab20     <common>
 0003:0000db20       __nstream                  1002bb20     <common>
 0003:0000db24       __pmatherr                 1002bb24     <common>
 0003:0000db28       ___use_sse2_mathfcns       1002bb28     <common>
 0003:0000db2c       __nhandle                  1002bb2c     <common>
 0003:0000db40       ___pioinfo                 1002bb40     <common>
 0003:0000dc40       __pDestructExceptionObject 1002bc40     <common>
 0003:0000dc44       ___env_initialized         1002bc44     <common>
 0003:0000dc48       ___onexitend               1002bc48     <common>
 0003:0000dc4c       ___onexitbegin             1002bc4c     <common>
 0003:0000dc50       ___mbctype_initialized     1002bc50     <common>
 0003:0000dc54       ___dyn_tls_init_callback   1002bc54     <common>
 0003:0000dc58       ___sse2_available          1002bc58     <common>
 0003:0000dc5c       __acmdln                   1002bc5c     <common>

 entry point at        0001:00004750

 Static symbols

 0001:00000f70       ?__CreateCEmptyServerPluginIServerPluginCallbacks_interface@@YAPAXXZ 10001f70 f   serverplugin_empty.obj
 0001:000012c0       ?DoAskConnect@@YAXABVCCommand@@@Z 100022c0 f   serverplugin_empty.obj
 0001:000013e0       ?empty_version@@YAXABVCCommand@@@Z 100023e0 f   serverplugin_empty.obj
 0001:000013f0       ?empty_log@@YAXABVCCommand@@@Z 100023f0 f   serverplugin_empty.obj
 0001:000043bc       __onexit_nolock            100053bc f   LIBCMT:onexit.obj
 0001:0000465a       ___DllMainCRTStartup       1000565a f   LIBCMT:dllcrt0.obj
 0001:000059d7       _write_char                100069d7 f   LIBCMT:output.obj
 0001:00005a0a       _write_string              10006a0a f   LIBCMT:output.obj
 0001:00006a99       __shift                    10007a99 f   LIBCMT:cvt.obj
 0001:00006ade       __cftoe2_l                 10007ade f   LIBCMT:cvt.obj
 0001:0000709c       __cftof2_l                 1000809c f   LIBCMT:cvt.obj
 0001:00007ddc       _doexit                    10008ddc f   LIBCMT:crt0dat.obj
 0001:000084c3       _parse_cmdline             100094c3 f   LIBCMT:stdargv.obj
 0001:0000add0       ?CPtoLCID@@YAHH@Z          1000bdd0 f   LIBCMT:mbctype.obj
 0001:0000adff       ?setSBCS@@YAXPAUthreadmbcinfostruct@@@Z 1000bdff f   LIBCMT:mbctype.obj
 0001:0000ae63       ?setSBUpLow@@YAXPAUthreadmbcinfostruct@@@Z 1000be63 f   LIBCMT:mbctype.obj
 0001:0000b097       ?getSystemCP@@YAHH@Z       1000c097 f   LIBCMT:mbctype.obj
 0001:0000c057       ?__crtLCMapStringA_stat@@YAHPAUlocaleinfo_struct@@KKPBDHPADHHH@Z 1000d057 f   LIBCMT:a_map.obj
 0001:0000d8a0       __unwind_handler4          1000e8a0 f   LIBCMT:exsup4.obj
 0001:0000d980       _siglookup                 1000e980 f   LIBCMT:winsig.obj
 0001:0000e08c       ?x_ismbbtype_l@@YAHPAUlocaleinfo_struct@@IHH@Z 1000f08c f   LIBCMT:ismbbyte.obj
 0001:0000ec59       ?__crtGetStringTypeA_stat@@YAHPAUlocaleinfo_struct@@KPBDHPAGHHH@Z 1000fc59 f   LIBCMT:a_str.obj
 0001:0001054a       _flsall                    1001154a f   LIBCMT:fflush.obj
 0001:00010f25       __hw_cw                    10011f25 f   LIBCMT:_ieee87_.obj
 0001:00010fb3       ___hw_cw_sse2              10011fb3 f   LIBCMT:_ieee87_.obj
 0001:00011390       __unwind_handler           10012390 f   LIBCMT:exsup.obj
 0001:000119e0       ??__Ebot_forcefireweapon@@YAXXZ 100129e0 f   serverplugin_bot.obj
 0001:00011a10       ??__Ebot_forceattack2@@YAXXZ 10012a10 f   serverplugin_bot.obj
 0001:00011a40       ??__Ebot_forceattackon@@YAXXZ 10012a40 f   serverplugin_bot.obj
 0001:00011a70       ??__Ebot_flipout@@YAXXZ    10012a70 f   serverplugin_bot.obj
 0001:00011aa0       ??__Ebot_changeclass@@YAXXZ 10012aa0 f   serverplugin_bot.obj
 0001:00011ad0       ??__Ebot_mimic@@YAXXZ      10012ad0 f   serverplugin_bot.obj
 0001:00011b00       ??__Ebot_mimic_yaw_offset@@YAXXZ 10012b00 f   serverplugin_bot.obj
 0001:00011b30       ??__Ebot_sendcmd@@YAXXZ    10012b30 f   serverplugin_bot.obj
 0001:00011b60       ??__Ebot_crouch@@YAXXZ     10012b60 f   serverplugin_bot.obj
 0001:00011b90       ??__Es_Bots@@YAXXZ         10012b90 f   serverplugin_bot.obj
 0001:00011ba0       ??__Ecc_Bot@@YAXXZ         10012ba0 f   serverplugin_bot.obj
 0001:00011bd0       ??__Eg_EmtpyServerPlugin@@YAXXZ 10012bd0 f   serverplugin_empty.obj
 0001:00011be0       ??__E__g_CreateCEmptyServerPluginIServerPluginCallbacks_reg@@YAXXZ 10012be0 f   serverplugin_empty.obj
 0001:00011c00       ??__EDoAskConnect_command@@YAXXZ 10012c00 f   serverplugin_empty.obj
 0001:00011c30       ??__Eempty_version_command@@YAXXZ 10012c30 f   serverplugin_empty.obj
 0001:00011c60       ??__Eempty_log_command@@YAXXZ 10012c60 f   serverplugin_empty.obj
 0001:00011c90       ??__Eempty_cvar@@YAXXZ     10012c90 f   serverplugin_empty.obj
 0001:00011cc0       ??__Es_EmptyConVar@@YAXXZ  10012cc0 f   tier1:convar.obj
 0001:00011ce0       ??__Es_StringCharConversion@@YAXXZ 10012ce0 f   tier1:utlbuffer.obj
 0001:00011d40       ??__Es_NoEscConversion@@YAXXZ 10012d40 f   tier1:utlbuffer.obj
 0001:00011d70       ??__Fbot_forcefireweapon@@YAXXZ 10012d70 f   serverplugin_bot.obj
 0001:00011d80       ??__Fbot_forceattack2@@YAXXZ 10012d80 f   serverplugin_bot.obj
 0001:00011d90       ??__Fbot_forceattackon@@YAXXZ 10012d90 f   serverplugin_bot.obj
 0001:00011da0       ??__Fbot_flipout@@YAXXZ    10012da0 f   serverplugin_bot.obj
 0001:00011db0       ??__Fbot_changeclass@@YAXXZ 10012db0 f   serverplugin_bot.obj
 0001:00011dc0       ??__Fbot_mimic@@YAXXZ      10012dc0 f   serverplugin_bot.obj
 0001:00011dd0       ??__Fbot_mimic_yaw_offset@@YAXXZ 10012dd0 f   serverplugin_bot.obj
 0001:00011de0       ??__Fbot_sendcmd@@YAXXZ    10012de0 f   serverplugin_bot.obj
 0001:00011df0       ??__Fbot_crouch@@YAXXZ     10012df0 f   serverplugin_bot.obj
 0001:00011e00       ??__Fcc_Bot@@YAXXZ         10012e00 f   serverplugin_bot.obj
 0001:00011e10       ??__Fs_Bots@@YAXXZ         10012e10 f   serverplugin_bot.obj
 0001:00011e20       ??__FDoAskConnect_command@@YAXXZ 10012e20 f   serverplugin_empty.obj
 0001:00011e30       ??__Fempty_version_command@@YAXXZ 10012e30 f   serverplugin_empty.obj
 0001:00011e40       ??__Fempty_log_command@@YAXXZ 10012e40 f   serverplugin_empty.obj
 0001:00011e50       ??__Fempty_cvar@@YAXXZ     10012e50 f   serverplugin_empty.obj
 0001:00011e60       ??__Fg_EmtpyServerPlugin@@YAXXZ 10012e60 f   serverplugin_empty.obj
 0001:00011e80       ??__Fs_EmptyConVar@@YAXXZ  10012e80 f   tier1:convar.obj
