 vtfdiff

 Timestamp is 4e78503f (Tue Sep 20 09:35:11 2011)

 Preferred load address is 00400000

 Start         Length     Name                   Class
 0001:00000000 00041eaeH .text                   CODE
 0001:00041eb0 0000018eH .text$x                 CODE
 0001:00042040 0000010bH .text$yc                CODE
 0001:00042150 0000005aH .text$yd                CODE
 0002:00000000 00000170H .idata$5                DATA
 0002:00000170 00000004H .CRT$XCA                DATA
 0002:00000174 00000024H .CRT$XCU                DATA
 0002:00000198 00000004H .CRT$XCZ                DATA
 0002:0000019c 00000004H .CRT$XIA                DATA
 0002:000001a0 00000014H .CRT$XIC                DATA
 0002:000001b4 00000004H .CRT$XIY                DATA
 0002:000001b8 00000004H .CRT$XIZ                DATA
 0002:000001bc 00000004H .CRT$XPA                DATA
 0002:000001c0 00000004H .CRT$XPX                DATA
 0002:000001c4 00000004H .CRT$XPXA               DATA
 0002:000001c8 00000004H .CRT$XPZ                DATA
 0002:000001cc 00000004H .CRT$XTA                DATA
 0002:000001d0 00000004H .CRT$XTZ                DATA
 0002:000001e0 0004b1d4H .rdata                  DATA
 0002:0004b3b4 0000004cH .rdata$debug            DATA
 0002:0004b400 0000023cH .rdata$r                DATA
 0002:0004b63c 00000004H .rtc$IAA                DATA
 0002:0004b640 00000004H .rtc$IZZ                DATA
 0002:0004b644 00000004H .rtc$TAA                DATA
 0002:0004b648 00000004H .rtc$TZZ                DATA
 0002:0004b650 00000770H .xdata$x                DATA
 0002:0004bdc0 00000028H .idata$2                DATA
 0002:0004bde8 00000014H .idata$3                DATA
 0002:0004bdfc 00000170H .idata$4                DATA
 0002:0004bf6c 000006b2H .idata$6                DATA
 0002:0004c61e 00000000H .edata                  DATA
 0003:00000000 00002c00H .data                   DATA
 0003:00002c00 00015550H .bss                    DATA

  Address         Publics by Value              Rva+Base       Lib:Object

 0000:00000000       ___safe_se_handler_count   00000000     <absolute>
 0000:00000000       ___safe_se_handler_table   00000000     <absolute>
 0000:00000000       __except_list              00000000     <absolute>
 0000:00000000       ___ImageBase               00400000     <linker-defined>
 0001:00000000       ?MakeModuleFileName@@YAPBDXZ 00401000 f   memoverride.obj
 0001:00000090       _malloc                    00401090 f   memoverride.obj
 0001:00000090       ??2@YAPAXI@Z               00401090 f   memoverride.obj
 0001:00000090       __malloc_crt               00401090 f   memoverride.obj
 0001:000000f0       ??3@YAXPAX@Z               004010f0 f   memoverride.obj
 0001:000000f0       _free                      004010f0 f   memoverride.obj
 0001:00000110       _calloc                    00401110 f   memoverride.obj
 0001:00000190       __calloc_base              00401190 f   memoverride.obj
 0001:00000210       __realloc_base             00401210 f   memoverride.obj
 0001:00000270       __recalloc_base            00401270 f   memoverride.obj
 0001:00000300       __calloc_crt               00401300 f   memoverride.obj
 0001:00000320       __realloc_crt              00401320 f   memoverride.obj
 0001:00000330       __recalloc_crt             00401330 f   memoverride.obj
 0001:00000350       __msize                    00401350 f   memoverride.obj
 0001:00000370       __heap_init                00401370 f   memoverride.obj
 0001:00000380       __strdup                   00401380 f   memoverride.obj
 0001:00000400       ?SizeInBytes@ImageLoader@@YAHW4ImageFormat@@@Z 00401400 f i vtfdiff.obj
 0001:00000420       ?VectorsAreEqual@@YA_NABVVector@@0M@Z 00401420 f i vtfdiff.obj
 0001:00000470       ?ResourceToString@@YAPBDI@Z 00401470 f   vtfdiff.obj
 0001:000004e0       ?PrintFlags@@YAXH@Z        004014e0 f   vtfdiff.obj
 0001:00000a80       ?LessFunc@?$CDefOps@H@@SA_NABH0@Z 00401a80 f i vtfdiff.obj
 0001:00000aa0       ?LoadFileIntoBuffer@@YA_NPBDAAVCUtlBuffer@@@Z 00401aa0 f   vtfdiff.obj
 0001:00000b30       ?Grow@?$CUtlMemory@U?$UtlRBTreeNode_t@UNode_t@?$CUtlMap@H_NG@@G@@G@@QAEXH@Z 00401b30 f i vtfdiff.obj
 0001:00000be0       ?Parent@?$CUtlRBTree@UNode_t@?$CUtlMap@H_NG@@GVCKeyLess@2@V?$CUtlMemory@U?$UtlRBTreeNode_t@UNode_t@?$CUtlMap@H_NG@@G@@G@@@@QBEGG@Z 00401be0 f i vtfdiff.obj
 0001:00000c40       ?LeftChild@?$CUtlRBTree@UNode_t@?$CUtlMap@H_NG@@GVCKeyLess@2@V?$CUtlMemory@U?$UtlRBTreeNode_t@UNode_t@?$CUtlMap@H_NG@@G@@G@@@@QBEGG@Z 00401c40 f i vtfdiff.obj
 0001:00000ca0       ?RightChild@?$CUtlRBTree@UNode_t@?$CUtlMap@H_NG@@GVCKeyLess@2@V?$CUtlMemory@U?$UtlRBTreeNode_t@UNode_t@?$CUtlMap@H_NG@@G@@G@@@@QBEGG@Z 00401ca0 f i vtfdiff.obj
 0001:00000d00       ?FindInsertionPosition@?$CUtlRBTree@UNode_t@?$CUtlMap@H_NG@@GVCKeyLess@2@V?$CUtlMemory@U?$UtlRBTreeNode_t@UNode_t@?$CUtlMap@H_NG@@G@@G@@@@IAEXABUNode_t@?$CUtlMap@H_NG@@AAGAA_N@Z 00401d00 f i vtfdiff.obj
 0001:00000df0       ?NewNode@?$CUtlRBTree@UNode_t@?$CUtlMap@H_NG@@GVCKeyLess@2@V?$CUtlMemory@U?$UtlRBTreeNode_t@UNode_t@?$CUtlMap@H_NG@@G@@G@@@@QAEGXZ 00401df0 f i vtfdiff.obj
 0001:00000ee0       ?RotateLeft@?$CUtlRBTree@UNode_t@?$CUtlMap@H_NG@@GVCKeyLess@2@V?$CUtlMemory@U?$UtlRBTreeNode_t@UNode_t@?$CUtlMap@H_NG@@G@@G@@@@IAEXG@Z 00401ee0 f i vtfdiff.obj
 0001:00000fd0       ?RotateRight@?$CUtlRBTree@UNode_t@?$CUtlMap@H_NG@@GVCKeyLess@2@V?$CUtlMemory@U?$UtlRBTreeNode_t@UNode_t@?$CUtlMap@H_NG@@G@@G@@@@IAEXG@Z 00401fd0 f i vtfdiff.obj
 0001:000010c0       ??1CUtlBuffer@@QAE@XZ      004020c0 f i vtfdiff.obj
 0001:000010f0       ?Find@?$CUtlRBTree@UNode_t@?$CUtlMap@H_NG@@GVCKeyLess@2@V?$CUtlMemory@U?$UtlRBTreeNode_t@UNode_t@?$CUtlMap@H_NG@@G@@G@@@@QBEGABUNode_t@?$CUtlMap@H_NG@@@Z 004020f0 f i vtfdiff.obj
 0001:000011f0       ?RemoveAll@?$CUtlRBTree@UNode_t@?$CUtlMap@H_NG@@GVCKeyLess@2@V?$CUtlMemory@U?$UtlRBTreeNode_t@UNode_t@?$CUtlMap@H_NG@@G@@G@@@@QAEXXZ 004021f0 f i vtfdiff.obj
 0001:000012b0       ?InsertRebalance@?$CUtlRBTree@UNode_t@?$CUtlMap@H_NG@@GVCKeyLess@2@V?$CUtlMemory@U?$UtlRBTreeNode_t@UNode_t@?$CUtlMap@H_NG@@G@@G@@@@IAEXG@Z 004022b0 f i vtfdiff.obj
 0001:000018a0       ?LinkToParent@?$CUtlRBTree@UNode_t@?$CUtlMap@H_NG@@GVCKeyLess@2@V?$CUtlMemory@U?$UtlRBTreeNode_t@UNode_t@?$CUtlMap@H_NG@@G@@G@@@@IAEXGG_N@Z 004028a0 f i vtfdiff.obj
 0001:00001920       ??1?$CUtlRBTree@UNode_t@?$CUtlMap@H_NG@@GVCKeyLess@2@V?$CUtlMemory@U?$UtlRBTreeNode_t@UNode_t@?$CUtlMap@H_NG@@G@@G@@@@QAE@XZ 00402920 f i vtfdiff.obj
 0001:00001990       ?Insert@?$CUtlMap@H_NG@@QAEGABHAB_N@Z 00402990 f i vtfdiff.obj
 0001:00001a00       _main                      00402a00 f   vtfdiff.obj
 0001:00002770       ?ImageFormatInfo@ImageLoader@@YAABUImageFormatInfo_t@@W4ImageFormat@@@Z 00403770 f   bitmap:imageformat.obj
 0001:00002790       ?GetNumMipMapLevels@ImageLoader@@YAHHHH@Z 00403790 f   bitmap:imageformat.obj
 0001:00002800       ?GetMemRequired@ImageLoader@@YAHHHHW4ImageFormat@@_N@Z 00403800 f   bitmap:imageformat.obj
 0001:00002940       ?FindConversion@CUtlCStringConversion@@UAEDPBDPAH@Z 00403940 f   tier1:utlbuffer.obj
 0001:00002960       ??0CUtlCharConversion@@QAE@DPBDHPAUConversionArray_t@0@@Z 00403960 f   tier1:utlbuffer.obj
 0001:00002a00       ?FindConversion@CUtlCharConversion@@UAEDPBDPAH@Z 00403a00 f   tier1:utlbuffer.obj
 0001:00002a80       ?GetOverflow@CUtlBuffer@@IAE_NH@Z 00403a80 f   tier1:utlbuffer.obj
 0001:00002a90       ?FindConversion@CUtlNoEscConversion@@UAEDPBDPAH@Z 00403a90 f i tier1:utlbuffer.obj
 0001:00002ab0       ?SeekGet@CUtlBuffer@@QAEXW4SeekType_t@1@H@Z 00403ab0 f   tier1:utlbuffer.obj
 0001:00002b10       ?CheckPut@CUtlBuffer@@IAE_NH@Z 00403b10 f   tier1:utlbuffer.obj
 0001:00002b60       ?AddNullTermination@CUtlBuffer@@IAEXXZ 00403b60 f   tier1:utlbuffer.obj
 0001:00002bb0       ?ConvertToGrowableMemory@?$CUtlMemory@EH@@QAEXH@Z 00403bb0 f i tier1:utlbuffer.obj
 0001:00002c00       ?Grow@?$CUtlMemory@EH@@QAEXH@Z 00403c00 f i tier1:utlbuffer.obj
 0001:00002cb0       ?EnsureCapacity@?$CUtlMemory@EH@@QAEXH@Z 00403cb0 f i tier1:utlbuffer.obj
 0001:00002d00       ?EnsureCapacity@CUtlBuffer@@QAEXH@Z 00403d00 f   tier1:utlbuffer.obj
 0001:00002d60       ?Get@CUtlBuffer@@QAEXPAXH@Z 00403d60 f   tier1:utlbuffer.obj
 0001:00002dd0       ?Put@CUtlBuffer@@QAEXPBXH@Z 00403dd0 f   tier1:utlbuffer.obj
 0001:00002e40       ?PutOverflow@CUtlBuffer@@IAE_NH@Z 00403e40 f   tier1:utlbuffer.obj
 0001:00002e90       ?SeekPut@CUtlBuffer@@QAEXW4SeekType_t@1@H@Z 00403e90 f   tier1:utlbuffer.obj
 0001:00002f10       ??0CUtlBuffer@@QAE@HHH@Z   00403f10 f   tier1:utlbuffer.obj
 0001:00002f90       ?V_strncmp@@YAHPBD0H@Z     00403f90 f   tier1:strtools.obj
 0001:00002ff0       ?V_strncpy@@YAXPADPBDH@Z   00403ff0 f   tier1:strtools.obj
 0001:00003030       ?ComputeMipCount@CVTFTexture@@ABEHXZ 00404030 f   vtf:vtf.obj
 0001:00003050       ?AllocateImageData@CVTFTexture@@AAEXH@Z 00404050 f   vtf:vtf.obj
 0001:00003080       ?SetBumpScale@CVTFTexture@@UAEXM@Z 00404080 f   vtf:vtf.obj
 0001:00003090       ?SetReflectivity@CVTFTexture@@UAEXABVVector@@@Z 00404090 f   vtf:vtf.obj
 0001:000030b0       ?SetAlphaTestThreshholds@CVTFTexture@@UAEXMM@Z 004040b0 f   vtf:vtf.obj
 0001:000030d0       ?LoadLowResData@CVTFTexture@@AAE_NAAVCUtlBuffer@@@Z 004040d0 f   vtf:vtf.obj
 0001:00003120       ?LoadImageData@CVTFTexture@@AAE_NAAVCUtlBuffer@@ABUVTFFileHeader_t@@H@Z 00404120 f   vtf:vtf.obj
 0001:00003260       ?WriteData@ResourceMemorySection@CVTFTexture@@QBE_NAAVCUtlBuffer@@@Z 00404260 f   vtf:vtf.obj
 0001:00003300       ?WriteImageData@CVTFTexture@@AAE_NAAVCUtlBuffer@@@Z 00404300 f   vtf:vtf.obj
 0001:00003380       ?Width@CVTFTexture@@UBEHXZ 00404380 f   vtf:vtf.obj
 0001:00003390       ?Height@CVTFTexture@@UBEHXZ 00404390 f   vtf:vtf.obj
 0001:000033a0       ?Depth@CVTFTexture@@UBEHXZ 004043a0 f   vtf:vtf.obj
 0001:000033b0       ?Format@CVTFTexture@@UBE?AW4ImageFormat@@XZ 004043b0 f   vtf:vtf.obj
 0001:000033c0       ?FaceCount@CVTFTexture@@UBEHXZ 004043c0 f   vtf:vtf.obj
 0001:000033d0       ?FrameCount@CVTFTexture@@UBEHXZ 004043d0 f   vtf:vtf.obj
 0001:000033e0       ?Flags@CVTFTexture@@UBEHXZ 004043e0 f   vtf:vtf.obj
 0001:000033f0       ?IsCubeMap@CVTFTexture@@UBE_NXZ 004043f0 f   vtf:vtf.obj
 0001:00003400       ?IsNormalMap@CVTFTexture@@UBE_NXZ 00404400 f   vtf:vtf.obj
 0001:00003410       ?IsVolumeTexture@CVTFTexture@@UBE_NXZ 00404410 f   vtf:vtf.obj
 0001:00003420       ?BumpScale@CVTFTexture@@UBEMXZ 00404420 f   vtf:vtf.obj
 0001:00003430       ?Reflectivity@CVTFTexture@@UBEABVVector@@XZ 00404430 f   vtf:vtf.obj
 0001:00003440       ?ImageData@CVTFTexture@@UAEPAEXZ 00404440 f   vtf:vtf.obj
 0001:00003450       ?LowResWidth@CVTFTexture@@UBEHXZ 00404450 f   vtf:vtf.obj
 0001:00003460       ?LowResHeight@CVTFTexture@@UBEHXZ 00404460 f   vtf:vtf.obj
 0001:00003470       ?LowResFormat@CVTFTexture@@UBE?AW4ImageFormat@@XZ 00404470 f   vtf:vtf.obj
 0001:00003480       ?LowResImageData@CVTFTexture@@UAEPAEXZ 00404480 f   vtf:vtf.obj
 0001:00003490       ?RowSizeInBytes@CVTFTexture@@UBEHH@Z 00404490 f   vtf:vtf.obj
 0001:000034c0       ?FaceSizeInBytes@CVTFTexture@@UBEHH@Z 004044c0 f   vtf:vtf.obj
 0001:00003500       ?ImageData@CVTFTexture@@UAEPAEHHHHHH@Z 00404500 f   vtf:vtf.obj
 0001:00003570       ?ComputeMipSize@CVTFTexture@@UBEHH@Z 00404570 f   vtf:vtf.obj
 0001:000035c0       ?ComputeFaceSize@CVTFTexture@@ABEHHW4ImageFormat@@@Z 004045c0 f i vtf:vtf.obj
 0001:00003650       ?ComputeFaceSize@CVTFTexture@@UBEHH@Z 00404650 f   vtf:vtf.obj
 0001:00003670       ?ComputeTotalSize@CVTFTexture@@UBEHXZ 00404670 f   vtf:vtf.obj
 0001:00003690       ?GetImageOffset@CVTFTexture@@ABEHHHHW4ImageFormat@@@Z 00404690 f   vtf:vtf.obj
 0001:00003710       ?ComputeMipLevelDimensions@CVTFTexture@@UBEXHPAH00@Z 00404710 f   vtf:vtf.obj
 0001:00003760       ?ComputeMipLevelSubRect@CVTFTexture@@UBEXPAURect_t@@H0@Z 00404760 f   vtf:vtf.obj
 0001:00003820       ?ConvertImageFormat@CVTFTexture@@UAEXW4ImageFormat@@_N@Z 00404820 f   vtf:vtf.obj
 0001:00003f80       ?ComputeHemispheremapFrame@CVTFTexture@@AAEXPAPAEPAEW4LookDir_t@@@Z 00404f80 f   vtf:vtf.obj
 0001:00004150       ?GenerateHemisphereMap@CVTFTexture@@UAEXPAEHHW4LookDir_t@@H@Z 00405150 f   vtf:vtf.obj
 0001:00004250       ?FixCubemapFaceOrientation@CVTFTexture@@UAEXXZ 00405250 f   vtf:vtf.obj
 0001:00004320       ?NormalizeTopMipLevel@CVTFTexture@@UAEXXZ 00405320 f   vtf:vtf.obj
 0001:000043b0       ?PutOneOverMipLevelInAlpha@CVTFTexture@@UAEXXZ 004053b0 f   vtf:vtf.obj
 0001:000044a0       ?ComputeReflectivity@CVTFTexture@@UAEXXZ 004054a0 f   vtf:vtf.obj
 0001:000045f0       ?ComputeAlphaFlags@CVTFTexture@@UAEXXZ 004055f0 f   vtf:vtf.obj
 0001:00004740       ?PostProcess@CVTFTexture@@UAEX_NW4LookDir_t@@0@Z 00405740 f   vtf:vtf.obj
 0001:000047d0       ?SetPostProcessingSettings@CVTFTexture@@UAEXPBUVtfProcessingOptions@@@Z 004057d0 f   vtf:vtf.obj
 0001:00004820       ?SetupFaceVert@CVTFTexture@@AAEXHHAAVCEdgePos@@@Z 00405820 f   vtf:vtf.obj
 0001:00004880       ?SetupTextureEdgeIncrements@CVTFTexture@@AAEXHHH_NPAVCEdgeIncrements@@@Z 00405880 f   vtf:vtf.obj
 0001:000049a0       ?BlendTexels@@YAXPAPAEH@Z  004059a0 f   vtf:vtf.obj
 0001:00004a50       ?BlendCubeMapFaceCorners@CVTFTexture@@AAEXHHPBVCCornerMatch@@@Z 00405a50 f   vtf:vtf.obj
 0001:00004c30       ?BuildCubeMapMatchLists@CVTFTexture@@AAEXQAVCEdgeMatch@@QAVCCornerMatch@@_N@Z 00405c30 f   vtf:vtf.obj
 0001:00004eb0       ?Grow@?$CUtlMemory@VS3RGBA@@H@@QAEXH@Z 00405eb0 f i vtf:vtf.obj
 0001:00004f60       ??9CEdgePos@@QAE_NABV0@@Z  00405f60 f i vtf:vtf.obj
 0001:00004fa0       ?ImageData@CVTFTexture@@UAEPAEHHH@Z 00405fa0 f   vtf:vtf.obj
 0001:00004fd0       ?ComputeSpheremapFrame@CVTFTexture@@AAEXPAPAEPAEW4LookDir_t@@@Z 00405fd0 f   vtf:vtf.obj
 0001:000051a0       ?GenerateSpheremap@CVTFTexture@@UAEXW4LookDir_t@@@Z 004061a0 f   vtf:vtf.obj
 0001:00005280       ?GenerateMipmaps@CVTFTexture@@UAEXXZ 00406280 f   vtf:vtf.obj
 0001:000056d0       ?BlendCubeMapFaceEdges@CVTFTexture@@AAEXHHPBVCEdgeMatch@@@Z 004066d0 f   vtf:vtf.obj
 0001:000058a0       ?Grow@?$CUtlMemory@UResourceEntryInfo@@H@@QAEXH@Z 004068a0 f i vtf:vtf.obj
 0001:00005950       ?Grow@?$CUtlMemory@UResourceMemorySection@CVTFTexture@@H@@QAEXH@Z 00406950 f i vtf:vtf.obj
 0001:000059f0       ?ReleaseResources@CVTFTexture@@AAEXXZ 004069f0 f   vtf:vtf.obj
 0001:00005a70       ?GetResourceTypes@CVTFTexture@@UBEIPAIH@Z 00406a70 f   vtf:vtf.obj
 0001:00005ac0       ?LoadData@ResourceMemorySection@CVTFTexture@@QAE_NAAVCUtlBuffer@@AAVCByteswap@@@Z 00406ac0 f   vtf:vtf.obj
 0001:00005b60       ?ReadHeader@CVTFTexture@@AAE_NAAVCUtlBuffer@@AAUVTFFileHeader_t@@@Z 00406b60 f   vtf:vtf.obj
 0001:00005c40       ?LoadNewResources@CVTFTexture@@AAE_NAAVCUtlBuffer@@@Z 00406c40 f   vtf:vtf.obj
 0001:00005cc0       ?FindResourceEntryInfo@CVTFTexture@@ABEPBUResourceEntryInfo@@I@Z 00406cc0 f   vtf:vtf.obj
 0001:00005d30       ?BlendCubeMapEdgePalettes@CVTFTexture@@AAEXHHPBVCEdgeMatch@@@Z 00406d30 f   vtf:vtf.obj
 0001:00005f50       ?BlendCubeMapCornerPalettes@CVTFTexture@@AAEXHHPBVCCornerMatch@@@Z 00406f50 f   vtf:vtf.obj
 0001:000060b0       ?MatchCubeMapS3TCPalettes@CVTFTexture@@AAEXQAVCEdgeMatch@@QAVCCornerMatch@@@Z 004070b0 f   vtf:vtf.obj
 0001:00006130       ?EnsureCapacity@?$CUtlVector@UResourceMemorySection@CVTFTexture@@V?$CUtlMemory@UResourceMemorySection@CVTFTexture@@H@@@@QAEXH@Z 00407130 f i vtf:vtf.obj
 0001:00006190       ?InsertMultipleBefore@?$CUtlVector@UResourceEntryInfo@@V?$CUtlMemory@UResourceEntryInfo@@H@@@@QAEHHHPBUResourceEntryInfo@@@Z 00407190 f i vtf:vtf.obj
 0001:00006230       ?InsertMultipleBefore@?$CUtlVector@UResourceMemorySection@CVTFTexture@@V?$CUtlMemory@UResourceMemorySection@CVTFTexture@@H@@@@QAEHHHPBUResourceMemorySection@CVTFTexture@@@Z 00407230 f i vtf:vtf.obj
 0001:00006310       ?InsertMultipleBefore@?$CUtlVector@VS3RGBA@@V?$CUtlMemory@VS3RGBA@@H@@@@QAEHHHPBVS3RGBA@@@Z 00407310 f i vtf:vtf.obj
 0001:000063b0       ?LowResFileInfo@CVTFTexture@@UBEXPAH0@Z 004073b0 f   vtf:vtf.obj
 0001:00006410       ?ImageFileInfo@CVTFTexture@@UBEXHHHPAH0@Z 00407410 f   vtf:vtf.obj
 0001:00006510       ?FileSize@CVTFTexture@@UBEHH@Z 00407510 f   vtf:vtf.obj
 0001:00006550       ?GetResourceData@CVTFTexture@@UBEPAXIPAI@Z 00407550 f   vtf:vtf.obj
 0001:000065c0       ?HasResourceEntry@CVTFTexture@@UBE_NI@Z 004075c0 f   vtf:vtf.obj
 0001:000065e0       ?ConstructLowResImage@CVTFTexture@@UAE_NXZ 004075e0 f   vtf:vtf.obj
 0001:00006720       ??1?$CUtlVector@UResourceEntryInfo@@V?$CUtlMemory@UResourceEntryInfo@@H@@@@QAE@XZ 00407720 f i vtf:vtf.obj
 0001:00006720       ??1?$CUtlVector@VS3RGBA@@V?$CUtlMemory@VS3RGBA@@H@@@@QAE@XZ 00407720 f i vtf:vtf.obj
 0001:00006720       ??1?$CUtlVector@UResourceMemorySection@CVTFTexture@@V?$CUtlMemory@UResourceMemorySection@CVTFTexture@@H@@@@QAE@XZ 00407720 f i vtf:vtf.obj
 0001:00006790       ?InsertBefore@?$CUtlVector@UResourceMemorySection@CVTFTexture@@V?$CUtlMemory@UResourceMemorySection@CVTFTexture@@H@@@@QAEHHABUResourceMemorySection@CVTFTexture@@@Z 00407790 f i vtf:vtf.obj
 0001:00006810       ?InsertBefore@?$CUtlVector@UResourceMemorySection@CVTFTexture@@V?$CUtlMemory@UResourceMemorySection@CVTFTexture@@H@@@@QAEHH@Z 00407810 f i vtf:vtf.obj
 0001:00006880       ??1CDatadescGeneratedNameHolder@@QAE@XZ 00407880 f i vtf:vtf.obj
 0001:00006900       ??0CVTFTexture@@QAE@XZ     00407900 f   vtf:vtf.obj
 0001:00006a00       ??1CVTFTexture@@UAE@XZ     00407a00 f   vtf:vtf.obj
 0001:00006a60       ?FindOrCreateResourceEntryInfo@CVTFTexture@@AAEPAUResourceEntryInfo@@I@Z 00407a60 f   vtf:vtf.obj
 0001:00006b90       ?Serialize@CVTFTexture@@UAE_NAAVCUtlBuffer@@@Z 00407b90 f   vtf:vtf.obj
 0001:00006dc0       ??$DataMapInit@UVTFFileBaseHeader_t@@@@YAPAUdatamap_t@@PAUVTFFileBaseHeader_t@@@Z 00407dc0 f   vtf:vtf.obj
 0001:00006e40       ??$DataMapInit@UVTFFileHeaderV7_1_t@@@@YAPAUdatamap_t@@PAUVTFFileHeaderV7_1_t@@@Z 00407e40 f   vtf:vtf.obj
 0001:00006ed0       ??$DataMapInit@UVTFFileHeaderV7_2_t@@@@YAPAUdatamap_t@@PAUVTFFileHeaderV7_2_t@@@Z 00407ed0 f   vtf:vtf.obj
 0001:00006f60       ??$DataMapInit@UVTFFileHeaderV7_3_t@@@@YAPAUdatamap_t@@PAUVTFFileHeaderV7_3_t@@@Z 00407f60 f   vtf:vtf.obj
 0001:00006ff0       ??$DataMapInit@UVTFFileHeader_t@@@@YAPAUdatamap_t@@PAUVTFFileHeader_t@@@Z 00407ff0 f   vtf:vtf.obj
 0001:00007080       ??$DataMapInit@UVTFFileHeaderX360_t@@@@YAPAUdatamap_t@@PAUVTFFileHeaderX360_t@@@Z 00408080 f   vtf:vtf.obj
 0001:00007110       ?CreateVTFTexture@@YAPAVIVTFTexture@@XZ 00408110 f   vtf:vtf.obj
 0001:00007130       ??_GCVTFTexture@@UAEPAXI@Z 00408130 f i vtf:vtf.obj
 0001:00007130       ??_ECVTFTexture@@UAEPAXI@Z 00408130 f i vtf:vtf.obj
 0001:00007150       ?Unserialize@CVTFTexture@@UAE_NAAVCUtlBuffer@@_NH@Z 00408150 f   vtf:vtf.obj
 0001:00007430       ?RemoveResourceEntryInfo@CVTFTexture@@AAE_NI@Z 00408430 f   vtf:vtf.obj
 0001:00007520       ?Init@CVTFTexture@@UAE_NHHHW4ImageFormat@@HHH@Z 00408520 f   vtf:vtf.obj
 0001:00007670       ?InitLowResImage@CVTFTexture@@UAEXHHW4ImageFormat@@@Z 00408670 f   vtf:vtf.obj
 0001:000076e0       ?SetResourceData@CVTFTexture@@UAEPAXIPBXI@Z 004086e0 f   vtf:vtf.obj
 0001:00007780       ?MatchCubeMapBorders@CVTFTexture@@UAEXHW4ImageFormat@@_N@Z 00408780 f   vtf:vtf.obj
 0001:00007910       ?WriteBitInt@@YAXPADHHH@Z  00408910 f   vtf:s3tc_decode.obj
 0001:00007960       ?S3TC_GetPixelPaletteIndex@@YA?AVS3PaletteIndex@@W4ImageFormat@@PBDHH@Z 00408960 f   vtf:s3tc_decode.obj
 0001:000079c0       ?S3TC_SetPixelPaletteIndex@@YAXW4ImageFormat@@PADHHVS3PaletteIndex@@@Z 004089c0 f   vtf:s3tc_decode.obj
 0001:00007a30       ?S3TC_GetBlock@@YAPADPAXW4ImageFormat@@HHH@Z 00408a30 f   vtf:s3tc_decode.obj
 0001:00007a60       ?S3TC_MergeBlocks@@YAXPAPADPAPAVS3RGBA@@HHW4ImageFormat@@@Z 00408a60 f   vtf:s3tc_decode.obj
 0001:00007da0       ?S3TC_GetPaletteIndex@@YA?AVS3PaletteIndex@@PAEW4ImageFormat@@HHH@Z 00408da0 f   vtf:s3tc_decode.obj
 0001:00007e00       ?S3TC_SetPaletteIndex@@YAXPAEW4ImageFormat@@HHHVS3PaletteIndex@@@Z 00408e00 f   vtf:s3tc_decode.obj
 0001:00007e60       _cosf                      00408e60 f i mathlib:mathlib_base.obj
 0001:00007e70       ?SinCos@@YAXMPAM0@Z        00408e70 f i mathlib:mathlib_base.obj
 0001:00007e90       ?_sqrtf@@YAMM@Z            00408e90 f   mathlib:mathlib_base.obj
 0001:00007ea0       ?_rsqrtf@@YAMM@Z           00408ea0 f   mathlib:mathlib_base.obj
 0001:00007eb0       ?_VectorNormalize@@YIMAAVVector@@@Z 00408eb0 f   mathlib:mathlib_base.obj
 0001:00007ef0       ?_VectorNormalizeFast@@YIXAAVVector@@@Z 00408ef0 f   mathlib:mathlib_base.obj
 0001:00007f30       ?_InvRSquared@@YAMPBM@Z    00408f30 f   mathlib:mathlib_base.obj
 0001:00007f70       ?TextureToLinear@@YAMH@Z   00408f70 f   mathlib:color_conversion.obj
 0001:00007fa0       _strrchr                   00408fa0 f   LIBCMT:strrchr.obj
 0001:00007fd0       _memset                    00408fd0 f   LIBCMT:memset.obj
 0001:00008050       _memcpy                    00409050 f   LIBCMT:memcpy.obj
 0001:000083b1       __cfltcvt_init             004093b1 f   LIBCMT:_fpinit_.obj
 0001:00008411       __fpmath                   00409411 f   LIBCMT:_fpinit_.obj
 0001:0000842a       _printf                    0040942a f   LIBCMT:printf.obj
 0001:000084d1       __get_printf_count_output  004094d1 f   LIBCMT:printf.obj
 0001:000084e7       _sprintf                   004094e7 f   LIBCMT:sprintf.obj
 0001:0000856b       __fclose_nolock            0040956b f   LIBCMT:fclose.obj
 0001:000085d8       _fclose                    004095d8 f   LIBCMT:fclose.obj
 0001:0000864c       __fread_nolock_s           0040964c f   LIBCMT:fread.obj
 0001:00008808       _fread_s                   00409808 f   LIBCMT:fread.obj
 0001:00008896       _fread                     00409896 f   LIBCMT:fread.obj
 0001:000088b3       __fsopen                   004098b3 f   LIBCMT:fopen.obj
 0001:0000896f       _fopen                     0040996f f   LIBCMT:fopen.obj
 0001:00008a60       __stat64i32                00409a60 f   LIBCMT:stati32.obj
 0001:00008ec0       __alloca_probe_16          00409ec0 f   LIBCMT:alloca16.obj
 0001:00008ed6       __alloca_probe_8           00409ed6     LIBCMT:alloca16.obj
 0001:00009076       _mainCRTStartup            0040a076 f   LIBCMT:crt0.obj
 0001:00009080       ??1type_info@@UAE@XZ       0040a080 f   LIBCMT:typinfo.obj
 0001:00009090       ??_Etype_info@@UAEPAXI@Z   0040a090 f i LIBCMT:typinfo.obj
 0001:00009090       ??_Gtype_info@@UAEPAXI@Z   0040a090 f i LIBCMT:typinfo.obj
 0001:000090b1       ??8type_info@@QBE_NABV0@@Z 0040a0b1 f   LIBCMT:typinfo.obj
 0001:000090d1       ??0_LocaleUpdate@@QAE@PAUlocaleinfo_struct@@@Z 0040a0d1 f i LIBCMT:_ctype.obj
 0001:00009158       __isdigit_l                0040a158 f i LIBCMT:_ctype.obj
 0001:000091a9       _isdigit                   0040a1a9 f i LIBCMT:_ctype.obj
 0001:000091f0       _strchr                    0040a1f0 f   LIBCMT:strchr.obj
 0001:000091f6       ___from_strstr_to_strchr   0040a1f6     LIBCMT:strchr.obj
 0001:000094d9       _strtol                    0040a4d9 f   LIBCMT:strtol.obj
 0001:00009504       __tolower_l                0040a504 f   LIBCMT:tolower.obj
 0001:00009619       _tolower                   0040a619 f   LIBCMT:tolower.obj
 0001:00009650       _strstr                    0040a650 f   LIBCMT:strstr.obj
 0001:000096e0       _memmove                   0040a6e0 f   LIBCMT:memmove.obj
 0001:00009a50       _strncat                   0040aa50 f   LIBCMT:strncat.obj
 0001:00009b85       __validdrive               0040ab85 f   LIBCMT:getcwd.obj
 0001:00009bdf       __getdcwd_nolock           0040abdf f   LIBCMT:getcwd.obj
 0001:00009d03       __getcwd                   0040ad03 f   LIBCMT:getcwd.obj
 0001:00009d50       _strncpy                   0040ad50 f   LIBCMT:strncpy.obj
 0001:00009e80       __ftol2_sse                0040ae80 f   LIBCMT:ftol2.obj
 0001:00009e89       __ftol2_pentium4           0040ae89 f   LIBCMT:ftol2.obj
 0001:00009e9c       __ftol2_sse_excpt          0040ae9c f   LIBCMT:ftol2.obj
 0001:00009eb6       __ftol2                    0040aeb6 f   LIBCMT:ftol2.obj
 0001:00009f30       __allmul                   0040af30 f   LIBCMT:llmul.obj
 0001:00009f70       __allrem                   0040af70 f   LIBCMT:llrem.obj
 0001:0000a030       __alldiv                   0040b030 f   LIBCMT:lldiv.obj
 0001:0000a0e0       _ceil                      0040b0e0 f   LIBCMT:_ceil_pentium4_.obj
 0001:0000a120       __ceil_pentium4            0040b120 f   LIBCMT:_ceil_pentium4_.obj
 0001:0000a1fd       __purecall                 0040b1fd f   LIBCMT:purevirt.obj
 0001:0000a2dd       ___onexitinit              0040b2dd f   LIBCMT:onexit.obj
 0001:0000a30e       __onexit                   0040b30e f   LIBCMT:onexit.obj
 0001:0000a34a       _atexit                    0040b34a f   LIBCMT:onexit.obj
 0001:0000a370       __allshr                   0040b370 f   LIBCMT:llshr.obj
 0001:0000a3a0       _acos                      0040b3a0 f   LIBCMT:_acos_.obj
 0001:0000a3e0       __CIacos                   0040b3e0 f   LIBCMT:_acos_.obj
 0001:0000a41b       __CIacos_default           0040b41b f   LIBCMT:_acos_.obj
 0001:0000a42f       __acos_default             0040b42f     LIBCMT:_acos_.obj
 0001:0000a4f0       _asin                      0040b4f0 f   LIBCMT:_asin_.obj
 0001:0000a530       __CIasin                   0040b530 f   LIBCMT:_asin_.obj
 0001:0000a56b       __CIasin_default           0040b56b f   LIBCMT:_asin_.obj
 0001:0000a57f       __asin_default             0040b57f     LIBCMT:_asin_.obj
 0001:0000a640       _fmod                      0040b640 f   LIBCMT:_87fmod_.obj
 0001:0000a64a       __CIfmod                   0040b64a f   LIBCMT:_87fmod_.obj
 0001:0000a670       _pow                       0040b670 f   LIBCMT:_pow_.obj
 0001:0000a6b0       __CIpow                    0040b6b0 f   LIBCMT:_pow_.obj
 0001:0000a6eb       __CIpow_default            0040b6eb f   LIBCMT:_pow_.obj
 0001:0000a704       __pow_default              0040b704     LIBCMT:_pow_.obj
 0001:0000a900       _floor                     0040b900 f   LIBCMT:_floor_pentium4_.obj
 0001:0000a940       __floor_pentium4           0040b940 f   LIBCMT:_floor_pentium4_.obj
 0001:0000aa21       __VEC_memzero              0040ba21 f   LIBCMT:p4_memset.obj
 0001:0000aadb       ___sse2_available_init     0040badb f   LIBCMT:cpu_disp.obj
 0001:0000aaeb       __flsbuf                   0040baeb f   LIBCMT:_flsbuf.obj
 0001:0000accf       __output_l                 0040bccf f   LIBCMT:output.obj
 0001:0000b87b       __initp_misc_invarg        0040c87b f   LIBCMT:invarg.obj
 0001:0000b88a       __call_reportfault         0040c88a f   LIBCMT:invarg.obj
 0001:0000b9b3       __invoke_watson            0040c9b3 f   LIBCMT:invarg.obj
 0001:0000b9d8       __invalid_parameter        0040c9d8 f   LIBCMT:invarg.obj
 0001:0000ba05       __invalid_parameter_noinfo 0040ca05 f   LIBCMT:invarg.obj
 0001:0000ba15       __get_errno_from_oserr     0040ca15 f   LIBCMT:dosmap.obj
 0001:0000ba57       __errno                    0040ca57 f   LIBCMT:dosmap.obj
 0001:0000ba6a       ___doserrno                0040ca6a f   LIBCMT:dosmap.obj
 0001:0000ba7d       __dosmaperr                0040ca7d f   LIBCMT:dosmap.obj
 0001:0000baa0       __VEC_memcpy               0040caa0 f   LIBCMT:p4_memcpy.obj
 0001:0000bba3       __forcdecpt_l              0040cba3 f   LIBCMT:cvt.obj
 0001:0000bc17       __cropzeros_l              0040cc17 f   LIBCMT:cvt.obj
 0001:0000bc99       __positive                 0040cc99 f   LIBCMT:cvt.obj
 0001:0000bcb5       __fassign_l                0040ccb5 f   LIBCMT:cvt.obj
 0001:0000bcf7       __fassign                  0040ccf7 f   LIBCMT:cvt.obj
 0001:0000bd30       __forcdecpt                0040cd30 f   LIBCMT:cvt.obj
 0001:0000bd43       __cropzeros                0040cd43 f   LIBCMT:cvt.obj
 0001:0000beb7       __cftoe_l                  0040ceb7 f   LIBCMT:cvt.obj
 0001:0000bf7e       __cftoe                    0040cf7e f   LIBCMT:cvt.obj
 0001:0000bf9e       __cftoa_l                  0040cf9e f   LIBCMT:cvt.obj
 0001:0000c417       __cftof_l                  0040d417 f   LIBCMT:cvt.obj
 0001:0000c4d8       __cftog_l                  0040d4d8 f   LIBCMT:cvt.obj
 0001:0000c5c5       __cfltcvt_l                0040d5c5 f   LIBCMT:cvt.obj
 0001:0000c64d       __cfltcvt                  0040d64d f   LIBCMT:cvt.obj
 0001:0000c670       __initp_misc_cfltcvt_tab   0040d670 f   LIBCMT:cmiscdat.obj
 0001:0000c693       __setdefaultprecision      0040d693 f   LIBCMT:fp8.obj
 0001:0000c6bb       ___iob_func                0040d6bb f   LIBCMT:_file.obj
 0001:0000c6c1       ___initstdio               0040d6c1 f   LIBCMT:_file.obj
 0001:0000c772       ___endstdio                0040d772 f   LIBCMT:_file.obj
 0001:0000c792       __lock_file                0040d792 f   LIBCMT:_file.obj
 0001:0000c7d3       __lock_file2               0040d7d3 f   LIBCMT:_file.obj
 0001:0000c805       __unlock_file              0040d805 f   LIBCMT:_file.obj
 0001:0000c841       __unlock_file2             0040d841 f   LIBCMT:_file.obj
 0001:0000c870       __stbuf                    0040d870 f   LIBCMT:_sftbuf.obj
 0001:0000c90c       __ftbuf                    0040d90c f   LIBCMT:_sftbuf.obj
 0001:0000c940       __SEH_prolog4              0040d940 f   LIBCMT:sehprolg4.obj
 0001:0000c985       __SEH_epilog4              0040d985 f   LIBCMT:sehprolg4.obj
 0001:0000c9a0       __except_handler4          0040d9a0 f   LIBCMT:chandler4.obj
 0001:0000cb2f       __close_nolock             0040db2f f   LIBCMT:close.obj
 0001:0000cbcb       __close                    0040dbcb f   LIBCMT:close.obj
 0001:0000cc8f       __fileno                   0040dc8f f   LIBCMT:fileno.obj
 0001:0000ccb5       __freebuf                  0040dcb5 f   LIBCMT:_freebuf.obj
 0001:0000cce6       __flush                    0040dce6 f   LIBCMT:fflush.obj
 0001:0000cd4e       __fflush_nolock            0040dd4e f   LIBCMT:fflush.obj
 0001:0000ce70       __flushall                 0040de70 f   LIBCMT:fflush.obj
 0001:0000ce79       __filbuf                   0040de79 f   LIBCMT:_filbuf.obj
 0001:0000cf9b       __read_nolock              0040df9b f   LIBCMT:read.obj
 0001:0000d552       __read                     0040e552 f   LIBCMT:read.obj
 0001:0000d648       _memcpy_s                  0040e648 f   LIBCMT:memcpy_s.obj
 0001:0000d6bd       __openfile                 0040e6bd f   LIBCMT:_open.obj
 0001:0000d954       __getstream                0040e954 f   LIBCMT:stream.obj
 0001:0000da90       __local_unwind4            0040ea90 f   LIBCMT:exsup4.obj
 0001:0000db66       __seh_longjmp_unwind4@4    0040eb66 f   LIBCMT:exsup4.obj
 0001:0000db82       @_EH4_CallFilterFunc@8     0040eb82 f   LIBCMT:exsup4.obj
 0001:0000db99       @_EH4_TransferToHandler@8  0040eb99 f   LIBCMT:exsup4.obj
 0001:0000dbb2       @_EH4_GlobalUnwind2@8      0040ebb2 f   LIBCMT:exsup4.obj
 0001:0000dbcb       @_EH4_LocalUnwind@16       0040ebcb f   LIBCMT:exsup4.obj
 0001:0000dbf0       _strlen                    0040ebf0 f   LIBCMT:strlen.obj
 0001:0000dc7b       __fullpath                 0040ec7b f   LIBCMT:fullpath.obj
 0001:0000dd72       ___dtoxmode                0040ed72 f   LIBCMT:stat.obj
 0001:0000de2f       __fstat64i32               0040ee2f f   LIBCMT:fstati32.obj
 0001:0000e8b5       __sopen_helper             0040f8b5 f   LIBCMT:open.obj
 0001:0000e979       __sopen_s                  0040f979 f   LIBCMT:open.obj
 0001:0000e999       ___loctotime64_t           0040f999 f   LIBCMT:dtoxtm64.obj
 0001:0000ec00       __getdrive                 0040fc00 f   LIBCMT:drive.obj
 0001:0000ecce       __mbctolower_l             0040fcce f   LIBCMT:mbtolwr.obj
 0001:0000ed74       __mbctolower               0040fd74 f   LIBCMT:mbtolwr.obj
 0001:0000ed87       __mbspbrk_l                0040fd87 f   LIBCMT:mbspbrk.obj
 0001:0000ee4c       __mbspbrk                  0040fe4c f   LIBCMT:mbspbrk.obj
 0001:0000ee63       @__security_check_cookie@4 0040fe63 f   LIBCMT:secchk.obj
 0001:0000ee80       __chkstk                   0040fe80 f   LIBCMT:chkstk.obj
 0001:0000ee80       __alloca_probe             0040fe80     LIBCMT:chkstk.obj
 0001:0000eeab       ?__CxxUnhandledExceptionFilter@@YGJPAU_EXCEPTION_POINTERS@@@Z 0040feab f   LIBCMT:unhandld.obj
 0001:0000eeed       ___CxxSetUnhandledExceptionFilter 0040feed f   LIBCMT:unhandld.obj
 0001:0000eefb       ___crtCorExitProcess       0040fefb f   LIBCMT:crt0dat.obj
 0001:0000ef26       ___crtExitProcess          0040ff26 f   LIBCMT:crt0dat.obj
 0001:0000ef3e       __lockexit                 0040ff3e f   LIBCMT:crt0dat.obj
 0001:0000ef47       __unlockexit               0040ff47 f   LIBCMT:crt0dat.obj
 0001:0000ef50       __init_pointers            0040ff50 f   LIBCMT:crt0dat.obj
 0001:0000ef83       __initterm_e               0040ff83 f   LIBCMT:crt0dat.obj
 0001:0000efa7       __cinit                    0040ffa7 f   LIBCMT:crt0dat.obj
 0001:0000f17e       _exit                      0041017e f   LIBCMT:crt0dat.obj
 0001:0000f194       __exit                     00410194 f   LIBCMT:crt0dat.obj
 0001:0000f1aa       __cexit                    004101aa f   LIBCMT:crt0dat.obj
 0001:0000f1b9       __c_exit                   004101b9 f   LIBCMT:crt0dat.obj
 0001:0000f1c8       __amsg_exit                004101c8 f   LIBCMT:crt0dat.obj
 0001:0000f1e6       __GET_RTERRMSG             004101e6 f   LIBCMT:crt0msg.obj
 0001:0000f20c       __NMSG_WRITE               0041020c f   LIBCMT:crt0msg.obj
 0001:0000f3bb       __FF_MSGBANNER             004103bb f   LIBCMT:crt0msg.obj
 0001:0000f3f4       __XcptFilter               004103f4 f   LIBCMT:winxfltr.obj
 0001:0000f53e       __setenvp                  0041053e f   LIBCMT:stdenvp.obj
 0001:0000f7b4       __setargv                  004107b4 f   LIBCMT:stdargv.obj
 0001:0000f86f       ___crtGetEnvironmentStringsA 0041086f f   LIBCMT:a_env.obj
 0001:0000f906       __ioinit                   00410906 f   LIBCMT:ioinit.obj
 0001:0000fb4b       __RTC_Initialize           00410b4b f   LIBCMT:_initsect_.obj
 0001:0000fb71       __RTC_Terminate            00410b71 f   LIBCMT:_initsect_.obj
 0001:0000fb97       __encoded_null             00410b97 f   LIBCMT:tidtable.obj
 0001:0000fba0       ___crtTlsAlloc@4           00410ba0 f   LIBCMT:tidtable.obj
 0001:0000fba9       ___set_flsgetvalue         00410ba9 f   LIBCMT:tidtable.obj
 0001:0000fbdd       __mtterm                   00410bdd f   LIBCMT:tidtable.obj
 0001:0000fc1a       __initptd                  00410c1a f   LIBCMT:tidtable.obj
 0001:0000fcce       __getptd_noexit            00410cce f   LIBCMT:tidtable.obj
 0001:0000fd47       __getptd                   00410d47 f   LIBCMT:tidtable.obj
 0001:0000fd61       __freefls@4                00410d61 f   LIBCMT:tidtable.obj
 0001:0000fe90       __mtinit                   00410e90 f   LIBCMT:tidtable.obj
 0001:0001000b       ___security_init_cookie    0041100b f   LIBCMT:gs_support.obj
 0001:000100a6       ?_Type_info_dtor@type_info@@CAXPAV1@@Z 004110a6 f   LIBCMT:typname.obj
 0001:00010120       _strcmp                    00411120 f   LIBCMT:strcmp.obj
 0001:000103cb       ___updatetmbcinfo          004113cb f   LIBCMT:mbctype.obj
 0001:000104eb       __setmbcp_nolock           004114eb f   LIBCMT:mbctype.obj
 0001:000106d4       __setmbcp                  004116d4 f   LIBCMT:mbctype.obj
 0001:0001086e       ___initmbctable            0041186e f   LIBCMT:mbctype.obj
 0001:0001088c       ___addlocaleref            0041188c f   LIBCMT:localref.obj
 0001:0001091b       ___removelocaleref         0041191b f   LIBCMT:localref.obj
 0001:000109b4       ___freetlocinfo            004119b4 f   LIBCMT:localref.obj
 0001:00010aff       __updatetlocinfoEx_nolock  00411aff f   LIBCMT:localref.obj
 0001:00010b4c       ___updatetlocinfo          00411b4c f   LIBCMT:localref.obj
 0001:00010bc5       __isctype_l                00411bc5 f   LIBCMT:isctype.obj
 0001:00010c80       __freea                    00411c80 f i LIBCMT:a_map.obj
 0001:00010e87       ___crtLCMapStringA         00411e87 f   LIBCMT:a_map.obj
 0001:00010ecd       __isleadbyte_l             00411ecd f i LIBCMT:_wctype.obj
 0001:00010f05       _isleadbyte                00411f05 f i LIBCMT:_wctype.obj
 0001:00010f18       __mtinitlocks              00411f18 f   LIBCMT:mlock.obj
 0001:00010f62       __mtdeletelocks            00411f62 f   LIBCMT:mlock.obj
 0001:00010fb9       __unlock                   00411fb9 f   LIBCMT:mlock.obj
 0001:00010fd0       __mtinitlocknum            00411fd0 f   LIBCMT:mlock.obj
 0001:00011092       __lock                     00412092 f   LIBCMT:mlock.obj
 0001:000110c5       ___libm_error_support      004120c5 f   LIBCMT:_libm_error_.obj
 0001:00011391       __sse2_mathfcns_init       00412391 f   LIBCMT:_mathfcns_.obj
 0001:000113a1       __ceil_default             004123a1 f   LIBCMT:_ceil_.obj
 0001:00011479       _abort                     00412479 f   LIBCMT:abort.obj
 0001:000114ac       __set_abort_behavior       004124ac f   LIBCMT:abort.obj
 0001:000114cd       __initp_misc_purevirt      004124cd f   LIBCMT:inithelp.obj
 0001:000114e0       __CIacos_pentium4          004124e0 f   LIBCMT:_acos_pentium4_.obj
 0001:000114f8       __acos_pentium4            004124f8     LIBCMT:_acos_pentium4_.obj
 0001:00011a40       __trandisp1                00412a40 f   LIBCMT:_87disp_.obj
 0001:00011aa7       __trandisp2                00412aa7 f   LIBCMT:_87disp_.obj
 0001:00011b33       __rttospopde               00412b33     LIBCMT:_87disp_.obj
 0001:00011b38       __rttospop                 00412b38     LIBCMT:_87disp_.obj
 0001:00011b3a       __rtnospop                 00412b3a     LIBCMT:_87disp_.obj
 0001:00011b3c       __rttosnpop                00412b3c     LIBCMT:_87disp_.obj
 0001:00011b3d       __rtnospopde               00412b3d     LIBCMT:_87disp_.obj
 0001:00011b44       __rtzeropop                00412b44     LIBCMT:_87disp_.obj
 0001:00011b46       __rtzeronpop               00412b46     LIBCMT:_87disp_.obj
 0001:00011b4b       __rtonepop                 00412b4b     LIBCMT:_87disp_.obj
 0001:00011b4d       __rtonenpop                00412b4d     LIBCMT:_87disp_.obj
 0001:00011b52       __tosnan1                  00412b52     LIBCMT:_87disp_.obj
 0001:00011b7d       __nosnan2                  00412b7d     LIBCMT:_87disp_.obj
 0001:00011b7f       __tosnan2                  00412b7f     LIBCMT:_87disp_.obj
 0001:00011ba7       __nan2                     00412ba7     LIBCMT:_87disp_.obj
 0001:00011be6       __rtindfpop                00412be6     LIBCMT:_87disp_.obj
 0001:00011be8       __rtindfnpop               00412be8     LIBCMT:_87disp_.obj
 0001:00011bf9       __rttosnpopde              00412bf9     LIBCMT:_87disp_.obj
 0001:00011c03       __rtchsifneg               00412c03     LIBCMT:_87disp_.obj
 0001:00011c10       __startTwoArgErrorHandling 00412c10 f   LIBCMT:_genexcep_.obj
 0001:00011c27       __startOneArgErrorHandling 00412c27 f   LIBCMT:_genexcep_.obj
 0001:00011c70       __twoToTOS                 00412c70 f   LIBCMT:_common_.obj
 0001:00011c85       __load_CW                  00412c85 f   LIBCMT:_common_.obj
 0001:00011c9c       __convertTOStoQNaN         00412c9c f   LIBCMT:_common_.obj
 0001:00011cb5       __fload_withFB             00412cb5 f   LIBCMT:_common_.obj
 0001:00011cf8       __checkTOS_withFB          00412cf8 f   LIBCMT:_common_.obj
 0001:00011d0e       __fast_exit                00412d0e f   LIBCMT:_common_.obj
 0001:00011d1b       __math_exit                00412d1b f   LIBCMT:_common_.obj
 0001:00011d45       __check_overflow_exit      00412d45 f   LIBCMT:_common_.obj
 0001:00011d59       __check_range_exit         00412d59 f   LIBCMT:_common_.obj
 0001:00011e10       __CIasin_pentium4          00412e10 f   LIBCMT:_asin_pentium4_.obj
 0001:00011e28       __asin_pentium4            00412e28     LIBCMT:_asin_pentium4_.obj
 0001:00012390       __cintrindisp2             00413390 f   LIBCMT:_87cdisp_.obj
 0001:000123ce       __cintrindisp1             004133ce f   LIBCMT:_87cdisp_.obj
 0001:0001240b       __ctrandisp2               0041340b f   LIBCMT:_87cdisp_.obj
 0001:0001259a       __ctrandisp1               0041359a f   LIBCMT:_87cdisp_.obj
 0001:000125cd       __fload                    004135cd f   LIBCMT:_87cdisp_.obj
 0001:00012610       __CIpow_pentium4           00413610 f   LIBCMT:_pow_pentium4_.obj
 0001:00012629       __pow_pentium4             00413629     LIBCMT:_pow_pentium4_.obj
 0001:00013181       __fFEXP                    00414181     LIBCMT:_87tran_.obj
 0001:000131d8       __rtinfpopse               004141d8     LIBCMT:_87tran_.obj
 0001:000131da       __rtinfnpopse              004141da     LIBCMT:_87tran_.obj
 0001:000131ea       __fFLN                     004141ea     LIBCMT:_87tran_.obj
 0001:0001329f       __rtinfpop                 0041429f     LIBCMT:_87tran_.obj
 0001:000132a1       __rtinfnpop                004142a1     LIBCMT:_87tran_.obj
 0001:000132be       __ffexpm1                  004142be     LIBCMT:_87tran_.obj
 0001:00013367       __d_inttype                00414367 f   LIBCMT:_powhlp_.obj
 0001:000133d1       __powhlp                   004143d1 f   LIBCMT:_powhlp_.obj
 0001:000134fc       __floor_default            004144fc f   LIBCMT:_floor_.obj
 0001:000135d4       __lseeki64_nolock          004145d4 f   LIBCMT:lseeki64.obj
 0001:00013659       __lseeki64                 00414659 f   LIBCMT:lseeki64.obj
 0001:00013743       __write_nolock             00414743 f   LIBCMT:write.obj
 0001:00013e40       __write                    00414e40 f   LIBCMT:write.obj
 0001:00013f14       __getbuf                   00414f14 f   LIBCMT:_getbuf.obj
 0001:00013f5d       __isatty                   00414f5d f   LIBCMT:isatty.obj
 0001:00013fb3       __wctomb_s_l               00414fb3 f   LIBCMT:wctomb.obj
 0001:00014108       _wctomb_s                  00415108 f   LIBCMT:wctomb.obj
 0001:00014130       __aulldvrm                 00415130 f   LIBCMT:ulldvrm.obj
 0001:000141c5       __crt_debugger_hook        004151c5 f   LIBCMT:dbghook.obj
 0001:000141cd       __atodbl_l                 004151cd f   LIBCMT:atodbl.obj
 0001:00014275       __atoflt_l                 00415275 f   LIBCMT:atodbl.obj
 0001:0001431d       _strcpy_s                  0041531d f   LIBCMT:strcpy_s.obj
 0001:0001437c       __fptostr                  0041537c f   LIBCMT:_fptostr.obj
 0001:0001442f       ___dtold                   0041542f f   LIBCMT:_cfout_.obj
 0001:000144e2       __fltout2                  004154e2 f   LIBCMT:_cfout_.obj
 0001:00014570       __alldvrm                  00415570 f   LIBCMT:lldvrm.obj
 0001:00014650       __aullshr                  00415650 f   LIBCMT:ullshr.obj
 0001:0001466f       __fptrap                   0041566f f   LIBCMT:crt0fp.obj
 0001:00014678       __controlfp_s              00415678 f   LIBCMT:_contrlfp_.obj
 0001:000146d7       __fcloseall                004156d7 f   LIBCMT:closeall.obj
 0001:00014780       __ValidateImageBase        00415780 f   LIBCMT:pesect.obj
 0001:000147c0       __FindPESection            004157c0 f   LIBCMT:pesect.obj
 0001:00014810       __IsNonwritableInCurrentImage 00415810 f   LIBCMT:pesect.obj
 0001:000148cc       __set_osfhnd               004158cc f   LIBCMT:osfinfo.obj
 0001:0001494d       __free_osfhnd              0041594d f   LIBCMT:osfinfo.obj
 0001:000149d3       __get_osfhandle            004159d3 f   LIBCMT:osfinfo.obj
 0001:00014a3c       ___lock_fhandle            00415a3c f   LIBCMT:osfinfo.obj
 0001:00014adb       __unlock_fhandle           00415adb f   LIBCMT:osfinfo.obj
 0001:00014b02       __alloc_osfhnd             00415b02 f   LIBCMT:osfinfo.obj
 0001:00014c9b       __commit                   00415c9b f   LIBCMT:commit.obj
 0001:00014d74       __mbsnbicmp_l              00415d74 f   LIBCMT:mbsnbicm.obj
 0001:00014f78       __mbsnbicmp                00415f78 f   LIBCMT:mbsnbicm.obj
 0001:00014f92       __mbsnbcmp_l               00415f92 f   LIBCMT:mbsnbcmp.obj
 0001:000150de       __mbsnbcmp                 004160de f   LIBCMT:mbsnbcmp.obj
 0001:00015100       __global_unwind2           00416100 f   LIBCMT:exsup.obj
 0001:00015165       __local_unwind2            00416165 f   LIBCMT:exsup.obj
 0001:000151e9       __abnormal_termination     004161e9 f   LIBCMT:exsup.obj
 0001:0001520c       __NLG_Notify1              0041620c f   LIBCMT:exsup.obj
 0001:00015215       __NLG_Notify               00416215 f   LIBCMT:exsup.obj
 0001:0001522c       __NLG_Dispatch             0041622c     LIBCMT:exsup.obj
 0001:0001522c       __NLG_Dispatch2            0041622c     LIBCMT:exsup.obj
 0001:00015234       __NLG_Call                 00416234 f   LIBCMT:exsup.obj
 0001:00015236       __NLG_Return2              00416236     LIBCMT:exsup.obj
 0001:00015237       __mbsicmp_l                00416237 f   LIBCMT:mbsicmp.obj
 0001:0001542e       __mbsicmp                  0041642e f   LIBCMT:mbsicmp.obj
 0001:00015445       __mbsrchr_l                00416445 f   LIBCMT:mbsrchr.obj
 0001:000154ef       __mbsrchr                  004164ef f   LIBCMT:mbsrchr.obj
 0001:00015510       __SEH_prolog4_GS           00416510 f   LIBCMT:sehprolg4gs.obj
 0001:00015558       __SEH_epilog4_GS           00416558 f   LIBCMT:sehprolg4gs.obj
 0001:00015567       __chsize_nolock            00416567 f   LIBCMT:chsize.obj
 0001:0001571d       __lseek_nolock             0041671d f   LIBCMT:lseek.obj
 0001:00015792       __setmode_nolock           00416792 f   LIBCMT:setmode.obj
 0001:0001584d       __get_fmode                0041684d f   LIBCMT:setmode.obj
 0001:00015f5b       ___tzset                   00416f5b f   LIBCMT:tzset.obj
 0001:00015faa       __isindst                  00416faa f   LIBCMT:tzset.obj
 0001:00015feb       __get_daylight             00416feb f   LIBCMT:timeset.obj
 0001:00016018       __get_dstbias              00417018 f   LIBCMT:timeset.obj
 0001:00016045       __get_timezone             00417045 f   LIBCMT:timeset.obj
 0001:00016072       ___daylight                00417072 f   LIBCMT:timeset.obj
 0001:00016078       ___dstbias                 00417078 f   LIBCMT:timeset.obj
 0001:0001607e       ___timezone                0041707e f   LIBCMT:timeset.obj
 0001:00016084       ___tzname                  00417084 f   LIBCMT:timeset.obj
 0001:00016090       _strpbrk                   00417090 f   LIBCMT:strpbrk.obj
 0001:000160d0       ___report_gsfailure        004170d0 f   LIBCMT:gs_report.obj
 0001:000161d6       ?terminate@@YAXXZ          004171d6 f   LIBCMT:hooks.obj
 0001:0001620f       ?unexpected@@YAXXZ         0041720f f   LIBCMT:hooks.obj
 0001:00016222       ?_inconsistency@@YAXXZ     00417222 f   LIBCMT:hooks.obj
 0001:0001625a       __initp_eh_hooks           0041725a f   LIBCMT:hooks.obj
 0001:0001626b       __initp_misc_winsig        0041726b f   LIBCMT:winsig.obj
 0001:000162c0       ___get_sigabrt             004172c0 f   LIBCMT:winsig.obj
 0001:000162cd       _raise                     004172cd f   LIBCMT:winsig.obj
 0001:00016470       __initp_misc_rand_s        00417470 f   LIBCMT:rand_s.obj
 0001:0001647f       __initp_heap_handler       0041747f f   LIBCMT:handler.obj
 0001:0001648e       ___crtMessageBoxW          0041748e f   LIBCMT:crtmboxw.obj
 0001:000165fa       _wcscat_s                  004175fa f   LIBCMT:wcscat_s.obj
 0001:0001666f       _wcsncpy_s                 0041766f f   LIBCMT:wcsncpy_s.obj
 0001:0001673c       _wcslen                    0041773c f   LIBCMT:wcslen.obj
 0001:00016757       _wcscpy_s                  00417757 f   LIBCMT:wcscpy_s.obj
 0001:000167ba       __set_error_mode           004177ba f   LIBCMT:errmode.obj
 0001:0001684c       __ismbblead                0041784c f   LIBCMT:ismbbyte.obj
 0001:0001694b       ___crtGetStringTypeA       0041794b f   LIBCMT:a_str.obj
 0001:0001698b       ___free_lc_time            0041798b f   LIBCMT:inittime.obj
 0001:00016d02       ___free_lconv_num          00417d02 f   LIBCMT:initnum.obj
 0001:00016d6b       ___free_lconv_mon          00417d6b f   LIBCMT:initmon.obj
 0001:00016e69       ____lc_codepage_func       00417e69 f   LIBCMT:initctyp.obj
 0001:00016e90       _strcspn                   00417e90 f   LIBCMT:strcspn.obj
 0001:00016ed6       _strncpy_s                 00417ed6 f   LIBCMT:strncpy_s.obj
 0001:00016f8b       _strncmp                   00417f8b f   LIBCMT:strncmp.obj
 0001:0001704b       __ld12tod                  0041804b f   LIBCMT:_intrncvt_.obj
 0001:0001759c       __ld12tof                  0041859c f   LIBCMT:_intrncvt_.obj
 0001:00017aed       ___strgtold12_l            00418aed f   LIBCMT:_strgtold_.obj
 0001:000181c9       __mbtowc_l                 004191c9 f   LIBCMT:mbtowc.obj
 0001:000182df       _mbtowc                    004192df f   LIBCMT:mbtowc.obj
 0001:000182f9       __matherr                  004192f9 f   LIBCMT:_matherr_.obj
 0001:000182fc       __raise_exc_ex             004192fc f   LIBCMT:_fpexcept_.obj
 0001:000185d8       __raise_exc                004195d8 f   LIBCMT:_fpexcept_.obj
 0001:000185fb       __handle_exc               004195fb f   LIBCMT:_fpexcept_.obj
 0001:000187df       __set_errno_from_matherr   004197df f   LIBCMT:_fpexcept_.obj
 0001:0001880c       __errcode                  0041980c f   LIBCMT:_fpexcept_.obj
 0001:00018840       __umatherr                 00419840 f   LIBCMT:_fpexcept_.obj
 0001:000188e0       __handle_qnan1             004198e0 f   LIBCMT:_fpexcept_.obj
 0001:00018935       __except1                  00419935 f   LIBCMT:_fpexcept_.obj
 0001:000189ff       __frnd                     004199ff f   LIBCMT:_frnd_.obj
 0001:00018a13       __set_exp                  00419a13 f   LIBCMT:_util_.obj
 0001:00018a40       __sptype                   00419a40 f   LIBCMT:_util_.obj
 0001:00018aa6       __decomp                   00419aa6 f   LIBCMT:_util_.obj
 0001:00018b69       __statfp                   00419b69 f   LIBCMT:_fpctrl_.obj
 0001:00018b79       __clrfp                    00419b79 f   LIBCMT:_fpctrl_.obj
 0001:00018b8a       __ctrlfp                   00419b8a f   LIBCMT:_fpctrl_.obj
 0001:00018bb5       __set_statfp               00419bb5 f   LIBCMT:_fpctrl_.obj
 0001:00018c0d       ___set_fpsr_sse2           00419c0d f   LIBCMT:_fpctrl_.obj
 0001:00018c7f       __87except                 00419c7f f   LIBCMT:_87except_.obj
 0001:00018dbe       __fpclass                  00419dbe f   LIBCMT:_ieeemisc_.obj
 0001:00018e5b       __putwch_nolock            00419e5b f   LIBCMT:putwch.obj
 0001:00018e9d       _$I10_OUTPUT               00419e9d f   LIBCMT:_x10fout_.obj
 0001:000198c3       __control87                0041a8c3 f i LIBCMT:_ieee87_.obj
 0001:00019bd5       __controlfp                0041abd5 f   LIBCMT:_ieee87_.obj
 0001:00019eea       __strnicmp_l               0041aeea f   LIBCMT:strnicmp.obj
 0001:00019fcc       __strnicmp                 0041afcc f   LIBCMT:strnicmp.obj
 0001:0001a01f       ___ascii_stricmp           0041b01f f   LIBCMT:stricmp.obj
 0001:0001a058       __stricmp_l                0041b058 f   LIBCMT:stricmp.obj
 0001:0001a118       _atol                      0041b118 f   LIBCMT:atox.obj
 0001:0001a12e       __getenv_helper_nolock     0041b12e f   LIBCMT:getenv.obj
 0001:0001a1b5       ___mtold12                 0041b1b5 f   LIBCMT:_mantold_.obj
 0001:0001a399       ___initconout              0041b399 f   LIBCMT:initcon.obj
 0001:0001a3b8       ___termconout              0041b3b8 f   LIBCMT:initcon.obj
 0001:0001a3d0       ___ascii_strnicmp          0041b3d0 f   LIBCMT:_strnicm.obj
 0001:0001a431       __mbsnbicoll_l             0041b431 f   LIBCMT:mbsnbico.obj
 0001:0001a50f       __mbsnbicoll               0041b50f f   LIBCMT:mbsnbico.obj
 0001:0001a529       ___wtomb_environ           0041b529 f   LIBCMT:wtombenv.obj
 0001:0001a82e       ___crtCompareStringA       0041b82e f   LIBCMT:a_cmp.obj
 0001:0001a870       __strnicoll_l              0041b870 f   LIBCMT:strnicol.obj
 0001:0001aa0c       ___crtsetenv               0041ba0c f   LIBCMT:setenv.obj
 0001:0001ac4e       __mbschr_l                 0041bc4e f   LIBCMT:mbschr.obj
 0001:0001acfe       __mbschr                   0041bcfe f   LIBCMT:mbschr.obj
 0001:0001ad16       _RtlUnwind@16              0041bd16 f   kernel32:KERNEL32.dll
 0001:0001ad20       ??4BGRA5551_t@@QAEAAU0@ABUBGRA8888_t@@@Z 0041bd20 f i bitmap:colorconversion.obj
 0001:0001ada0       ??4BGRA4444_t@@QAEAAU0@ABUBGRA8888_t@@@Z 0041bda0 f i bitmap:colorconversion.obj
 0001:0001ae20       ?ConvertFloatTo16bits@float16@@KAGM@Z 0041be20 f i bitmap:colorconversion.obj
 0001:0001af60       ?Convert16bitFloatTo32bits@float16@@KAMG@Z 0041bf60 f i bitmap:colorconversion.obj
 0001:0001b030       ?PixRGBAF_to_8@@YA?AUPixRGBA8@@ABUPixRGBAF@@@Z 0041c030 f i bitmap:colorconversion.obj
 0001:0001b3a0       ?ConvertToATIxN@ImageLoader@@YA_NPBEW4ImageFormat@@PAE1HHHH@Z 0041c3a0 f   bitmap:colorconversion.obj
 0001:0001b4b0       ?ConvertToDXT@ImageLoader@@YA_NPBEW4ImageFormat@@PAE1HHHH@Z 0041c4b0 f   bitmap:colorconversion.obj
 0001:0001b690       ?ConvertImageFormat_RGBA16161616_To_RGB323232F@ImageLoader@@YAXPAGPAMHH@Z 0041c690 f   bitmap:colorconversion.obj
 0001:0001b7f0       ?ConvertImageFormat_RGB323232F_To_RGBA16161616@ImageLoader@@YAXPAMPAGHH@Z 0041c7f0 f   bitmap:colorconversion.obj
 0001:0001b900       ?ConvertImageFormat_RGB323232F_To_RGBA8888@ImageLoader@@YAXPAMPAEHH@Z 0041c900 f   bitmap:colorconversion.obj
 0001:0001bbc0       ?ConvertImageFormat_RGB323232F_To_BGRA8888@ImageLoader@@YAXPAMPAEHH@Z 0041cbc0 f   bitmap:colorconversion.obj
 0001:0001be80       ?ConvertNormalMapRGBA8888ToDUDVMapUVWQ8888@ImageLoader@@YAXPBEHHPAE@Z 0041ce80 f   bitmap:colorconversion.obj
 0001:0001bee0       ?ConvertNormalMapRGBA8888ToDUDVMapUVLX8888@ImageLoader@@YAXPBEHHPAE@Z 0041cee0 f   bitmap:colorconversion.obj
 0001:0001bf30       ?ConvertNormalMapRGBA8888ToDUDVMapUV88@ImageLoader@@YAXPBEHHPAE@Z 0041cf30 f   bitmap:colorconversion.obj
 0001:0001bf70       ?NormalizeNormalMapRGBA8888@ImageLoader@@YAXPAEH@Z 0041cf70 f   bitmap:colorconversion.obj
 0001:0001c0a0       ?RotateImageLeft@ImageLoader@@YA_NPBEPAEHW4ImageFormat@@@Z 0041d0a0 f   bitmap:colorconversion.obj
 0001:0001c250       ?RotateImage180@ImageLoader@@YA_NPBEPAEHW4ImageFormat@@@Z 0041d250 f   bitmap:colorconversion.obj
 0001:0001c290       ?FlipImageVertically@ImageLoader@@YA_NPAX0HHW4ImageFormat@@H@Z 0041d290 f   bitmap:colorconversion.obj
 0001:0001c370       ?FlipImageHorizontally@ImageLoader@@YA_NPAX0HHW4ImageFormat@@H@Z 0041d370 f   bitmap:colorconversion.obj
 0001:0001e630       ?ConvertImageFormat_RGBA16161616F_To_RGB323232F@ImageLoader@@YAXPAVfloat16@@PAMHH@Z 0041f630 f   bitmap:colorconversion.obj
 0001:0001e690       ?ConvertImageFormat_RGBA16161616F_To_RGBA323232F@ImageLoader@@YAXPAVfloat16@@PAMHHI@Z 0041f690 f   bitmap:colorconversion.obj
 0001:0001e730       ?ConvertImageFormat_RGB323232F_To_RGBA16161616F@ImageLoader@@YAXPAMPAVfloat16@@HH@Z 0041f730 f   bitmap:colorconversion.obj
 0001:0001e790       ?ConvertImageFormat_RGBA16161616_To_RGBA16161616F@ImageLoader@@YAXPAGPAMHH@Z 0041f790 f   bitmap:colorconversion.obj
 0001:0001e850       ?ConvertImageFormat_RGBA16161616F_To_RGBA16161616@ImageLoader@@YAXPAVfloat16@@PAGHH@Z 0041f850 f   bitmap:colorconversion.obj
 0001:0001fd40       ?ConvertImageFormat@ImageLoader@@YA_NPBEW4ImageFormat@@PAE1HHHH@Z 00420d40 f   bitmap:colorconversion.obj
 0001:000204b0       ?ConstructGammaTable@ImageLoader@@YAXPAEMM@Z 004214b0 f   bitmap:resample.obj
 0001:00020520       ?GammaCorrectRGBA8888@ImageLoader@@YAXPAE0HHH0@Z 00421520 f   bitmap:resample.obj
 0001:00020600       ?GammaCorrectRGBA8888@ImageLoader@@YAXPAE0HHHMM@Z 00421600 f   bitmap:resample.obj
 0001:00020a60       ?ResampleRGBA8888@ImageLoader@@YA_NABUResampleInfo_t@1@@Z 00421a60 f   bitmap:resample.obj
 0001:00020e20       ?ResampleRGB323232F@ImageLoader@@YA_NABUResampleInfo_t@1@@Z 00421e20 f   bitmap:resample.obj
 0001:00020fc0       ?ComputeAveragedColor@?$CKernelWrapper@$0A@$0A@@ImageLoader@@SAXABUKernelInfo_t@2@ABUResampleInfo_t@2@HHHPAM2@Z 00421fc0 f i bitmap:resample.obj
 0001:00021190       ?ComputeAveragedColor@?$CKernelWrapper@$00$0A@@ImageLoader@@SAXABUKernelInfo_t@2@ABUResampleInfo_t@2@HHHPAM2@Z 00422190 f i bitmap:resample.obj
 0001:00021360       ?ComputeAveragedColor@?$CKernelWrapper@$01$0A@@ImageLoader@@SAXABUKernelInfo_t@2@ABUResampleInfo_t@2@HHHPAM2@Z 00422360 f i bitmap:resample.obj
 0001:00021510       ?AddAlphaToAlphaResult@?$CKernelWrapper@$01$0A@@ImageLoader@@SAXABUKernelInfo_t@2@ABUResampleInfo_t@2@HHHMPAM@Z 00422510 f i bitmap:resample.obj
 0001:00021650       ?AdjustAlphaChannel@?$CKernelWrapper@$01$0A@@ImageLoader@@SAXABUKernelInfo_t@2@ABUResampleInfo_t@2@HHHPAM@Z 00422650 f i bitmap:resample.obj
 0001:00021650       ?AdjustAlphaChannel@?$CKernelWrapper@$01$00@ImageLoader@@SAXABUKernelInfo_t@2@ABUResampleInfo_t@2@HHHPAM@Z 00422650 f i bitmap:resample.obj
 0001:00021ab0       ?ComputeAveragedColor@?$CKernelWrapper@$0A@$00@ImageLoader@@SAXABUKernelInfo_t@2@ABUResampleInfo_t@2@HHHPAM2@Z 00422ab0 f i bitmap:resample.obj
 0001:00021c90       ?ComputeAveragedColor@?$CKernelWrapper@$00$00@ImageLoader@@SAXABUKernelInfo_t@2@ABUResampleInfo_t@2@HHHPAM2@Z 00422c90 f i bitmap:resample.obj
 0001:00021e70       ?ComputeAveragedColor@?$CKernelWrapper@$01$00@ImageLoader@@SAXABUKernelInfo_t@2@ABUResampleInfo_t@2@HHHPAM2@Z 00422e70 f i bitmap:resample.obj
 0001:00022060       ?AddAlphaToAlphaResult@?$CKernelWrapper@$01$00@ImageLoader@@SAXABUKernelInfo_t@2@ABUResampleInfo_t@2@HHHMPAM@Z 00423060 f i bitmap:resample.obj
 0001:000221d0       ?ApplyKernel@?$CKernelWrapper@$0A@$0A@@ImageLoader@@SAXABUKernelInfo_t@2@ABUResampleInfo_t@2@HHHPAM2@Z 004231d0 f i bitmap:resample.obj
 0001:000223b0       ?ApplyKernel@?$CKernelWrapper@$00$0A@@ImageLoader@@SAXABUKernelInfo_t@2@ABUResampleInfo_t@2@HHHPAM2@Z 004233b0 f i bitmap:resample.obj
 0001:00022530       ?ApplyKernel@?$CKernelWrapper@$01$0A@@ImageLoader@@SAXABUKernelInfo_t@2@ABUResampleInfo_t@2@HHHPAM2@Z 00423530 f i bitmap:resample.obj
 0001:000227a0       ?ApplyKernel@?$CKernelWrapper@$0A@$00@ImageLoader@@SAXABUKernelInfo_t@2@ABUResampleInfo_t@2@HHHPAM2@Z 004237a0 f i bitmap:resample.obj
 0001:00022980       ?ApplyKernel@?$CKernelWrapper@$00$00@ImageLoader@@SAXABUKernelInfo_t@2@ABUResampleInfo_t@2@HHHPAM2@Z 00423980 f i bitmap:resample.obj
 0001:00022b00       ?ApplyKernel@?$CKernelWrapper@$01$00@ImageLoader@@SAXABUKernelInfo_t@2@ABUResampleInfo_t@2@HHHPAM2@Z 00423b00 f i bitmap:resample.obj
 0001:00022d70       ?GenerateMipmapLevels@ImageLoader@@YAXPAE0HHHW4ImageFormat@@MMH@Z 00423d70 f   bitmap:resample.obj
 0001:00022f10       ?GetProcessorCount@@YAKXZ  00423f10 f   bitmap:ATI_Compress.obj
 0001:00022f30       ?GetCodecType@@YA?AW4_CodecType@@W4ATI_TC_FORMAT@@@Z 00423f30 f   bitmap:ATI_Compress.obj
 0001:00022fe0       ?GetError@@YA?AW4ATI_TC_ERROR@@W4_CODECError@@@Z 00423fe0 f   bitmap:ATI_Compress.obj
 0001:00023010       ?CalcBufferSize@@YAKW4ATI_TC_FORMAT@@KKK@Z 00424010 f   bitmap:ATI_Compress.obj
 0001:000230a0       ?CompressTexture@@YA?AW4ATI_TC_ERROR@@PBU_ATI_TC_Texture@@PAU2@PBU_ATI_TC_CompressOptions@@P6A_NMKK@ZKKW4_CodecType@@@Z 004240a0 f   bitmap:ATI_Compress.obj
 0001:00023330       ??0CATICompressThreadData@@QAE@XZ 00424330 f   bitmap:ATI_Compress.obj
 0001:00023340       ??1CATICompressThreadData@@QAE@XZ 00424340 f   bitmap:ATI_Compress.obj
 0001:00023390       ?ThreadedCompressProc@@YGKPAX@Z 00424390 f   bitmap:ATI_Compress.obj
 0001:000233f0       ?ThreadedCompressTexture@@YA?AW4ATI_TC_ERROR@@PBU_ATI_TC_Texture@@PAU2@PBU_ATI_TC_CompressOptions@@P6A_NMKK@ZKKW4_CodecType@@@Z 004243f0 f   bitmap:ATI_Compress.obj
 0001:00023870       _ATI_TC_CalculateBufferSize 00424870 f   bitmap:ATI_Compress.obj
 0001:000238b0       ?CheckTexture@@YA?AW4ATI_TC_ERROR@@PBU_ATI_TC_Texture@@_N@Z 004248b0 f   bitmap:ATI_Compress.obj
 0001:00023930       _ATI_TC_ConvertTexture     00424930 f   bitmap:ATI_Compress.obj
 0001:00023e80       ?S3TCencode@@YAXPAU_DDSURFACEDESC@@PAUtagPALETTEENTRY@@0PAXIPAM@Z 00424e80 f   bitmap:S3_intrf.obj
 0001:00024ba0       ??0FloatBitMap_t@@QAE@HH@Z 00425ba0 f   bitmap:float_bm.obj
 0001:00024bf0       ??1FloatBitMap_t@@QAE@XZ   00425bf0 f   bitmap:float_bm.obj
 0001:00024c00       ?CompressTo8Bits@FloatBitMap_t@@QAEXM@Z 00425c00 f   bitmap:float_bm2.obj
 0001:00024ef0       ??0CCodec@ATI_Compress@@QAE@W4_CodecType@@@Z 00425ef0 f   bitmap:Codec.obj
 0001:00024f10       ??1CCodec@ATI_Compress@@UAE@XZ 00425f10 f   bitmap:Codec.obj
 0001:00024f20       ?SetParameter@CCodec@ATI_Compress@@UAE_NPBDK@Z 00425f20 f   bitmap:Codec.obj
 0001:00024f30       ?GetParameter@CCodec@ATI_Compress@@UAE_NPBDAAK@Z 00425f30 f   bitmap:Codec.obj
 0001:00024f40       ?SetParameter@CCodec@ATI_Compress@@UAE_NPBDM@Z 00425f40 f   bitmap:Codec.obj
 0001:00024f50       ?GetParameter@CCodec@ATI_Compress@@UAE_NPBDAAM@Z 00425f50 f   bitmap:Codec.obj
 0001:00024f60       ?SupportsSSE2@@YA_NXZ      00425f60 f   bitmap:Codec.obj
 0001:00024f70       ?CreateCodec@@YAPAVCCodec@ATI_Compress@@W4_CodecType@@@Z 00425f70 f   bitmap:Codec.obj
 0001:000252a0       ?CalcBufferSize@@YAKW4_CodecType@@KK@Z 004262a0 f   bitmap:Codec.obj
 0001:00025310       ?DeriveB@@YAEEE@Z          00426310 f   bitmap:Codec.obj
 0001:00025420       ?DeriveB@@YAMMM@Z          00426420 f   bitmap:Codec.obj
 0001:000254b0       ?GetType@CCodec@ATI_Compress@@UBE?AW4_CodecType@@XZ 004264b0 f i bitmap:Codec.obj
 0001:000254c0       ?GetBufferType@CCodecBuffer_RGBA8888@@UBE?BW4_CodecBufferType@@XZ 004264c0 f i bitmap:CodecBuffer_RGBA8888.obj
 0001:000254c0       ?GetBlockHeight@CCodec@ATI_Compress@@UAEKXZ 004264c0 f i bitmap:Codec.obj
 0001:000254d0       ??_ECCodec@ATI_Compress@@UAEPAXI@Z 004264d0 f i bitmap:Codec.obj
 0001:000254d0       ??_GCCodec@ATI_Compress@@UAEPAXI@Z 004264d0 f i bitmap:Codec.obj
 0001:000254f0       ??0half@@QAE@M@Z           004264f0 f i bitmap:CodecBuffer.obj
 0001:00025560       ?CreateCodecBuffer@@YAPAVCCodecBuffer@@W4_CodecBufferType@@KKKPAE@Z 00426560 f   bitmap:CodecBuffer.obj
 0001:00025790       ??0CCodecBuffer@@QAE@KKKPAE@Z 00426790 f   bitmap:CodecBuffer.obj
 0001:000257d0       ??1CCodecBuffer@@UAE@XZ    004267d0 f   bitmap:CodecBuffer.obj
 0001:00025800       ?Copy@CCodecBuffer@@UAEXAAV1@@Z 00426800 f   bitmap:CodecBuffer.obj
 0001:000258c0       ?WriteBlock@CCodecBuffer@@UAE_NKKPAKK@Z 004268c0 f   bitmap:CodecBuffer.obj
 0001:000258d0       ?ReadBlock@CCodecBuffer@@UAE_NKKPAKK@Z 004268d0 f   bitmap:CodecBuffer.obj
 0001:000258e0       ?ConvertBlock@CCodecBuffer@@IAEXQANQAMK@Z 004268e0 f   bitmap:CodecBuffer.obj
 0001:00025960       ?ConvertBlock@CCodecBuffer@@IAEXQANQAVhalf@@K@Z 00426960 f   bitmap:CodecBuffer.obj
 0001:00025a10       ?ConvertBlock@CCodecBuffer@@IAEXQANQAGK@Z 00426a10 f   bitmap:CodecBuffer.obj
 0001:00025ae0       ?ConvertBlock@CCodecBuffer@@IAEXQANQAEK@Z 00426ae0 f   bitmap:CodecBuffer.obj
 0001:00025ba0       ?ConvertBlock@CCodecBuffer@@IAEXQAMQANK@Z 00426ba0 f   bitmap:CodecBuffer.obj
 0001:00025c20       ?ConvertBlock@CCodecBuffer@@IAEXQAMQAVhalf@@K@Z 00426c20 f   bitmap:CodecBuffer.obj
 0001:00025cd0       ?ConvertBlock@CCodecBuffer@@IAEXQAMQAGK@Z 00426cd0 f   bitmap:CodecBuffer.obj
 0001:00025da0       ?ConvertBlock@CCodecBuffer@@IAEXQAMQAEK@Z 00426da0 f   bitmap:CodecBuffer.obj
 0001:00025e60       ?ConvertBlock@CCodecBuffer@@IAEXQAVhalf@@QANK@Z 00426e60 f   bitmap:CodecBuffer.obj
 0001:00025eb0       ?ConvertBlock@CCodecBuffer@@IAEXQAVhalf@@QAMK@Z 00426eb0 f   bitmap:CodecBuffer.obj
 0001:00025f00       ?ConvertBlock@CCodecBuffer@@IAEXQAVhalf@@QAGK@Z 00426f00 f   bitmap:CodecBuffer.obj
 0001:00025f60       ?ConvertBlock@CCodecBuffer@@IAEXQAVhalf@@QAEK@Z 00426f60 f   bitmap:CodecBuffer.obj
 0001:00025fc0       ?ConvertBlock@CCodecBuffer@@IAEXQAGQANK@Z 00426fc0 f   bitmap:CodecBuffer.obj
 0001:00026030       ?ConvertBlock@CCodecBuffer@@IAEXQAGQAMK@Z 00427030 f   bitmap:CodecBuffer.obj
 0001:000260a0       ?ConvertBlock@CCodecBuffer@@IAEXQAGQAVhalf@@K@Z 004270a0 f   bitmap:CodecBuffer.obj
 0001:00026110       ?ConvertBlock@CCodecBuffer@@IAEXQAGQAEK@Z 00427110 f   bitmap:CodecBuffer.obj
 0001:00026150       ?ConvertBlock@CCodecBuffer@@IAEXQAEQANK@Z 00427150 f   bitmap:CodecBuffer.obj
 0001:000261c0       ?ConvertBlock@CCodecBuffer@@IAEXQAEQAMK@Z 004271c0 f   bitmap:CodecBuffer.obj
 0001:00026230       ?ConvertBlock@CCodecBuffer@@IAEXQAEQAVhalf@@K@Z 00427230 f   bitmap:CodecBuffer.obj
 0001:000262b0       ?ConvertBlock@CCodecBuffer@@IAEXQAEQAGK@Z 004272b0 f   bitmap:CodecBuffer.obj
 0001:00026330       ?SwizzleBlock@CCodecBuffer@@IAEXQANK@Z 00427330 f   bitmap:CodecBuffer.obj
 0001:000263d0       ?SwizzleBlock@CCodecBuffer@@IAEXQAMK@Z 004273d0 f   bitmap:CodecBuffer.obj
 0001:00026490       ?SwizzleBlock@CCodecBuffer@@IAEXQAVhalf@@K@Z 00427490 f   bitmap:CodecBuffer.obj
 0001:000264d0       ?SwizzleBlock@CCodecBuffer@@IAEXQAGK@Z 004274d0 f   bitmap:CodecBuffer.obj
 0001:00026510       ?ReadBlockR@CCodecBuffer@@UAE_NKKEEQAE@Z 00427510 f   bitmap:CodecBuffer.obj
 0001:000266d0       ?ReadBlockG@CCodecBuffer@@UAE_NKKEEQAE@Z 004276d0 f   bitmap:CodecBuffer.obj
 0001:00026890       ?ReadBlockB@CCodecBuffer@@UAE_NKKEEQAE@Z 00427890 f   bitmap:CodecBuffer.obj
 0001:00026a50       ?ReadBlockA@CCodecBuffer@@UAE_NKKEEQAE@Z 00427a50 f   bitmap:CodecBuffer.obj
 0001:00026c10       ?ReadBlockR@CCodecBuffer@@UAE_NKKEEQAG@Z 00427c10 f   bitmap:CodecBuffer.obj
 0001:00026df0       ?ReadBlockG@CCodecBuffer@@UAE_NKKEEQAG@Z 00427df0 f   bitmap:CodecBuffer.obj
 0001:00026fd0       ?ReadBlockB@CCodecBuffer@@UAE_NKKEEQAG@Z 00427fd0 f   bitmap:CodecBuffer.obj
 0001:000271b0       ?ReadBlockA@CCodecBuffer@@UAE_NKKEEQAG@Z 004281b0 f   bitmap:CodecBuffer.obj
 0001:00027390       ?ReadBlockR@CCodecBuffer@@UAE_NKKEEQAVhalf@@@Z 00428390 f   bitmap:CodecBuffer.obj
 0001:00027590       ?ReadBlockG@CCodecBuffer@@UAE_NKKEEQAVhalf@@@Z 00428590 f   bitmap:CodecBuffer.obj
 0001:00027790       ?ReadBlockB@CCodecBuffer@@UAE_NKKEEQAVhalf@@@Z 00428790 f   bitmap:CodecBuffer.obj
 0001:00027990       ?ReadBlockA@CCodecBuffer@@UAE_NKKEEQAVhalf@@@Z 00428990 f   bitmap:CodecBuffer.obj
 0001:00027b90       ?ReadBlockR@CCodecBuffer@@UAE_NKKEEQAM@Z 00428b90 f   bitmap:CodecBuffer.obj
 0001:00027cf0       ?ReadBlockG@CCodecBuffer@@UAE_NKKEEQAM@Z 00428cf0 f   bitmap:CodecBuffer.obj
 0001:00027e50       ?ReadBlockB@CCodecBuffer@@UAE_NKKEEQAM@Z 00428e50 f   bitmap:CodecBuffer.obj
 0001:00027fb0       ?ReadBlockA@CCodecBuffer@@UAE_NKKEEQAM@Z 00428fb0 f   bitmap:CodecBuffer.obj
 0001:00028110       ?ReadBlockR@CCodecBuffer@@UAE_NKKEEQAN@Z 00429110 f   bitmap:CodecBuffer.obj
 0001:00028260       ?ReadBlockG@CCodecBuffer@@UAE_NKKEEQAN@Z 00429260 f   bitmap:CodecBuffer.obj
 0001:000283b0       ?ReadBlockB@CCodecBuffer@@UAE_NKKEEQAN@Z 004293b0 f   bitmap:CodecBuffer.obj
 0001:00028500       ?ReadBlockA@CCodecBuffer@@UAE_NKKEEQAN@Z 00429500 f   bitmap:CodecBuffer.obj
 0001:00028650       ?WriteBlockR@CCodecBuffer@@UAE_NKKEEQAE@Z 00429650 f   bitmap:CodecBuffer.obj
 0001:000287d0       ?WriteBlockG@CCodecBuffer@@UAE_NKKEEQAE@Z 004297d0 f   bitmap:CodecBuffer.obj
 0001:00028950       ?WriteBlockB@CCodecBuffer@@UAE_NKKEEQAE@Z 00429950 f   bitmap:CodecBuffer.obj
 0001:00028ae0       ?WriteBlockA@CCodecBuffer@@UAE_NKKEEQAE@Z 00429ae0 f   bitmap:CodecBuffer.obj
 0001:00028c70       ?WriteBlockR@CCodecBuffer@@UAE_NKKEEQAG@Z 00429c70 f   bitmap:CodecBuffer.obj
 0001:00028e00       ?WriteBlockG@CCodecBuffer@@UAE_NKKEEQAG@Z 00429e00 f   bitmap:CodecBuffer.obj
 0001:00028f90       ?WriteBlockB@CCodecBuffer@@UAE_NKKEEQAG@Z 00429f90 f   bitmap:CodecBuffer.obj
 0001:00029130       ?WriteBlockA@CCodecBuffer@@UAE_NKKEEQAG@Z 0042a130 f   bitmap:CodecBuffer.obj
 0001:000292d0       ?WriteBlockR@CCodecBuffer@@UAE_NKKEEQAVhalf@@@Z 0042a2d0 f   bitmap:CodecBuffer.obj
 0001:00029410       ?WriteBlockG@CCodecBuffer@@UAE_NKKEEQAVhalf@@@Z 0042a410 f   bitmap:CodecBuffer.obj
 0001:00029550       ?WriteBlockB@CCodecBuffer@@UAE_NKKEEQAVhalf@@@Z 0042a550 f   bitmap:CodecBuffer.obj
 0001:00029690       ?WriteBlockA@CCodecBuffer@@UAE_NKKEEQAVhalf@@@Z 0042a690 f   bitmap:CodecBuffer.obj
 0001:000297d0       ?WriteBlockR@CCodecBuffer@@UAE_NKKEEQAM@Z 0042a7d0 f   bitmap:CodecBuffer.obj
 0001:000299c0       ?WriteBlockG@CCodecBuffer@@UAE_NKKEEQAM@Z 0042a9c0 f   bitmap:CodecBuffer.obj
 0001:00029bc0       ?WriteBlockB@CCodecBuffer@@UAE_NKKEEQAM@Z 0042abc0 f   bitmap:CodecBuffer.obj
 0001:00029dc0       ?WriteBlockA@CCodecBuffer@@UAE_NKKEEQAM@Z 0042adc0 f   bitmap:CodecBuffer.obj
 0001:00029fc0       ?WriteBlockR@CCodecBuffer@@UAE_NKKEEQAN@Z 0042afc0 f   bitmap:CodecBuffer.obj
 0001:0002a1a0       ?WriteBlockG@CCodecBuffer@@UAE_NKKEEQAN@Z 0042b1a0 f   bitmap:CodecBuffer.obj
 0001:0002a380       ?WriteBlockB@CCodecBuffer@@UAE_NKKEEQAN@Z 0042b380 f   bitmap:CodecBuffer.obj
 0001:0002a570       ?WriteBlockA@CCodecBuffer@@UAE_NKKEEQAN@Z 0042b570 f   bitmap:CodecBuffer.obj
 0001:0002a760       ?WriteBlockRGBA@CCodecBuffer@@UAE_NKKEEQAK@Z 0042b760 f   bitmap:CodecBuffer.obj
 0001:0002a950       ?ReadBlockRGBA@CCodecBuffer@@UAE_NKKEEQAK@Z 0042b950 f   bitmap:CodecBuffer.obj
 0001:0002ab50       ?WriteBlockRGBA@CCodecBuffer@@UAE_NKKEEQAG@Z 0042bb50 f   bitmap:CodecBuffer.obj
 0001:0002ace0       ?ReadBlockRGBA@CCodecBuffer@@UAE_NKKEEQAG@Z 0042bce0 f   bitmap:CodecBuffer.obj
 0001:0002aea0       ?WriteBlockRGBA@CCodecBuffer@@UAE_NKKEEQAVhalf@@@Z 0042bea0 f   bitmap:CodecBuffer.obj
 0001:0002b030       ?ReadBlockRGBA@CCodecBuffer@@UAE_NKKEEQAVhalf@@@Z 0042c030 f   bitmap:CodecBuffer.obj
 0001:0002b1f0       ?WriteBlockRGBA@CCodecBuffer@@UAE_NKKEEQAM@Z 0042c1f0 f   bitmap:CodecBuffer.obj
 0001:0002b380       ?ReadBlockRGBA@CCodecBuffer@@UAE_NKKEEQAM@Z 0042c380 f   bitmap:CodecBuffer.obj
 0001:0002b540       ?WriteBlockRGBA@CCodecBuffer@@UAE_NKKEEQAN@Z 0042c540 f   bitmap:CodecBuffer.obj
 0001:0002b6d0       ?ReadBlockRGBA@CCodecBuffer@@UAE_NKKEEQAN@Z 0042c6d0 f   bitmap:CodecBuffer.obj
 0001:0002b890       ?GetBufferType@CCodecBuffer@@UBE?BW4_CodecBufferType@@XZ 0042c890 f i bitmap:CodecBuffer.obj
 0001:0002b8a0       ??_ECCodecBuffer@@UAEPAXI@Z 0042c8a0 f i bitmap:CodecBuffer.obj
 0001:0002b8a0       ??_GCCodecBuffer@@UAEPAXI@Z 0042c8a0 f i bitmap:CodecBuffer.obj
 0001:0002b8e0       _CodeRGBBlock              0042c8e0 f   bitmap:S3_quant.obj
 0001:0002e900       _CodeAlphaBlock            0042f900 f   bitmap:S3_quant.obj
 0001:0002f6b0       ??0CCodec_ATI2N_DXT5@@QAE@XZ 004306b0 f   bitmap:Codec_ATI2N_DXT5.obj
 0001:0002f6d0       ??1CCodec_ATI2N_DXT5@@UAE@XZ 004306d0 f   bitmap:Codec_ATI2N_DXT5.obj
 0001:0002f6e0       ?Compress@CCodec_ATI2N_DXT5@@UAE?AW4_CODECError@@AAVCCodecBuffer@@0P6A_NMKK@ZKK@Z 004306e0 f   bitmap:Codec_ATI2N_DXT5.obj
 0001:0002f970       ?Decompress@CCodec_ATI2N_DXT5@@UAE?AW4_CODECError@@AAVCCodecBuffer@@0@Z 00430970 f   bitmap:Codec_ATI2N_DXT5.obj
 0001:0002fb60       ??_GCCodec_ATI2N_DXT5@@UAEPAXI@Z 00430b60 f i bitmap:Codec_ATI2N_DXT5.obj
 0001:0002fb60       ??_ECCodec_ATI2N_DXT5@@UAEPAXI@Z 00430b60 f i bitmap:Codec_ATI2N_DXT5.obj
 0001:0002fb90       ??0CCodec_ATI2N@@QAE@W4_CodecType@@@Z 00430b90 f   bitmap:Codec_ATI2N.obj
 0001:0002fbb0       ??1CCodec_ATI2N@@UAE@XZ    00430bb0 f   bitmap:Codec_ATI2N.obj
 0001:0002fbc0       ?Compress@CCodec_ATI2N@@UAE?AW4_CODECError@@AAVCCodecBuffer@@0P6A_NMKK@ZKK@Z 00430bc0 f   bitmap:Codec_ATI2N.obj
 0001:0002fe30       ?Decompress@CCodec_ATI2N@@UAE?AW4_CODECError@@AAVCCodecBuffer@@0@Z 00430e30 f   bitmap:Codec_ATI2N.obj
 0001:00030100       ?DeriveBlockB@CCodec_ATI2N@@MAEXQAE00@Z 00431100 f   bitmap:Codec_ATI2N.obj
 0001:00030150       ?DeriveBlockB@CCodec_ATI2N@@MAEXQAM00@Z 00431150 f   bitmap:Codec_ATI2N.obj
 0001:000301a0       ??_ECCodec_ATI2N@@UAEPAXI@Z 004311a0 f i bitmap:Codec_ATI2N.obj
 0001:000301a0       ??_GCCodec_ATI2N@@UAEPAXI@Z 004311a0 f i bitmap:Codec_ATI2N.obj
 0001:000301d0       ??0CCodec_ATI1N@@QAE@W4_CodecType@@@Z 004311d0 f   bitmap:Codec_ATI1N.obj
 0001:000301f0       ??1CCodec_ATI1N@@UAE@XZ    004311f0 f   bitmap:Codec_ATI1N.obj
 0001:00030200       ?CreateBuffer@CCodec_ATI1N@@UBEPAVCCodecBuffer@@KKKPAE@Z 00431200 f   bitmap:Codec_ATI1N.obj
 0001:00030230       ?Compress@CCodec_ATI1N@@UAE?AW4_CODECError@@AAVCCodecBuffer@@0P6A_NMKK@ZKK@Z 00431230 f   bitmap:Codec_ATI1N.obj
 0001:00030420       ?Decompress@CCodec_ATI1N@@UAE?AW4_CODECError@@AAVCCodecBuffer@@0@Z 00431420 f   bitmap:Codec_ATI1N.obj
 0001:00030600       ??_ECCodec_ATI1N@@UAEPAXI@Z 00431600 f i bitmap:Codec_ATI1N.obj
 0001:00030600       ??_GCCodec_ATI1N@@UAEPAXI@Z 00431600 f i bitmap:Codec_ATI1N.obj
 0001:00030630       ??0CCodec_DXT5_xGxR@@QAE@XZ 00431630 f   bitmap:Codec_DXT5_xGxR.obj
 0001:00030650       ??1CCodec_DXT5_xGxR@@UAE@XZ 00431650 f   bitmap:Codec_DXT5_xGxR.obj
 0001:00030660       ?ReadBlock@CCodec_DXT5_xGxR@@MAEXAAVCCodecBuffer@@KKQAK@Z 00431660 f   bitmap:Codec_DXT5_xGxR.obj
 0001:00030720       ?WriteBlock@CCodec_DXT5_xGxR@@MAEXAAVCCodecBuffer@@KKQAK@Z 00431720 f   bitmap:Codec_DXT5_xGxR.obj
 0001:000307e0       ?ReadBlock@CCodec_DXT5_xGxR@@MAEXAAVCCodecBuffer@@KKQAM@Z 004317e0 f   bitmap:Codec_DXT5_xGxR.obj
 0001:00030850       ?WriteBlock@CCodec_DXT5_xGxR@@MAEXAAVCCodecBuffer@@KKQAM@Z 00431850 f   bitmap:Codec_DXT5_xGxR.obj
 0001:000308d0       ??_ECCodec_DXT5_xGxR@@UAEPAXI@Z 004318d0 f i bitmap:Codec_DXT5_xGxR.obj
 0001:000308d0       ??_GCCodec_DXT5_xGxR@@UAEPAXI@Z 004318d0 f i bitmap:Codec_DXT5_xGxR.obj
 0001:00030900       ??0CCodec_DXT5_RGxB@@QAE@XZ 00431900 f   bitmap:Codec_DXT5_RGxB.obj
 0001:00030920       ??1CCodec_DXT5_RGxB@@UAE@XZ 00431920 f   bitmap:Codec_DXT5_RGxB.obj
 0001:00030930       ?ReadBlock@CCodec_DXT5_RGxB@@MAEXAAVCCodecBuffer@@KKQAK@Z 00431930 f   bitmap:Codec_DXT5_RGxB.obj
 0001:00030a30       ?WriteBlock@CCodec_DXT5_RGxB@@MAEXAAVCCodecBuffer@@KKQAK@Z 00431a30 f   bitmap:Codec_DXT5_RGxB.obj
 0001:00030b10       ?ReadBlock@CCodec_DXT5_RGxB@@MAEXAAVCCodecBuffer@@KKQAM@Z 00431b10 f   bitmap:Codec_DXT5_RGxB.obj
 0001:00030b90       ?WriteBlock@CCodec_DXT5_RGxB@@MAEXAAVCCodecBuffer@@KKQAM@Z 00431b90 f   bitmap:Codec_DXT5_RGxB.obj
 0001:00030c20       ??_GCCodec_DXT5_RGxB@@UAEPAXI@Z 00431c20 f i bitmap:Codec_DXT5_RGxB.obj
 0001:00030c20       ??_ECCodec_DXT5_RGxB@@UAEPAXI@Z 00431c20 f i bitmap:Codec_DXT5_RGxB.obj
 0001:00030c50       ??0CCodec_DXT5_xRBG@@QAE@XZ 00431c50 f   bitmap:Codec_DXT5_xRBG.obj
 0001:00030c70       ??1CCodec_DXT5_xRBG@@UAE@XZ 00431c70 f   bitmap:Codec_DXT5_xRBG.obj
 0001:00030c80       ?ReadBlock@CCodec_DXT5_xRBG@@MAEXAAVCCodecBuffer@@KKQAK@Z 00431c80 f   bitmap:Codec_DXT5_xRBG.obj
 0001:00030d70       ?WriteBlock@CCodec_DXT5_xRBG@@MAEXAAVCCodecBuffer@@KKQAK@Z 00431d70 f   bitmap:Codec_DXT5_xRBG.obj
 0001:00030e50       ?ReadBlock@CCodec_DXT5_xRBG@@MAEXAAVCCodecBuffer@@KKQAM@Z 00431e50 f   bitmap:Codec_DXT5_xRBG.obj
 0001:00030ed0       ?WriteBlock@CCodec_DXT5_xRBG@@MAEXAAVCCodecBuffer@@KKQAM@Z 00431ed0 f   bitmap:Codec_DXT5_xRBG.obj
 0001:00030f50       ?SetParameter@CCodec_DXT5_xRBG@@UAE_NPBDM@Z 00431f50 f   bitmap:Codec_DXT5_xRBG.obj
 0001:00030fe0       ?GetParameter@CCodec_DXT5_xRBG@@UAE_NPBDAAM@Z 00431fe0 f   bitmap:Codec_DXT5_xRBG.obj
 0001:00031060       ??_ECCodec_DXT5_xRBG@@UAEPAXI@Z 00432060 f i bitmap:Codec_DXT5_xRBG.obj
 0001:00031060       ??_GCCodec_DXT5_xRBG@@UAEPAXI@Z 00432060 f i bitmap:Codec_DXT5_xRBG.obj
 0001:00031090       ??0CCodec_DXT5_RBxG@@QAE@XZ 00432090 f   bitmap:Codec_DXT5_RBxG.obj
 0001:000310b0       ??1CCodec_DXT5_RBxG@@UAE@XZ 004320b0 f   bitmap:Codec_DXT5_RBxG.obj
 0001:000310c0       ?ReadBlock@CCodec_DXT5_RBxG@@MAEXAAVCCodecBuffer@@KKQAK@Z 004320c0 f   bitmap:Codec_DXT5_RBxG.obj
 0001:000311b0       ?WriteBlock@CCodec_DXT5_RBxG@@MAEXAAVCCodecBuffer@@KKQAK@Z 004321b0 f   bitmap:Codec_DXT5_RBxG.obj
 0001:00031290       ?ReadBlock@CCodec_DXT5_RBxG@@MAEXAAVCCodecBuffer@@KKQAM@Z 00432290 f   bitmap:Codec_DXT5_RBxG.obj
 0001:00031310       ?WriteBlock@CCodec_DXT5_RBxG@@MAEXAAVCCodecBuffer@@KKQAM@Z 00432310 f   bitmap:Codec_DXT5_RBxG.obj
 0001:00031390       ?SetParameter@CCodec_DXT5_RBxG@@UAE_NPBDM@Z 00432390 f   bitmap:Codec_DXT5_RBxG.obj
 0001:00031420       ?GetParameter@CCodec_DXT5_RBxG@@UAE_NPBDAAM@Z 00432420 f   bitmap:Codec_DXT5_RBxG.obj
 0001:000314a0       ??_GCCodec_DXT5_RBxG@@UAEPAXI@Z 004324a0 f i bitmap:Codec_DXT5_RBxG.obj
 0001:000314a0       ??_ECCodec_DXT5_RBxG@@UAEPAXI@Z 004324a0 f i bitmap:Codec_DXT5_RBxG.obj
 0001:000314d0       ??0CCodec_DXT5_RxBG@@QAE@XZ 004324d0 f   bitmap:Codec_DXT5_RxBG.obj
 0001:000314f0       ??1CCodec_DXT5_RxBG@@UAE@XZ 004324f0 f   bitmap:Codec_DXT5_RxBG.obj
 0001:00031500       ?ReadBlock@CCodec_DXT5_RxBG@@MAEXAAVCCodecBuffer@@KKQAK@Z 00432500 f   bitmap:Codec_DXT5_RxBG.obj
 0001:000315e0       ?WriteBlock@CCodec_DXT5_RxBG@@MAEXAAVCCodecBuffer@@KKQAK@Z 004325e0 f   bitmap:Codec_DXT5_RxBG.obj
 0001:000316c0       ?ReadBlock@CCodec_DXT5_RxBG@@MAEXAAVCCodecBuffer@@KKQAM@Z 004326c0 f   bitmap:Codec_DXT5_RxBG.obj
 0001:00031740       ?WriteBlock@CCodec_DXT5_RxBG@@MAEXAAVCCodecBuffer@@KKQAM@Z 00432740 f   bitmap:Codec_DXT5_RxBG.obj
 0001:000317c0       ??_GCCodec_DXT5_RxBG@@UAEPAXI@Z 004327c0 f i bitmap:Codec_DXT5_RxBG.obj
 0001:000317c0       ??_ECCodec_DXT5_RxBG@@UAEPAXI@Z 004327c0 f i bitmap:Codec_DXT5_RxBG.obj
 0001:000317f0       ??0CCodec_DXT5_xGBR@@QAE@XZ 004327f0 f   bitmap:Codec_DXT5_xGBR.obj
 0001:00031810       ??1CCodec_DXT5_xGBR@@UAE@XZ 00432810 f   bitmap:Codec_DXT5_xGBR.obj
 0001:00031820       ?ReadBlock@CCodec_DXT5_xGBR@@MAEXAAVCCodecBuffer@@KKQAK@Z 00432820 f   bitmap:Codec_DXT5_xGBR.obj
 0001:00031910       ?WriteBlock@CCodec_DXT5_xGBR@@MAEXAAVCCodecBuffer@@KKQAK@Z 00432910 f   bitmap:Codec_DXT5_xGBR.obj
 0001:000319f0       ?ReadBlock@CCodec_DXT5_xGBR@@MAEXAAVCCodecBuffer@@KKQAM@Z 004329f0 f   bitmap:Codec_DXT5_xGBR.obj
 0001:00031a70       ?WriteBlock@CCodec_DXT5_xGBR@@MAEXAAVCCodecBuffer@@KKQAM@Z 00432a70 f   bitmap:Codec_DXT5_xGBR.obj
 0001:00031b00       ??_GCCodec_DXT5_xGBR@@UAEPAXI@Z 00432b00 f i bitmap:Codec_DXT5_xGBR.obj
 0001:00031b00       ??_ECCodec_DXT5_xGBR@@UAEPAXI@Z 00432b00 f i bitmap:Codec_DXT5_xGBR.obj
 0001:00031b30       ??0CCodec_DXT5@@QAE@XZ     00432b30 f   bitmap:Codec_DXT5.obj
 0001:00031b50       ??1CCodec_DXT5@@UAE@XZ     00432b50 f   bitmap:Codec_DXT5.obj
 0001:00031b60       ?Compress@CCodec_DXT5@@UAE?AW4_CODECError@@AAVCCodecBuffer@@0P6A_NMKK@ZKK@Z 00432b60 f   bitmap:Codec_DXT5.obj
 0001:00031d40       ?Decompress@CCodec_DXT5@@UAE?AW4_CODECError@@AAVCCodecBuffer@@0@Z 00432d40 f   bitmap:Codec_DXT5.obj
 0001:00031e80       ??_ECCodec_DXT5@@UAEPAXI@Z 00432e80 f i bitmap:Codec_DXT5.obj
 0001:00031e80       ??_GCCodec_DXT5@@UAEPAXI@Z 00432e80 f i bitmap:Codec_DXT5.obj
 0001:00031eb0       ??0CCodec_DXT3@@QAE@XZ     00432eb0 f   bitmap:Codec_DXT3.obj
 0001:00031ed0       ??1CCodec_DXT3@@UAE@XZ     00432ed0 f   bitmap:Codec_DXT3.obj
 0001:00031ee0       ?Compress@CCodec_DXT3@@UAE?AW4_CODECError@@AAVCCodecBuffer@@0P6A_NMKK@ZKK@Z 00432ee0 f   bitmap:Codec_DXT3.obj
 0001:000320c0       ?Decompress@CCodec_DXT3@@UAE?AW4_CODECError@@AAVCCodecBuffer@@0@Z 004330c0 f   bitmap:Codec_DXT3.obj
 0001:00032200       ??_ECCodec_DXT3@@UAEPAXI@Z 00433200 f i bitmap:Codec_DXT3.obj
 0001:00032200       ??_GCCodec_DXT3@@UAEPAXI@Z 00433200 f i bitmap:Codec_DXT3.obj
 0001:00032230       ??0CCodec_DXT1@@QAE@XZ     00433230 f   bitmap:Codec_DXT1.obj
 0001:00032250       ??1CCodec_DXT1@@UAE@XZ     00433250 f   bitmap:Codec_DXT1.obj
 0001:00032260       ?CreateBuffer@CCodec_DXT1@@UBEPAVCCodecBuffer@@KKKPAE@Z 00433260 f   bitmap:Codec_DXT1.obj
 0001:00032290       ?Compress@CCodec_DXT1@@UAE?AW4_CODECError@@AAVCCodecBuffer@@0P6A_NMKK@ZKK@Z 00433290 f   bitmap:Codec_DXT1.obj
 0001:000324b0       ?Decompress@CCodec_DXT1@@UAE?AW4_CODECError@@AAVCCodecBuffer@@0@Z 004334b0 f   bitmap:Codec_DXT1.obj
 0001:000325f0       ?SetParameter@CCodec_DXT1@@UAE_NPBDK@Z 004335f0 f   bitmap:Codec_DXT1.obj
 0001:00032650       ?GetParameter@CCodec_DXT1@@UAE_NPBDAAK@Z 00433650 f   bitmap:Codec_DXT1.obj
 0001:000326c0       ??_ECCodec_DXT1@@UAEPAXI@Z 004336c0 f i bitmap:Codec_DXT1.obj
[...]
 0001:0000f03e       _doexit                    0041003e f   LIBCMT:crt0dat.obj
 0001:0000f61a       _parse_cmdline             0041061a f   LIBCMT:stdargv.obj
 0001:000101a8       ?CPtoLCID@@YAHH@Z          004111a8 f   LIBCMT:mbctype.obj
 0001:000101d7       ?setSBCS@@YAXPAUthreadmbcinfostruct@@@Z 004111d7 f   LIBCMT:mbctype.obj
 0001:0001023b       ?setSBUpLow@@YAXPAUthreadmbcinfostruct@@@Z 0041123b f   LIBCMT:mbctype.obj
 0001:0001046f       ?getSystemCP@@YAHH@Z       0041146f f   LIBCMT:mbctype.obj
 0001:00010ca0       ?__crtLCMapStringA_stat@@YAHPAUlocaleinfo_struct@@KKPBDHPADHHH@Z 00411ca0 f   LIBCMT:a_map.obj
 0001:00015120       __unwind_handler           00416120 f   LIBCMT:exsup.obj
 0001:0001587a       __tzset_nolock             0041687a f   LIBCMT:tzset.obj
 0001:00015b8d       _cvtdate                   00416b8d f   LIBCMT:tzset.obj
 0001:00015d84       __isindst_nolock           00416d84 f   LIBCMT:tzset.obj
 0001:00016289       _siglookup                 00417289 f   LIBCMT:winsig.obj
 0001:000167f9       ?x_ismbbtype_l@@YAHPAUlocaleinfo_struct@@IHH@Z 004177f9 f   LIBCMT:ismbbyte.obj
 0001:00016864       ?__crtGetStringTypeA_stat@@YAHPAUlocaleinfo_struct@@KPBDHPAGHHH@Z 00417864 f   LIBCMT:a_str.obj
 0001:00019795       __hw_cw                    0041a795 f   LIBCMT:_ieee87_.obj
 0001:00019823       ___hw_cw_sse2              0041a823 f   LIBCMT:_ieee87_.obj
 0001:0001a5c0       ?__crtCompareStringA_stat@@YAHPAUlocaleinfo_struct@@KKPBDH1HH@Z 0041b5c0 f   LIBCMT:a_cmp.obj
 0001:0001a95a       _findenv                   0041b95a f   LIBCMT:setenv.obj
 0001:0001a9ac       _copy_environ              0041b9ac f   LIBCMT:setenv.obj
 0001:0001b190       ?GetColorBlockColorsBGRA8888@ImageLoader@@YAXPAUDXTColBlock@1@PAUBGRA8888_t@@111AAG@Z 0041c190 f   bitmap:colorconversion.obj
 0001:0001b350       ?GetDXTCEncodeType@ImageLoader@@YAKW4ImageFormat@@@Z 0041c350 f   bitmap:colorconversion.obj
 0001:0001c4a0       ?RGBA8888ToABGR8888@ImageLoader@@YAXPBEPAEH@Z 0041d4a0 f   bitmap:colorconversion.obj
 0001:0001c4a0       ?ABGR8888ToRGBA8888@ImageLoader@@YAXPBEPAEH@Z 0041d4a0 f   bitmap:colorconversion.obj
 0001:0001c4e0       ?RGBA8888ToRGB888@ImageLoader@@YAXPBEPAEH@Z 0041d4e0 f   bitmap:colorconversion.obj
 0001:0001c520       ?RGBA8888ToBGR888@ImageLoader@@YAXPBEPAEH@Z 0041d520 f   bitmap:colorconversion.obj
 0001:0001c560       ?RGBA8888ToI8@ImageLoader@@YAXPBEPAEH@Z 0041d560 f   bitmap:colorconversion.obj
 0001:0001c5f0       ?RGBA8888ToIA88@ImageLoader@@YAXPBEPAEH@Z 0041d5f0 f   bitmap:colorconversion.obj
 0001:0001c690       ?RGBA8888ToA8@ImageLoader@@YAXPBEPAEH@Z 0041d690 f   bitmap:colorconversion.obj
 0001:0001c6c0       ?RGBA8888ToRGB888_BLUESCREEN@ImageLoader@@YAXPBEPAEH@Z 0041d6c0 f   bitmap:colorconversion.obj
 0001:0001c710       ?RGBA8888ToBGR888_BLUESCREEN@ImageLoader@@YAXPBEPAEH@Z 0041d710 f   bitmap:colorconversion.obj
 0001:0001c760       ?RGBA8888ToARGB8888@ImageLoader@@YAXPBEPAEH@Z 0041d760 f   bitmap:colorconversion.obj
 0001:0001c7a0       ?RGBA8888ToBGRX8888@ImageLoader@@YAXPBEPAEH@Z 0041d7a0 f   bitmap:colorconversion.obj
 0001:0001c7e0       ?RGBA8888ToBGR565@ImageLoader@@YAXPBEPAEH@Z 0041d7e0 f   bitmap:colorconversion.obj
 0001:0001c850       ?RGBA8888ToBGRX5551@ImageLoader@@YAXPBEPAEH@Z 0041d850 f   bitmap:colorconversion.obj
 0001:0001c8b0       ?RGBA8888ToBGRA5551@ImageLoader@@YAXPBEPAEH@Z 0041d8b0 f   bitmap:colorconversion.obj
 0001:0001c920       ?RGBA8888ToBGRA4444@ImageLoader@@YAXPBEPAEH@Z 0041d920 f   bitmap:colorconversion.obj
 0001:0001c990       ?RGBA8888ToUV88@ImageLoader@@YAXPBEPAEH@Z 0041d990 f   bitmap:colorconversion.obj
 0001:0001c9c0       ?RGB888ToRGBA8888@ImageLoader@@YAXPBEPAEH@Z 0041d9c0 f   bitmap:colorconversion.obj
 0001:0001ca10       ?BGR888ToRGBA8888@ImageLoader@@YAXPBEPAEH@Z 0041da10 f   bitmap:colorconversion.obj
 0001:0001ca60       ?I8ToRGBA8888@ImageLoader@@YAXPBEPAEH@Z 0041da60 f   bitmap:colorconversion.obj
 0001:0001caa0       ?IA88ToRGBA8888@ImageLoader@@YAXPBEPAEH@Z 0041daa0 f   bitmap:colorconversion.obj
 0001:0001cae0       ?A8ToRGBA8888@ImageLoader@@YAXPBEPAEH@Z 0041dae0 f   bitmap:colorconversion.obj
 0001:0001cb20       ?RGB888_BLUESCREENToRGBA8888@ImageLoader@@YAXPBEPAEH@Z 0041db20 f   bitmap:colorconversion.obj
 0001:0001cb80       ?BGR888_BLUESCREENToRGBA8888@ImageLoader@@YAXPBEPAEH@Z 0041db80 f   bitmap:colorconversion.obj
 0001:0001cbe0       ?ARGB8888ToRGBA8888@ImageLoader@@YAXPBEPAEH@Z 0041dbe0 f   bitmap:colorconversion.obj
 0001:0001cc20       ?BGRA8888ToRGBA8888@ImageLoader@@YAXPBEPAEH@Z 0041dc20 f   bitmap:colorconversion.obj
 0001:0001cc20       ?RGBA8888ToBGRA8888@ImageLoader@@YAXPBEPAEH@Z 0041dc20 f   bitmap:colorconversion.obj
 0001:0001cc60       ?BGRX8888ToRGBA8888@ImageLoader@@YAXPBEPAEH@Z 0041dc60 f   bitmap:colorconversion.obj
 0001:0001ccb0       ?BGR565ToRGBA8888@ImageLoader@@YAXPBEPAEH@Z 0041dcb0 f   bitmap:colorconversion.obj
 0001:0001cd30       ?BGRX5551ToRGBA8888@ImageLoader@@YAXPBEPAEH@Z 0041dd30 f   bitmap:colorconversion.obj
 0001:0001cda0       ?BGRA5551ToRGBA8888@ImageLoader@@YAXPBEPAEH@Z 0041dda0 f   bitmap:colorconversion.obj
 0001:0001ce30       ?BGRA4444ToRGBA8888@ImageLoader@@YAXPBEPAEH@Z 0041de30 f   bitmap:colorconversion.obj
 0001:0001cec0       ?UV88ToRGBA8888@ImageLoader@@YAXPBEPAEH@Z 0041dec0 f   bitmap:colorconversion.obj
 0001:0001cf00       ?RGBA8888ToUVLX8888@ImageLoader@@YAXPBEPAEH@Z 0041df00 f   bitmap:colorconversion.obj
 0001:0001cf00       ?UVWQ8888ToRGBA8888@ImageLoader@@YAXPBEPAEH@Z 0041df00 f   bitmap:colorconversion.obj
 0001:0001cf00       ?RGBA8888ToRGBA8888@ImageLoader@@YAXPBEPAEH@Z 0041df00 f   bitmap:colorconversion.obj
 0001:0001cf00       ?RGBA8888ToUVWQ8888@ImageLoader@@YAXPBEPAEH@Z 0041df00 f   bitmap:colorconversion.obj
 0001:0001cf00       ?UVLX8888ToRGBA8888@ImageLoader@@YAXPBEPAEH@Z 0041df00 f   bitmap:colorconversion.obj
 0001:0001cf20       ?RGBA16161616ToRGBA8888@ImageLoader@@YAXPBEPAEH@Z 0041df20 f   bitmap:colorconversion.obj
 0001:0001cff0       ??$DecodeColorBlock@URGBA8888_t@@@ImageLoader@@YAXPAURGBA8888_t@@PAUDXTColBlock@0@HPAUBGRA8888_t@@222@Z 0041dff0 f   bitmap:colorconversion.obj
 0001:0001d130       ??$DecodeColorBlock@UBGRA8888_t@@@ImageLoader@@YAXPAUBGRA8888_t@@PAUDXTColBlock@0@H0000@Z 0041e130 f   bitmap:colorconversion.obj
 0001:0001d200       ??$DecodeColorBlock@URGB888_t@@@ImageLoader@@YAXPAURGB888_t@@PAUDXTColBlock@0@HPAUBGRA8888_t@@222@Z 0041e200 f   bitmap:colorconversion.obj
 0001:0001d310       ??$DecodeColorBlock@UBGR888_t@@@ImageLoader@@YAXPAUBGR888_t@@PAUDXTColBlock@0@HPAUBGRA8888_t@@222@Z 0041e310 f   bitmap:colorconversion.obj
 0001:0001d410       ??$DecodeColorBlock@UBGR565_t@@@ImageLoader@@YAXPAUBGR565_t@@PAUDXTColBlock@0@HPAUBGRA8888_t@@222@Z 0041e410 f   bitmap:colorconversion.obj
 0001:0001d600       ??$DecodeColorBlock@UBGRA5551_t@@@ImageLoader@@YAXPAUBGRA5551_t@@PAUDXTColBlock@0@HPAUBGRA8888_t@@222@Z 0041e600 f   bitmap:colorconversion.obj
 0001:0001d6d0       ??$DecodeColorBlock@UBGRA4444_t@@@ImageLoader@@YAXPAUBGRA4444_t@@PAUDXTColBlock@0@HPAUBGRA8888_t@@222@Z 0041e6d0 f   bitmap:colorconversion.obj
 0001:0001d7a0       ??$DecodeAlpha3BitLinear@UBGRA8888_t@@@ImageLoader@@YAXPAUBGRA8888_t@@PAUDXTAlphaBlock3BitLinear@0@HH@Z 0041e7a0 f   bitmap:colorconversion.obj
 0001:0001dab0       ??$DecodeAlpha3BitLinear@URGBA8888_t@@@ImageLoader@@YAXPAURGBA8888_t@@PAUDXTAlphaBlock3BitLinear@0@HH@Z 0041eab0 f   bitmap:colorconversion.obj
 0001:0001ddd0       ??$DecodeAlpha3BitLinear@UBGRA5551_t@@@ImageLoader@@YAXPAUBGRA5551_t@@PAUDXTAlphaBlock3BitLinear@0@HH@Z 0041edd0 f   bitmap:colorconversion.obj
 0001:0001e100       ??$DecodeAlpha3BitLinear@UBGRA4444_t@@@ImageLoader@@YAXPAUBGRA4444_t@@PAUDXTAlphaBlock3BitLinear@0@HH@Z 0041f100 f   bitmap:colorconversion.obj
 0001:0001e440       ?GetUserFormatToRGBA8888Func_t@ImageLoader@@YAP6AXPBEPAEH@ZW4ImageFormat@@@Z 0041f440 f   bitmap:colorconversion.obj
 0001:0001e540       ?GetRGBA8888ToUserFormatFunc_t@ImageLoader@@YAP6AXPBEPAEH@ZW4ImageFormat@@@Z 0041f540 f   bitmap:colorconversion.obj
 0001:0001e910       ??$ConvertFromDXT1@URGBA8888_t@@@ImageLoader@@YAXPBEPAURGBA8888_t@@HH@Z 0041f910 f   bitmap:colorconversion.obj
 0001:0001ea60       ??$ConvertFromDXT1@UBGRA8888_t@@@ImageLoader@@YAXPBEPAUBGRA8888_t@@HH@Z 0041fa60 f   bitmap:colorconversion.obj
 0001:0001ebc0       ??$ConvertFromDXT1@URGB888_t@@@ImageLoader@@YAXPBEPAURGB888_t@@HH@Z 0041fbc0 f   bitmap:colorconversion.obj
 0001:0001ed20       ??$ConvertFromDXT1@UBGR888_t@@@ImageLoader@@YAXPBEPAUBGR888_t@@HH@Z 0041fd20 f   bitmap:colorconversion.obj
 0001:0001ee80       ??$ConvertFromDXT1@UBGR565_t@@@ImageLoader@@YAXPBEPAUBGR565_t@@HH@Z 0041fe80 f   bitmap:colorconversion.obj
 0001:0001efc0       ??$ConvertFromDXT1@UBGRA5551_t@@@ImageLoader@@YAXPBEPAUBGRA5551_t@@HH@Z 0041ffc0 f   bitmap:colorconversion.obj
 0001:0001f110       ??$ConvertFromDXT1@UBGRA4444_t@@@ImageLoader@@YAXPBEPAUBGRA4444_t@@HH@Z 00420110 f   bitmap:colorconversion.obj
 0001:0001f260       ??$ConvertFromATIxN@UBGRA8888_t@@@ImageLoader@@YAXPBEPAUBGRA8888_t@@HH_N@Z 00420260 f   bitmap:colorconversion.obj
 0001:0001f390       ??$ConvertFromDXT5@URGBA8888_t@@@ImageLoader@@YAXPBEPAURGBA8888_t@@HH@Z 00420390 f   bitmap:colorconversion.obj
 0001:0001f500       ??$ConvertFromDXT5@UBGRA8888_t@@@ImageLoader@@YAXPBEPAUBGRA8888_t@@HH@Z 00420500 f   bitmap:colorconversion.obj
 0001:0001f670       ??$ConvertFromDXT5IgnoreAlpha@URGB888_t@@@ImageLoader@@YAXPBEPAURGB888_t@@HH@Z 00420670 f   bitmap:colorconversion.obj
 0001:0001f7d0       ??$ConvertFromDXT5IgnoreAlpha@UBGR888_t@@@ImageLoader@@YAXPBEPAUBGR888_t@@HH@Z 004207d0 f   bitmap:colorconversion.obj
 0001:0001f930       ??$ConvertFromDXT5IgnoreAlpha@UBGR565_t@@@ImageLoader@@YAXPBEPAUBGR565_t@@HH@Z 00420930 f   bitmap:colorconversion.obj
 0001:0001fa80       ??$ConvertFromDXT5@UBGRA5551_t@@@ImageLoader@@YAXPBEPAUBGRA5551_t@@HH@Z 00420a80 f   bitmap:colorconversion.obj
 0001:0001fbe0       ??$ConvertFromDXT5@UBGRA4444_t@@@ImageLoader@@YAXPBEPAUBGRA4444_t@@HH@Z 00420be0 f   bitmap:colorconversion.obj
 0001:00020450       ?ConstructFloatGammaTable@ImageLoader@@YAXPAMMM@Z 00421450 f   bitmap:resample.obj
 0001:000206d0       ?GenerateNiceFilter@ImageLoader@@YAXMMMHPAM0@Z 004216d0 f   bitmap:resample.obj
 0001:0002c270       ?getAxis@@YAXHPAY02NQAN@Z  0042d270 f   bitmap:S3_quant.obj
 0001:0002c670       ?getDiameter@@YAXHPAY02NQAN@Z 0042d670 f   bitmap:S3_quant.obj
 0001:0002c780       ?sortProjection@@YAXHPAY02NQANQAHH@Z 0042d780 f   bitmap:S3_quant.obj
 0001:0002c8d0       ?sameOrder@@YAHHQAH0@Z     0042d8d0 f   bitmap:S3_quant.obj
 0001:0002c940       ?search43Mult@@YANPAHHPAY02NPANQAHQAY02NQAN@Z 0042d940 f   bitmap:S3_quant.obj
 0001:0002cfe0       ?searchClipped43Mult@@YANPAHHPAY02NPANQAHQAY02N4QAN@Z 0042dfe0 f   bitmap:S3_quant.obj
 0001:0002d9f0       ?allSame@@YANPAHHPAY02NQANQAY02HQAH@Z 0042e9f0 f   bitmap:S3_quant.obj
 0001:0002df40       ?mapAndRoundMult@@YANPAHHHPAY02NPANQANQAY02NQAY02HQAH@Z 0042ef40 f   bitmap:S3_quant.obj
 0001:0002e120       ?roundMult@@YANHHPAY02NPANQANQAY02NQAY02HQAH@Z 0042f120 f   bitmap:S3_quant.obj
 0001:0002ec50       ?quantizeAlpha@@YANHHQANQAH1@Z 0042fc50 f   bitmap:S3_quant.obj
 0001:000380a0       ?QSortIntCmp@@YAHPBX0@Z    004390a0 f   bitmap:ATiXCodec.obj
 0001:000380b0       ?QSortFloatCmp@@YAHPBX0@Z  004390b0 f   bitmap:ATiXCodec.obj
 0001:00038120       ?ClstrErr@@YAMQAY03MQAMQAY0BA@MHH_NPAM@Z 00439120 f   bitmap:ATiXCodec.obj
 0001:00038550       ?ClstrIntnl@@YAMQAY03MPAEQAY0BA@MHE_NPAM3@Z 00439550 f   bitmap:ATiXCodec.obj
 0001:000386d0       ?RampSrchWSS2E@@YAMQAM00MMMHE@Z 004396d0 f   bitmap:ATiXCodec.obj
 0001:000387c0       ?BldRmp1@@YAXQAM0H@Z       004397c0 f   bitmap:ATiXCodec.obj
 0001:00038910       ?GetRmp1@@YAXQAM0H_NHH1@Z  00439910 f   bitmap:ATiXCodec.obj
 0001:00038a20       ?Clstr1@@YAMPAEQAM1HH_NHH2@Z 00439a20 f   bitmap:ATiXCodec.obj
 0001:00038b90       ?RmpSrch1SSE2@@YAMQAM0MMMHE@Z 00439b90 f   bitmap:ATiXCodec.obj
 0001:00038c80       ?RmpSrch1@@YAMQAM0MMMHE@Z  00439c80 f   bitmap:ATiXCodec.obj
 0001:00038de0       ?Refine1@@YAMQAM0MAAM1MMMHE_N@Z 00439de0 f   bitmap:ATiXCodec.obj
 0001:00038fa0       ?QSortFCmp@@YAHPBX0@Z      00439fa0 f   bitmap:ATiXCodec.obj
 0001:00038fe0       ?CompBlock1@@YAMQAM0HE_NHH11@Z 00439fe0 f   bitmap:ATiXCodec.obj
 0001:00039cb0       ?MkRmpOnGrid@@YAXQAY01M0MMEEE@Z 0043acb0 f   bitmap:ATiXCodec.obj
 0001:00039e80       ?ClstrBas@@YAMPAEQAY03MQAY01MHEPAM_NEEE@Z 0043ae80 f   bitmap:ATiXCodec.obj
 0001:0003a520       ?RampSrchW@@YAMQAM00MMMHH@Z 0043b520 f   bitmap:ATiXCodec.obj
 0001:0003a690       ?FindAxis@@YAXQAY03MQAM1PA_N01HH@Z 0043b690 f   bitmap:ATiXCodec.obj
 0001:0003ad80       ?Refine@@YAMQAY01M0QAY03MQAMHEPAMEEEE@Z 0043bd80 f   bitmap:ATiXCodec.obj
 0001:0003bff0       ?Refine3D@@YAMQAY01M0QAY03MQAMHEPAMEEEE@Z 0043cff0 f   bitmap:ATiXCodec.obj
 0001:0003ca40       ?RefineSSE2@@YAMQAY01M0QAY03MQAMHEPAMEEEE@Z 0043da40 f   bitmap:ATiXCodec.obj
 0001:0003ddd0       ?Refine3DSSE2@@YAMQAY01M0QAY03MQAMHEPAMEEEE@Z 0043edd0 f   bitmap:ATiXCodec.obj
 0001:0003f1e0       ?CompressRGBBlockX@@YAXQAY01MQAY03MQAMHE_NEPAMEEE@Z 004401e0 f   bitmap:ATiXCodec.obj
 0001:0004078c       ?CatchGuardHandler@@YA?AW4_EXCEPTION_DISPOSITION@@PAUEHExceptionRecord@@PAUCatchGuardRN@@PAX2@Z 0044178c f   LIBCMT:_trnsctrl_.obj
 0001:00040896       ?TranslatorGuardHandler@@YA?AW4_EXCEPTION_DISPOSITION@@PAUEHExceptionRecord@@PAUTranslatorGuardRN@@PAX2@Z 00441896 f   LIBCMT:_trnsctrl_.obj
 0001:00040cb0       _shortsort                 00441cb0 f   LIBCMT:qsort.obj
 0001:00041187       ?ExFilterRethrow@@YAHPAU_EXCEPTION_POINTERS@@@Z 00442187 f   LIBCMT:frame.obj
 0001:0004124a       ?IsInExceptionSpec@@YAEPAUEHExceptionRecord@@PBU_s_ESTypeList@@@Z 0044224a f   LIBCMT:frame.obj
 0001:000412c0       ?CallUnexpected@@YAXPBU_s_ESTypeList@@@Z 004422c0 f   LIBCMT:frame.obj
 0001:000412f1       __catch$?CallUnexpected@@YAXPBU_s_ESTypeList@@@Z$0 004422f1 f   LIBCMT:frame.obj
 0001:00041309       ?CallCatchBlock@@YAPAXPAUEHExceptionRecord@@PAUEHRegistrationNode@@PAU_CONTEXT@@PBU_s_FuncInfo@@PAXHK@Z 00442309 f   LIBCMT:frame.obj
 0001:000416b6       ?CatchIt@@YAXPAUEHExceptionRecord@@PAUEHRegistrationNode@@PAU_CONTEXT@@PAXPBU_s_FuncInfo@@PBU_s_HandlerType@@PBU_s_CatchableType@@PBU_s_TryBlockMapEntry@@H1E@Z 004426b6 f   LIBCMT:frame.obj
 0001:00041724       ?FindHandlerForForeignException@@YAXPAUEHExceptionRecord@@PAUEHRegistrationNode@@PAU_CONTEXT@@PAXPBU_s_FuncInfo@@HH1@Z 00442724 f   LIBCMT:frame.obj
 0001:0004182b       ?FindHandler@@YAXPAUEHExceptionRecord@@PAUEHRegistrationNode@@PAU_CONTEXT@@PAXPBU_s_FuncInfo@@EH1@Z 0044282b f   LIBCMT:frame.obj
 0001:00041eb0       __unwindfunclet$?ThreadedCompressTexture@@YA?AW4ATI_TC_ERROR@@PBU_ATI_TC_Texture@@PAU2@PBU_ATI_TC_CompressOptions@@P6A_NMKK@ZKKW4_CodecType@@@Z$0 00442eb0 f   bitmap:ATI_Compress.obj
 0001:00041ec6       __ehhandler$?ThreadedCompressTexture@@YA?AW4ATI_TC_ERROR@@PBU_ATI_TC_Texture@@PAU2@PBU_ATI_TC_CompressOptions@@P6A_NMKK@ZKKW4_CodecType@@@Z 00442ec6 f   bitmap:ATI_Compress.obj
 0001:00041ef0       __unwindfunclet$?CreateCodec@@YAPAVCCodec@ATI_Compress@@W4_CodecType@@@Z$0 00442ef0 f   bitmap:Codec.obj
 0001:00041efb       __unwindfunclet$?CreateCodec@@YAPAVCCodec@ATI_Compress@@W4_CodecType@@@Z$1 00442efb f   bitmap:Codec.obj
 0001:00041f06       __unwindfunclet$?CreateCodec@@YAPAVCCodec@ATI_Compress@@W4_CodecType@@@Z$2 00442f06 f   bitmap:Codec.obj
 0001:00041f11       __unwindfunclet$?CreateCodec@@YAPAVCCodec@ATI_Compress@@W4_CodecType@@@Z$3 00442f11 f   bitmap:Codec.obj
 0001:00041f1c       __unwindfunclet$?CreateCodec@@YAPAVCCodec@ATI_Compress@@W4_CodecType@@@Z$4 00442f1c f   bitmap:Codec.obj
 0001:00041f27       __unwindfunclet$?CreateCodec@@YAPAVCCodec@ATI_Compress@@W4_CodecType@@@Z$5 00442f27 f   bitmap:Codec.obj
 0001:00041f32       __unwindfunclet$?CreateCodec@@YAPAVCCodec@ATI_Compress@@W4_CodecType@@@Z$6 00442f32 f   bitmap:Codec.obj
 0001:00041f3d       __unwindfunclet$?CreateCodec@@YAPAVCCodec@ATI_Compress@@W4_CodecType@@@Z$7 00442f3d f   bitmap:Codec.obj
 0001:00041f48       __unwindfunclet$?CreateCodec@@YAPAVCCodec@ATI_Compress@@W4_CodecType@@@Z$8 00442f48 f   bitmap:Codec.obj
 0001:00041f53       __unwindfunclet$?CreateCodec@@YAPAVCCodec@ATI_Compress@@W4_CodecType@@@Z$9 00442f53 f   bitmap:Codec.obj
 0001:00041f5e       __unwindfunclet$?CreateCodec@@YAPAVCCodec@ATI_Compress@@W4_CodecType@@@Z$10 00442f5e f   bitmap:Codec.obj
 0001:00041f69       __unwindfunclet$?CreateCodec@@YAPAVCCodec@ATI_Compress@@W4_CodecType@@@Z$11 00442f69 f   bitmap:Codec.obj
 0001:00041f74       __unwindfunclet$?CreateCodec@@YAPAVCCodec@ATI_Compress@@W4_CodecType@@@Z$12 00442f74 f   bitmap:Codec.obj
 0001:00041f7f       __ehhandler$?CreateCodec@@YAPAVCCodec@ATI_Compress@@W4_CodecType@@@Z 00442f7f f   bitmap:Codec.obj
 0001:00041fa0       __unwindfunclet$?CreateCodecBuffer@@YAPAVCCodecBuffer@@W4_CodecBufferType@@KKKPAE@Z$0 00442fa0 f   bitmap:CodecBuffer.obj
 0001:00041fab       __unwindfunclet$?CreateCodecBuffer@@YAPAVCCodecBuffer@@W4_CodecBufferType@@KKKPAE@Z$1 00442fab f   bitmap:CodecBuffer.obj
 0001:00041fb6       __unwindfunclet$?CreateCodecBuffer@@YAPAVCCodecBuffer@@W4_CodecBufferType@@KKKPAE@Z$2 00442fb6 f   bitmap:CodecBuffer.obj
 0001:00041fc1       __unwindfunclet$?CreateCodecBuffer@@YAPAVCCodecBuffer@@W4_CodecBufferType@@KKKPAE@Z$3 00442fc1 f   bitmap:CodecBuffer.obj
 0001:00041fcc       __unwindfunclet$?CreateCodecBuffer@@YAPAVCCodecBuffer@@W4_CodecBufferType@@KKKPAE@Z$4 00442fcc f   bitmap:CodecBuffer.obj
 0001:00041fd7       __unwindfunclet$?CreateCodecBuffer@@YAPAVCCodecBuffer@@W4_CodecBufferType@@KKKPAE@Z$5 00442fd7 f   bitmap:CodecBuffer.obj
 0001:00041fe2       __ehhandler$?CreateCodecBuffer@@YAPAVCCodecBuffer@@W4_CodecBufferType@@KKKPAE@Z 00442fe2 f   bitmap:CodecBuffer.obj
 0001:00042000       __unwindfunclet$??0CCodec_DXTC@@QAE@W4_CodecType@@@Z$0 00443000 f   bitmap:Codec_DXTC.obj
 0001:00042008       __ehhandler$??0CCodec_DXTC@@QAE@W4_CodecType@@@Z 00443008 f   bitmap:Codec_DXTC.obj
 0001:00042023       __ehhandler$?CallUnexpected@@YAXPBU_s_ESTypeList@@@Z 00443023 f   LIBCMT:frame.obj
 0001:00042040       ??__Es_StringCharConversion@@YAXXZ 00443040 f   tier1:utlbuffer.obj
 0001:000420a0       ??__Es_NoEscConversion@@YAXXZ 004430a0 f   tier1:utlbuffer.obj
 0001:000420d0       ??__Eg_DataMapHolder@VTFFileBaseHeader_t_DataDescInit@@YAXXZ 004430d0 f   vtf:vtf.obj
 0001:000420e0       ??__Eg_DataMapHolder@VTFFileHeaderV7_1_t_DataDescInit@@YAXXZ 004430e0 f   vtf:vtf.obj
 0001:000420f0       ??__Eg_DataMapHolder@VTFFileHeaderV7_2_t_DataDescInit@@YAXXZ 004430f0 f   vtf:vtf.obj
 0001:00042100       ??__Eg_DataMapHolder@VTFFileHeaderV7_3_t_DataDescInit@@YAXXZ 00443100 f   vtf:vtf.obj
 0001:00042110       ??__Eg_DataMapHolder@VTFFileHeader_t_DataDescInit@@YAXXZ 00443110 f   vtf:vtf.obj
 0001:00042120       ??__Eg_DataMapHolder@VTFFileHeaderX360_t_DataDescInit@@YAXXZ 00443120 f   vtf:vtf.obj
 0001:00042130       ??__Ef_dwProcessorCount@@YAXXZ 00443130 f   bitmap:ATI_Compress.obj
 0001:00042150       ??__FnameHolder@?1???$DataMapInit@UVTFFileBaseHeader_t@@@@YAPAUdatamap_t@@PAUVTFFileBaseHeader_t@@@Z@YAXXZ 00443150 f   vtf:vtf.obj
 0001:00042160       ??__FnameHolder@?1???$DataMapInit@UVTFFileHeaderV7_1_t@@@@YAPAUdatamap_t@@PAUVTFFileHeaderV7_1_t@@@Z@YAXXZ 00443160 f   vtf:vtf.obj
 0001:00042170       ??__FnameHolder@?1???$DataMapInit@UVTFFileHeaderV7_2_t@@@@YAPAUdatamap_t@@PAUVTFFileHeaderV7_2_t@@@Z@YAXXZ 00443170 f   vtf:vtf.obj
 0001:00042180       ??__FnameHolder@?1???$DataMapInit@UVTFFileHeaderV7_3_t@@@@YAPAUdatamap_t@@PAUVTFFileHeaderV7_3_t@@@Z@YAXXZ 00443180 f   vtf:vtf.obj
 0001:00042190       ??__FnameHolder@?1???$DataMapInit@UVTFFileHeader_t@@@@YAPAUdatamap_t@@PAUVTFFileHeader_t@@@Z@YAXXZ 00443190 f   vtf:vtf.obj
 0001:000421a0       ??__FnameHolder@?1???$DataMapInit@UVTFFileHeaderX360_t@@@@YAPAUdatamap_t@@PAUVTFFileHeaderX360_t@@@Z@YAXXZ 004431a0 f   vtf:vtf.obj
