 vtf2tga

 Timestamp is 4e78503f (Tue Sep 20 09:35:11 2011)

 Preferred load address is 00400000

 Start         Length     Name                   Class
 0001:00000000 0003fac8H .text                   CODE
 0001:0003fad0 0000018eH .text$x                 CODE
 0001:0003fc60 00000110H .text$yc                CODE
 0001:0003fd70 0000005aH .text$yd                CODE
 0002:00000000 00000174H .idata$5                DATA
 0002:00000174 00000004H .CRT$XCA                DATA
 0002:00000178 00000024H .CRT$XCU                DATA
 0002:0000019c 00000004H .CRT$XCZ                DATA
 0002:000001a0 00000004H .CRT$XIA                DATA
 0002:000001a4 00000014H .CRT$XIC                DATA
 0002:000001b8 00000004H .CRT$XIY                DATA
 0002:000001bc 00000004H .CRT$XIZ                DATA
 0002:000001c0 00000004H .CRT$XPA                DATA
 0002:000001c4 00000004H .CRT$XPX                DATA
 0002:000001c8 00000004H .CRT$XPXA               DATA
 0002:000001cc 00000004H .CRT$XPZ                DATA
 0002:000001d0 00000004H .CRT$XTA                DATA
 0002:000001d4 00000004H .CRT$XTZ                DATA
 0002:000001e0 0004af04H .rdata                  DATA
 0002:0004b0e4 0000004cH .rdata$debug            DATA
 0002:0004b130 0000023cH .rdata$r                DATA
 0002:0004b36c 00000004H .rtc$IAA                DATA
 0002:0004b370 00000004H .rtc$IZZ                DATA
 0002:0004b374 00000004H .rtc$TAA                DATA
 0002:0004b378 00000004H .rtc$TZZ                DATA
 0002:0004b380 000007acH .xdata$x                DATA
 0002:0004bb2c 00000028H .idata$2                DATA
 0002:0004bb54 00000014H .idata$3                DATA
 0002:0004bb68 00000174H .idata$4                DATA
 0002:0004bcdc 000006b6H .idata$6                DATA
 0002:0004c3a0 0000004eH .edata                  DATA
 0003:00000000 00002ad0H .data                   DATA
 0003:00002ae0 000153c4H .bss                    DATA

  Address         Publics by Value              Rva+Base       Lib:Object

 0000:00000000       ___safe_se_handler_count   00000000     <absolute>
 0000:00000000       ___safe_se_handler_table   00000000     <absolute>
 0000:00000000       __except_list              00000000     <absolute>
 0000:00000000       ___ImageBase               00400000     <linker-defined>
 0001:00000000       ?MakeModuleFileName@@YAPBDXZ 00401000 f   memoverride.obj
 0001:00000090       ??3@YAXPAX@Z               00401090 f   memoverride.obj
 0001:00000090       _free                      00401090 f   memoverride.obj
 0001:000000b0       _calloc                    004010b0 f   memoverride.obj
 0001:00000130       __calloc_base              00401130 f   memoverride.obj
 0001:000001b0       __realloc_base             004011b0 f   memoverride.obj
 0001:00000210       __malloc_crt               00401210 f   memoverride.obj
 0001:00000210       _malloc                    00401210 f   memoverride.obj
 0001:00000210       ??2@YAPAXI@Z               00401210 f   memoverride.obj
 0001:00000270       __calloc_crt               00401270 f   memoverride.obj
 0001:00000290       __realloc_crt              00401290 f   memoverride.obj
 0001:000002a0       __msize                    004012a0 f   memoverride.obj
 0001:000002c0       __heap_init                004012c0 f   memoverride.obj
 0001:00000360       ?VTF2TGAOutputFunc@@YA?AW4SpewRetval_t@@W4SpewType_t@@PBD@Z 00401360 f   vtf2tga.obj
 0001:000003a0       _main                      004013a0 f   vtf2tga.obj
 0001:00000e60       ?ImageFormatInfo@ImageLoader@@YAABUImageFormatInfo_t@@W4ImageFormat@@@Z 00401e60 f   bitmap:imageformat.obj
 0001:00000e80       ?GetNumMipMapLevels@ImageLoader@@YAHHHH@Z 00401e80 f   bitmap:imageformat.obj
 0001:00000ef0       ?SizeInBytes@ImageLoader@@YAHW4ImageFormat@@@Z 00401ef0 f i bitmap:imageformat.obj
 0001:00000f10       ?GetMemRequired@ImageLoader@@YAHHHHW4ImageFormat@@_N@Z 00401f10 f   bitmap:imageformat.obj
 0001:00001050       ?PutTabs@CUtlBuffer@@IAEXXZ 00402050 f i bitmap:tgawriter.obj
 0001:000010a0       ?PutChar@CUtlBuffer@@QAEXD@Z 004020a0 f i bitmap:tgawriter.obj
 0001:00001100       ?WriteToBuffer@TGAWriter@@YA_NPAEAAVCUtlBuffer@@HHW4ImageFormat@@2@Z 00402100 f   bitmap:tgawriter.obj
 0001:00001280       ??4BGRA5551_t@@QAEAAU0@ABUBGRA8888_t@@@Z 00402280 f i bitmap:colorconversion.obj
 0001:00001300       ??4BGRA4444_t@@QAEAAU0@ABUBGRA8888_t@@@Z 00402300 f i bitmap:colorconversion.obj
 0001:00001380       ?ConvertFloatTo16bits@float16@@KAGM@Z 00402380 f i bitmap:colorconversion.obj
 0001:000014c0       ?Convert16bitFloatTo32bits@float16@@KAMG@Z 004024c0 f i bitmap:colorconversion.obj
 0001:00001590       ?PixRGBAF_to_8@@YA?AUPixRGBA8@@ABUPixRGBAF@@@Z 00402590 f i bitmap:colorconversion.obj
 0001:00001900       ?ConvertToATIxN@ImageLoader@@YA_NPBEW4ImageFormat@@PAE1HHHH@Z 00402900 f   bitmap:colorconversion.obj
 0001:00001a10       ?ConvertToDXT@ImageLoader@@YA_NPBEW4ImageFormat@@PAE1HHHH@Z 00402a10 f   bitmap:colorconversion.obj
 0001:00001bf0       ?ConvertImageFormat_RGBA16161616_To_RGB323232F@ImageLoader@@YAXPAGPAMHH@Z 00402bf0 f   bitmap:colorconversion.obj
 0001:00001d50       ?ConvertImageFormat_RGB323232F_To_RGBA16161616@ImageLoader@@YAXPAMPAGHH@Z 00402d50 f   bitmap:colorconversion.obj
 0001:00001e60       ?ConvertImageFormat_RGB323232F_To_RGBA8888@ImageLoader@@YAXPAMPAEHH@Z 00402e60 f   bitmap:colorconversion.obj
 0001:00002120       ?ConvertImageFormat_RGB323232F_To_BGRA8888@ImageLoader@@YAXPAMPAEHH@Z 00403120 f   bitmap:colorconversion.obj
 0001:000023e0       ?ConvertNormalMapRGBA8888ToDUDVMapUVWQ8888@ImageLoader@@YAXPBEHHPAE@Z 004033e0 f   bitmap:colorconversion.obj
 0001:00002440       ?ConvertNormalMapRGBA8888ToDUDVMapUVLX8888@ImageLoader@@YAXPBEHHPAE@Z 00403440 f   bitmap:colorconversion.obj
 0001:00002490       ?ConvertNormalMapRGBA8888ToDUDVMapUV88@ImageLoader@@YAXPBEHHPAE@Z 00403490 f   bitmap:colorconversion.obj
 0001:000024d0       ?NormalizeNormalMapRGBA8888@ImageLoader@@YAXPAEH@Z 004034d0 f   bitmap:colorconversion.obj
 0001:00002600       ?RotateImageLeft@ImageLoader@@YA_NPBEPAEHW4ImageFormat@@@Z 00403600 f   bitmap:colorconversion.obj
 0001:000027b0       ?RotateImage180@ImageLoader@@YA_NPBEPAEHW4ImageFormat@@@Z 004037b0 f   bitmap:colorconversion.obj
 0001:000027f0       ?FlipImageVertically@ImageLoader@@YA_NPAX0HHW4ImageFormat@@H@Z 004037f0 f   bitmap:colorconversion.obj
 0001:000028d0       ?FlipImageHorizontally@ImageLoader@@YA_NPAX0HHW4ImageFormat@@H@Z 004038d0 f   bitmap:colorconversion.obj
 0001:00004b80       ?ConvertImageFormat_RGBA16161616F_To_RGB323232F@ImageLoader@@YAXPAVfloat16@@PAMHH@Z 00405b80 f   bitmap:colorconversion.obj
 0001:00004be0       ?ConvertImageFormat_RGBA16161616F_To_RGBA323232F@ImageLoader@@YAXPAVfloat16@@PAMHHI@Z 00405be0 f   bitmap:colorconversion.obj
 0001:00004c80       ?ConvertImageFormat_RGB323232F_To_RGBA16161616F@ImageLoader@@YAXPAMPAVfloat16@@HH@Z 00405c80 f   bitmap:colorconversion.obj
 0001:00004ce0       ?ConvertImageFormat_RGBA16161616_To_RGBA16161616F@ImageLoader@@YAXPAGPAMHH@Z 00405ce0 f   bitmap:colorconversion.obj
 0001:00004da0       ?ConvertImageFormat_RGBA16161616F_To_RGBA16161616@ImageLoader@@YAXPAVfloat16@@PAGHH@Z 00405da0 f   bitmap:colorconversion.obj
 0001:00006290       ?ConvertImageFormat@ImageLoader@@YA_NPBEW4ImageFormat@@PAE1HHHH@Z 00407290 f   bitmap:colorconversion.obj
 0001:000069a0       ?GetProcessorCount@@YAKXZ  004079a0 f   bitmap:ATI_Compress.obj
 0001:000069c0       ?GetCodecType@@YA?AW4_CodecType@@W4ATI_TC_FORMAT@@@Z 004079c0 f   bitmap:ATI_Compress.obj
 0001:00006a70       ?GetError@@YA?AW4ATI_TC_ERROR@@W4_CODECError@@@Z 00407a70 f   bitmap:ATI_Compress.obj
 0001:00006aa0       ?CalcBufferSize@@YAKW4ATI_TC_FORMAT@@KKK@Z 00407aa0 f   bitmap:ATI_Compress.obj
 0001:00006b30       ?CompressTexture@@YA?AW4ATI_TC_ERROR@@PBU_ATI_TC_Texture@@PAU2@PBU_ATI_TC_CompressOptions@@P6A_NMKK@ZKKW4_CodecType@@@Z 00407b30 f   bitmap:ATI_Compress.obj
 0001:00006dc0       ??0CATICompressThreadData@@QAE@XZ 00407dc0 f   bitmap:ATI_Compress.obj
 0001:00006dd0       ??1CATICompressThreadData@@QAE@XZ 00407dd0 f   bitmap:ATI_Compress.obj
 0001:00006e20       ?ThreadedCompressProc@@YGKPAX@Z 00407e20 f   bitmap:ATI_Compress.obj
 0001:00006e80       ?ThreadedCompressTexture@@YA?AW4ATI_TC_ERROR@@PBU_ATI_TC_Texture@@PAU2@PBU_ATI_TC_CompressOptions@@P6A_NMKK@ZKKW4_CodecType@@@Z 00407e80 f   bitmap:ATI_Compress.obj
 0001:00007300       _ATI_TC_CalculateBufferSize 00408300 f   bitmap:ATI_Compress.obj
 0001:00007340       ?CheckTexture@@YA?AW4ATI_TC_ERROR@@PBU_ATI_TC_Texture@@_N@Z 00408340 f   bitmap:ATI_Compress.obj
 0001:000073c0       _ATI_TC_ConvertTexture     004083c0 f   bitmap:ATI_Compress.obj
 0001:00007910       ?S3TCencode@@YAXPAU_DDSURFACEDESC@@PAUtagPALETTEENTRY@@0PAXIPAM@Z 00408910 f   bitmap:S3_intrf.obj
 0001:00008630       ??0FloatBitMap_t@@QAE@HH@Z 00409630 f   bitmap:float_bm.obj
 0001:00008680       ??1FloatBitMap_t@@QAE@XZ   00409680 f   bitmap:float_bm.obj
 0001:00008690       ?CompressTo8Bits@FloatBitMap_t@@QAEXM@Z 00409690 f   bitmap:float_bm2.obj
 0001:00008980       ??0CCodec@ATI_Compress@@QAE@W4_CodecType@@@Z 00409980 f   bitmap:Codec.obj
 0001:000089a0       ??1CCodec@ATI_Compress@@UAE@XZ 004099a0 f   bitmap:Codec.obj
 0001:000089b0       ?SetParameter@CCodec@ATI_Compress@@UAE_NPBDK@Z 004099b0 f   bitmap:Codec.obj
 0001:000089c0       ?GetParameter@CCodec@ATI_Compress@@UAE_NPBDAAK@Z 004099c0 f   bitmap:Codec.obj
 0001:000089d0       ?SetParameter@CCodec@ATI_Compress@@UAE_NPBDM@Z 004099d0 f   bitmap:Codec.obj
 0001:000089e0       ?GetParameter@CCodec@ATI_Compress@@UAE_NPBDAAM@Z 004099e0 f   bitmap:Codec.obj
 0001:000089f0       ?SupportsSSE2@@YA_NXZ      004099f0 f   bitmap:Codec.obj
 0001:00008a00       ?CreateCodec@@YAPAVCCodec@ATI_Compress@@W4_CodecType@@@Z 00409a00 f   bitmap:Codec.obj
 0001:00008d30       ?CalcBufferSize@@YAKW4_CodecType@@KK@Z 00409d30 f   bitmap:Codec.obj
 0001:00008da0       ?DeriveB@@YAEEE@Z          00409da0 f   bitmap:Codec.obj
 0001:00008eb0       ?DeriveB@@YAMMM@Z          00409eb0 f   bitmap:Codec.obj
 0001:00008f40       ?GetType@CCodec@ATI_Compress@@UBE?AW4_CodecType@@XZ 00409f40 f i bitmap:Codec.obj
 0001:00008f50       ??_ECCodec@ATI_Compress@@UAEPAXI@Z 00409f50 f i bitmap:Codec.obj
 0001:00008f50       ??_GCCodec@ATI_Compress@@UAEPAXI@Z 00409f50 f i bitmap:Codec.obj
 0001:00008f70       ??0half@@QAE@M@Z           00409f70 f i bitmap:CodecBuffer.obj
 0001:00008fe0       ?CreateCodecBuffer@@YAPAVCCodecBuffer@@W4_CodecBufferType@@KKKPAE@Z 00409fe0 f   bitmap:CodecBuffer.obj
 0001:00009210       ??0CCodecBuffer@@QAE@KKKPAE@Z 0040a210 f   bitmap:CodecBuffer.obj
 0001:00009250       ??1CCodecBuffer@@UAE@XZ    0040a250 f   bitmap:CodecBuffer.obj
 0001:00009280       ?Copy@CCodecBuffer@@UAEXAAV1@@Z 0040a280 f   bitmap:CodecBuffer.obj
 0001:00009340       ?WriteBlock@CCodecBuffer@@UAE_NKKPAKK@Z 0040a340 f   bitmap:CodecBuffer.obj
 0001:00009350       ?ReadBlock@CCodecBuffer@@UAE_NKKPAKK@Z 0040a350 f   bitmap:CodecBuffer.obj
 0001:00009360       ?ConvertBlock@CCodecBuffer@@IAEXQANQAMK@Z 0040a360 f   bitmap:CodecBuffer.obj
 0001:000093e0       ?ConvertBlock@CCodecBuffer@@IAEXQANQAVhalf@@K@Z 0040a3e0 f   bitmap:CodecBuffer.obj
 0001:00009490       ?ConvertBlock@CCodecBuffer@@IAEXQANQAGK@Z 0040a490 f   bitmap:CodecBuffer.obj
 0001:00009560       ?ConvertBlock@CCodecBuffer@@IAEXQANQAEK@Z 0040a560 f   bitmap:CodecBuffer.obj
 0001:00009620       ?ConvertBlock@CCodecBuffer@@IAEXQAMQANK@Z 0040a620 f   bitmap:CodecBuffer.obj
 0001:000096a0       ?ConvertBlock@CCodecBuffer@@IAEXQAMQAVhalf@@K@Z 0040a6a0 f   bitmap:CodecBuffer.obj
 0001:00009750       ?ConvertBlock@CCodecBuffer@@IAEXQAMQAGK@Z 0040a750 f   bitmap:CodecBuffer.obj
 0001:00009820       ?ConvertBlock@CCodecBuffer@@IAEXQAMQAEK@Z 0040a820 f   bitmap:CodecBuffer.obj
 0001:000098e0       ?ConvertBlock@CCodecBuffer@@IAEXQAVhalf@@QANK@Z 0040a8e0 f   bitmap:CodecBuffer.obj
 0001:00009930       ?ConvertBlock@CCodecBuffer@@IAEXQAVhalf@@QAMK@Z 0040a930 f   bitmap:CodecBuffer.obj
 0001:00009980       ?ConvertBlock@CCodecBuffer@@IAEXQAVhalf@@QAGK@Z 0040a980 f   bitmap:CodecBuffer.obj
 0001:000099e0       ?ConvertBlock@CCodecBuffer@@IAEXQAVhalf@@QAEK@Z 0040a9e0 f   bitmap:CodecBuffer.obj
 0001:00009a40       ?ConvertBlock@CCodecBuffer@@IAEXQAGQANK@Z 0040aa40 f   bitmap:CodecBuffer.obj
 0001:00009ab0       ?ConvertBlock@CCodecBuffer@@IAEXQAGQAMK@Z 0040aab0 f   bitmap:CodecBuffer.obj
 0001:00009b20       ?ConvertBlock@CCodecBuffer@@IAEXQAGQAVhalf@@K@Z 0040ab20 f   bitmap:CodecBuffer.obj
 0001:00009b90       ?ConvertBlock@CCodecBuffer@@IAEXQAGQAEK@Z 0040ab90 f   bitmap:CodecBuffer.obj
 0001:00009bd0       ?ConvertBlock@CCodecBuffer@@IAEXQAEQANK@Z 0040abd0 f   bitmap:CodecBuffer.obj
 0001:00009c40       ?ConvertBlock@CCodecBuffer@@IAEXQAEQAMK@Z 0040ac40 f   bitmap:CodecBuffer.obj
 0001:00009cb0       ?ConvertBlock@CCodecBuffer@@IAEXQAEQAVhalf@@K@Z 0040acb0 f   bitmap:CodecBuffer.obj
 0001:00009d30       ?ConvertBlock@CCodecBuffer@@IAEXQAEQAGK@Z 0040ad30 f   bitmap:CodecBuffer.obj
 0001:00009db0       ?SwizzleBlock@CCodecBuffer@@IAEXQANK@Z 0040adb0 f   bitmap:CodecBuffer.obj
 0001:00009e50       ?SwizzleBlock@CCodecBuffer@@IAEXQAMK@Z 0040ae50 f   bitmap:CodecBuffer.obj
 0001:00009f10       ?SwizzleBlock@CCodecBuffer@@IAEXQAVhalf@@K@Z 0040af10 f   bitmap:CodecBuffer.obj
 0001:00009f50       ?SwizzleBlock@CCodecBuffer@@IAEXQAGK@Z 0040af50 f   bitmap:CodecBuffer.obj
 0001:00009f90       ?ReadBlockR@CCodecBuffer@@UAE_NKKEEQAE@Z 0040af90 f   bitmap:CodecBuffer.obj
 0001:0000a150       ?ReadBlockG@CCodecBuffer@@UAE_NKKEEQAE@Z 0040b150 f   bitmap:CodecBuffer.obj
 0001:0000a310       ?ReadBlockB@CCodecBuffer@@UAE_NKKEEQAE@Z 0040b310 f   bitmap:CodecBuffer.obj
 0001:0000a4d0       ?ReadBlockA@CCodecBuffer@@UAE_NKKEEQAE@Z 0040b4d0 f   bitmap:CodecBuffer.obj
 0001:0000a690       ?ReadBlockR@CCodecBuffer@@UAE_NKKEEQAG@Z 0040b690 f   bitmap:CodecBuffer.obj
 0001:0000a870       ?ReadBlockG@CCodecBuffer@@UAE_NKKEEQAG@Z 0040b870 f   bitmap:CodecBuffer.obj
 0001:0000aa50       ?ReadBlockB@CCodecBuffer@@UAE_NKKEEQAG@Z 0040ba50 f   bitmap:CodecBuffer.obj
 0001:0000ac30       ?ReadBlockA@CCodecBuffer@@UAE_NKKEEQAG@Z 0040bc30 f   bitmap:CodecBuffer.obj
 0001:0000ae10       ?ReadBlockR@CCodecBuffer@@UAE_NKKEEQAVhalf@@@Z 0040be10 f   bitmap:CodecBuffer.obj
 0001:0000b010       ?ReadBlockG@CCodecBuffer@@UAE_NKKEEQAVhalf@@@Z 0040c010 f   bitmap:CodecBuffer.obj
 0001:0000b210       ?ReadBlockB@CCodecBuffer@@UAE_NKKEEQAVhalf@@@Z 0040c210 f   bitmap:CodecBuffer.obj
 0001:0000b410       ?ReadBlockA@CCodecBuffer@@UAE_NKKEEQAVhalf@@@Z 0040c410 f   bitmap:CodecBuffer.obj
 0001:0000b610       ?ReadBlockR@CCodecBuffer@@UAE_NKKEEQAM@Z 0040c610 f   bitmap:CodecBuffer.obj
 0001:0000b770       ?ReadBlockG@CCodecBuffer@@UAE_NKKEEQAM@Z 0040c770 f   bitmap:CodecBuffer.obj
 0001:0000b8d0       ?ReadBlockB@CCodecBuffer@@UAE_NKKEEQAM@Z 0040c8d0 f   bitmap:CodecBuffer.obj
 0001:0000ba30       ?ReadBlockA@CCodecBuffer@@UAE_NKKEEQAM@Z 0040ca30 f   bitmap:CodecBuffer.obj
 0001:0000bb90       ?ReadBlockR@CCodecBuffer@@UAE_NKKEEQAN@Z 0040cb90 f   bitmap:CodecBuffer.obj
 0001:0000bce0       ?ReadBlockG@CCodecBuffer@@UAE_NKKEEQAN@Z 0040cce0 f   bitmap:CodecBuffer.obj
 0001:0000be30       ?ReadBlockB@CCodecBuffer@@UAE_NKKEEQAN@Z 0040ce30 f   bitmap:CodecBuffer.obj
 0001:0000bf80       ?ReadBlockA@CCodecBuffer@@UAE_NKKEEQAN@Z 0040cf80 f   bitmap:CodecBuffer.obj
 0001:0000c0d0       ?WriteBlockR@CCodecBuffer@@UAE_NKKEEQAE@Z 0040d0d0 f   bitmap:CodecBuffer.obj
 0001:0000c250       ?WriteBlockG@CCodecBuffer@@UAE_NKKEEQAE@Z 0040d250 f   bitmap:CodecBuffer.obj
 0001:0000c3d0       ?WriteBlockB@CCodecBuffer@@UAE_NKKEEQAE@Z 0040d3d0 f   bitmap:CodecBuffer.obj
 0001:0000c560       ?WriteBlockA@CCodecBuffer@@UAE_NKKEEQAE@Z 0040d560 f   bitmap:CodecBuffer.obj
 0001:0000c6f0       ?WriteBlockR@CCodecBuffer@@UAE_NKKEEQAG@Z 0040d6f0 f   bitmap:CodecBuffer.obj
 0001:0000c880       ?WriteBlockG@CCodecBuffer@@UAE_NKKEEQAG@Z 0040d880 f   bitmap:CodecBuffer.obj
 0001:0000ca10       ?WriteBlockB@CCodecBuffer@@UAE_NKKEEQAG@Z 0040da10 f   bitmap:CodecBuffer.obj
 0001:0000cbb0       ?WriteBlockA@CCodecBuffer@@UAE_NKKEEQAG@Z 0040dbb0 f   bitmap:CodecBuffer.obj
 0001:0000cd50       ?WriteBlockR@CCodecBuffer@@UAE_NKKEEQAVhalf@@@Z 0040dd50 f   bitmap:CodecBuffer.obj
 0001:0000ce90       ?WriteBlockG@CCodecBuffer@@UAE_NKKEEQAVhalf@@@Z 0040de90 f   bitmap:CodecBuffer.obj
 0001:0000cfd0       ?WriteBlockB@CCodecBuffer@@UAE_NKKEEQAVhalf@@@Z 0040dfd0 f   bitmap:CodecBuffer.obj
 0001:0000d110       ?WriteBlockA@CCodecBuffer@@UAE_NKKEEQAVhalf@@@Z 0040e110 f   bitmap:CodecBuffer.obj
 0001:0000d250       ?WriteBlockR@CCodecBuffer@@UAE_NKKEEQAM@Z 0040e250 f   bitmap:CodecBuffer.obj
 0001:0000d440       ?WriteBlockG@CCodecBuffer@@UAE_NKKEEQAM@Z 0040e440 f   bitmap:CodecBuffer.obj
 0001:0000d640       ?WriteBlockB@CCodecBuffer@@UAE_NKKEEQAM@Z 0040e640 f   bitmap:CodecBuffer.obj
 0001:0000d840       ?WriteBlockA@CCodecBuffer@@UAE_NKKEEQAM@Z 0040e840 f   bitmap:CodecBuffer.obj
 0001:0000da40       ?WriteBlockR@CCodecBuffer@@UAE_NKKEEQAN@Z 0040ea40 f   bitmap:CodecBuffer.obj
 0001:0000dc20       ?WriteBlockG@CCodecBuffer@@UAE_NKKEEQAN@Z 0040ec20 f   bitmap:CodecBuffer.obj
 0001:0000de00       ?WriteBlockB@CCodecBuffer@@UAE_NKKEEQAN@Z 0040ee00 f   bitmap:CodecBuffer.obj
 0001:0000dff0       ?WriteBlockA@CCodecBuffer@@UAE_NKKEEQAN@Z 0040eff0 f   bitmap:CodecBuffer.obj
 0001:0000e1e0       ?WriteBlockRGBA@CCodecBuffer@@UAE_NKKEEQAK@Z 0040f1e0 f   bitmap:CodecBuffer.obj
 0001:0000e3d0       ?ReadBlockRGBA@CCodecBuffer@@UAE_NKKEEQAK@Z 0040f3d0 f   bitmap:CodecBuffer.obj
 0001:0000e5d0       ?WriteBlockRGBA@CCodecBuffer@@UAE_NKKEEQAG@Z 0040f5d0 f   bitmap:CodecBuffer.obj
 0001:0000e760       ?ReadBlockRGBA@CCodecBuffer@@UAE_NKKEEQAG@Z 0040f760 f   bitmap:CodecBuffer.obj
 0001:0000e920       ?WriteBlockRGBA@CCodecBuffer@@UAE_NKKEEQAVhalf@@@Z 0040f920 f   bitmap:CodecBuffer.obj
 0001:0000eab0       ?ReadBlockRGBA@CCodecBuffer@@UAE_NKKEEQAVhalf@@@Z 0040fab0 f   bitmap:CodecBuffer.obj
 0001:0000ec70       ?WriteBlockRGBA@CCodecBuffer@@UAE_NKKEEQAM@Z 0040fc70 f   bitmap:CodecBuffer.obj
 0001:0000ee00       ?ReadBlockRGBA@CCodecBuffer@@UAE_NKKEEQAM@Z 0040fe00 f   bitmap:CodecBuffer.obj
 0001:0000efc0       ?WriteBlockRGBA@CCodecBuffer@@UAE_NKKEEQAN@Z 0040ffc0 f   bitmap:CodecBuffer.obj
 0001:0000f150       ?ReadBlockRGBA@CCodecBuffer@@UAE_NKKEEQAN@Z 00410150 f   bitmap:CodecBuffer.obj
 0001:0000f310       ?GetBufferType@CCodecBuffer@@UBE?BW4_CodecBufferType@@XZ 00410310 f i bitmap:CodecBuffer.obj
 0001:0000f320       ??_ECCodecBuffer@@UAEPAXI@Z 00410320 f i bitmap:CodecBuffer.obj
 0001:0000f320       ??_GCCodecBuffer@@UAEPAXI@Z 00410320 f i bitmap:CodecBuffer.obj
 0001:0000f360       _CodeRGBBlock              00410360 f   bitmap:S3_quant.obj
 0001:00012390       _CodeAlphaBlock            00413390 f   bitmap:S3_quant.obj
 0001:00013150       ?EnsureCapacity@?$CUtlMemory@EH@@QAEXH@Z 00414150 f i bitmap:tgaloader.obj
 0001:000131a0       ??0CCodec_ATI2N_DXT5@@QAE@XZ 004141a0 f   bitmap:Codec_ATI2N_DXT5.obj
 0001:000131c0       ??1CCodec_ATI2N_DXT5@@UAE@XZ 004141c0 f   bitmap:Codec_ATI2N_DXT5.obj
 0001:000131d0       ?Compress@CCodec_ATI2N_DXT5@@UAE?AW4_CODECError@@AAVCCodecBuffer@@0P6A_NMKK@ZKK@Z 004141d0 f   bitmap:Codec_ATI2N_DXT5.obj
 0001:00013460       ?Decompress@CCodec_ATI2N_DXT5@@UAE?AW4_CODECError@@AAVCCodecBuffer@@0@Z 00414460 f   bitmap:Codec_ATI2N_DXT5.obj
 0001:00013650       ??_GCCodec_ATI2N_DXT5@@UAEPAXI@Z 00414650 f i bitmap:Codec_ATI2N_DXT5.obj
 0001:00013650       ??_ECCodec_ATI2N_DXT5@@UAEPAXI@Z 00414650 f i bitmap:Codec_ATI2N_DXT5.obj
 0001:00013680       ??0CCodec_ATI2N@@QAE@W4_CodecType@@@Z 00414680 f   bitmap:Codec_ATI2N.obj
 0001:000136a0       ??1CCodec_ATI2N@@UAE@XZ    004146a0 f   bitmap:Codec_ATI2N.obj
 0001:000136b0       ?Compress@CCodec_ATI2N@@UAE?AW4_CODECError@@AAVCCodecBuffer@@0P6A_NMKK@ZKK@Z 004146b0 f   bitmap:Codec_ATI2N.obj
 0001:00013920       ?Decompress@CCodec_ATI2N@@UAE?AW4_CODECError@@AAVCCodecBuffer@@0@Z 00414920 f   bitmap:Codec_ATI2N.obj
 0001:00013bf0       ?DeriveBlockB@CCodec_ATI2N@@MAEXQAE00@Z 00414bf0 f   bitmap:Codec_ATI2N.obj
 0001:00013c40       ?DeriveBlockB@CCodec_ATI2N@@MAEXQAM00@Z 00414c40 f   bitmap:Codec_ATI2N.obj
 0001:00013c90       ??_ECCodec_ATI2N@@UAEPAXI@Z 00414c90 f i bitmap:Codec_ATI2N.obj
 0001:00013c90       ??_GCCodec_ATI2N@@UAEPAXI@Z 00414c90 f i bitmap:Codec_ATI2N.obj
 0001:00013cc0       ??0CCodec_ATI1N@@QAE@W4_CodecType@@@Z 00414cc0 f   bitmap:Codec_ATI1N.obj
 0001:00013ce0       ??1CCodec_ATI1N@@UAE@XZ    00414ce0 f   bitmap:Codec_ATI1N.obj
 0001:00013cf0       ?CreateBuffer@CCodec_ATI1N@@UBEPAVCCodecBuffer@@KKKPAE@Z 00414cf0 f   bitmap:Codec_ATI1N.obj
 0001:00013d20       ?Compress@CCodec_ATI1N@@UAE?AW4_CODECError@@AAVCCodecBuffer@@0P6A_NMKK@ZKK@Z 00414d20 f   bitmap:Codec_ATI1N.obj
 0001:00013f10       ?Decompress@CCodec_ATI1N@@UAE?AW4_CODECError@@AAVCCodecBuffer@@0@Z 00414f10 f   bitmap:Codec_ATI1N.obj
 0001:000140f0       ??_ECCodec_ATI1N@@UAEPAXI@Z 004150f0 f i bitmap:Codec_ATI1N.obj
 0001:000140f0       ??_GCCodec_ATI1N@@UAEPAXI@Z 004150f0 f i bitmap:Codec_ATI1N.obj
 0001:00014120       ??0CCodec_DXT5_xGxR@@QAE@XZ 00415120 f   bitmap:Codec_DXT5_xGxR.obj
 0001:00014140       ??1CCodec_DXT5_xGxR@@UAE@XZ 00415140 f   bitmap:Codec_DXT5_xGxR.obj
 0001:00014150       ?ReadBlock@CCodec_DXT5_xGxR@@MAEXAAVCCodecBuffer@@KKQAK@Z 00415150 f   bitmap:Codec_DXT5_xGxR.obj
 0001:00014210       ?WriteBlock@CCodec_DXT5_xGxR@@MAEXAAVCCodecBuffer@@KKQAK@Z 00415210 f   bitmap:Codec_DXT5_xGxR.obj
 0001:000142d0       ?ReadBlock@CCodec_DXT5_xGxR@@MAEXAAVCCodecBuffer@@KKQAM@Z 004152d0 f   bitmap:Codec_DXT5_xGxR.obj
 0001:00014340       ?WriteBlock@CCodec_DXT5_xGxR@@MAEXAAVCCodecBuffer@@KKQAM@Z 00415340 f   bitmap:Codec_DXT5_xGxR.obj
 0001:000143c0       ??_ECCodec_DXT5_xGxR@@UAEPAXI@Z 004153c0 f i bitmap:Codec_DXT5_xGxR.obj
 0001:000143c0       ??_GCCodec_DXT5_xGxR@@UAEPAXI@Z 004153c0 f i bitmap:Codec_DXT5_xGxR.obj
 0001:000143f0       ??0CCodec_DXT5_RGxB@@QAE@XZ 004153f0 f   bitmap:Codec_DXT5_RGxB.obj
 0001:00014410       ??1CCodec_DXT5_RGxB@@UAE@XZ 00415410 f   bitmap:Codec_DXT5_RGxB.obj
 0001:00014420       ?ReadBlock@CCodec_DXT5_RGxB@@MAEXAAVCCodecBuffer@@KKQAK@Z 00415420 f   bitmap:Codec_DXT5_RGxB.obj
 0001:00014520       ?WriteBlock@CCodec_DXT5_RGxB@@MAEXAAVCCodecBuffer@@KKQAK@Z 00415520 f   bitmap:Codec_DXT5_RGxB.obj
 0001:00014600       ?ReadBlock@CCodec_DXT5_RGxB@@MAEXAAVCCodecBuffer@@KKQAM@Z 00415600 f   bitmap:Codec_DXT5_RGxB.obj
 0001:00014680       ?WriteBlock@CCodec_DXT5_RGxB@@MAEXAAVCCodecBuffer@@KKQAM@Z 00415680 f   bitmap:Codec_DXT5_RGxB.obj
 0001:00014710       ??_ECCodec_DXT5_RGxB@@UAEPAXI@Z 00415710 f i bitmap:Codec_DXT5_RGxB.obj
 0001:00014710       ??_GCCodec_DXT5_RGxB@@UAEPAXI@Z 00415710 f i bitmap:Codec_DXT5_RGxB.obj
 0001:00014740       ??0CCodec_DXT5_xRBG@@QAE@XZ 00415740 f   bitmap:Codec_DXT5_xRBG.obj
 0001:00014760       ??1CCodec_DXT5_xRBG@@UAE@XZ 00415760 f   bitmap:Codec_DXT5_xRBG.obj
 0001:00014770       ?ReadBlock@CCodec_DXT5_xRBG@@MAEXAAVCCodecBuffer@@KKQAK@Z 00415770 f   bitmap:Codec_DXT5_xRBG.obj
 0001:00014860       ?WriteBlock@CCodec_DXT5_xRBG@@MAEXAAVCCodecBuffer@@KKQAK@Z 00415860 f   bitmap:Codec_DXT5_xRBG.obj
 0001:00014940       ?ReadBlock@CCodec_DXT5_xRBG@@MAEXAAVCCodecBuffer@@KKQAM@Z 00415940 f   bitmap:Codec_DXT5_xRBG.obj
 0001:000149c0       ?WriteBlock@CCodec_DXT5_xRBG@@MAEXAAVCCodecBuffer@@KKQAM@Z 004159c0 f   bitmap:Codec_DXT5_xRBG.obj
 0001:00014a40       ?SetParameter@CCodec_DXT5_xRBG@@UAE_NPBDM@Z 00415a40 f   bitmap:Codec_DXT5_xRBG.obj
 0001:00014ad0       ?GetParameter@CCodec_DXT5_xRBG@@UAE_NPBDAAM@Z 00415ad0 f   bitmap:Codec_DXT5_xRBG.obj
 0001:00014b50       ??_GCCodec_DXT5_xRBG@@UAEPAXI@Z 00415b50 f i bitmap:Codec_DXT5_xRBG.obj
 0001:00014b50       ??_ECCodec_DXT5_xRBG@@UAEPAXI@Z 00415b50 f i bitmap:Codec_DXT5_xRBG.obj
 0001:00014b80       ??0CCodec_DXT5_RBxG@@QAE@XZ 00415b80 f   bitmap:Codec_DXT5_RBxG.obj
 0001:00014ba0       ??1CCodec_DXT5_RBxG@@UAE@XZ 00415ba0 f   bitmap:Codec_DXT5_RBxG.obj
 0001:00014bb0       ?ReadBlock@CCodec_DXT5_RBxG@@MAEXAAVCCodecBuffer@@KKQAK@Z 00415bb0 f   bitmap:Codec_DXT5_RBxG.obj
 0001:00014ca0       ?WriteBlock@CCodec_DXT5_RBxG@@MAEXAAVCCodecBuffer@@KKQAK@Z 00415ca0 f   bitmap:Codec_DXT5_RBxG.obj
 0001:00014d80       ?ReadBlock@CCodec_DXT5_RBxG@@MAEXAAVCCodecBuffer@@KKQAM@Z 00415d80 f   bitmap:Codec_DXT5_RBxG.obj
 0001:00014e00       ?WriteBlock@CCodec_DXT5_RBxG@@MAEXAAVCCodecBuffer@@KKQAM@Z 00415e00 f   bitmap:Codec_DXT5_RBxG.obj
 0001:00014e80       ?SetParameter@CCodec_DXT5_RBxG@@UAE_NPBDM@Z 00415e80 f   bitmap:Codec_DXT5_RBxG.obj
 0001:00014f10       ?GetParameter@CCodec_DXT5_RBxG@@UAE_NPBDAAM@Z 00415f10 f   bitmap:Codec_DXT5_RBxG.obj
 0001:00014f90       ??_GCCodec_DXT5_RBxG@@UAEPAXI@Z 00415f90 f i bitmap:Codec_DXT5_RBxG.obj
 0001:00014f90       ??_ECCodec_DXT5_RBxG@@UAEPAXI@Z 00415f90 f i bitmap:Codec_DXT5_RBxG.obj
 0001:00014fc0       ??0CCodec_DXT5_RxBG@@QAE@XZ 00415fc0 f   bitmap:Codec_DXT5_RxBG.obj
 0001:00014fe0       ??1CCodec_DXT5_RxBG@@UAE@XZ 00415fe0 f   bitmap:Codec_DXT5_RxBG.obj
 0001:00014ff0       ?ReadBlock@CCodec_DXT5_RxBG@@MAEXAAVCCodecBuffer@@KKQAK@Z 00415ff0 f   bitmap:Codec_DXT5_RxBG.obj
 0001:000150d0       ?WriteBlock@CCodec_DXT5_RxBG@@MAEXAAVCCodecBuffer@@KKQAK@Z 004160d0 f   bitmap:Codec_DXT5_RxBG.obj
 0001:000151b0       ?ReadBlock@CCodec_DXT5_RxBG@@MAEXAAVCCodecBuffer@@KKQAM@Z 004161b0 f   bitmap:Codec_DXT5_RxBG.obj
 0001:00015230       ?WriteBlock@CCodec_DXT5_RxBG@@MAEXAAVCCodecBuffer@@KKQAM@Z 00416230 f   bitmap:Codec_DXT5_RxBG.obj
 0001:000152b0       ??_ECCodec_DXT5_RxBG@@UAEPAXI@Z 004162b0 f i bitmap:Codec_DXT5_RxBG.obj
 0001:000152b0       ??_GCCodec_DXT5_RxBG@@UAEPAXI@Z 004162b0 f i bitmap:Codec_DXT5_RxBG.obj
 0001:000152e0       ??0CCodec_DXT5_xGBR@@QAE@XZ 004162e0 f   bitmap:Codec_DXT5_xGBR.obj
 0001:00015300       ??1CCodec_DXT5_xGBR@@UAE@XZ 00416300 f   bitmap:Codec_DXT5_xGBR.obj
 0001:00015310       ?ReadBlock@CCodec_DXT5_xGBR@@MAEXAAVCCodecBuffer@@KKQAK@Z 00416310 f   bitmap:Codec_DXT5_xGBR.obj
 0001:00015400       ?WriteBlock@CCodec_DXT5_xGBR@@MAEXAAVCCodecBuffer@@KKQAK@Z 00416400 f   bitmap:Codec_DXT5_xGBR.obj
 0001:000154e0       ?ReadBlock@CCodec_DXT5_xGBR@@MAEXAAVCCodecBuffer@@KKQAM@Z 004164e0 f   bitmap:Codec_DXT5_xGBR.obj
 0001:00015560       ?WriteBlock@CCodec_DXT5_xGBR@@MAEXAAVCCodecBuffer@@KKQAM@Z 00416560 f   bitmap:Codec_DXT5_xGBR.obj
 0001:000155f0       ??_ECCodec_DXT5_xGBR@@UAEPAXI@Z 004165f0 f i bitmap:Codec_DXT5_xGBR.obj
 0001:000155f0       ??_GCCodec_DXT5_xGBR@@UAEPAXI@Z 004165f0 f i bitmap:Codec_DXT5_xGBR.obj
 0001:00015620       ??0CCodec_DXT5@@QAE@XZ     00416620 f   bitmap:Codec_DXT5.obj
 0001:00015640       ??1CCodec_DXT5@@UAE@XZ     00416640 f   bitmap:Codec_DXT5.obj
 0001:00015650       ?Compress@CCodec_DXT5@@UAE?AW4_CODECError@@AAVCCodecBuffer@@0P6A_NMKK@ZKK@Z 00416650 f   bitmap:Codec_DXT5.obj
 0001:00015830       ?Decompress@CCodec_DXT5@@UAE?AW4_CODECError@@AAVCCodecBuffer@@0@Z 00416830 f   bitmap:Codec_DXT5.obj
 0001:00015970       ??_GCCodec_DXT5@@UAEPAXI@Z 00416970 f i bitmap:Codec_DXT5.obj
 0001:00015970       ??_ECCodec_DXT5@@UAEPAXI@Z 00416970 f i bitmap:Codec_DXT5.obj
 0001:000159a0       ??0CCodec_DXT3@@QAE@XZ     004169a0 f   bitmap:Codec_DXT3.obj
 0001:000159c0       ??1CCodec_DXT3@@UAE@XZ     004169c0 f   bitmap:Codec_DXT3.obj
 0001:000159d0       ?Compress@CCodec_DXT3@@UAE?AW4_CODECError@@AAVCCodecBuffer@@0P6A_NMKK@ZKK@Z 004169d0 f   bitmap:Codec_DXT3.obj
 0001:00015bb0       ?Decompress@CCodec_DXT3@@UAE?AW4_CODECError@@AAVCCodecBuffer@@0@Z 00416bb0 f   bitmap:Codec_DXT3.obj
 0001:00015cf0       ??_ECCodec_DXT3@@UAEPAXI@Z 00416cf0 f i bitmap:Codec_DXT3.obj
 0001:00015cf0       ??_GCCodec_DXT3@@UAEPAXI@Z 00416cf0 f i bitmap:Codec_DXT3.obj
 0001:00015d20       ??0CCodec_DXT1@@QAE@XZ     00416d20 f   bitmap:Codec_DXT1.obj
 0001:00015d40       ??1CCodec_DXT1@@UAE@XZ     00416d40 f   bitmap:Codec_DXT1.obj
 0001:00015d50       ?CreateBuffer@CCodec_DXT1@@UBEPAVCCodecBuffer@@KKKPAE@Z 00416d50 f   bitmap:Codec_DXT1.obj
 0001:00015d80       ?Compress@CCodec_DXT1@@UAE?AW4_CODECError@@AAVCCodecBuffer@@0P6A_NMKK@ZKK@Z 00416d80 f   bitmap:Codec_DXT1.obj
 0001:00015fa0       ?Decompress@CCodec_DXT1@@UAE?AW4_CODECError@@AAVCCodecBuffer@@0@Z 00416fa0 f   bitmap:Codec_DXT1.obj
 0001:000160e0       ?SetParameter@CCodec_DXT1@@UAE_NPBDK@Z 004170e0 f   bitmap:Codec_DXT1.obj
 0001:00016140       ?GetParameter@CCodec_DXT1@@UAE_NPBDAAK@Z 00417140 f   bitmap:Codec_DXT1.obj
 0001:000161b0       ??_GCCodec_DXT1@@UAEPAXI@Z 004171b0 f i bitmap:Codec_DXT1.obj
 0001:000161b0       ??_ECCodec_DXT1@@UAEPAXI@Z 004171b0 f i bitmap:Codec_DXT1.obj
 0001:000161e0       ?overflow@half@@CAMXZ      004171e0 f   bitmap:half.obj
 0001:00016210       ?convert@half@@CAFH@Z      00417210 f   bitmap:half.obj
 0001:000162d0       ??0CCodecBuffer_Block@@QAE@W4_CodecBufferType@@KKKPAE@Z 004172d0 f   bitmap:CodecBuffer_Block.obj
 0001:000163f0       ??1CCodecBuffer_Block@@UAE@XZ 004173f0 f   bitmap:CodecBuffer_Block.obj
 0001:00016400       ?ReadBlock@CCodecBuffer_Block@@UAE_NKKPAKK@Z 00417400 f   bitmap:CodecBuffer_Block.obj
 0001:00016470       ?WriteBlock@CCodecBuffer_Block@@UAE_NKKPAKK@Z 00417470 f   bitmap:CodecBuffer_Block.obj
 0001:000164e0       ?MipCount@CVTFTexture@@UBEHXZ 004174e0 f i vtf:vtf.obj
 0001:000164e0       ?GetBufferType@CCodecBuffer_Block@@UBE?BW4_CodecBufferType@@XZ 004174e0 f i bitmap:CodecBuffer_Block.obj
 0001:000164f0       ??_ECCodecBuffer_Block@@UAEPAXI@Z 004174f0 f i bitmap:CodecBuffer_Block.obj
 0001:000164f0       ??_GCCodecBuffer_Block@@UAEPAXI@Z 004174f0 f i bitmap:CodecBuffer_Block.obj
 0001:00016520       ??0CCodecBuffer_RGBA32F@@QAE@KKKPAE@Z 00417520 f   bitmap:CodecBuffer_RGBA32F.obj
 0001:00016580       ??1CCodecBuffer_RGBA32F@@UAE@XZ 00417580 f   bitmap:CodecBuffer_RGBA32F.obj
 0001:00016590       ?Copy@CCodecBuffer_RGBA32F@@UAEXAAVCCodecBuffer@@@Z 00417590 f   bitmap:CodecBuffer_RGBA32F.obj
 0001:00016650       ?WriteBlock@CCodecBuffer_RGBA32F@@MAE_NKKEEQAMK@Z 00417650 f   bitmap:CodecBuffer_RGBA32F.obj
 0001:000167c0       ?ReadBlockA@CCodecBuffer_RGBA32F@@UAE_NKKEEQAM@Z 004177c0 f   bitmap:CodecBuffer_RGBA32F.obj
 0001:000167f0       ?ReadBlockR@CCodecBuffer_RGBA32F@@UAE_NKKEEQAM@Z 004177f0 f   bitmap:CodecBuffer_RGBA32F.obj
 0001:00016820       ?ReadBlockG@CCodecBuffer_RGBA32F@@UAE_NKKEEQAM@Z 00417820 f   bitmap:CodecBuffer_RGBA32F.obj
 0001:00016850       ?ReadBlockB@CCodecBuffer_RGBA32F@@UAE_NKKEEQAM@Z 00417850 f   bitmap:CodecBuffer_RGBA32F.obj
 0001:00016880       ?WriteBlockA@CCodecBuffer_RGBA32F@@UAE_NKKEEQAM@Z 00417880 f   bitmap:CodecBuffer_RGBA32F.obj
 0001:000168b0       ?WriteBlockR@CCodecBuffer_RGBA32F@@UAE_NKKEEQAM@Z 004178b0 f   bitmap:CodecBuffer_RGBA32F.obj
 0001:000168e0       ?WriteBlockG@CCodecBuffer_RGBA32F@@UAE_NKKEEQAM@Z 004178e0 f   bitmap:CodecBuffer_RGBA32F.obj
 0001:00016910       ?WriteBlockB@CCodecBuffer_RGBA32F@@UAE_NKKEEQAM@Z 00417910 f   bitmap:CodecBuffer_RGBA32F.obj
 0001:00016940       ?WriteBlockRGBA@CCodecBuffer_RGBA32F@@UAE_NKKEEQAM@Z 00417940 f   bitmap:CodecBuffer_RGBA32F.obj
 0001:000169e0       ?ReadBlock@CCodecBuffer_RGBA32F@@MAE_NKKEEQAMK@Z 004179e0 f   bitmap:CodecBuffer_RGBA32F.obj
 0001:00016c00       ?ReadBlockRGBA@CCodecBuffer_RGBA32F@@UAE_NKKEEQAM@Z 00417c00 f   bitmap:CodecBuffer_RGBA32F.obj
 0001:00016d60       ?GetBufferType@CCodecBuffer_RGBA32F@@UBE?BW4_CodecBufferType@@XZ 00417d60 f i bitmap:CodecBuffer_RGBA32F.obj
 0001:00016d70       ??$PadBlock@K@@YAXKEEQAK@Z 00417d70 f i bitmap:CodecBuffer_RGBA2101010.obj
 0001:00016d70       ??$PadBlock@M@@YAXKEEQAM@Z 00417d70 f i bitmap:CodecBuffer_RGBA32F.obj
 0001:00016dc0       ??_GCCodecBuffer_RGBA32F@@UAEPAXI@Z 00417dc0 f i bitmap:CodecBuffer_RGBA32F.obj
 0001:00016dc0       ??_ECCodecBuffer_RGBA32F@@UAEPAXI@Z 00417dc0 f i bitmap:CodecBuffer_RGBA32F.obj
 0001:00016df0       ??0CCodecBuffer_RGBA16F@@QAE@KKKPAE@Z 00417df0 f   bitmap:CodecBuffer_RGBA16F.obj
 0001:00016e50       ??1CCodecBuffer_RGBA16F@@UAE@XZ 00417e50 f   bitmap:CodecBuffer_RGBA16F.obj
 0001:00016e60       ?WriteBlock@CCodecBuffer_RGBA16F@@MAE_NKKEEQAVhalf@@K@Z 00417e60 f   bitmap:CodecBuffer_RGBA16F.obj
 0001:00016f00       ?ReadBlockA@CCodecBuffer_RGBA16F@@UAE_NKKEEQAVhalf@@@Z 00417f00 f   bitmap:CodecBuffer_RGBA16F.obj
 0001:00016f30       ?ReadBlockR@CCodecBuffer_RGBA16F@@UAE_NKKEEQAVhalf@@@Z 00417f30 f   bitmap:CodecBuffer_RGBA16F.obj
 0001:00016f60       ?ReadBlockG@CCodecBuffer_RGBA16F@@UAE_NKKEEQAVhalf@@@Z 00417f60 f   bitmap:CodecBuffer_RGBA16F.obj
 0001:00016f90       ?ReadBlockB@CCodecBuffer_RGBA16F@@UAE_NKKEEQAVhalf@@@Z 00417f90 f   bitmap:CodecBuffer_RGBA16F.obj
 0001:00016fc0       ?WriteBlockA@CCodecBuffer_RGBA16F@@UAE_NKKEEQAVhalf@@@Z 00417fc0 f   bitmap:CodecBuffer_RGBA16F.obj
 0001:00016ff0       ?WriteBlockR@CCodecBuffer_RGBA16F@@UAE_NKKEEQAVhalf@@@Z 00417ff0 f   bitmap:CodecBuffer_RGBA16F.obj
 0001:00017020       ?WriteBlockG@CCodecBuffer_RGBA16F@@UAE_NKKEEQAVhalf@@@Z 00418020 f   bitmap:CodecBuffer_RGBA16F.obj
 0001:00017050       ?WriteBlockB@CCodecBuffer_RGBA16F@@UAE_NKKEEQAVhalf@@@Z 00418050 f   bitmap:CodecBuffer_RGBA16F.obj
 0001:00017080       ?WriteBlockRGBA@CCodecBuffer_RGBA16F@@UAE_NKKEEQAVhalf@@@Z 00418080 f   bitmap:CodecBuffer_RGBA16F.obj
 0001:00017120       ?Copy@CCodecBuffer_RGBA16F@@UAEXAAVCCodecBuffer@@@Z 00418120 f   bitmap:CodecBuffer_RGBA16F.obj
 0001:00017200       ?ReadBlock@CCodecBuffer_RGBA16F@@MAE_NKKEEQAVhalf@@K@Z 00418200 f   bitmap:CodecBuffer_RGBA16F.obj
 0001:00017340       ?ReadBlockRGBA@CCodecBuffer_RGBA16F@@UAE_NKKEEQAVhalf@@@Z 00418340 f   bitmap:CodecBuffer_RGBA16F.obj
 0001:00017480       ?GetBufferType@CCodecBuffer_RGBA16F@@UBE?BW4_CodecBufferType@@XZ 00418480 f i bitmap:CodecBuffer_RGBA16F.obj
 0001:00017480       ?GetBlockHeight@CCodec_Block_4x4@@UAEKXZ 00418480 f i bitmap:Codec_ATI2N_DXT5.obj
 0001:00017490       ??_GCCodecBuffer_RGBA16F@@UAEPAXI@Z 00418490 f i bitmap:CodecBuffer_RGBA16F.obj
 0001:00017490       ??_ECCodecBuffer_RGBA16F@@UAEPAXI@Z 00418490 f i bitmap:CodecBuffer_RGBA16F.obj
 0001:000174c0       ??0CCodecBuffer_RGBA16@@QAE@KKKPAE@Z 004184c0 f   bitmap:CodecBuffer_RGBA16.obj
 0001:00017520       ??1CCodecBuffer_RGBA16@@UAE@XZ 00418520 f   bitmap:CodecBuffer_RGBA16.obj
 0001:00017530       ?Copy@CCodecBuffer_RGBA16@@UAEXAAVCCodecBuffer@@@Z 00418530 f   bitmap:CodecBuffer_RGBA16.obj
 0001:00017610       ?WriteBlock@CCodecBuffer_RGBA16@@MAE_NKKEEQAGK@Z 00418610 f   bitmap:CodecBuffer_RGBA16.obj
 0001:000176b0       ?ReadBlockA@CCodecBuffer_RGBA16@@UAE_NKKEEQAG@Z 004186b0 f   bitmap:CodecBuffer_RGBA16.obj
 0001:000176e0       ?ReadBlockR@CCodecBuffer_RGBA16@@UAE_NKKEEQAG@Z 004186e0 f   bitmap:CodecBuffer_RGBA16.obj
 0001:00017710       ?ReadBlockG@CCodecBuffer_RGBA16@@UAE_NKKEEQAG@Z 00418710 f   bitmap:CodecBuffer_RGBA16.obj
 0001:00017740       ?ReadBlockB@CCodecBuffer_RGBA16@@UAE_NKKEEQAG@Z 00418740 f   bitmap:CodecBuffer_RGBA16.obj
 0001:00017770       ?WriteBlockA@CCodecBuffer_RGBA16@@UAE_NKKEEQAG@Z 00418770 f   bitmap:CodecBuffer_RGBA16.obj
 0001:000177a0       ?WriteBlockR@CCodecBuffer_RGBA16@@UAE_NKKEEQAG@Z 004187a0 f   bitmap:CodecBuffer_RGBA16.obj
 0001:000177d0       ?WriteBlockG@CCodecBuffer_RGBA16@@UAE_NKKEEQAG@Z 004187d0 f   bitmap:CodecBuffer_RGBA16.obj
 0001:00017800       ?WriteBlockB@CCodecBuffer_RGBA16@@UAE_NKKEEQAG@Z 00418800 f   bitmap:CodecBuffer_RGBA16.obj
 0001:00017830       ?WriteBlockRGBA@CCodecBuffer_RGBA16@@UAE_NKKEEQAG@Z 00418830 f   bitmap:CodecBuffer_RGBA16.obj
 0001:000178d0       ?ReadBlock@CCodecBuffer_RGBA16@@MAE_NKKEEQAGK@Z 004188d0 f   bitmap:CodecBuffer_RGBA16.obj
 0001:00017a10       ?ReadBlockRGBA@CCodecBuffer_RGBA16@@UAE_NKKEEQAG@Z 00418a10 f   bitmap:CodecBuffer_RGBA16.obj
 0001:00017b50       ?GetBufferType@CCodecBuffer_RGBA16@@UBE?BW4_CodecBufferType@@XZ 00418b50 f i bitmap:CodecBuffer_RGBA16.obj
 0001:00017b60       ??$PadLine@G@@YAXKEQAG@Z   00418b60 f i bitmap:CodecBuffer_RGBA16.obj
 0001:00017b60       ??$PadLine@Vhalf@@@@YAXKEQAVhalf@@@Z 00418b60 f i bitmap:CodecBuffer_RGBA16F.obj
 0001:00017ba0       ??$PadBlock@Vhalf@@@@YAXKEEQAVhalf@@@Z 00418ba0 f i bitmap:CodecBuffer_RGBA16F.obj
 0001:00017ba0       ??$PadBlock@G@@YAXKEEQAG@Z 00418ba0 f i bitmap:CodecBuffer_RGBA16.obj
 0001:00017bf0       ??_GCCodecBuffer_RGBA16@@UAEPAXI@Z 00418bf0 f i bitmap:CodecBuffer_RGBA16.obj
 0001:00017bf0       ??_ECCodecBuffer_RGBA16@@UAEPAXI@Z 00418bf0 f i bitmap:CodecBuffer_RGBA16.obj
 0001:00017c20       ??0CCodecBuffer_RGBA2101010@@QAE@KKKPAE@Z 00418c20 f   bitmap:CodecBuffer_RGBA2101010.obj
 0001:00017c80       ??1CCodecBuffer_RGBA2101010@@UAE@XZ 00418c80 f   bitmap:CodecBuffer_RGBA2101010.obj
 0001:00017c90       ?Copy@CCodecBuffer_RGBA2101010@@UAEXAAVCCodecBuffer@@@Z 00418c90 f   bitmap:CodecBuffer_RGBA2101010.obj
 0001:00017d50       ?WriteBlock@CCodecBuffer_RGBA2101010@@MAE_NKKEEQAGKK@Z 00418d50 f   bitmap:CodecBuffer_RGBA2101010.obj
 0001:00017e10       ?ReadBlockA@CCodecBuffer_RGBA2101010@@UAE_NKKEEQAG@Z 00418e10 f   bitmap:CodecBuffer_RGBA2101010.obj
 0001:00017e40       ?ReadBlockR@CCodecBuffer_RGBA2101010@@UAE_NKKEEQAG@Z 00418e40 f   bitmap:CodecBuffer_RGBA2101010.obj
 0001:00017e70       ?ReadBlockG@CCodecBuffer_RGBA2101010@@UAE_NKKEEQAG@Z 00418e70 f   bitmap:CodecBuffer_RGBA2101010.obj
 0001:00017ea0       ?ReadBlockB@CCodecBuffer_RGBA2101010@@UAE_NKKEEQAG@Z 00418ea0 f   bitmap:CodecBuffer_RGBA2101010.obj
 0001:00017ed0       ?WriteBlockA@CCodecBuffer_RGBA2101010@@UAE_NKKEEQAG@Z 00418ed0 f   bitmap:CodecBuffer_RGBA2101010.obj
 0001:00017f00       ?WriteBlockR@CCodecBuffer_RGBA2101010@@UAE_NKKEEQAG@Z 00418f00 f   bitmap:CodecBuffer_RGBA2101010.obj
 0001:00017f30       ?WriteBlockG@CCodecBuffer_RGBA2101010@@UAE_NKKEEQAG@Z 00418f30 f   bitmap:CodecBuffer_RGBA2101010.obj
 0001:00017f60       ?WriteBlockB@CCodecBuffer_RGBA2101010@@UAE_NKKEEQAG@Z 00418f60 f   bitmap:CodecBuffer_RGBA2101010.obj
 0001:00017f90       ?WriteBlockRGBA@CCodecBuffer_RGBA2101010@@UAE_NKKEEQAK@Z 00418f90 f   bitmap:CodecBuffer_RGBA2101010.obj
 0001:00018050       ?WriteBlockRGBA@CCodecBuffer_RGBA2101010@@UAE_NKKEEQAG@Z 00419050 f   bitmap:CodecBuffer_RGBA2101010.obj
 0001:00018150       ?ReadBlock@CCodecBuffer_RGBA2101010@@MAE_NKKEEQAGKK@Z 00419150 f   bitmap:CodecBuffer_RGBA2101010.obj
 0001:000182a0       ?ReadBlockRGBA@CCodecBuffer_RGBA2101010@@UAE_NKKEEQAK@Z 004192a0 f   bitmap:CodecBuffer_RGBA2101010.obj
 0001:000183e0       ?ReadBlockRGBA@CCodecBuffer_RGBA2101010@@UAE_NKKEEQAG@Z 004193e0 f   bitmap:CodecBuffer_RGBA2101010.obj
 0001:000185b0       ?GetBufferType@CCodecBuffer_RGBA2101010@@UBE?BW4_CodecBufferType@@XZ 004195b0 f i bitmap:CodecBuffer_RGBA2101010.obj
 0001:000185c0       ??$PadLine@K@@YAXKEQAK@Z   004195c0 f i bitmap:CodecBuffer_RGBA2101010.obj
 0001:000185c0       ??$PadLine@M@@YAXKEQAM@Z   004195c0 f i bitmap:CodecBuffer_RGBA32F.obj
 0001:00018600       ??_GCCodecBuffer_RGBA2101010@@UAEPAXI@Z 00419600 f i bitmap:CodecBuffer_RGBA2101010.obj
 0001:00018600       ??_ECCodecBuffer_RGBA2101010@@UAEPAXI@Z 00419600 f i bitmap:CodecBuffer_RGBA2101010.obj
 0001:00018630       ??0CCodecBuffer_RGBA8888@@QAE@KKKPAE@Z 00419630 f   bitmap:CodecBuffer_RGBA8888.obj
 0001:00018690       ??1CCodecBuffer_RGBA8888@@UAE@XZ 00419690 f   bitmap:CodecBuffer_RGBA8888.obj
 0001:000186a0       ?Copy@CCodecBuffer_RGBA8888@@UAEXAAVCCodecBuffer@@@Z 004196a0 f   bitmap:CodecBuffer_RGBA8888.obj
 0001:00018760       ?WriteBlock@CCodecBuffer_RGBA8888@@MAE_NKKEEQAEK@Z 00419760 f   bitmap:CodecBuffer_RGBA8888.obj
 0001:00018820       ?ReadBlockA@CCodecBuffer_RGBA8888@@UAE_NKKEEQAE@Z 00419820 f   bitmap:CodecBuffer_RGBA8888.obj
 0001:00018850       ?ReadBlockR@CCodecBuffer_RGBA8888@@UAE_NKKEEQAE@Z 00419850 f   bitmap:CodecBuffer_RGBA8888.obj
 0001:00018880       ?ReadBlockG@CCodecBuffer_RGBA8888@@UAE_NKKEEQAE@Z 00419880 f   bitmap:CodecBuffer_RGBA8888.obj
 0001:000188b0       ?ReadBlockB@CCodecBuffer_RGBA8888@@UAE_NKKEEQAE@Z 004198b0 f   bitmap:CodecBuffer_RGBA8888.obj
 0001:000188e0       ?WriteBlockA@CCodecBuffer_RGBA8888@@UAE_NKKEEQAE@Z 004198e0 f   bitmap:CodecBuffer_RGBA8888.obj
 0001:00018910       ?WriteBlockR@CCodecBuffer_RGBA8888@@UAE_NKKEEQAE@Z 00419910 f   bitmap:CodecBuffer_RGBA8888.obj
 0001:00018940       ?WriteBlockG@CCodecBuffer_RGBA8888@@UAE_NKKEEQAE@Z 00419940 f   bitmap:CodecBuffer_RGBA8888.obj
 0001:00018970       ?WriteBlockB@CCodecBuffer_RGBA8888@@UAE_NKKEEQAE@Z 00419970 f   bitmap:CodecBuffer_RGBA8888.obj
 0001:000189a0       ?WriteBlockRGBA@CCodecBuffer_RGBA8888@@UAE_NKKEEQAK@Z 004199a0 f   bitmap:CodecBuffer_RGBA8888.obj
 0001:00018a60       ?ReadBlock@CCodecBuffer_RGBA8888@@MAE_NKKEEQAEK@Z 00419a60 f   bitmap:CodecBuffer_RGBA8888.obj
 0001:00018bb0       ?ReadBlockRGBA@CCodecBuffer_RGBA8888@@UAE_NKKEEQAK@Z 00419bb0 f   bitmap:CodecBuffer_RGBA8888.obj
 0001:00018cf0       ?GetBlockHeight@CCodec@ATI_Compress@@UAEKXZ 00419cf0 f i bitmap:Codec.obj
 0001:00018cf0       ?GetBufferType@CCodecBuffer_RGBA8888@@UBE?BW4_CodecBufferType@@XZ 00419cf0 f i bitmap:CodecBuffer_RGBA8888.obj
 0001:00018d00       ??$PadLine@E@@YAXKEQAE@Z   00419d00 f i bitmap:CodecBuffer_RGBA8888.obj
 0001:00018d40       ??$PadBlock@E@@YAXKEEQAE@Z 00419d40 f i bitmap:CodecBuffer_RGBA8888.obj
 0001:00018d90       ??_ECCodecBuffer_RGBA8888@@UAEPAXI@Z 00419d90 f i bitmap:CodecBuffer_RGBA8888.obj
 0001:00018d90       ??_GCCodecBuffer_RGBA8888@@UAEPAXI@Z 00419d90 f i bitmap:CodecBuffer_RGBA8888.obj
 0001:00018e20       ?ConstructGammaTable@ImageLoader@@YAXPAEMM@Z 00419e20 f   bitmap:resample.obj
 0001:00018e90       ?GammaCorrectRGBA8888@ImageLoader@@YAXPAE0HHH0@Z 00419e90 f   bitmap:resample.obj
 0001:00018f70       ?GammaCorrectRGBA8888@ImageLoader@@YAXPAE0HHHMM@Z 00419f70 f   bitmap:resample.obj
 0001:000193d0       ?ResampleRGBA8888@ImageLoader@@YA_NABUResampleInfo_t@1@@Z 0041a3d0 f   bitmap:resample.obj
 0001:00019790       ?ResampleRGB323232F@ImageLoader@@YA_NABUResampleInfo_t@1@@Z 0041a790 f   bitmap:resample.obj
 0001:00019930       ?ComputeAveragedColor@?$CKernelWrapper@$0A@$0A@@ImageLoader@@SAXABUKernelInfo_t@2@ABUResampleInfo_t@2@HHHPAM2@Z 0041a930 f i bitmap:resample.obj
 0001:00019b00       ?ComputeAveragedColor@?$CKernelWrapper@$00$0A@@ImageLoader@@SAXABUKernelInfo_t@2@ABUResampleInfo_t@2@HHHPAM2@Z 0041ab00 f i bitmap:resample.obj
 0001:00019cd0       ?ComputeAveragedColor@?$CKernelWrapper@$01$0A@@ImageLoader@@SAXABUKernelInfo_t@2@ABUResampleInfo_t@2@HHHPAM2@Z 0041acd0 f i bitmap:resample.obj
 0001:00019e80       ?AddAlphaToAlphaResult@?$CKernelWrapper@$01$0A@@ImageLoader@@SAXABUKernelInfo_t@2@ABUResampleInfo_t@2@HHHMPAM@Z 0041ae80 f i bitmap:resample.obj
 0001:00019fc0       ?AdjustAlphaChannel@?$CKernelWrapper@$01$0A@@ImageLoader@@SAXABUKernelInfo_t@2@ABUResampleInfo_t@2@HHHPAM@Z 0041afc0 f i bitmap:resample.obj
 0001:00019fc0       ?AdjustAlphaChannel@?$CKernelWrapper@$01$00@ImageLoader@@SAXABUKernelInfo_t@2@ABUResampleInfo_t@2@HHHPAM@Z 0041afc0 f i bitmap:resample.obj
 0001:0001a420       ?ComputeAveragedColor@?$CKernelWrapper@$0A@$00@ImageLoader@@SAXABUKernelInfo_t@2@ABUResampleInfo_t@2@HHHPAM2@Z 0041b420 f i bitmap:resample.obj
 0001:0001a600       ?ComputeAveragedColor@?$CKernelWrapper@$00$00@ImageLoader@@SAXABUKernelInfo_t@2@ABUResampleInfo_t@2@HHHPAM2@Z 0041b600 f i bitmap:resample.obj
 0001:0001a7e0       ?ComputeAveragedColor@?$CKernelWrapper@$01$00@ImageLoader@@SAXABUKernelInfo_t@2@ABUResampleInfo_t@2@HHHPAM2@Z 0041b7e0 f i bitmap:resample.obj
 0001:0001a9d0       ?AddAlphaToAlphaResult@?$CKernelWrapper@$01$00@ImageLoader@@SAXABUKernelInfo_t@2@ABUResampleInfo_t@2@HHHMPAM@Z 0041b9d0 f i bitmap:resample.obj
 0001:0001ab40       ?ApplyKernel@?$CKernelWrapper@$0A@$0A@@ImageLoader@@SAXABUKernelInfo_t@2@ABUResampleInfo_t@2@HHHPAM2@Z 0041bb40 f i bitmap:resample.obj
 0001:0001ad20       ?ApplyKernel@?$CKernelWrapper@$00$0A@@ImageLoader@@SAXABUKernelInfo_t@2@ABUResampleInfo_t@2@HHHPAM2@Z 0041bd20 f i bitmap:resample.obj
 0001:0001aea0       ?ApplyKernel@?$CKernelWrapper@$01$0A@@ImageLoader@@SAXABUKernelInfo_t@2@ABUResampleInfo_t@2@HHHPAM2@Z 0041bea0 f i bitmap:resample.obj
 0001:0001b110       ?ApplyKernel@?$CKernelWrapper@$0A@$00@ImageLoader@@SAXABUKernelInfo_t@2@ABUResampleInfo_t@2@HHHPAM2@Z 0041c110 f i bitmap:resample.obj
 0001:0001b2f0       ?ApplyKernel@?$CKernelWrapper@$00$00@ImageLoader@@SAXABUKernelInfo_t@2@ABUResampleInfo_t@2@HHHPAM2@Z 0041c2f0 f i bitmap:resample.obj
 0001:0001b470       ?ApplyKernel@?$CKernelWrapper@$01$00@ImageLoader@@SAXABUKernelInfo_t@2@ABUResampleInfo_t@2@HHHPAM2@Z 0041c470 f i bitmap:resample.obj
 0001:0001b6e0       ?GenerateMipmapLevels@ImageLoader@@YAXPAE0HHHW4ImageFormat@@MMH@Z 0041c6e0 f   bitmap:resample.obj
 0001:0001b880       ??0CCodec_DXTC@@QAE@W4_CodecType@@@Z 0041c880 f   bitmap:Codec_DXTC.obj
 0001:0001b920       ??1CCodec_DXTC@@UAE@XZ     0041c920 f   bitmap:Codec_DXTC.obj
 0001:0001b930       ?SetParameter@CCodec_DXTC@@UAE_NPBDK@Z 0041c930 f   bitmap:Codec_DXTC.obj
 0001:0001ba30       ?GetParameter@CCodec_DXTC@@UAE_NPBDAAK@Z 0041ca30 f   bitmap:Codec_DXTC.obj
 0001:0001bb20       ?SetParameter@CCodec_DXTC@@UAE_NPBDM@Z 0041cb20 f   bitmap:Codec_DXTC.obj
 0001:0001bbd0       ?GetParameter@CCodec_DXTC@@UAE_NPBDAAM@Z 0041cbd0 f   bitmap:Codec_DXTC.obj
 0001:0001bc80       ??_GCCodec_DXTC@@UAEPAXI@Z 0041cc80 f i bitmap:Codec_DXTC.obj
 0001:0001bc80       ??_ECCodec_DXTC@@UAEPAXI@Z 0041cc80 f i bitmap:Codec_DXTC.obj
 0001:0001bcb0       ??0CCodec_Block_4x4@@QAE@W4_CodecType@@@Z 0041ccb0 f   bitmap:Codec_Block_4x4.obj
 0001:0001bcd0       ??1CCodec_Block_4x4@@UAE@XZ 0041ccd0 f   bitmap:Codec_Block_4x4.obj
 0001:0001bce0       ?CreateBuffer@CCodec_Block_4x4@@UBEPAVCCodecBuffer@@KKKPAE@Z 0041cce0 f   bitmap:Codec_Block_4x4.obj
 0001:0001bd10       ??_ECCodec_Block_4x4@@UAEPAXI@Z 0041cd10 f i bitmap:Codec_Block_4x4.obj
 0001:0001bd10       ??_GCCodec_Block_4x4@@UAEPAXI@Z 0041cd10 f i bitmap:Codec_Block_4x4.obj
 0001:0001bd40       ?EncodeAlphaBlock@CCodec_DXTC@@IAEXQAKQAE1@Z 0041cd40 f   bitmap:Codec_DXTC_Alpha.obj
 0001:0001bea0       ?CompressExplicitAlphaBlock@CCodec_DXTC@@MAE?AW4_CODECError@@QAEQAK@Z 0041cea0 f   bitmap:Codec_DXTC_Alpha.obj
 0001:0001c030       ?CompressExplicitAlphaBlock@CCodec_DXTC@@MAE?AW4_CODECError@@QAMQAK@Z 0041d030 f   bitmap:Codec_DXTC_Alpha.obj
 0001:0001c0d0       ?DecompressExplicitAlphaBlock@CCodec_DXTC@@MAEXQAEQAK@Z 0041d0d0 f   bitmap:Codec_DXTC_Alpha.obj
 0001:0001c110       ?DecompressExplicitAlphaBlock@CCodec_DXTC@@MAEXQAMQAK@Z 0041d110 f   bitmap:Codec_DXTC_Alpha.obj
 0001:0001c2e0       ?GetCompressedAlphaRamp@CCodec_DXTC@@IAEXQAEQAK@Z 0041d2e0 f   bitmap:Codec_DXTC_Alpha.obj
 0001:0001c450       ?GetCompressedAlphaRamp@CCodec_DXTC@@IAEXQAMQAK@Z 0041d450 f   bitmap:Codec_DXTC_Alpha.obj
 0001:0001c570       ?CompressAlphaBlock@CCodec_DXTC@@MAE?AW4_CODECError@@QAEQAK@Z 0041d570 f   bitmap:Codec_DXTC_Alpha.obj
 0001:0001c640       ?CompressAlphaBlock@CCodec_DXTC@@MAE?AW4_CODECError@@QAMQAK@Z 0041d640 f   bitmap:Codec_DXTC_Alpha.obj
 0001:0001c710       ?DecompressAlphaBlock@CCodec_DXTC@@MAEXQAEQAK@Z 0041d710 f   bitmap:Codec_DXTC_Alpha.obj
 0001:0001c8b0       ?DecompressAlphaBlock@CCodec_DXTC@@MAEXQAMQAK@Z 0041d8b0 f   bitmap:Codec_DXTC_Alpha.obj
 0001:0001cb50       ?CompressRGBABlock@CCodec_DXTC@@MAE?AW4_CODECError@@QAK0PAM@Z 0041db50 f   bitmap:Codec_DXTC_RGBA.obj
 0001:0001cbc0       ?DecompressRGBABlock@CCodec_DXTC@@MAEXQAK0@Z 0041dbc0 f   bitmap:Codec_DXTC_RGBA.obj
 0001:0001cc80       ?CompressRGBABlock_ExplicitAlpha@CCodec_DXTC@@MAE?AW4_CODECError@@QAK0PAM@Z 0041dc80 f   bitmap:Codec_DXTC_RGBA.obj
 0001:0001ccf0       ?DecompressRGBABlock_ExplicitAlpha@CCodec_DXTC@@MAEXQAK0@Z 0041dcf0 f   bitmap:Codec_DXTC_RGBA.obj
 0001:0001cdb0       ?CompressRGBBlock@CCodec_DXTC@@MAE?AW4_CODECError@@QAK0PAM_N2E@Z 0041ddb0 f   bitmap:Codec_DXTC_RGBA.obj
 0001:0001d070       ?CompressRGBABlock@CCodec_DXTC@@MAE?AW4_CODECError@@QAMQAKPAM@Z 0041e070 f   bitmap:Codec_DXTC_RGBA.obj
 0001:0001d110       ?CompressRGBABlock_ExplicitAlpha@CCodec_DXTC@@MAE?AW4_CODECError@@QAMQAKPAM@Z 0041e110 f   bitmap:Codec_DXTC_RGBA.obj
 0001:0001d1b0       ?CompressRGBBlock@CCodec_DXTC@@MAE?AW4_CODECError@@QAMQAKPAM_N3M@Z 0041e1b0 f   bitmap:Codec_DXTC_RGBA.obj
 0001:0001d470       ?DecompressRGBABlock@CCodec_DXTC@@MAEXQAMQAK@Z 0041e470 f   bitmap:Codec_DXTC_RGBA.obj
 0001:0001d4f0       ?DecompressRGBABlock_ExplicitAlpha@CCodec_DXTC@@MAEXQAMQAK@Z 0041e4f0 f   bitmap:Codec_DXTC_RGBA.obj
 0001:0001d570       ?DecompressRGBBlock@CCodec_DXTC@@MAEXQAK0_N@Z 0041e570 f   bitmap:Codec_DXTC_RGBA.obj
 0001:0001d7b0       ?DecompressRGBBlock@CCodec_DXTC@@MAEXQAMQAK_N@Z 0041e7b0 f   bitmap:Codec_DXTC_RGBA.obj
 0001:0001db20       ?CalculateColourWeightings@CCodec_DXTC@@IAEPAMQAK@Z 0041eb20 f   bitmap:Codec_DXTC_RGBA.obj
 0001:0001df00       ?CalculateColourWeightings@CCodec_DXTC@@IAEPAMQAM@Z 0041ef00 f   bitmap:Codec_DXTC_RGBA.obj
 0001:0001e230       ??0CCodec_DXT5_Swizzled@@QAE@W4_CodecType@@@Z 0041f230 f   bitmap:Codec_DXT5_Swizzled.obj
 0001:0001e250       ??1CCodec_DXT5_Swizzled@@UAE@XZ 0041f250 f   bitmap:Codec_DXT5_Swizzled.obj
 0001:0001e260       ?Compress@CCodec_DXT5_Swizzled@@UAE?AW4_CODECError@@AAVCCodecBuffer@@0P6A_NMKK@ZKK@Z 0041f260 f   bitmap:Codec_DXT5_Swizzled.obj
 0001:0001e430       ?Decompress@CCodec_DXT5_Swizzled@@UAE?AW4_CODECError@@AAVCCodecBuffer@@0@Z 0041f430 f   bitmap:Codec_DXT5_Swizzled.obj
 0001:0001e570       ??_ECCodec_DXT5_Swizzled@@UAEPAXI@Z 0041f570 f i bitmap:Codec_DXT5_Swizzled.obj
 0001:0001e570       ??_GCCodec_DXT5_Swizzled@@UAEPAXI@Z 0041f570 f i bitmap:Codec_DXT5_Swizzled.obj
 0001:0001e5a0       ??0CCodec_Block@@QAE@W4_CodecType@@@Z 0041f5a0 f   bitmap:Codec_Block.obj
 0001:0001e5c0       ??1CCodec_Block@@UAE@XZ    0041f5c0 f   bitmap:Codec_Block.obj
 0001:0001e5d0       ??_ECCodec_Block@@UAEPAXI@Z 0041f5d0 f i bitmap:Codec_Block.obj
 0001:0001e5d0       ??_GCCodec_Block@@UAEPAXI@Z 0041f5d0 f i bitmap:Codec_Block.obj
 0001:0001e600       ?ConstructColor@@YAKEEEEEE@Z 0041f600 f   bitmap:ATiXCodec.obj
 0001:000200a0       ?CompBlock1X@@YAMPAMGQAEPAEE_N3HH3@Z 004210a0 f   bitmap:ATiXCodec.obj
 0001:00020180       ?CompBlock1X@@YAMPAEGQAE0E_N2HH2@Z 00421180 f   bitmap:ATiXCodec.obj
 0001:000204f0       ?Clstr@@YAMQAKGQAY01EPAEEPAM_NEEEE@Z 004214f0 f   bitmap:ATiXCodec.obj
 0001:000208b0       ?Clstr@@YAMQAMGQAY01EPAEEPAM_NMEEE@Z 004218b0 f   bitmap:ATiXCodec.obj
 0001:00024eb0       ?CompressRGBBlockXSSE2@@YAXQAY01MQAY03MQAMHE_NEPAMEEE@Z 00425eb0 f   bitmap:ATiXCodec.obj
 0001:00026070       ?CompRGBBlock@@YAMPAMGEEEQAY01EPAEE_N3E03M@Z 00427070 f   bitmap:ATiXCodec.obj
 0001:000265f0       ?CompRGBBlock@@YAMPAKGEEEQAY01EPAEE_N3EPAM3E@Z 004275f0 f   bitmap:ATiXCodec.obj
 0001:00026930       ?MkWkRmpPts@@YAXPA_NQAY01M1EEE@Z 00427930 f i bitmap:ATiXCodec.obj
 0001:00026a90       ?BldClrRmp@@YAXQAM0E@Z     00427a90 f i bitmap:ATiXCodec.obj
 0001:00026b70       _cosf                      00427b70 f i mathlib:mathlib_base.obj
 0001:00026b80       ?SinCos@@YAXMPAM0@Z        00427b80 f i mathlib:mathlib_base.obj
 0001:00026ba0       ?_sqrtf@@YAMM@Z            00427ba0 f   mathlib:mathlib_base.obj
 0001:00026bb0       ?_rsqrtf@@YAMM@Z           00427bb0 f   mathlib:mathlib_base.obj
 0001:00026bc0       ?_VectorNormalize@@YIMAAVVector@@@Z 00427bc0 f   mathlib:mathlib_base.obj
 0001:00026c00       ?_VectorNormalizeFast@@YIXAAVVector@@@Z 00427c00 f   mathlib:mathlib_base.obj
 0001:00026c40       ?_InvRSquared@@YAMPBM@Z    00427c40 f   mathlib:mathlib_base.obj
 0001:00026c80       ?InitSinCosTable@@YAXXZ    00427c80 f   mathlib:mathlib_base.obj
 0001:00026cd0       ?MathLib_Init@@YAXMMMH_N000@Z 00427cd0 f   mathlib:mathlib_base.obj
 0001:00026e70       ?TextureToLinear@@YAMH@Z   00427e70 f   mathlib:color_conversion.obj
 0001:00026ea0       ?BuildGammaTable@@YAXMMMH@Z 00427ea0 f   mathlib:color_conversion.obj
 0001:00027140       ?_SSE_Sqrt@@YAMM@Z         00428140 f   mathlib:sse.obj
 0001:00027160       ?_SSE_RSqrtAccurate@@YAMM@Z 00428160 f   mathlib:sse.obj
 0001:000271b0       ?_SSE_RSqrtFast@@YAMM@Z    004281b0 f   mathlib:sse.obj
 0001:000271d0       ?_SSE_VectorNormalizeFast@@YIXAAVVector@@@Z 004281d0 f   mathlib:sse.obj
 0001:00027260       ?_SSE_InvRSquared@@YAMPBM@Z 00428260 f   mathlib:sse.obj
 0001:000272b0       ?_SSE_SinCos@@YAXMPAM0@Z   004282b0 f   mathlib:sse.obj
 0001:000273f0       ?_SSE_cos@@YAMM@Z          004283f0 f   mathlib:sse.obj
 0001:000274c0       ?_SSE2_SinCos@@YAXMPAM0@Z  004284c0 f   mathlib:sse.obj
 0001:000275e0       ?_SSE2_cos@@YAMM@Z         004285e0 f   mathlib:sse.obj
 0001:000276b0       ?_3DNow_Sqrt@@YAMM@Z       004286b0 f   mathlib:3dnow.obj
 0001:000276e0       ?_3DNow_RSqrt@@YAMM@Z      004286e0 f   mathlib:3dnow.obj
 0001:00027700       ?_3DNow_VectorNormalize@@YIMAAVVector@@@Z 00428700 f   mathlib:3dnow.obj
 0001:00027790       ?_3DNow_VectorNormalizeFast@@YIXAAVVector@@@Z 00428790 f   mathlib:3dnow.obj
 0001:000277a0       ?_3DNow_InvRSquared@@YAMPBM@Z 004287a0 f   mathlib:3dnow.obj
 0001:000277e0       ?V_strncmp@@YAHPBD0H@Z     004287e0 f   tier1:strtools.obj
 0001:00027830       ?V_stristr@@YAPBDPBD0@Z    00428830 f   tier1:strtools.obj
 0001:000278f0       ?V_stristr@@YAPADPADPBD@Z  004288f0 f   tier1:strtools.obj
 0001:00027930       ?V_strncat@@YAPADPADPBDIH@Z 00428930 f   tier1:strtools.obj
 0001:000279c0       ?V_StripTrailingSlash@@YAXPAD@Z 004289c0 f   tier1:strtools.obj
 0001:00027a00       ?V_FixSlashes@@YAXPADD@Z   00428a00 f   tier1:strtools.obj
 0001:00027a30       ?V_IsAbsolutePath@@YA_NPBD@Z 00428a30 f   tier1:strtools.obj
 0001:00027a60       ?V_strncpy@@YAXPADPBDH@Z   00428a60 f   tier1:strtools.obj
 0001:00027aa0       ?V_snprintf@@YAHPADHPBDZZ  00428aa0 f   tier1:strtools.obj
 0001:00027af0       ?V_StripExtension@@YAXPBDPADH@Z 00428af0 f   tier1:strtools.obj
 0001:00027ba0       ?FindConversion@CUtlCStringConversion@@UAEDPBDPAH@Z 00428ba0 f   tier1:utlbuffer.obj
 0001:00027bc0       ??0CUtlCharConversion@@QAE@DPBDHPAUConversionArray_t@0@@Z 00428bc0 f   tier1:utlbuffer.obj
 0001:00027c60       ?FindConversion@CUtlCharConversion@@UAEDPBDPAH@Z 00428c60 f   tier1:utlbuffer.obj
 0001:00027ce0       ?GetOverflow@CUtlBuffer@@IAE_NH@Z 00428ce0 f   tier1:utlbuffer.obj
 0001:00027cf0       ?FindConversion@CUtlNoEscConversion@@UAEDPBDPAH@Z 00428cf0 f i tier1:utlbuffer.obj
 0001:00027d10       ?SeekGet@CUtlBuffer@@QAEXW4SeekType_t@1@H@Z 00428d10 f   tier1:utlbuffer.obj
 0001:00027d70       ?CheckPut@CUtlBuffer@@IAE_NH@Z 00428d70 f   tier1:utlbuffer.obj
 0001:00027dc0       ?AddNullTermination@CUtlBuffer@@IAEXXZ 00428dc0 f   tier1:utlbuffer.obj
 0001:00027e10       ?ConvertToGrowableMemory@?$CUtlMemory@EH@@QAEXH@Z 00428e10 f i tier1:utlbuffer.obj
 0001:00027e60       ?Grow@?$CUtlMemory@EH@@QAEXH@Z 00428e60 f i tier1:utlbuffer.obj
 0001:00027f10       ?EnsureCapacity@CUtlBuffer@@QAEXH@Z 00428f10 f   tier1:utlbuffer.obj
 0001:00027f70       ?Get@CUtlBuffer@@QAEXPAXH@Z 00428f70 f   tier1:utlbuffer.obj
 0001:00027fe0       ?Put@CUtlBuffer@@QAEXPBXH@Z 00428fe0 f   tier1:utlbuffer.obj
 0001:00028050       ?PutOverflow@CUtlBuffer@@IAE_NH@Z 00429050 f   tier1:utlbuffer.obj
 0001:000280a0       ?SeekPut@CUtlBuffer@@QAEXW4SeekType_t@1@H@Z 004290a0 f   tier1:utlbuffer.obj
 0001:00028120       ??0CUtlBuffer@@QAE@HHH@Z   00429120 f   tier1:utlbuffer.obj
 0001:000281a0       ?DefaultCreateInterfaceFn@@YAPAXPBDPAH@Z 004291a0 f   tier2:defaultfilesystem.obj
 0001:000281c0       ?InitDefaultFileSystem@@YAXXZ 004291c0 f   tier2:defaultfilesystem.obj
 0001:00028270       ?ComputeMipCount@CVTFTexture@@ABEHXZ 00429270 f   vtf:vtf.obj
 0001:00028290       ?AllocateImageData@CVTFTexture@@AAEXH@Z 00429290 f   vtf:vtf.obj
 0001:000282c0       ?SetBumpScale@CVTFTexture@@UAEXM@Z 004292c0 f   vtf:vtf.obj
 0001:000282d0       ?SetReflectivity@CVTFTexture@@UAEXABVVector@@@Z 004292d0 f   vtf:vtf.obj
 0001:000282f0       ?SetAlphaTestThreshholds@CVTFTexture@@UAEXMM@Z 004292f0 f   vtf:vtf.obj
 0001:00028310       ?LoadLowResData@CVTFTexture@@AAE_NAAVCUtlBuffer@@@Z 00429310 f   vtf:vtf.obj
 0001:00028360       ?LoadImageData@CVTFTexture@@AAE_NAAVCUtlBuffer@@ABUVTFFileHeader_t@@H@Z 00429360 f   vtf:vtf.obj
 0001:000284a0       ?WriteData@ResourceMemorySection@CVTFTexture@@QBE_NAAVCUtlBuffer@@@Z 004294a0 f   vtf:vtf.obj
 0001:00028540       ?WriteImageData@CVTFTexture@@AAE_NAAVCUtlBuffer@@@Z 00429540 f   vtf:vtf.obj
 0001:000285c0       ?Width@CVTFTexture@@UBEHXZ 004295c0 f   vtf:vtf.obj
 0001:000285d0       ?Height@CVTFTexture@@UBEHXZ 004295d0 f   vtf:vtf.obj
 0001:000285e0       ?Depth@CVTFTexture@@UBEHXZ 004295e0 f   vtf:vtf.obj
 0001:000285f0       ?Format@CVTFTexture@@UBE?AW4ImageFormat@@XZ 004295f0 f   vtf:vtf.obj
 0001:00028600       ?FaceCount@CVTFTexture@@UBEHXZ 00429600 f   vtf:vtf.obj
 0001:00028610       ?FrameCount@CVTFTexture@@UBEHXZ 00429610 f   vtf:vtf.obj
 0001:00028620       ?Flags@CVTFTexture@@UBEHXZ 00429620 f   vtf:vtf.obj
 0001:00028630       ?IsCubeMap@CVTFTexture@@UBE_NXZ 00429630 f   vtf:vtf.obj
 0001:00028640       ?IsNormalMap@CVTFTexture@@UBE_NXZ 00429640 f   vtf:vtf.obj
 0001:00028650       ?IsVolumeTexture@CVTFTexture@@UBE_NXZ 00429650 f   vtf:vtf.obj
 0001:00028660       ?BumpScale@CVTFTexture@@UBEMXZ 00429660 f   vtf:vtf.obj
 0001:00028670       ?Reflectivity@CVTFTexture@@UBEABVVector@@XZ 00429670 f   vtf:vtf.obj
 0001:00028680       ?ImageData@CVTFTexture@@UAEPAEXZ 00429680 f   vtf:vtf.obj
 0001:00028690       ?LowResWidth@CVTFTexture@@UBEHXZ 00429690 f   vtf:vtf.obj
 0001:000286a0       ?LowResHeight@CVTFTexture@@UBEHXZ 004296a0 f   vtf:vtf.obj
 0001:000286b0       ?LowResFormat@CVTFTexture@@UBE?AW4ImageFormat@@XZ 004296b0 f   vtf:vtf.obj
 0001:000286c0       ?LowResImageData@CVTFTexture@@UAEPAEXZ 004296c0 f   vtf:vtf.obj
 0001:000286d0       ?RowSizeInBytes@CVTFTexture@@UBEHH@Z 004296d0 f   vtf:vtf.obj
 0001:00028700       ?FaceSizeInBytes@CVTFTexture@@UBEHH@Z 00429700 f   vtf:vtf.obj
 0001:00028740       ?ImageData@CVTFTexture@@UAEPAEHHHHHH@Z 00429740 f   vtf:vtf.obj
 0001:000287b0       ?ComputeMipSize@CVTFTexture@@UBEHH@Z 004297b0 f   vtf:vtf.obj
 0001:00028800       ?ComputeFaceSize@CVTFTexture@@ABEHHW4ImageFormat@@@Z 00429800 f i vtf:vtf.obj
 0001:00028890       ?ComputeFaceSize@CVTFTexture@@UBEHH@Z 00429890 f   vtf:vtf.obj
 0001:000288b0       ?ComputeTotalSize@CVTFTexture@@UBEHXZ 004298b0 f   vtf:vtf.obj
 0001:000288d0       ?GetImageOffset@CVTFTexture@@ABEHHHHW4ImageFormat@@@Z 004298d0 f   vtf:vtf.obj
 0001:00028950       ?ComputeMipLevelDimensions@CVTFTexture@@UBEXHPAH00@Z 00429950 f   vtf:vtf.obj
 0001:000289a0       ?ComputeMipLevelSubRect@CVTFTexture@@UBEXPAURect_t@@H0@Z 004299a0 f   vtf:vtf.obj
 0001:00028a60       ?ConvertImageFormat@CVTFTexture@@UAEXW4ImageFormat@@_N@Z 00429a60 f   vtf:vtf.obj
 0001:000291c0       ?ComputeHemispheremapFrame@CVTFTexture@@AAEXPAPAEPAEW4LookDir_t@@@Z 0042a1c0 f   vtf:vtf.obj
 0001:00029390       ?GenerateHemisphereMap@CVTFTexture@@UAEXPAEHHW4LookDir_t@@H@Z 0042a390 f   vtf:vtf.obj
 0001:00029490       ?FixCubemapFaceOrientation@CVTFTexture@@UAEXXZ 0042a490 f   vtf:vtf.obj
 0001:00029560       ?NormalizeTopMipLevel@CVTFTexture@@UAEXXZ 0042a560 f   vtf:vtf.obj
 0001:000295f0       ?PutOneOverMipLevelInAlpha@CVTFTexture@@UAEXXZ 0042a5f0 f   vtf:vtf.obj
 0001:000296e0       ?ComputeReflectivity@CVTFTexture@@UAEXXZ 0042a6e0 f   vtf:vtf.obj
 0001:00029830       ?ComputeAlphaFlags@CVTFTexture@@UAEXXZ 0042a830 f   vtf:vtf.obj
 0001:00029980       ?PostProcess@CVTFTexture@@UAEX_NW4LookDir_t@@0@Z 0042a980 f   vtf:vtf.obj
 0001:00029a10       ?SetPostProcessingSettings@CVTFTexture@@UAEXPBUVtfProcessingOptions@@@Z 0042aa10 f   vtf:vtf.obj
 0001:00029a60       ?SetupFaceVert@CVTFTexture@@AAEXHHAAVCEdgePos@@@Z 0042aa60 f   vtf:vtf.obj
 0001:00029ac0       ?SetupTextureEdgeIncrements@CVTFTexture@@AAEXHHH_NPAVCEdgeIncrements@@@Z 0042aac0 f   vtf:vtf.obj
 0001:00029be0       ?BlendTexels@@YAXPAPAEH@Z  0042abe0 f   vtf:vtf.obj
 0001:00029c90       ?BlendCubeMapFaceCorners@CVTFTexture@@AAEXHHPBVCCornerMatch@@@Z 0042ac90 f   vtf:vtf.obj
 0001:00029e70       ?BuildCubeMapMatchLists@CVTFTexture@@AAEXQAVCEdgeMatch@@QAVCCornerMatch@@_N@Z 0042ae70 f   vtf:vtf.obj
 0001:0002a0f0       ?Grow@?$CUtlMemory@VS3RGBA@@H@@QAEXH@Z 0042b0f0 f i vtf:vtf.obj
 0001:0002a1a0       ??9CEdgePos@@QAE_NABV0@@Z  0042b1a0 f i vtf:vtf.obj
 0001:0002a1e0       ?ImageData@CVTFTexture@@UAEPAEHHH@Z 0042b1e0 f   vtf:vtf.obj
 0001:0002a210       ?ComputeSpheremapFrame@CVTFTexture@@AAEXPAPAEPAEW4LookDir_t@@@Z 0042b210 f   vtf:vtf.obj
 0001:0002a3e0       ?GenerateSpheremap@CVTFTexture@@UAEXW4LookDir_t@@@Z 0042b3e0 f   vtf:vtf.obj
 0001:0002a4c0       ?GenerateMipmaps@CVTFTexture@@UAEXXZ 0042b4c0 f   vtf:vtf.obj
 0001:0002a910       ?BlendCubeMapFaceEdges@CVTFTexture@@AAEXHHPBVCEdgeMatch@@@Z 0042b910 f   vtf:vtf.obj
 0001:0002aae0       ?Grow@?$CUtlMemory@UResourceEntryInfo@@H@@QAEXH@Z 0042bae0 f i vtf:vtf.obj
 0001:0002ab90       ?Grow@?$CUtlMemory@UResourceMemorySection@CVTFTexture@@H@@QAEXH@Z 0042bb90 f i vtf:vtf.obj
 0001:0002ac30       ?ReleaseResources@CVTFTexture@@AAEXXZ 0042bc30 f   vtf:vtf.obj
 0001:0002acb0       ?GetResourceTypes@CVTFTexture@@UBEIPAIH@Z 0042bcb0 f   vtf:vtf.obj
 0001:0002ad00       ?LoadData@ResourceMemorySection@CVTFTexture@@QAE_NAAVCUtlBuffer@@AAVCByteswap@@@Z 0042bd00 f   vtf:vtf.obj
 0001:0002ada0       ?ReadHeader@CVTFTexture@@AAE_NAAVCUtlBuffer@@AAUVTFFileHeader_t@@@Z 0042bda0 f   vtf:vtf.obj
 0001:0002ae80       ?LoadNewResources@CVTFTexture@@AAE_NAAVCUtlBuffer@@@Z 0042be80 f   vtf:vtf.obj
 0001:0002af00       ?FindResourceEntryInfo@CVTFTexture@@ABEPBUResourceEntryInfo@@I@Z 0042bf00 f   vtf:vtf.obj
 0001:0002af70       ?BlendCubeMapEdgePalettes@CVTFTexture@@AAEXHHPBVCEdgeMatch@@@Z 0042bf70 f   vtf:vtf.obj
 0001:0002b190       ?BlendCubeMapCornerPalettes@CVTFTexture@@AAEXHHPBVCCornerMatch@@@Z 0042c190 f   vtf:vtf.obj
 0001:0002b2f0       ?MatchCubeMapS3TCPalettes@CVTFTexture@@AAEXQAVCEdgeMatch@@QAVCCornerMatch@@@Z 0042c2f0 f   vtf:vtf.obj
 0001:0002b370       ?EnsureCapacity@?$CUtlVector@UResourceMemorySection@CVTFTexture@@V?$CUtlMemory@UResourceMemorySection@CVTFTexture@@H@@@@QAEXH@Z 0042c370 f i vtf:vtf.obj
 0001:0002b3d0       ?InsertMultipleBefore@?$CUtlVector@UResourceEntryInfo@@V?$CUtlMemory@UResourceEntryInfo@@H@@@@QAEHHHPBUResourceEntryInfo@@@Z 0042c3d0 f i vtf:vtf.obj
 0001:0002b470       ?InsertMultipleBefore@?$CUtlVector@UResourceMemorySection@CVTFTexture@@V?$CUtlMemory@UResourceMemorySection@CVTFTexture@@H@@@@QAEHHHPBUResourceMemorySection@CVTFTexture@@@Z 0042c470 f i vtf:vtf.obj
 0001:0002b550       ?InsertMultipleBefore@?$CUtlVector@VS3RGBA@@V?$CUtlMemory@VS3RGBA@@H@@@@QAEHHHPBVS3RGBA@@@Z 0042c550 f i vtf:vtf.obj
 0001:0002b5f0       ?LowResFileInfo@CVTFTexture@@UBEXPAH0@Z 0042c5f0 f   vtf:vtf.obj
 0001:0002b650       ?ImageFileInfo@CVTFTexture@@UBEXHHHPAH0@Z 0042c650 f   vtf:vtf.obj
 0001:0002b750       ?FileSize@CVTFTexture@@UBEHH@Z 0042c750 f   vtf:vtf.obj
 0001:0002b790       ?GetResourceData@CVTFTexture@@UBEPAXIPAI@Z 0042c790 f   vtf:vtf.obj
 0001:0002b800       ?HasResourceEntry@CVTFTexture@@UBE_NI@Z 0042c800 f   vtf:vtf.obj
 0001:0002b820       ?ConstructLowResImage@CVTFTexture@@UAE_NXZ 0042c820 f   vtf:vtf.obj
 0001:0002b960       ??1?$CUtlVector@VS3RGBA@@V?$CUtlMemory@VS3RGBA@@H@@@@QAE@XZ 0042c960 f i vtf:vtf.obj
 0001:0002b960       ??1?$CUtlVector@UResourceEntryInfo@@V?$CUtlMemory@UResourceEntryInfo@@H@@@@QAE@XZ 0042c960 f i vtf:vtf.obj
 0001:0002b960       ??1?$CUtlVector@UResourceMemorySection@CVTFTexture@@V?$CUtlMemory@UResourceMemorySection@CVTFTexture@@H@@@@QAE@XZ 0042c960 f i vtf:vtf.obj
 0001:0002b9d0       ?InsertBefore@?$CUtlVector@UResourceMemorySection@CVTFTexture@@V?$CUtlMemory@UResourceMemorySection@CVTFTexture@@H@@@@QAEHHABUResourceMemorySection@CVTFTexture@@@Z 0042c9d0 f i vtf:vtf.obj
 0001:0002ba50       ?InsertBefore@?$CUtlVector@UResourceMemorySection@CVTFTexture@@V?$CUtlMemory@UResourceMemorySection@CVTFTexture@@H@@@@QAEHH@Z 0042ca50 f i vtf:vtf.obj
 0001:0002bac0       ??1CDatadescGeneratedNameHolder@@QAE@XZ 0042cac0 f i vtf:vtf.obj
 0001:0002bb40       ??0CVTFTexture@@QAE@XZ     0042cb40 f   vtf:vtf.obj
 0001:0002bc40       ??1CVTFTexture@@UAE@XZ     0042cc40 f   vtf:vtf.obj
 0001:0002bca0       ?FindOrCreateResourceEntryInfo@CVTFTexture@@AAEPAUResourceEntryInfo@@I@Z 0042cca0 f   vtf:vtf.obj
 0001:0002bdd0       ?Serialize@CVTFTexture@@UAE_NAAVCUtlBuffer@@@Z 0042cdd0 f   vtf:vtf.obj
 0001:0002c000       ??$DataMapInit@UVTFFileBaseHeader_t@@@@YAPAUdatamap_t@@PAUVTFFileBaseHeader_t@@@Z 0042d000 f   vtf:vtf.obj
 0001:0002c080       ??$DataMapInit@UVTFFileHeaderV7_1_t@@@@YAPAUdatamap_t@@PAUVTFFileHeaderV7_1_t@@@Z 0042d080 f   vtf:vtf.obj
 0001:0002c110       ??$DataMapInit@UVTFFileHeaderV7_2_t@@@@YAPAUdatamap_t@@PAUVTFFileHeaderV7_2_t@@@Z 0042d110 f   vtf:vtf.obj
 0001:0002c1a0       ??$DataMapInit@UVTFFileHeaderV7_3_t@@@@YAPAUdatamap_t@@PAUVTFFileHeaderV7_3_t@@@Z 0042d1a0 f   vtf:vtf.obj
 0001:0002c230       ??$DataMapInit@UVTFFileHeader_t@@@@YAPAUdatamap_t@@PAUVTFFileHeader_t@@@Z 0042d230 f   vtf:vtf.obj
 0001:0002c2c0       ??$DataMapInit@UVTFFileHeaderX360_t@@@@YAPAUdatamap_t@@PAUVTFFileHeaderX360_t@@@Z 0042d2c0 f   vtf:vtf.obj
 0001:0002c350       ?CreateVTFTexture@@YAPAVIVTFTexture@@XZ 0042d350 f   vtf:vtf.obj
 0001:0002c370       ??_GCVTFTexture@@UAEPAXI@Z 0042d370 f i vtf:vtf.obj
 0001:0002c370       ??_ECVTFTexture@@UAEPAXI@Z 0042d370 f i vtf:vtf.obj
 0001:0002c390       ?Unserialize@CVTFTexture@@UAE_NAAVCUtlBuffer@@_NH@Z 0042d390 f   vtf:vtf.obj
 0001:0002c670       ?RemoveResourceEntryInfo@CVTFTexture@@AAE_NI@Z 0042d670 f   vtf:vtf.obj
 0001:0002c760       ?Init@CVTFTexture@@UAE_NHHHW4ImageFormat@@HHH@Z 0042d760 f   vtf:vtf.obj
 0001:0002c8b0       ?InitLowResImage@CVTFTexture@@UAEXHHW4ImageFormat@@@Z 0042d8b0 f   vtf:vtf.obj
 0001:0002c920       ?SetResourceData@CVTFTexture@@UAEPAXIPBXI@Z 0042d920 f   vtf:vtf.obj
 0001:0002c9c0       ?MatchCubeMapBorders@CVTFTexture@@UAEXHW4ImageFormat@@_N@Z 0042d9c0 f   vtf:vtf.obj
 0001:0002cb50       ?WriteBitInt@@YAXPADHHH@Z  0042db50 f   vtf:s3tc_decode.obj
 0001:0002cba0       ?S3TC_GetPixelPaletteIndex@@YA?AVS3PaletteIndex@@W4ImageFormat@@PBDHH@Z 0042dba0 f   vtf:s3tc_decode.obj
 0001:0002cc00       ?S3TC_SetPixelPaletteIndex@@YAXW4ImageFormat@@PADHHVS3PaletteIndex@@@Z 0042dc00 f   vtf:s3tc_decode.obj
 0001:0002cc70       ?S3TC_GetBlock@@YAPADPAXW4ImageFormat@@HHH@Z 0042dc70 f   vtf:s3tc_decode.obj
 0001:0002cca0       ?S3TC_MergeBlocks@@YAXPAPADPAPAVS3RGBA@@HHW4ImageFormat@@@Z 0042dca0 f   vtf:s3tc_decode.obj
 0001:0002cfe0       ?S3TC_GetPaletteIndex@@YA?AVS3PaletteIndex@@PAEW4ImageFormat@@HHH@Z 0042dfe0 f   vtf:s3tc_decode.obj
 0001:0002d040       ?S3TC_SetPaletteIndex@@YAXPAEW4ImageFormat@@HHHVS3PaletteIndex@@@Z 0042e040 f   vtf:s3tc_decode.obj
 0001:0002d0a0       _CreateInterface           0042e0a0 f   tier1:interface.obj
 0001:0002d110       ?ThreadedLoadLibraryFunc@@YAIPAX@Z 0042e110 f   tier1:interface.obj
 0001:0002d130       ?Sys_LoadLibrary@@YAPAUHINSTANCE__@@PBD@Z 0042e130 f   tier1:interface.obj
 0001:0002d230       ?Sys_LoadModule@@YAPAVCSysModule@@PBD@Z 0042e230 f   tier1:interface.obj
 0001:0002d350       ?Sys_LoadInterface@@YA_NPBD0PAPAVCSysModule@@PAPAX@Z 0042e350 f   tier1:interface.obj
 0001:0002d3b0       _strrchr                   0042e3b0 f   LIBCMT:strrchr.obj
 0001:0002d3e0       _memset                    0042e3e0 f   LIBCMT:memset.obj
 0001:0002d45a       __vsnprintf_l              0042e45a f   LIBCMT:vsnprint.obj
 0001:0002d506       __vsnprintf                0042e506 f   LIBCMT:vsnprint.obj
 0001:0002d530       _memcpy                    0042e530 f   LIBCMT:memcpy.obj
 0001:0002d891       __cfltcvt_init             0042e891 f   LIBCMT:_fpinit_.obj
 0001:0002d8f1       __fpmath                   0042e8f1 f   LIBCMT:_fpinit_.obj
 0001:0002d910       _strstr                    0042e910 f   LIBCMT:strstr.obj
 0001:0002d996       __fclose_nolock            0042e996 f   LIBCMT:fclose.obj
 0001:0002da03       _fclose                    0042ea03 f   LIBCMT:fclose.obj
 0001:0002da77       __fwrite_nolock            0042ea77 f   LIBCMT:fwrite.obj
 0001:0002dbce       _fwrite                    0042ebce f   LIBCMT:fwrite.obj
 0001:0002dc48       _fprintf                   0042ec48 f   LIBCMT:fprintf.obj
 0001:0002dd54       __fsopen                   0042ed54 f   LIBCMT:fopen.obj
 0001:0002de10       _fopen                     0042ee10 f   LIBCMT:fopen.obj
 0001:0002de27       __flush                    0042ee27 f   LIBCMT:fflush.obj
 0001:0002de8f       __fflush_nolock            0042ee8f f   LIBCMT:fflush.obj
 0001:0002dfb1       _fflush                    0042efb1 f   LIBCMT:fflush.obj
 0001:0002e004       __flushall                 0042f004 f   LIBCMT:fflush.obj
 0001:0002e00d       ___iob_func                0042f00d f   LIBCMT:_file.obj
 0001:0002e013       ___initstdio               0042f013 f   LIBCMT:_file.obj
 0001:0002e0c4       ___endstdio                0042f0c4 f   LIBCMT:_file.obj
 0001:0002e0e4       __lock_file                0042f0e4 f   LIBCMT:_file.obj
 0001:0002e125       __lock_file2               0042f125 f   LIBCMT:_file.obj
 0001:0002e157       __unlock_file              0042f157 f   LIBCMT:_file.obj
 0001:0002e193       __unlock_file2             0042f193 f   LIBCMT:_file.obj
 0001:0002e1c2       _printf                    0042f1c2 f   LIBCMT:printf.obj
 0001:0002e269       __get_printf_count_output  0042f269 f   LIBCMT:printf.obj
 0001:0002e27f       ___crtCorExitProcess       0042f27f f   LIBCMT:crt0dat.obj
 0001:0002e2aa       ___crtExitProcess          0042f2aa f   LIBCMT:crt0dat.obj
 0001:0002e2c2       __lockexit                 0042f2c2 f   LIBCMT:crt0dat.obj
 0001:0002e2cb       __unlockexit               0042f2cb f   LIBCMT:crt0dat.obj
 0001:0002e2d4       __init_pointers            0042f2d4 f   LIBCMT:crt0dat.obj
 0001:0002e307       __initterm_e               0042f307 f   LIBCMT:crt0dat.obj
 0001:0002e32b       __cinit                    0042f32b f   LIBCMT:crt0dat.obj
 0001:0002e502       _exit                      0042f502 f   LIBCMT:crt0dat.obj
 0001:0002e518       __exit                     0042f518 f   LIBCMT:crt0dat.obj
 0001:0002e52e       __cexit                    0042f52e f   LIBCMT:crt0dat.obj
 0001:0002e53d       __c_exit                   0042f53d f   LIBCMT:crt0dat.obj
 0001:0002e54c       __amsg_exit                0042f54c f   LIBCMT:crt0dat.obj
 0001:0002e56a       __fread_nolock_s           0042f56a f   LIBCMT:fread.obj
 0001:0002e726       _fread_s                   0042f726 f   LIBCMT:fread.obj
 0001:0002e7b4       _fread                     0042f7b4 f   LIBCMT:fread.obj
 0001:0002e7d1       __ftell_nolock             0042f7d1 f   LIBCMT:ftell.obj
 0001:0002e965       _ftell                     0042f965 f   LIBCMT:ftell.obj
 0001:0002e9ca       __fseek_nolock             0042f9ca f   LIBCMT:fseek.obj
 0001:0002ea54       _fseek                     0042fa54 f   LIBCMT:fseek.obj
 0001:0002ead0       __validdrive               0042fad0 f   LIBCMT:getcwd.obj
 0001:0002eb2a       __getdcwd_nolock           0042fb2a f   LIBCMT:getcwd.obj
 0001:0002ec4e       __getcwd                   0042fc4e f   LIBCMT:getcwd.obj
 0001:0002eca0       __alloca_probe_16          0042fca0 f   LIBCMT:alloca16.obj
 0001:0002ecb6       __alloca_probe_8           0042fcb6     LIBCMT:alloca16.obj
 0001:0002ee56       _mainCRTStartup            0042fe56 f   LIBCMT:crt0.obj
 0001:0002ef8e       __control87                0042ff8e f i LIBCMT:_ieee87_.obj
 0001:0002f2a0       __controlfp                004302a0 f   LIBCMT:_ieee87_.obj
 0001:0002f5b5       ?__ArrayUnwind@@YGXPAXIHP6EX0@Z@Z 004305b5 f   LIBCMT:ehvecdtr.obj
 0001:0002f613       ??_M@YGXPAXIHP6EX0@Z@Z     00430613 f   LIBCMT:ehvecdtr.obj
 0001:0002f676       ??_L@YGXPAXIHP6EX0@Z1@Z    00430676 f   LIBCMT:ehvecctr.obj
 0001:0002f6db       ?_JumpToContinuation@@YGXPAXPAUEHRegistrationNode@@@Z 004306db f   LIBCMT:_trnsctrl_.obj
 0001:0002f70d       ?_CallMemberFunction1@@YGXPAX00@Z 0043070d f   LIBCMT:_trnsctrl_.obj
 0001:0002f70d       ?_CallMemberFunction0@@YGXPAX0@Z 0043070d f   LIBCMT:_trnsctrl_.obj
 0001:0002f70d       ?_CallMemberFunction2@@YGXPAX00H@Z 0043070d f   LIBCMT:_trnsctrl_.obj
 0001:0002f714       ?_UnwindNestedFrames@@YGXPAUEHRegistrationNode@@PAUEHExceptionRecord@@@Z 00430714 f   LIBCMT:_trnsctrl_.obj
 0001:0002f768       ___CxxFrameHandler3        00430768 f   LIBCMT:_trnsctrl_.obj
 0001:0002f7d1       ?_CallSETranslator@@YAHPAUEHExceptionRecord@@PAUEHRegistrationNode@@PAX2PBU_s_FuncInfo@@H1@Z 004307d1 f   LIBCMT:_trnsctrl_.obj
 0001:0002f947       ?_GetRangeOfTrysToCheck@@YAPBU_s_TryBlockMapEntry@@PBU_s_FuncInfo@@HHPAI1@Z 00430947 f   LIBCMT:_trnsctrl_.obj
 0001:0002f9ba       __CreateFrameInfo          004309ba f   LIBCMT:_trnsctrl_.obj
 0001:0002f9e6       __IsExceptionObjectToBeDestroyed 004309e6 f   LIBCMT:_trnsctrl_.obj
 0001:0002fa0d       __FindAndUnlinkFrame       00430a0d f   LIBCMT:_trnsctrl_.obj
 0001:0002fa5f       ?_CallCatchBlock2@@YAPAXPAUEHRegistrationNode@@PBU_s_FuncInfo@@PAXHK@Z 00430a5f f   LIBCMT:_trnsctrl_.obj
 0001:0002fabf       @__security_check_cookie@4 00430abf f   LIBCMT:secchk.obj
 0001:0002fad0       _floor                     00430ad0 f   LIBCMT:_floor_pentium4_.obj
 0001:0002fb10       __floor_pentium4           00430b10 f   LIBCMT:_floor_pentium4_.obj
 0001:0002fc00       __ftol                     00430c00 f   LIBCMT:_ftol_.obj
 0001:0002fc30       _pow                       00430c30 f   LIBCMT:_pow_.obj
 0001:0002fc70       __CIpow                    00430c70 f   LIBCMT:_pow_.obj
 0001:0002fcab       __CIpow_default            00430cab f   LIBCMT:_pow_.obj
 0001:0002fcc4       __pow_default              00430cc4     LIBCMT:_pow_.obj
 0001:0002fec0       __chkstk                   00430ec0 f   LIBCMT:chkstk.obj
 0001:0002fec0       __alloca_probe             00430ec0     LIBCMT:chkstk.obj
 0001:0002fef0       __ftol2_sse                00430ef0 f   LIBCMT:ftol2.obj
 0001:0002fef9       __ftol2_pentium4           00430ef9 f   LIBCMT:ftol2.obj
 0001:0002ff0c       __ftol2_sse_excpt          00430f0c f   LIBCMT:ftol2.obj
 0001:0002ff26       __ftol2                    00430f26 f   LIBCMT:ftol2.obj
 0001:0002ffa0       _ceil                      00430fa0 f   LIBCMT:_ceil_pentium4_.obj
 0001:0002ffe0       __ceil_pentium4            00430fe0 f   LIBCMT:_ceil_pentium4_.obj
 0001:000300bd       __purecall                 004310bd f   LIBCMT:purevirt.obj
 0001:000300f0       __CIsqrt                   004310f0 f   LIBCMT:_sqrt_.obj
 0001:00030104       _sqrt                      00431104     LIBCMT:_sqrt_.obj
 0001:000301aa       ??0_LocaleUpdate@@QAE@PAUlocaleinfo_struct@@@Z 004311aa f i LIBCMT:mbscmp.obj
 0001:00030231       __mbscmp_l                 00431231 f   LIBCMT:mbscmp.obj
 0001:00030330       __mbscmp                   00431330 f   LIBCMT:mbscmp.obj
 0001:000303e0       _qsort                     004313e0 f   LIBCMT:qsort.obj
 0001:00030670       _acos                      00431670 f   LIBCMT:_acos_.obj
 0001:000306b0       __CIacos                   004316b0 f   LIBCMT:_acos_.obj
 0001:000306eb       __CIacos_default           004316eb f   LIBCMT:_acos_.obj
 0001:000306ff       __acos_default             004316ff     LIBCMT:_acos_.obj
 0001:000307c0       _asin                      004317c0 f   LIBCMT:_asin_.obj
 0001:00030800       __CIasin                   00431800 f   LIBCMT:_asin_.obj
 0001:0003083b       __CIasin_default           0043183b f   LIBCMT:_asin_.obj
 0001:0003084f       __asin_default             0043184f     LIBCMT:_asin_.obj
 0001:00030910       _fmod                      00431910 f   LIBCMT:_87fmod_.obj
 0001:0003091a       __CIfmod                   0043191a f   LIBCMT:_87fmod_.obj
 0001:00030950       _strchr                    00431950 f   LIBCMT:strchr.obj
 0001:00030956       ___from_strstr_to_strchr   00431956     LIBCMT:strchr.obj
 0001:00030a10       _memmove                   00431a10 f   LIBCMT:memmove.obj
 0001:00030d71       __tolower_l                00431d71 f   LIBCMT:tolower.obj
 0001:00030e86       _tolower                   00431e86 f   LIBCMT:tolower.obj
 0001:00030ec0       _strncat                   00431ec0 f   LIBCMT:strncat.obj
 0001:00031000       _strncpy                   00432000 f   LIBCMT:strncpy.obj
 0001:00031130       __allmul                   00432130 f   LIBCMT:llmul.obj
 0001:00031170       __allrem                   00432170 f   LIBCMT:llrem.obj
 0001:00031230       __alldiv                   00432230 f   LIBCMT:lldiv.obj
 0001:000312da       ??1type_info@@UAE@XZ       004322da f   LIBCMT:typinfo.obj
 0001:000312ea       ??_Gtype_info@@UAEPAXI@Z   004322ea f i LIBCMT:typinfo.obj
 0001:000312ea       ??_Etype_info@@UAEPAXI@Z   004322ea f i LIBCMT:typinfo.obj
 0001:0003130b       ??8type_info@@QBE_NABV0@@Z 0043230b f   LIBCMT:typinfo.obj
 0001:0003132b       __isdigit_l                0043232b f i LIBCMT:_ctype.obj
 0001:0003137c       _isdigit                   0043237c f i LIBCMT:_ctype.obj
 0001:00031460       ___onexitinit              00432460 f   LIBCMT:onexit.obj
 0001:00031491       __onexit                   00432491 f   LIBCMT:onexit.obj
 0001:000314cd       _atexit                    004324cd f   LIBCMT:onexit.obj
 0001:000314f0       __allshr                   004324f0 f   LIBCMT:llshr.obj
 0001:00031511       __VEC_memzero              00432511 f   LIBCMT:p4_memset.obj
 0001:000315cb       ___sse2_available_init     004325cb f   LIBCMT:cpu_disp.obj
 0001:000315db       __flsbuf                   004325db f   LIBCMT:_flsbuf.obj
 0001:000317bf       __output_l                 004327bf f   LIBCMT:output.obj
 0001:0003236b       __initp_misc_invarg        0043336b f   LIBCMT:invarg.obj
 0001:0003237a       __call_reportfault         0043337a f   LIBCMT:invarg.obj
 0001:000324a3       __invoke_watson            004334a3 f   LIBCMT:invarg.obj
 0001:000324c8       __invalid_parameter        004334c8 f   LIBCMT:invarg.obj
 0001:000324f5       __invalid_parameter_noinfo 004334f5 f   LIBCMT:invarg.obj
 0001:00032505       __get_errno_from_oserr     00433505 f   LIBCMT:dosmap.obj
 0001:00032547       __errno                    00433547 f   LIBCMT:dosmap.obj
 0001:0003255a       ___doserrno                0043355a f   LIBCMT:dosmap.obj
 0001:0003256d       __dosmaperr                0043356d f   LIBCMT:dosmap.obj
 0001:00032590       __VEC_memcpy               00433590 f   LIBCMT:p4_memcpy.obj
 0001:00032693       __forcdecpt_l              00433693 f   LIBCMT:cvt.obj
 0001:00032707       __cropzeros_l              00433707 f   LIBCMT:cvt.obj
 0001:00032789       __positive                 00433789 f   LIBCMT:cvt.obj
 0001:000327a5       __fassign_l                004337a5 f   LIBCMT:cvt.obj
 0001:000327e7       __fassign                  004337e7 f   LIBCMT:cvt.obj
 0001:00032820       __forcdecpt                00433820 f   LIBCMT:cvt.obj
 0001:00032833       __cropzeros                00433833 f   LIBCMT:cvt.obj
 0001:000329a7       __cftoe_l                  004339a7 f   LIBCMT:cvt.obj
 0001:00032a6e       __cftoe                    00433a6e f   LIBCMT:cvt.obj
 0001:00032a8e       __cftoa_l                  00433a8e f   LIBCMT:cvt.obj
 0001:00032f07       __cftof_l                  00433f07 f   LIBCMT:cvt.obj
 0001:00032fc8       __cftog_l                  00433fc8 f   LIBCMT:cvt.obj
 0001:000330b5       __cfltcvt_l                004340b5 f   LIBCMT:cvt.obj
 0001:0003313d       __cfltcvt                  0043413d f   LIBCMT:cvt.obj
 0001:00033160       __initp_misc_cfltcvt_tab   00434160 f   LIBCMT:cmiscdat.obj
 0001:00033183       __setdefaultprecision      00434183 f   LIBCMT:fp8.obj
 0001:000331ab       __close_nolock             004341ab f   LIBCMT:close.obj
 0001:00033247       __close                    00434247 f   LIBCMT:close.obj
 0001:0003330b       __fileno                   0043430b f   LIBCMT:fileno.obj
 0001:00033331       __freebuf                  00434331 f   LIBCMT:_freebuf.obj
[...]
 0001:00002c70       ?RGBA8888ToBGR888_BLUESCREEN@ImageLoader@@YAXPBEPAEH@Z 00403c70 f   bitmap:colorconversion.obj
 0001:00002cc0       ?RGBA8888ToARGB8888@ImageLoader@@YAXPBEPAEH@Z 00403cc0 f   bitmap:colorconversion.obj
 0001:00002d00       ?RGBA8888ToBGRA8888@ImageLoader@@YAXPBEPAEH@Z 00403d00 f   bitmap:colorconversion.obj
 0001:00002d00       ?BGRA8888ToRGBA8888@ImageLoader@@YAXPBEPAEH@Z 00403d00 f   bitmap:colorconversion.obj
 0001:00002d40       ?RGBA8888ToBGRX8888@ImageLoader@@YAXPBEPAEH@Z 00403d40 f   bitmap:colorconversion.obj
 0001:00002d80       ?RGBA8888ToBGR565@ImageLoader@@YAXPBEPAEH@Z 00403d80 f   bitmap:colorconversion.obj
 0001:00002df0       ?RGBA8888ToBGRX5551@ImageLoader@@YAXPBEPAEH@Z 00403df0 f   bitmap:colorconversion.obj
 0001:00002e50       ?RGBA8888ToBGRA5551@ImageLoader@@YAXPBEPAEH@Z 00403e50 f   bitmap:colorconversion.obj
 0001:00002ec0       ?RGBA8888ToBGRA4444@ImageLoader@@YAXPBEPAEH@Z 00403ec0 f   bitmap:colorconversion.obj
 0001:00002f30       ?RGBA8888ToUV88@ImageLoader@@YAXPBEPAEH@Z 00403f30 f   bitmap:colorconversion.obj
 0001:00002f60       ?RGB888ToRGBA8888@ImageLoader@@YAXPBEPAEH@Z 00403f60 f   bitmap:colorconversion.obj
 0001:00002fb0       ?BGR888ToRGBA8888@ImageLoader@@YAXPBEPAEH@Z 00403fb0 f   bitmap:colorconversion.obj
 0001:00003000       ?I8ToRGBA8888@ImageLoader@@YAXPBEPAEH@Z 00404000 f   bitmap:colorconversion.obj
 0001:00003040       ?IA88ToRGBA8888@ImageLoader@@YAXPBEPAEH@Z 00404040 f   bitmap:colorconversion.obj
 0001:00003080       ?A8ToRGBA8888@ImageLoader@@YAXPBEPAEH@Z 00404080 f   bitmap:colorconversion.obj
 0001:000030c0       ?RGB888_BLUESCREENToRGBA8888@ImageLoader@@YAXPBEPAEH@Z 004040c0 f   bitmap:colorconversion.obj
 0001:00003120       ?BGR888_BLUESCREENToRGBA8888@ImageLoader@@YAXPBEPAEH@Z 00404120 f   bitmap:colorconversion.obj
 0001:00003180       ?ARGB8888ToRGBA8888@ImageLoader@@YAXPBEPAEH@Z 00404180 f   bitmap:colorconversion.obj
 0001:000031c0       ?BGRX8888ToRGBA8888@ImageLoader@@YAXPBEPAEH@Z 004041c0 f   bitmap:colorconversion.obj
 0001:00003210       ?BGR565ToRGBA8888@ImageLoader@@YAXPBEPAEH@Z 00404210 f   bitmap:colorconversion.obj
 0001:00003290       ?BGRX5551ToRGBA8888@ImageLoader@@YAXPBEPAEH@Z 00404290 f   bitmap:colorconversion.obj
 0001:00003300       ?BGRA5551ToRGBA8888@ImageLoader@@YAXPBEPAEH@Z 00404300 f   bitmap:colorconversion.obj
 0001:00003390       ?BGRA4444ToRGBA8888@ImageLoader@@YAXPBEPAEH@Z 00404390 f   bitmap:colorconversion.obj
 0001:00003420       ?UV88ToRGBA8888@ImageLoader@@YAXPBEPAEH@Z 00404420 f   bitmap:colorconversion.obj
 0001:00003460       ?RGBA8888ToUVLX8888@ImageLoader@@YAXPBEPAEH@Z 00404460 f   bitmap:colorconversion.obj
 0001:00003460       ?RGBA8888ToRGBA8888@ImageLoader@@YAXPBEPAEH@Z 00404460 f   bitmap:colorconversion.obj
 0001:00003460       ?RGBA8888ToUVWQ8888@ImageLoader@@YAXPBEPAEH@Z 00404460 f   bitmap:colorconversion.obj
 0001:00003460       ?UVWQ8888ToRGBA8888@ImageLoader@@YAXPBEPAEH@Z 00404460 f   bitmap:colorconversion.obj
 0001:00003460       ?UVLX8888ToRGBA8888@ImageLoader@@YAXPBEPAEH@Z 00404460 f   bitmap:colorconversion.obj
 0001:00003480       ?RGBA16161616ToRGBA8888@ImageLoader@@YAXPBEPAEH@Z 00404480 f   bitmap:colorconversion.obj
 0001:00003550       ??$DecodeColorBlock@URGBA8888_t@@@ImageLoader@@YAXPAURGBA8888_t@@PAUDXTColBlock@0@HPAUBGRA8888_t@@222@Z 00404550 f   bitmap:colorconversion.obj
 0001:00003690       ??$DecodeColorBlock@UBGRA8888_t@@@ImageLoader@@YAXPAUBGRA8888_t@@PAUDXTColBlock@0@H0000@Z 00404690 f   bitmap:colorconversion.obj
 0001:00003760       ??$DecodeColorBlock@URGB888_t@@@ImageLoader@@YAXPAURGB888_t@@PAUDXTColBlock@0@HPAUBGRA8888_t@@222@Z 00404760 f   bitmap:colorconversion.obj
 0001:00003870       ??$DecodeColorBlock@UBGR888_t@@@ImageLoader@@YAXPAUBGR888_t@@PAUDXTColBlock@0@HPAUBGRA8888_t@@222@Z 00404870 f   bitmap:colorconversion.obj
 0001:00003970       ??$DecodeColorBlock@UBGR565_t@@@ImageLoader@@YAXPAUBGR565_t@@PAUDXTColBlock@0@HPAUBGRA8888_t@@222@Z 00404970 f   bitmap:colorconversion.obj
 0001:00003b60       ??$DecodeColorBlock@UBGRA5551_t@@@ImageLoader@@YAXPAUBGRA5551_t@@PAUDXTColBlock@0@HPAUBGRA8888_t@@222@Z 00404b60 f   bitmap:colorconversion.obj
 0001:00003c30       ??$DecodeColorBlock@UBGRA4444_t@@@ImageLoader@@YAXPAUBGRA4444_t@@PAUDXTColBlock@0@HPAUBGRA8888_t@@222@Z 00404c30 f   bitmap:colorconversion.obj
 0001:00003d00       ??$DecodeAlpha3BitLinear@UBGRA8888_t@@@ImageLoader@@YAXPAUBGRA8888_t@@PAUDXTAlphaBlock3BitLinear@0@HH@Z 00404d00 f   bitmap:colorconversion.obj
 0001:00004010       ??$DecodeAlpha3BitLinear@URGBA8888_t@@@ImageLoader@@YAXPAURGBA8888_t@@PAUDXTAlphaBlock3BitLinear@0@HH@Z 00405010 f   bitmap:colorconversion.obj
 0001:00004320       ??$DecodeAlpha3BitLinear@UBGRA5551_t@@@ImageLoader@@YAXPAUBGRA5551_t@@PAUDXTAlphaBlock3BitLinear@0@HH@Z 00405320 f   bitmap:colorconversion.obj
 0001:00004650       ??$DecodeAlpha3BitLinear@UBGRA4444_t@@@ImageLoader@@YAXPAUBGRA4444_t@@PAUDXTAlphaBlock3BitLinear@0@HH@Z 00405650 f   bitmap:colorconversion.obj
 0001:00004990       ?GetUserFormatToRGBA8888Func_t@ImageLoader@@YAP6AXPBEPAEH@ZW4ImageFormat@@@Z 00405990 f   bitmap:colorconversion.obj
 0001:00004a90       ?GetRGBA8888ToUserFormatFunc_t@ImageLoader@@YAP6AXPBEPAEH@ZW4ImageFormat@@@Z 00405a90 f   bitmap:colorconversion.obj
 0001:00004e60       ??$ConvertFromDXT1@URGBA8888_t@@@ImageLoader@@YAXPBEPAURGBA8888_t@@HH@Z 00405e60 f   bitmap:colorconversion.obj
 0001:00004fb0       ??$ConvertFromDXT1@UBGRA8888_t@@@ImageLoader@@YAXPBEPAUBGRA8888_t@@HH@Z 00405fb0 f   bitmap:colorconversion.obj
 0001:00005110       ??$ConvertFromDXT1@URGB888_t@@@ImageLoader@@YAXPBEPAURGB888_t@@HH@Z 00406110 f   bitmap:colorconversion.obj
 0001:00005270       ??$ConvertFromDXT1@UBGR888_t@@@ImageLoader@@YAXPBEPAUBGR888_t@@HH@Z 00406270 f   bitmap:colorconversion.obj
 0001:000053d0       ??$ConvertFromDXT1@UBGR565_t@@@ImageLoader@@YAXPBEPAUBGR565_t@@HH@Z 004063d0 f   bitmap:colorconversion.obj
 0001:00005510       ??$ConvertFromDXT1@UBGRA5551_t@@@ImageLoader@@YAXPBEPAUBGRA5551_t@@HH@Z 00406510 f   bitmap:colorconversion.obj
 0001:00005660       ??$ConvertFromDXT1@UBGRA4444_t@@@ImageLoader@@YAXPBEPAUBGRA4444_t@@HH@Z 00406660 f   bitmap:colorconversion.obj
 0001:000057b0       ??$ConvertFromATIxN@UBGRA8888_t@@@ImageLoader@@YAXPBEPAUBGRA8888_t@@HH_N@Z 004067b0 f   bitmap:colorconversion.obj
 0001:000058e0       ??$ConvertFromDXT5@URGBA8888_t@@@ImageLoader@@YAXPBEPAURGBA8888_t@@HH@Z 004068e0 f   bitmap:colorconversion.obj
 0001:00005a50       ??$ConvertFromDXT5@UBGRA8888_t@@@ImageLoader@@YAXPBEPAUBGRA8888_t@@HH@Z 00406a50 f   bitmap:colorconversion.obj
 0001:00005bc0       ??$ConvertFromDXT5IgnoreAlpha@URGB888_t@@@ImageLoader@@YAXPBEPAURGB888_t@@HH@Z 00406bc0 f   bitmap:colorconversion.obj
 0001:00005d20       ??$ConvertFromDXT5IgnoreAlpha@UBGR888_t@@@ImageLoader@@YAXPBEPAUBGR888_t@@HH@Z 00406d20 f   bitmap:colorconversion.obj
 0001:00005e80       ??$ConvertFromDXT5IgnoreAlpha@UBGR565_t@@@ImageLoader@@YAXPBEPAUBGR565_t@@HH@Z 00406e80 f   bitmap:colorconversion.obj
 0001:00005fd0       ??$ConvertFromDXT5@UBGRA5551_t@@@ImageLoader@@YAXPBEPAUBGRA5551_t@@HH@Z 00406fd0 f   bitmap:colorconversion.obj
 0001:00006130       ??$ConvertFromDXT5@UBGRA4444_t@@@ImageLoader@@YAXPBEPAUBGRA4444_t@@HH@Z 00407130 f   bitmap:colorconversion.obj
 0001:0000fcf0       ?getAxis@@YAXHPAY02NQAN@Z  00410cf0 f   bitmap:S3_quant.obj
 0001:000100f0       ?getDiameter@@YAXHPAY02NQAN@Z 004110f0 f   bitmap:S3_quant.obj
 0001:00010200       ?sortProjection@@YAXHPAY02NQANQAHH@Z 00411200 f   bitmap:S3_quant.obj
 0001:00010350       ?sameOrder@@YAHHQAH0@Z     00411350 f   bitmap:S3_quant.obj
 0001:000103c0       ?search43Mult@@YANPAHHPAY02NPANQAHQAY02NQAN@Z 004113c0 f   bitmap:S3_quant.obj
 0001:00010a70       ?searchClipped43Mult@@YANPAHHPAY02NPANQAHQAY02N4QAN@Z 00411a70 f   bitmap:S3_quant.obj
 0001:00011480       ?allSame@@YANPAHHPAY02NQANQAY02HQAH@Z 00412480 f   bitmap:S3_quant.obj
 0001:000119d0       ?mapAndRoundMult@@YANPAHHHPAY02NPANQANQAY02NQAY02HQAH@Z 004129d0 f   bitmap:S3_quant.obj
 0001:00011bb0       ?roundMult@@YANHHPAY02NPANQANQAY02NQAY02HQAH@Z 00412bb0 f   bitmap:S3_quant.obj
 0001:000126f0       ?quantizeAlpha@@YANHHQANQAH1@Z 004136f0 f   bitmap:S3_quant.obj
 0001:00018dc0       ?ConstructFloatGammaTable@ImageLoader@@YAXPAMMM@Z 00419dc0 f   bitmap:resample.obj
 0001:00019040       ?GenerateNiceFilter@ImageLoader@@YAXMMMHPAM0@Z 0041a040 f   bitmap:resample.obj
 0001:0001e660       ?QSortIntCmp@@YAHPBX0@Z    0041f660 f   bitmap:ATiXCodec.obj
 0001:0001e670       ?QSortFloatCmp@@YAHPBX0@Z  0041f670 f   bitmap:ATiXCodec.obj
 0001:0001e6e0       ?ClstrErr@@YAMQAY03MQAMQAY0BA@MHH_NPAM@Z 0041f6e0 f   bitmap:ATiXCodec.obj
 0001:0001eb10       ?ClstrIntnl@@YAMQAY03MPAEQAY0BA@MHE_NPAM3@Z 0041fb10 f   bitmap:ATiXCodec.obj
 0001:0001ec90       ?RampSrchWSS2E@@YAMQAM00MMMHE@Z 0041fc90 f   bitmap:ATiXCodec.obj
 0001:0001ed80       ?BldRmp1@@YAXQAM0H@Z       0041fd80 f   bitmap:ATiXCodec.obj
 0001:0001eed0       ?GetRmp1@@YAXQAM0H_NHH1@Z  0041fed0 f   bitmap:ATiXCodec.obj
 0001:0001efe0       ?Clstr1@@YAMPAEQAM1HH_NHH2@Z 0041ffe0 f   bitmap:ATiXCodec.obj
 0001:0001f150       ?RmpSrch1SSE2@@YAMQAM0MMMHE@Z 00420150 f   bitmap:ATiXCodec.obj
 0001:0001f240       ?RmpSrch1@@YAMQAM0MMMHE@Z  00420240 f   bitmap:ATiXCodec.obj
 0001:0001f3a0       ?Refine1@@YAMQAM0MAAM1MMMHE_N@Z 004203a0 f   bitmap:ATiXCodec.obj
 0001:0001f560       ?QSortFCmp@@YAHPBX0@Z      00420560 f   bitmap:ATiXCodec.obj
 0001:0001f5a0       ?CompBlock1@@YAMQAM0HE_NHH11@Z 004205a0 f   bitmap:ATiXCodec.obj
 0001:00020270       ?MkRmpOnGrid@@YAXQAY01M0MMEEE@Z 00421270 f   bitmap:ATiXCodec.obj
 0001:00020440       ?ClstrBas@@YAMPAEQAY03MQAY01MHEPAM_NEEE@Z 00421440 f   bitmap:ATiXCodec.obj
 0001:00020ae0       ?RampSrchW@@YAMQAM00MMMHH@Z 00421ae0 f   bitmap:ATiXCodec.obj
 0001:00020c50       ?FindAxis@@YAXQAY03MQAM1PA_N01HH@Z 00421c50 f   bitmap:ATiXCodec.obj
 0001:00021340       ?Refine@@YAMQAY01M0QAY03MQAMHEPAMEEEE@Z 00422340 f   bitmap:ATiXCodec.obj
 0001:000225b0       ?Refine3D@@YAMQAY01M0QAY03MQAMHEPAMEEEE@Z 004235b0 f   bitmap:ATiXCodec.obj
 0001:00023000       ?RefineSSE2@@YAMQAY01M0QAY03MQAMHEPAMEEEE@Z 00424000 f   bitmap:ATiXCodec.obj
 0001:00024390       ?Refine3DSSE2@@YAMQAY01M0QAY03MQAMHEPAMEEEE@Z 00425390 f   bitmap:ATiXCodec.obj
 0001:000257a0       ?CompressRGBBlockX@@YAXQAY01MQAY03MQAMHE_NEPAMEEE@Z 004267a0 f   bitmap:ATiXCodec.obj
 0001:000284e0       ?ReadHeaderFromBufferPastBaseHeader@@YA_NAAVCUtlBuffer@@AAUVTFFileHeader_t@@@Z 004294e0 f   vtf:vtf.obj
 0001:00028d30       ?CalcInit@@YAXPAUSphereCalc_t@@HPAPAEW4LookDir_t@@@Z 00429d30 f   vtf:vtf.obj
 0001:00028df0       ?TransformNormal@@YAXPAUSphereCalc_t@@AAVVector@@@Z 00429df0 f   vtf:vtf.obj
 0001:00028ea0       ?CalcFaceIndex@@YAHABVVector@@@Z 00429ea0 f   vtf:vtf.obj
 0001:00028f40       ?CalcColor@@YAXPAUSphereCalc_t@@HABVVector@@PAE@Z 00429f40 f   vtf:vtf.obj
 0001:00029030       ?CalcSphereColor@@YAXPAUSphereCalc_t@@MM@Z 0042a030 f   vtf:vtf.obj
 0001:00029120       ?CalcHemisphereColor@@YAXPAUSphereCalc_t@@MM@Z 0042a120 f   vtf:vtf.obj
 0001:000293e0       ?FixCubeMapFacing@@YAXPAEHHW4ImageFormat@@@Z 0042a3e0 f   vtf:vtf.obj
 0001:0002ded7       _flsall                    0042eed7 f   LIBCMT:fflush.obj
 0001:0002e3c2       _doexit                    0042f3c2 f   LIBCMT:crt0dat.obj
 0001:0002eccc       _fast_error_exit           0042fccc f   LIBCMT:crt0.obj
 0001:0002ecf5       ___tmainCRTStartup         0042fcf5 f   LIBCMT:crt0.obj
 0001:0002ee60       __hw_cw                    0042fe60 f   LIBCMT:_ieee87_.obj
 0001:0002eeee       ___hw_cw_sse2              0042feee f   LIBCMT:_ieee87_.obj
 0001:0002f79e       ?CatchGuardHandler@@YA?AW4_EXCEPTION_DISPOSITION@@PAUEHExceptionRecord@@PAUCatchGuardRN@@PAX2@Z 0043079e f   LIBCMT:_trnsctrl_.obj
 0001:0002f8a8       ?TranslatorGuardHandler@@YA?AW4_EXCEPTION_DISPOSITION@@PAUEHExceptionRecord@@PAUTranslatorGuardRN@@PAX2@Z 004308a8 f   LIBCMT:_trnsctrl_.obj
 0001:00030350       _shortsort                 00431350 f   LIBCMT:qsort.obj
 0001:000313aa       __onexit_nolock            004323aa f   LIBCMT:onexit.obj
 0001:0003173f       _write_char                0043273f f   LIBCMT:output.obj
 0001:00031772       _write_string              00432772 f   LIBCMT:output.obj
 0001:00032801       __shift                    00433801 f   LIBCMT:cvt.obj
 0001:00032846       __cftoe2_l                 00433846 f   LIBCMT:cvt.obj
 0001:00032e04       __cftof2_l                 00433e04 f   LIBCMT:cvt.obj
 0001:000344a0       __unwind_handler4          004354a0 f   LIBCMT:exsup4.obj
 0001:00034937       _siglookup                 00435937 f   LIBCMT:winsig.obj
 0001:0003603d       _parse_cmdline             0043703d f   LIBCMT:stdargv.obj
 0001:000366f5       ?ExFilterRethrow@@YAHPAU_EXCEPTION_POINTERS@@@Z 004376f5 f   LIBCMT:frame.obj
 0001:000367b8       ?IsInExceptionSpec@@YAEPAUEHExceptionRecord@@PBU_s_ESTypeList@@@Z 004377b8 f   LIBCMT:frame.obj
 0001:0003682e       ?CallUnexpected@@YAXPBU_s_ESTypeList@@@Z 0043782e f   LIBCMT:frame.obj
 0001:0003685f       __catch$?CallUnexpected@@YAXPBU_s_ESTypeList@@@Z$0 0043785f f   LIBCMT:frame.obj
 0001:00036877       ?CallCatchBlock@@YAPAXPAUEHExceptionRecord@@PAUEHRegistrationNode@@PAU_CONTEXT@@PBU_s_FuncInfo@@PAXHK@Z 00437877 f   LIBCMT:frame.obj
 0001:00036c24       ?CatchIt@@YAXPAUEHExceptionRecord@@PAUEHRegistrationNode@@PAU_CONTEXT@@PAXPBU_s_FuncInfo@@PBU_s_HandlerType@@PBU_s_CatchableType@@PBU_s_TryBlockMapEntry@@H1E@Z 00437c24 f   LIBCMT:frame.obj
 0001:00036c92       ?FindHandlerForForeignException@@YAXPAUEHExceptionRecord@@PAUEHRegistrationNode@@PAU_CONTEXT@@PAXPBU_s_FuncInfo@@HH1@Z 00437c92 f   LIBCMT:frame.obj
 0001:00036d99       ?FindHandler@@YAXPAUEHExceptionRecord@@PAUEHRegistrationNode@@PAU_CONTEXT@@PAXPBU_s_FuncInfo@@EH1@Z 00437d99 f   LIBCMT:frame.obj
 0001:00038b0d       ?CPtoLCID@@YAHH@Z          00439b0d f   LIBCMT:mbctype.obj
 0001:00038b3c       ?setSBCS@@YAXPAUthreadmbcinfostruct@@@Z 00439b3c f   LIBCMT:mbctype.obj
 0001:00038ba0       ?setSBUpLow@@YAXPAUthreadmbcinfostruct@@@Z 00439ba0 f   LIBCMT:mbctype.obj
 0001:00038dd4       ?getSystemCP@@YAHH@Z       00439dd4 f   LIBCMT:mbctype.obj
 0001:0003a339       ?__crtLCMapStringA_stat@@YAHPAUlocaleinfo_struct@@KKPBDHPADHHH@Z 0043b339 f   LIBCMT:a_map.obj
 0001:0003b579       __tsopen_nolock            0043c579 f   LIBCMT:open.obj
 0001:0003c140       __unwind_handler           0043d140 f   LIBCMT:exsup.obj
 0001:0003c627       ?x_ismbbtype_l@@YAHPAUlocaleinfo_struct@@IHH@Z 0043d627 f   LIBCMT:ismbbyte.obj
 0001:0003d290       ?__crtGetStringTypeA_stat@@YAHPAUlocaleinfo_struct@@KPBDHPAGHHH@Z 0043e290 f   LIBCMT:a_str.obj
 0001:0003fad0       __unwindfunclet$?ThreadedCompressTexture@@YA?AW4ATI_TC_ERROR@@PBU_ATI_TC_Texture@@PAU2@PBU_ATI_TC_CompressOptions@@P6A_NMKK@ZKKW4_CodecType@@@Z$0 00440ad0 f   bitmap:ATI_Compress.obj
 0001:0003fae6       __ehhandler$?ThreadedCompressTexture@@YA?AW4ATI_TC_ERROR@@PBU_ATI_TC_Texture@@PAU2@PBU_ATI_TC_CompressOptions@@P6A_NMKK@ZKKW4_CodecType@@@Z 00440ae6 f   bitmap:ATI_Compress.obj
 0001:0003fb10       __unwindfunclet$?CreateCodec@@YAPAVCCodec@ATI_Compress@@W4_CodecType@@@Z$0 00440b10 f   bitmap:Codec.obj
 0001:0003fb1b       __unwindfunclet$?CreateCodec@@YAPAVCCodec@ATI_Compress@@W4_CodecType@@@Z$1 00440b1b f   bitmap:Codec.obj
 0001:0003fb26       __unwindfunclet$?CreateCodec@@YAPAVCCodec@ATI_Compress@@W4_CodecType@@@Z$2 00440b26 f   bitmap:Codec.obj
 0001:0003fb31       __unwindfunclet$?CreateCodec@@YAPAVCCodec@ATI_Compress@@W4_CodecType@@@Z$3 00440b31 f   bitmap:Codec.obj
 0001:0003fb3c       __unwindfunclet$?CreateCodec@@YAPAVCCodec@ATI_Compress@@W4_CodecType@@@Z$4 00440b3c f   bitmap:Codec.obj
 0001:0003fb47       __unwindfunclet$?CreateCodec@@YAPAVCCodec@ATI_Compress@@W4_CodecType@@@Z$5 00440b47 f   bitmap:Codec.obj
 0001:0003fb52       __unwindfunclet$?CreateCodec@@YAPAVCCodec@ATI_Compress@@W4_CodecType@@@Z$6 00440b52 f   bitmap:Codec.obj
 0001:0003fb5d       __unwindfunclet$?CreateCodec@@YAPAVCCodec@ATI_Compress@@W4_CodecType@@@Z$7 00440b5d f   bitmap:Codec.obj
 0001:0003fb68       __unwindfunclet$?CreateCodec@@YAPAVCCodec@ATI_Compress@@W4_CodecType@@@Z$8 00440b68 f   bitmap:Codec.obj
 0001:0003fb73       __unwindfunclet$?CreateCodec@@YAPAVCCodec@ATI_Compress@@W4_CodecType@@@Z$9 00440b73 f   bitmap:Codec.obj
 0001:0003fb7e       __unwindfunclet$?CreateCodec@@YAPAVCCodec@ATI_Compress@@W4_CodecType@@@Z$10 00440b7e f   bitmap:Codec.obj
 0001:0003fb89       __unwindfunclet$?CreateCodec@@YAPAVCCodec@ATI_Compress@@W4_CodecType@@@Z$11 00440b89 f   bitmap:Codec.obj
 0001:0003fb94       __unwindfunclet$?CreateCodec@@YAPAVCCodec@ATI_Compress@@W4_CodecType@@@Z$12 00440b94 f   bitmap:Codec.obj
 0001:0003fb9f       __ehhandler$?CreateCodec@@YAPAVCCodec@ATI_Compress@@W4_CodecType@@@Z 00440b9f f   bitmap:Codec.obj
 0001:0003fbc0       __unwindfunclet$?CreateCodecBuffer@@YAPAVCCodecBuffer@@W4_CodecBufferType@@KKKPAE@Z$0 00440bc0 f   bitmap:CodecBuffer.obj
 0001:0003fbcb       __unwindfunclet$?CreateCodecBuffer@@YAPAVCCodecBuffer@@W4_CodecBufferType@@KKKPAE@Z$1 00440bcb f   bitmap:CodecBuffer.obj
 0001:0003fbd6       __unwindfunclet$?CreateCodecBuffer@@YAPAVCCodecBuffer@@W4_CodecBufferType@@KKKPAE@Z$2 00440bd6 f   bitmap:CodecBuffer.obj
 0001:0003fbe1       __unwindfunclet$?CreateCodecBuffer@@YAPAVCCodecBuffer@@W4_CodecBufferType@@KKKPAE@Z$3 00440be1 f   bitmap:CodecBuffer.obj
 0001:0003fbec       __unwindfunclet$?CreateCodecBuffer@@YAPAVCCodecBuffer@@W4_CodecBufferType@@KKKPAE@Z$4 00440bec f   bitmap:CodecBuffer.obj
 0001:0003fbf7       __unwindfunclet$?CreateCodecBuffer@@YAPAVCCodecBuffer@@W4_CodecBufferType@@KKKPAE@Z$5 00440bf7 f   bitmap:CodecBuffer.obj
 0001:0003fc02       __ehhandler$?CreateCodecBuffer@@YAPAVCCodecBuffer@@W4_CodecBufferType@@KKKPAE@Z 00440c02 f   bitmap:CodecBuffer.obj
 0001:0003fc20       __unwindfunclet$??0CCodec_DXTC@@QAE@W4_CodecType@@@Z$0 00440c20 f   bitmap:Codec_DXTC.obj
 0001:0003fc28       __ehhandler$??0CCodec_DXTC@@QAE@W4_CodecType@@@Z 00440c28 f   bitmap:Codec_DXTC.obj
 0001:0003fc43       __ehhandler$?CallUnexpected@@YAXPBU_s_ESTypeList@@@Z 00440c43 f   LIBCMT:frame.obj
 0001:0003fc60       ??__Ef_dwProcessorCount@@YAXXZ 00440c60 f   bitmap:ATI_Compress.obj
 0001:0003fc80       ??__Es_StringCharConversion@@YAXXZ 00440c80 f   tier1:utlbuffer.obj
 0001:0003fce0       ??__Es_NoEscConversion@@YAXXZ 00440ce0 f   tier1:utlbuffer.obj
 0001:0003fd10       ??__Eg_DataMapHolder@VTFFileBaseHeader_t_DataDescInit@@YAXXZ 00440d10 f   vtf:vtf.obj
 0001:0003fd20       ??__Eg_DataMapHolder@VTFFileHeaderV7_1_t_DataDescInit@@YAXXZ 00440d20 f   vtf:vtf.obj
 0001:0003fd30       ??__Eg_DataMapHolder@VTFFileHeaderV7_2_t_DataDescInit@@YAXXZ 00440d30 f   vtf:vtf.obj
 0001:0003fd40       ??__Eg_DataMapHolder@VTFFileHeaderV7_3_t_DataDescInit@@YAXXZ 00440d40 f   vtf:vtf.obj
 0001:0003fd50       ??__Eg_DataMapHolder@VTFFileHeader_t_DataDescInit@@YAXXZ 00440d50 f   vtf:vtf.obj
 0001:0003fd60       ??__Eg_DataMapHolder@VTFFileHeaderX360_t_DataDescInit@@YAXXZ 00440d60 f   vtf:vtf.obj
 0001:0003fd70       ??__FnameHolder@?1???$DataMapInit@UVTFFileBaseHeader_t@@@@YAPAUdatamap_t@@PAUVTFFileBaseHeader_t@@@Z@YAXXZ 00440d70 f   vtf:vtf.obj
 0001:0003fd80       ??__FnameHolder@?1???$DataMapInit@UVTFFileHeaderV7_1_t@@@@YAPAUdatamap_t@@PAUVTFFileHeaderV7_1_t@@@Z@YAXXZ 00440d80 f   vtf:vtf.obj
 0001:0003fd90       ??__FnameHolder@?1???$DataMapInit@UVTFFileHeaderV7_2_t@@@@YAPAUdatamap_t@@PAUVTFFileHeaderV7_2_t@@@Z@YAXXZ 00440d90 f   vtf:vtf.obj
 0001:0003fda0       ??__FnameHolder@?1???$DataMapInit@UVTFFileHeaderV7_3_t@@@@YAPAUdatamap_t@@PAUVTFFileHeaderV7_3_t@@@Z@YAXXZ 00440da0 f   vtf:vtf.obj
 0001:0003fdb0       ??__FnameHolder@?1???$DataMapInit@UVTFFileHeader_t@@@@YAPAUdatamap_t@@PAUVTFFileHeader_t@@@Z@YAXXZ 00440db0 f   vtf:vtf.obj
 0001:0003fdc0       ??__FnameHolder@?1???$DataMapInit@UVTFFileHeaderX360_t@@@@YAPAUdatamap_t@@PAUVTFFileHeaderX360_t@@@Z@YAXXZ 00440dc0 f   vtf:vtf.obj
