 motionmapper

 Timestamp is 4e78503f (Tue Sep 20 09:35:11 2011)

 Preferred load address is 00400000

 Start         Length     Name                   Class
 0001:00000000 00026cc7H .text                   CODE
 0001:00026cd0 000000dcH .text$yc                CODE
 0001:00026db0 00000116H .text$yd                CODE
 0002:00000000 000001fcH .idata$5                DATA
 0002:000001fc 00000004H .CRT$XCA                DATA
 0002:00000200 0000001cH .CRT$XCU                DATA
 0002:0000021c 00000004H .CRT$XCZ                DATA
 0002:00000220 00000004H .CRT$XIA                DATA
 0002:00000224 00000014H .CRT$XIC                DATA
 0002:00000238 00000004H .CRT$XIY                DATA
 0002:0000023c 00000004H .CRT$XIZ                DATA
 0002:00000240 00000004H .CRT$XPA                DATA
 0002:00000244 0000000cH .CRT$XPX                DATA
 0002:00000250 00000004H .CRT$XPXA               DATA
 0002:00000254 00000004H .CRT$XPZ                DATA
 0002:00000258 00000004H .CRT$XTA                DATA
 0002:0000025c 00000004H .CRT$XTZ                DATA
 0002:00000260 0000ad40H .rdata                  DATA
 0002:0000afa0 00000056H .rdata$debug            DATA
 0002:0000aff8 000001a8H .rdata$r                DATA
 0002:0000b1a0 0000000cH .rdata$sxdata           DATA
 0002:0000b1ac 00000004H .rtc$IAA                DATA
 0002:0000b1b0 00000004H .rtc$IZZ                DATA
 0002:0000b1b4 00000004H .rtc$TAA                DATA
 0002:0000b1b8 00000004H .rtc$TZZ                DATA
 0002:0000b1c0 00000604H .xdata$x                DATA
 0002:0000b7c4 00000050H .idata$2                DATA
 0002:0000b814 00000014H .idata$3                DATA
 0002:0000b828 000001fcH .idata$4                DATA
 0002:0000ba24 000009e6H .idata$6                DATA
 0002:0000c410 00000053H .edata                  DATA
 0003:00000000 000023b8H .data                   DATA
 0003:000023c0 01397304H .bss                    DATA

  Address         Publics by Value              Rva+Base       Lib:Object

 0000:00000000       __except_list              00000000     <absolute>
 0000:00000003       ___safe_se_handler_count   00000003     <absolute>
 0000:00000000       ___ImageBase               00400000     <linker-defined>
 0001:00000080       ?SetConsoleTextColor@@YAGHHHH@Z 00401080 f   cmdlib.obj
 0001:00000110       ?ExpandArg@@YAPADPAD@Z     00401110 f   cmdlib.obj
 0001:00000190       ?ExpandPath@@YAPADPAD@Z    00401190 f   cmdlib.obj
 0001:000001d0       ?CmdLib_InitFileSystem@@YAXPBDH@Z 004011d0 f   cmdlib.obj
 0001:00000200       ?FileTime@@YAHPAD@Z        00401200 f   cmdlib.obj
 0001:00000230       ?CmdLib_HasBasePath@@YA_NPBDAAH@Z 00401230 f   cmdlib.obj
 0001:000002f0       ?CmdLib_GetNumBasePaths@@YAHXZ 004012f0 f   cmdlib.obj
 0001:00000300       ?CmdLib_GetBasePath@@YAPBDH@Z 00401300 f   cmdlib.obj
 0001:00000320       ?Grow@?$CUtlMemory@DH@@QAEXH@Z 00401320 f i cmdlib.obj
 0001:00000320       ?Grow@?$CUtlMemory@EH@@QAEXH@Z 00401320 f i tier1:utlbuffer.obj
 0001:000003d0       ?RemoveAll@?$CUtlLinkedList@P6AXPBD@ZG$0A@GV?$CUtlMemory@U?$UtlLinkedListElem_t@P6AXPBD@ZG@@G@@@@QAEXXZ 004013d0 f i cmdlib.obj
 0001:000003d0       ?RemoveAll@?$CUtlLinkedList@P6AXXZG$0A@GV?$CUtlMemory@U?$UtlLinkedListElem_t@P6AXXZG@@G@@@@QAEXXZ 004013d0 f i cmdlib.obj
 0001:00000440       ??1?$CUtlVector@DV?$CUtlMemory@DH@@@@QAE@XZ 00401440 f i cmdlib.obj
 0001:00000440       ??1?$CUtlVector@Uvariable_t@@V?$CUtlMemory@Uvariable_t@@H@@@@QAE@XZ 00401440 f i scriplib.obj
 0001:00000440       ??1?$CUtlVector@VCUtlSymbol@@V?$CUtlMemory@VCUtlSymbol@@H@@@@QAE@XZ 00401440 f i motionmapper.obj
 0001:00000440       ??1?$CUtlVector@PAUStringPool_t@CUtlSymbolTable@@V?$CUtlMemory@PAUStringPool_t@CUtlSymbolTable@@H@@@@QAE@XZ 00401440 f i tier1:utlsymbol.obj
 0001:000004b0       ?CmdLib_FPrintf@@YAXPAXPBDZZ 004014b0 f   cmdlib.obj
 0001:00000640       ?CmdLib_SpewOutputFunc@@YA?AW4SpewRetval_t@@W4SpewType_t@@PBD@Z 00401640 f   cmdlib.obj
 0001:00000910       ?InstallSpewFunction@@YAXXZ 00401910 f   cmdlib.obj
 0001:00000950       ?SetValue@CTempEnvVar@@QAAXPBDZZ 00401950 f i filesystem_init.obj
 0001:000009b0       ?Q_getwd@@YAXPADH@Z        004019b0 f   filesystem_init.obj
 0001:000009e0       ??0CFSSearchPathsInit@@QAE@XZ 004019e0 f   filesystem_init.obj
 0001:000009f0       ??0CFSLoadModuleInfo@@QAE@XZ 004019f0 f   filesystem_init.obj
 0001:00000a20       ??0CFSMountContentInfo@@QAE@XZ 00401a20 f   filesystem_init.obj
 0001:00000a30       ?AddLanguageGameDir@@YAXPAVIFileSystem@@PBD1@Z 00401a30 f   filesystem_init.obj
 0001:00000b00       ?GetVProjectCmdLineValue@@YAPBDXZ 00401b00 f   filesystem_init.obj
 0001:00000b40       ?IsLowViolenceBuild@@YA_NXZ 00401b40 f   filesystem_init.obj
 0001:00000da0       ?DoesFileExistIn@@YA_NPBD0@Z 00401da0 f   filesystem_init.obj
 0001:00000e10       ?DoesPathExistAlready@@YA_NPBD0@Z 00401e10 f   filesystem_init.obj
 0001:00000f10       ?FileSystem_AddSearchPath_Platform@@YAXPAVIFileSystem@@PBD@Z 00401f10 f   filesystem_init.obj
 0001:00000fa0       ?FileSystem_GetExecutableDir@@YA_NPADH@Z 00401fa0 f   filesystem_init.obj
 0001:000010b0       ?LaunchVConfig@@YAXXZ      004020b0 f   filesystem_init.obj
 0001:00001120       ?SetupFileSystemError@@YA?AW4FSReturnCode_t@@_NW41@PBDZZ 00402120 f   filesystem_init.obj
 0001:000011b0       ?FileSystem_IsHldsUpdateToolDedicatedServer@@YA_NXZ 004021b0 f   filesystem_init.obj
 0001:00001240       ?SetSteamInstallPath@@YA?AW4FSReturnCode_t@@PADHAAVCSteamEnvVars@@_N@Z 00402240 f   filesystem_init.obj
 0001:000013c0       ?FileSystem_SetBasePaths@@YA?AW4FSReturnCode_t@@PAVIFileSystem@@@Z 004023c0 f   filesystem_init.obj
 0001:00001430       ?FileSystem_GetFileSystemDLLName@@YA?AW4FSReturnCode_t@@PADHAA_N@Z 00402430 f   filesystem_init.obj
 0001:000014f0       ??1CTempEnvVar@@QAE@XZ     004024f0 f i filesystem_init.obj
 0001:00001710       ?LocateGameInfoFile@@YA?AW4FSReturnCode_t@@ABVCFSSteamSetupInfo@@PADH@Z 00402710 f   filesystem_init.obj
 0001:00001900       ??1CSteamEnvVars@@QAE@XZ   00402900 f i filesystem_init.obj
 0001:00001930       ??0CTempEnvVar@@QAE@PBD@Z  00402930 f i filesystem_init.obj
 0001:00001a00       ?ReadKeyValuesFile@@YAPAVKeyValues@@PBD@Z 00402a00 f   filesystem_init.obj
 0001:00001b10       ?LoadGameInfoFile@@YA?AW4FSReturnCode_t@@PBDAAPAVKeyValues@@11@Z 00402b10 f   filesystem_init.obj
 0001:00001c00       ?FileSystem_LoadSearchPaths@@YA?AW4FSReturnCode_t@@AAVCFSSearchPathsInit@@@Z 00402c00 f   filesystem_init.obj
 0001:00001e00       ?SetSteamAppUser@@YAXPAVKeyValues@@PBDAAVCSteamEnvVars@@@Z 00402e00 f   filesystem_init.obj
 0001:00001f20       ?SetupSteamStartupEnvironment@@YA?AW4FSReturnCode_t@@PAVKeyValues@@PBDAAVCSteamEnvVars@@@Z 00402f20 f   filesystem_init.obj
 0001:00002040       ?FileSystem_SetupSteamInstallPath@@YA?AW4FSReturnCode_t@@XZ 00403040 f   filesystem_init.obj
 0001:000020d0       ?FileSystem_SetupSteamEnvironment@@YA?AW4FSReturnCode_t@@AAVCFSSteamSetupInfo@@@Z 004030d0 f   filesystem_init.obj
 0001:00002230       ?FileSystem_LoadFileSystemModule@@YA?AW4FSReturnCode_t@@AAVCFSLoadModuleInfo@@@Z 00403230 f   filesystem_init.obj
 0001:000022f0       ?FileSystem_MountContent@@YA?AW4FSReturnCode_t@@AAVCFSMountContentInfo@@@Z 004032f0 f   filesystem_init.obj
 0001:00002430       ?FileSystem_SetupStandardDirectories@@YAXPBD0@Z 00403430 f   filesystem_tools.obj
 0001:000024b0       ?FileSystem_Init_Normal@@YA_NPBDW4FSInitType_t@@_N@Z 004034b0 f   filesystem_tools.obj
 0001:000026b0       ?FileSystem_Init@@YA_NPBDHW4FSInitType_t@@_N@Z 004036b0 f   filesystem_tools.obj
 0001:000026d0       ?MakeModuleFileName@@YAPBDXZ 004036d0 f   memoverride.obj
 0001:00002760       _calloc                    00403760 f   memoverride.obj
 0001:000027e0       __calloc_base              004037e0 f   memoverride.obj
 0001:00002860       __realloc_base             00403860 f   memoverride.obj
 0001:000028c0       __recalloc_base            004038c0 f   memoverride.obj
 0001:00002950       __calloc_crt               00403950 f   memoverride.obj
 0001:00002970       __realloc_crt              00403970 f   memoverride.obj
 0001:00002980       __recalloc_crt             00403980 f   memoverride.obj
 0001:000029a0       __msize                    004039a0 f   memoverride.obj
 0001:000029c0       __heap_init                004039c0 f   memoverride.obj
 0001:000029d0       __malloc_crt               004039d0 f   memoverride.obj
 0001:000029d0       ??2@YAPAXI@Z               004039d0 f   memoverride.obj
 0001:000029d0       _malloc                    004039d0 f   memoverride.obj
 0001:00002a30       _free                      00403a30 f   memoverride.obj
 0001:00002a30       ??3@YAXPAX@Z               00403a30 f   memoverride.obj
 0001:00002a50       __strdup                   00403a50 f   memoverride.obj
 0001:00002ad0       __wcsdup                   00403ad0 f   memoverride.obj
 0001:00002ae0       _cosf                      00403ae0 f i motionmapper.obj
 0001:00002af0       ?vprint@@YAXHPBDZZ         00403af0 f   motionmapper.obj
 0001:00002be0       ?kalloc@@YAPAXHH@Z         00403be0 f   motionmapper.obj
 0001:00002c00       ?MdlWarning@@YAXPBDZZ      00403c00 f   motionmapper.obj
 0001:00002c60       ?MdlError@@YAXPBDZZ        00403c60 f   motionmapper.obj
 0001:00002cd0       ?OpenGlobalFile@@YAHPAD@Z  00403cd0 f   motionmapper.obj
 0001:00002e40       ?clip_rotations@@YAXAAVRadianEuler@@@Z 00403e40 f   motionmapper.obj
 0001:00002eb0       ?Build_Reference@@YAXPAUs_source_t@@@Z 00403eb0 f   motionmapper.obj
 0001:00002f70       ?Grab_Nodes@@YAHPAUs_node_t@@@Z 00403f70 f   motionmapper.obj
 0001:00003080       ?Grab_Animation@@YAXPAUs_source_t@@@Z 00404080 f   motionmapper.obj
 0001:000033c0       ?lookup_index@@YAHPAUs_source_t@@HAAVVector@@1VVector2D@@@Z 004043c0 f   motionmapper.obj
 0001:00003550       ?lookup_texture@@YAHPADH@Z 00404550 f   motionmapper.obj
 0001:000035e0       ?SortAndBalanceBones@@YAHHHQAHQAM@Z 004045e0 f   motionmapper.obj
 0001:000038f0       ?vlistCompare@@YAHPBX0@Z   004048f0 f   motionmapper.obj
 0001:00003940       ?faceCompare@@YAHPBX0@Z    00404940 f   motionmapper.obj
 0001:00003c00       ?SaveNodes@@YAXPAUs_source_t@@AAVCUtlBuffer@@@Z 00404c00 f   motionmapper.obj
 0001:00003c80       ?SaveAnimation@@YAXPAUs_source_t@@AAVCUtlBuffer@@@Z 00404c80 f   motionmapper.obj
 0001:00003db0       ?M_MatrixAngles@@YAXABUM_matrix4x4_t@@AAVRadianEuler@@AAVVector@@@Z 00404db0 f   motionmapper.obj
 0001:00003e50       ?M_MatrixInvert@@YAXABUM_matrix4x4_t@@AAU1@@Z 00404e50 f   motionmapper.obj
 0001:00003f30       ?M_ConcatTransforms@@YAXABUM_matrix4x4_t@@0AAU1@@Z 00404f30 f   motionmapper.obj
 0001:00004150       ?M_AngleMatrix@@YAXABVRadianEuler@@ABVVector@@AAUM_matrix4x4_t@@@Z 00405150 f   motionmapper.obj
 0001:00004300       ?New_Template@@YAPAUs_template_t@@XZ 00405300 f   motionmapper.obj
 0001:00004350       ?New_IKSolve@@YAPAUs_iksolve_t@@XZ 00405350 f   motionmapper.obj
 0001:000043a0       ?Set_DefaultTemplate@@YAXPAUs_template_t@@@Z 004053a0 f   motionmapper.obj
 0001:000047e0       ?checkCommand@@YAHPAD0HH@Z 004057e0 f   motionmapper.obj
 0001:00004840       ?Load_Template@@YAPAUs_template_t@@PAD@Z 00405840 f   motionmapper.obj
 0001:00004de0       ?GetNodeIndex@@YAHPAUs_source_t@@PAD@Z 00405de0 f   motionmapper.obj
 0001:00004e50       ?CatBonePath@@YAXPAHPAUs_bone_t@@AAUM_matrix4x4_t@@H@Z 00405e50 f   motionmapper.obj
 0001:00004f00       ?ScaleJoints@@YAXPAUs_source_t@@PAUs_jointScale_t@@@Z 00405f00 f   motionmapper.obj
 0001:00004fe0       ?ScaleSkeleton@@YAXPAUs_source_t@@M@Z 00405fe0 f   motionmapper.obj
 0001:000050f0       ?CombineSkeletonAnimation@@YAXPAUs_source_t@@0PAPAUs_bone_t@@@Z 004060f0 f   motionmapper.obj
 0001:00005270       ?Grab_Vertexanimation@@YAXPAUs_source_t@@@Z 00406270 f   motionmapper.obj
 0001:00005530       ?ParseFaceData@@YAXPAUs_source_t@@HPAUs_face_t@@@Z 00406530 f   motionmapper.obj
 0001:00005870       ?MotionMap@@YAPAUs_source_t@@PAU1@0PAUs_template_t@@@Z 00406870 f   motionmapper.obj
 0001:000072d0       ?Purge@?$CUtlMemory@EH@@QAEXXZ 004082d0 f i motionmapper.obj
 0001:00007300       ?Grow@?$CUtlMemory@PAVKeyValues@@H@@QAEXH@Z 00408300 f i tier1:KeyValues.obj
 0001:00007300       ?Grow@?$CUtlMemory@PAUStringPool_t@CUtlSymbolTable@@H@@QAEXH@Z 00408300 f i tier1:utlsymbol.obj
 0001:00007300       ?Grow@?$CUtlMemory@HH@@QAEXH@Z 00408300 f i motionmapper.obj
 0001:000073b0       ?Grow@?$CUtlMemory@V?$CUtlVector@HV?$CUtlMemory@HH@@@@H@@QAEXH@Z 004083b0 f i motionmapper.obj
 0001:00007450       ?Grow@?$CUtlMemory@VVector@@H@@QAEXH@Z 00408450 f i motionmapper.obj
 0001:000074f0       ?Grow@?$CUtlMemory@VCUtlSymbol@@H@@QAEXH@Z 004084f0 f i motionmapper.obj
 0001:000075a0       ?InsertMultipleBefore@?$CUtlVector@VVector@@V?$CUtlMemory@VVector@@H@@@@QAEHHHPBVVector@@@Z 004085a0 f i motionmapper.obj
 0001:000076f0       ?Save_SMD@@YAXPBDPAUs_source_t@@@Z 004086f0 f   motionmapper.obj
 0001:000077a0       ?RemoveAll@?$CUtlVector@V?$CUtlVector@HV?$CUtlMemory@HH@@@@V?$CUtlMemory@V?$CUtlVector@HV?$CUtlMemory@HH@@@@H@@@@QAEXXZ 004087a0 f i motionmapper.obj
 0001:00007840       ??4?$CUtlVector@HV?$CUtlMemory@HH@@@@QAEAAV0@ABV0@@Z 00408840 f i motionmapper.obj
 0001:000078c0       ?InsertMultipleBefore@?$CUtlVector@V?$CUtlVector@HV?$CUtlMemory@HH@@@@V?$CUtlMemory@V?$CUtlVector@HV?$CUtlMemory@HH@@@@H@@@@QAEHHHPBV?$CUtlVector@HV?$CUtlMemory@HH@@@@@Z 004088c0 f i motionmapper.obj
 0001:000079b0       ?CalcModelTangentSpaces@@YAXPAUs_source_t@@@Z 004089b0 f   motionmapper.obj
 0001:00008020       ?BuildIndividualMeshes@@YAXPAUs_source_t@@@Z 00409020 f   motionmapper.obj
 0001:000085b0       ?Grab_Triangles@@YAXPAUs_source_t@@@Z 004095b0 f   motionmapper.obj
 0001:00008850       ?Load_SMD@@YAHPAUs_source_t@@@Z 00409850 f   motionmapper.obj
 0001:00008a90       ?Load_Source@@YAPAUs_source_t@@PBD0_N1@Z 00409a90 f   motionmapper.obj
 0001:00008c30       _main                      00409c30 f   motionmapper.obj
 0001:000090a0       ?DefaultScriptLoadedCallback@@YAXPBD0H@Z 0040a0a0 f   scriplib.obj
 0001:000090b0       ?DoesFileExist@CScriptLib@@UAE_NPBD@Z 0040a0b0 f   scriplib.obj
 0001:000090d0       ?ReadFileToBuffer@CScriptLib@@UAE_NPBDAAVCUtlBuffer@@_N2@Z 0040a0d0 f   scriplib.obj
 0001:00009150       ?WriteBufferToFile@CScriptLib@@UAE_NPBDAAVCUtlBuffer@@W4DiskWriteMode_t@@@Z 0040a150 f   scriplib.obj
 0001:00009210       ?CompareFileTime@CScriptLib@@UAEHPBD0@Z 0040a210 f   scriplib.obj
 0001:00009270       ?MakeTemporaryFilename@CScriptLib@@UAEPADPBDPADH@Z 0040a270 f   scriplib.obj
 0001:000092e0       ?Grow@?$CUtlMemory@UfileList_t@@H@@QAEXH@Z 0040a2e0 f i scriplib.obj
 0001:00009380       ?Grow@?$CUtlMemory@VCUtlString@@H@@QAEXH@Z 0040a380 f i scriplib.obj
 0001:00009430       ?InsertBefore@?$CUtlVector@VCUtlString@@V?$CUtlMemory@VCUtlString@@H@@@@QAEHH@Z 0040a430 f i scriplib.obj
 0001:000094a0       ?RemoveAll@?$CUtlVector@VCUtlString@@V?$CUtlMemory@VCUtlString@@H@@@@QAEXXZ 0040a4a0 f i scriplib.obj
 0001:00009500       ?InsertBefore@?$CUtlVector@UfileList_t@@V?$CUtlMemory@UfileList_t@@H@@@@QAEHH@Z 0040a500 f i scriplib.obj
 0001:00009570       ?InsertMultipleBefore@?$CUtlVector@UfileList_t@@V?$CUtlMemory@UfileList_t@@H@@@@QAEHHHPBUfileList_t@@@Z 0040a570 f i scriplib.obj
 0001:00009670       ?RemoveAll@?$CUtlVector@UfileList_t@@V?$CUtlMemory@UfileList_t@@H@@@@QAEXXZ 0040a670 f i scriplib.obj
 0001:000096e0       ?GetFileList@CScriptLib@@AAEHPBD0AAV?$CUtlVector@UfileList_t@@V?$CUtlMemory@UfileList_t@@H@@@@@Z 0040a6e0 f   scriplib.obj
 0001:00009940       ??1?$CUtlVector@UfileList_t@@V?$CUtlMemory@UfileList_t@@H@@@@QAE@XZ 0040a940 f i scriplib.obj
 0001:000099a0       ?DeleteTemporaryFiles@CScriptLib@@UAEXPBD@Z 0040a9a0 f   scriplib.obj
 0001:00009ad0       ?RecurseFileTree_r@CScriptLib@@AAEXPBDHAAV?$CUtlVector@VCUtlString@@V?$CUtlMemory@VCUtlString@@H@@@@@Z 0040aad0 f   scriplib.obj
 0001:00009bf0       ?FindFiles@CScriptLib@@UAEHPAD_NAAV?$CUtlVector@UfileList_t@@V?$CUtlMemory@UfileList_t@@H@@@@@Z 0040abf0 f   scriplib.obj
 0001:00009ec0       ?SinCos@@YAXMPAM0@Z        0040aec0 f i mathlib:mathlib_base.obj
 0001:00009ee0       ?_sqrtf@@YAMM@Z            0040aee0 f   mathlib:mathlib_base.obj
 0001:00009ef0       ?_rsqrtf@@YAMM@Z           0040aef0 f   mathlib:mathlib_base.obj
 0001:00009f00       ?_VectorNormalize@@YIMAAVVector@@@Z 0040af00 f   mathlib:mathlib_base.obj
 0001:00009f40       ?_VectorNormalizeFast@@YIXAAVVector@@@Z 0040af40 f   mathlib:mathlib_base.obj
 0001:00009f80       ?_InvRSquared@@YAMPBM@Z    0040af80 f   mathlib:mathlib_base.obj
 0001:00009fc0       ?InitSinCosTable@@YAXXZ    0040afc0 f   mathlib:mathlib_base.obj
 0001:0000a010       ?MatrixCopy@@YAXABUmatrix3x4_t@@AAU1@@Z 0040b010 f   mathlib:mathlib_base.obj
 0001:0000a030       ?ConcatTransforms@@YAXABUmatrix3x4_t@@0AAU1@@Z 0040b030 f   mathlib:mathlib_base.obj
 0001:0000a1c0       ?AngleMatrix@@YAXABVQAngle@@AAUmatrix3x4_t@@@Z 0040b1c0 f   mathlib:mathlib_base.obj
 0001:0000a2c0       ?MathLib_Init@@YAXMMMH_N000@Z 0040b2c0 f   mathlib:mathlib_base.obj
 0001:0000a460       ?AngleMatrix@@YAXABVRadianEuler@@AAUmatrix3x4_t@@@Z 0040b460 f   mathlib:mathlib_base.obj
 0001:0000a4a0       ?BuildGammaTable@@YAXMMMH@Z 0040b4a0 f   mathlib:color_conversion.obj
 0001:0000a740       ?_SSE_Sqrt@@YAMM@Z         0040b740 f   mathlib:sse.obj
 0001:0000a760       ?_SSE_RSqrtAccurate@@YAMM@Z 0040b760 f   mathlib:sse.obj
 0001:0000a7b0       ?_SSE_RSqrtFast@@YAMM@Z    0040b7b0 f   mathlib:sse.obj
 0001:0000a7d0       ?_SSE_VectorNormalizeFast@@YIXAAVVector@@@Z 0040b7d0 f   mathlib:sse.obj
 0001:0000a860       ?_SSE_InvRSquared@@YAMPBM@Z 0040b860 f   mathlib:sse.obj
 0001:0000a8b0       ?_SSE_SinCos@@YAXMPAM0@Z   0040b8b0 f   mathlib:sse.obj
 0001:0000a9f0       ?_SSE_cos@@YAMM@Z          0040b9f0 f   mathlib:sse.obj
 0001:0000aac0       ?_SSE2_SinCos@@YAXMPAM0@Z  0040bac0 f   mathlib:sse.obj
 0001:0000abe0       ?_SSE2_cos@@YAMM@Z         0040bbe0 f   mathlib:sse.obj
 0001:0000acb0       ?_3DNow_Sqrt@@YAMM@Z       0040bcb0 f   mathlib:3dnow.obj
 0001:0000ace0       ?_3DNow_RSqrt@@YAMM@Z      0040bce0 f   mathlib:3dnow.obj
 0001:0000ad00       ?_3DNow_VectorNormalize@@YIMAAVVector@@@Z 0040bd00 f   mathlib:3dnow.obj
 0001:0000ad90       ?_3DNow_VectorNormalizeFast@@YIXAAVVector@@@Z 0040bd90 f   mathlib:3dnow.obj
 0001:0000ada0       ?_3DNow_InvRSquared@@YAMPBM@Z 0040bda0 f   mathlib:3dnow.obj
 0001:0000ade0       ?V_strncmp@@YAHPBD0H@Z     0040bde0 f   tier1:strtools.obj
 0001:0000ae30       ?V_strncasecmp@@YAHPBD0H@Z 0040be30 f   tier1:strtools.obj
 0001:0000aeb0       ?V_stristr@@YAPBDPBD0@Z    0040beb0 f   tier1:strtools.obj
 0001:0000af70       ?V_stristr@@YAPADPADPBD@Z  0040bf70 f   tier1:strtools.obj
 0001:0000afb0       ?V_strncat@@YAPADPADPBDIH@Z 0040bfb0 f   tier1:strtools.obj
 0001:0000b040       ?V_StripTrailingSlash@@YAXPAD@Z 0040c040 f   tier1:strtools.obj
 0001:0000b080       ?V_DefaultExtension@@YAXPADPBDH@Z 0040c080 f   tier1:strtools.obj
 0001:0000b130       ?V_StripFilename@@YAXPAD@Z 0040c130 f   tier1:strtools.obj
 0001:0000b170       ?V_FixSlashes@@YAXPADD@Z   0040c170 f   tier1:strtools.obj
 0001:0000b1a0       ?V_UnqualifiedFileName@@YAPBDPBD@Z 0040c1a0 f   tier1:strtools.obj
 0001:0000b1e0       ?V_RemoveDotSlashes@@YA_NPADD@Z 0040c1e0 f   tier1:strtools.obj
 0001:0000b330       ?V_AppendSlash@@YAXPADH@Z  0040c330 f   tier1:strtools.obj
 0001:0000b380       ?V_IsAbsolutePath@@YA_NPBD@Z 0040c380 f   tier1:strtools.obj
 0001:0000b3b0       ?V_StrSlice@@YAXPBDHHPADH@Z 0040c3b0 f   tier1:strtools.obj
 0001:0000b460       ?V_strncpy@@YAXPADPBDH@Z   0040c460 f   tier1:strtools.obj
 0001:0000b4a0       ?V_snprintf@@YAHPADHPBDZZ  0040c4a0 f   tier1:strtools.obj
 0001:0000b4f0       ?V_vsnprintf@@YAHPADHPBD0@Z 0040c4f0 f   tier1:strtools.obj
 0001:0000b540       ?V_FileBase@@YAXPBDPADH@Z  0040c540 f   tier1:strtools.obj
 0001:0000b610       ?V_StripExtension@@YAXPBDPADH@Z 0040c610 f   tier1:strtools.obj
 0001:0000b6c0       ?V_StripLastDir@@YA_NPADH@Z 0040c6c0 f   tier1:strtools.obj
 0001:0000b770       ?V_ExtractFileExtension@@YAXPBDPADH@Z 0040c770 f   tier1:strtools.obj
 0001:0000b7f0       ?V_MakeAbsolutePath@@YAXPADHPBD1@Z 0040c7f0 f   tier1:strtools.obj
 0001:0000b990       ?V_StrRight@@YAXPBDHPADH@Z 0040c990 f   tier1:strtools.obj
 0001:0000ba20       ?ReportError@CKeyValuesErrorStack@@QAEXPBD@Z 0040ca20 f i tier1:KeyValues.obj
 0001:0000bac0       ?GetName@KeyValues@@QBEPBDXZ 0040cac0 f   tier1:KeyValues.obj
 0001:0000bae0       ?ReadToken@KeyValues@@AAEPBDAAVCUtlBuffer@@AA_N1@Z 0040cae0 f   tier1:KeyValues.obj
 0001:0000bc70       ?RemoveSubKey@KeyValues@@QAEXPAV1@@Z 0040cc70 f   tier1:KeyValues.obj
 0001:0000bcd0       ?GetFirstValue@KeyValues@@QAEPAV1@XZ 0040ccd0 f   tier1:KeyValues.obj
 0001:0000bcf0       ?GetNextValue@KeyValues@@QAEPAV1@XZ 0040ccf0 f   tier1:KeyValues.obj
 0001:0000bd10       ??2KeyValues@@SAPAXI@Z     0040cd10 f   tier1:KeyValues.obj
 0001:0000bd30       ??0KeyValues@@QAE@PBD@Z    0040cd30 f   tier1:KeyValues.obj
 0001:0000bd80       ?LoadFromFile@KeyValues@@QAE_NPAVIBaseFileSystem@@PBD1@Z 0040cd80 f   tier1:KeyValues.obj
 0001:0000beb0       ?FindKey@KeyValues@@QAEPAV1@PBD_N@Z 0040ceb0 f   tier1:KeyValues.obj
 0001:0000bfd0       ?GetInt@KeyValues@@QAEHPBDH@Z 0040cfd0 f   tier1:KeyValues.obj
 0001:0000c050       ?SetString@KeyValues@@QAEXPBD0@Z 0040d050 f   tier1:KeyValues.obj
 0001:0000c0c0       ?MakeCopy@KeyValues@@QBEPAV1@XZ 0040d0c0 f   tier1:KeyValues.obj
 0001:0000c270       ?deleteThis@KeyValues@@QAEXXZ 0040d270 f   tier1:KeyValues.obj
 0001:0000c290       ?RecursiveMergeKeyValues@KeyValues@@AAEXPAV1@@Z 0040d290 f   tier1:KeyValues.obj
 0001:0000c360       ?RemoveEverything@KeyValues@@AAEXXZ 0040d360 f   tier1:KeyValues.obj
 0001:0000c400       ?CreateKey@KeyValues@@AAEPAV1@PBD@Z 0040d400 f   tier1:KeyValues.obj
 0001:0000c490       ?GetString@KeyValues@@QAEPBDPBD0@Z 0040d490 f   tier1:KeyValues.obj
 0001:0000c5d0       ?AppendIncludedKeys@KeyValues@@AAEXAAV?$CUtlVector@PAVKeyValues@@V?$CUtlMemory@PAVKeyValues@@H@@@@@Z 0040d5d0 f   tier1:KeyValues.obj
 0001:0000c620       ?MergeBaseKeys@KeyValues@@AAEXAAV?$CUtlVector@PAVKeyValues@@V?$CUtlMemory@PAVKeyValues@@H@@@@@Z 0040d620 f   tier1:KeyValues.obj
 0001:0000c720       ?RecursiveLoadFromBuffer@KeyValues@@AAEXPBDAAVCUtlBuffer@@@Z 0040d720 f   tier1:KeyValues.obj
 0001:0000cb00       ?ParseIncludedKeys@KeyValues@@AAEXPBD0PAVIBaseFileSystem@@0AAV?$CUtlVector@PAVKeyValues@@V?$CUtlMemory@PAVKeyValues@@H@@@@@Z 0040db00 f   tier1:KeyValues.obj
 0001:0000cc90       ?LoadFromBuffer@KeyValues@@QAE_NPBDAAVCUtlBuffer@@PAVIBaseFileSystem@@0@Z 0040dc90 f   tier1:KeyValues.obj
 0001:0000cfd0       ?LoadFromBuffer@KeyValues@@QAE_NPBD0PAVIBaseFileSystem@@0@Z 0040dfd0 f   tier1:KeyValues.obj
 0001:0000d050       _CreateInterface           0040e050 f   tier1:interface.obj
 0001:0000d0c0       ?ThreadedLoadLibraryFunc@@YAIPAX@Z 0040e0c0 f   tier1:interface.obj
 0001:0000d0e0       ?Sys_LoadLibrary@@YAPAUHINSTANCE__@@PBD@Z 0040e0e0 f   tier1:interface.obj
 0001:0000d1e0       ?Sys_LoadModule@@YAPAVCSysModule@@PBD@Z 0040e1e0 f   tier1:interface.obj
 0001:0000d300       ?Sys_GetFactoryThis@@YAP6APAXPBDPAH@ZXZ 0040e300 f   tier1:interface.obj
 0001:0000d310       ?Sys_LoadInterface@@YA_NPBD0PAPAVCSysModule@@PAPAX@Z 0040e310 f   tier1:interface.obj
 0001:0000d370       ?GetCStringCharConversion@@YAPAVCUtlCharConversion@@XZ 0040e370 f   tier1:utlbuffer.obj
 0001:0000d380       ?GetNoEscCharConversion@@YAPAVCUtlCharConversion@@XZ 0040e380 f   tier1:utlbuffer.obj
 0001:0000d390       ?FindConversion@CUtlCStringConversion@@UAEDPBDPAH@Z 0040e390 f   tier1:utlbuffer.obj
 0001:0000d3b0       ??0CUtlCharConversion@@QAE@DPBDHPAUConversionArray_t@0@@Z 0040e3b0 f   tier1:utlbuffer.obj
 0001:0000d450       ?FindConversion@CUtlCharConversion@@UAEDPBDPAH@Z 0040e450 f   tier1:utlbuffer.obj
 0001:0000d4d0       ?SetBufferType@CUtlBuffer@@QAEX_N0@Z 0040e4d0 f   tier1:utlbuffer.obj
 0001:0000d500       ?GetOverflow@CUtlBuffer@@IAE_NH@Z 0040e500 f   tier1:utlbuffer.obj
 0001:0000d510       ?FindConversion@CUtlNoEscConversion@@UAEDPBDPAH@Z 0040e510 f i tier1:utlbuffer.obj
 0001:0000d530       ?CheckGet@CUtlBuffer@@IAE_NH@Z 0040e530 f   tier1:utlbuffer.obj
 0001:0000d590       ?CheckArbitraryPeekGet@CUtlBuffer@@IAE_NHAAH@Z 0040e590 f   tier1:utlbuffer.obj
 0001:0000d600       ?PeekGet@CUtlBuffer@@QAEPBXHH@Z 0040e600 f   tier1:utlbuffer.obj
 0001:0000d640       ?SeekGet@CUtlBuffer@@QAEXW4SeekType_t@1@H@Z 0040e640 f   tier1:utlbuffer.obj
 0001:0000d6a0       ?CheckPut@CUtlBuffer@@IAE_NH@Z 0040e6a0 f   tier1:utlbuffer.obj
 0001:0000d6f0       ?AddNullTermination@CUtlBuffer@@IAEXXZ 0040e6f0 f   tier1:utlbuffer.obj
 0001:0000d740       ?ConvertToGrowableMemory@?$CUtlMemory@EH@@QAEXH@Z 0040e740 f i tier1:utlbuffer.obj
 0001:0000d790       ?Get@CUtlBuffer@@QAEXPAXH@Z 0040e790 f   tier1:utlbuffer.obj
 0001:0000d800       ?EatWhiteSpace@CUtlBuffer@@QAEXXZ 0040e800 f   tier1:utlbuffer.obj
 0001:0000d860       ?PeekWhiteSpace@CUtlBuffer@@IAEHH@Z 0040e860 f   tier1:utlbuffer.obj
 0001:0000d900       ?PeekStringLength@CUtlBuffer@@QAEHXZ 0040e900 f   tier1:utlbuffer.obj
 0001:0000da50       ?PeekStringMatch@CUtlBuffer@@IAE_NHPBDH@Z 0040ea50 f   tier1:utlbuffer.obj
 0001:0000dab0       ?Put@CUtlBuffer@@QAEXPBXH@Z 0040eab0 f   tier1:utlbuffer.obj
 0001:0000db20       ?PutOverflow@CUtlBuffer@@IAE_NH@Z 0040eb20 f   tier1:utlbuffer.obj
 0001:0000db70       ??$PutTypeBin@D@CUtlBuffer@@IAEXD@Z 0040eb70 f i tier1:utlbuffer.obj
 0001:0000dc10       ??$GetTypeBin@D@CUtlBuffer@@IAEXAAD@Z 0040ec10 f i tier1:utlbuffer.obj
 0001:0000dc80       ?PutTabs@CUtlBuffer@@IAEXXZ 0040ec80 f i tier1:utlbuffer.obj
 0001:0000dd40       ??0CUtlBuffer@@QAE@HHH@Z   0040ed40 f   tier1:utlbuffer.obj
 0001:0000ddc0       ??0CUtlBuffer@@QAE@PBXHH@Z 0040edc0 f   tier1:utlbuffer.obj
 0001:0000de40       ?PutString@CUtlBuffer@@QAEXPBD@Z 0040ee40 f   tier1:utlbuffer.obj
 0001:0000df20       ?Printf@CUtlBuffer@@QAAXPBDZZ 0040ef20 f   tier1:utlbuffer.obj
 0001:0000df60       ?GetChar@CUtlBuffer@@QAEDXZ 0040ef60 f i tier1:utlbuffer.obj
 0001:0000dfa0       ?EatCPPComment@CUtlBuffer@@QAE_NXZ 0040efa0 f   tier1:utlbuffer.obj
 0001:0000e010       ?GetString@CUtlBuffer@@QAEXPADH@Z 0040f010 f   tier1:utlbuffer.obj
 0001:0000e0e0       ?GetDelimitedCharInternal@CUtlBuffer@@IAEDPAVCUtlCharConversion@@@Z 0040f0e0 f   tier1:utlbuffer.obj
 0001:0000e1a0       ?GetDelimitedString@CUtlBuffer@@QAEXPAVCUtlCharConversion@@PADH@Z 0040f1a0 f   tier1:utlbuffer.obj
 0001:0000e310       ?VaScanf@CUtlBuffer@@QAEHPBDPAD@Z 0040f310 f   tier1:utlbuffer.obj
 0001:0000e5c0       ?Scanf@CUtlBuffer@@QAAHPBDZZ 0040f5c0 f   tier1:utlbuffer.obj
 0001:0000e5e0       ?Grow@?$CUtlMemory@U?$UtlRBTreeNode_t@VCStringPoolIndex@CUtlSymbolTable@@G@@G@@QAEXH@Z 0040f5e0 f i tier1:utlsymbol.obj
 0001:0000e690       ?NewNode@?$CUtlRBTree@VCStringPoolIndex@CUtlSymbolTable@@GVCLess@2@V?$CUtlMemory@U?$UtlRBTreeNode_t@VCStringPoolIndex@CUtlSymbolTable@@G@@G@@@@QAEGXZ 0040f690 f i tier1:utlsymbol.obj
 0001:0000e780       ?Parent@?$CUtlRBTree@VCStringPoolIndex@CUtlSymbolTable@@GVCLess@2@V?$CUtlMemory@U?$UtlRBTreeNode_t@VCStringPoolIndex@CUtlSymbolTable@@G@@G@@@@QBEGG@Z 0040f780 f i tier1:utlsymbol.obj
 0001:0000e7f0       ??RCLess@CUtlSymbolTable@@QBE_NABVCStringPoolIndex@1@0@Z 0040f7f0 f   tier1:utlsymbol.obj
 0001:0000e8a0       ?LeftChild@?$CUtlRBTree@VCStringPoolIndex@CUtlSymbolTable@@GVCLess@2@V?$CUtlMemory@U?$UtlRBTreeNode_t@VCStringPoolIndex@CUtlSymbolTable@@G@@G@@@@QBEGG@Z 0040f8a0 f i tier1:utlsymbol.obj
 0001:0000e900       ?RightChild@?$CUtlRBTree@VCStringPoolIndex@CUtlSymbolTable@@GVCLess@2@V?$CUtlMemory@U?$UtlRBTreeNode_t@VCStringPoolIndex@CUtlSymbolTable@@G@@G@@@@QBEGG@Z 0040f900 f i tier1:utlsymbol.obj
 0001:0000e970       ?FindInsertionPosition@?$CUtlRBTree@VCStringPoolIndex@CUtlSymbolTable@@GVCLess@2@V?$CUtlMemory@U?$UtlRBTreeNode_t@VCStringPoolIndex@CUtlSymbolTable@@G@@G@@@@IAEXABVCStringPoolIndex@CUtlSymbolTable@@AAGAA_N@Z 0040f970 f i tier1:utlsymbol.obj
 0001:0000ea60       ?RotateLeft@?$CUtlRBTree@VCStringPoolIndex@CUtlSymbolTable@@GVCLess@2@V?$CUtlMemory@U?$UtlRBTreeNode_t@VCStringPoolIndex@CUtlSymbolTable@@G@@G@@@@IAEXG@Z 0040fa60 f i tier1:utlsymbol.obj
 0001:0000eb60       ?RotateRight@?$CUtlRBTree@VCStringPoolIndex@CUtlSymbolTable@@GVCLess@2@V?$CUtlMemory@U?$UtlRBTreeNode_t@VCStringPoolIndex@CUtlSymbolTable@@G@@G@@@@IAEXG@Z 0040fb60 f i tier1:utlsymbol.obj
 0001:0000ec60       ?Find@?$CUtlRBTree@VCStringPoolIndex@CUtlSymbolTable@@GVCLess@2@V?$CUtlMemory@U?$UtlRBTreeNode_t@VCStringPoolIndex@CUtlSymbolTable@@G@@G@@@@QBEGABVCStringPoolIndex@CUtlSymbolTable@@@Z 0040fc60 f i tier1:utlsymbol.obj
 0001:0000ed60       ?RemoveAll@?$CUtlRBTree@VCStringPoolIndex@CUtlSymbolTable@@GVCLess@2@V?$CUtlMemory@U?$UtlRBTreeNode_t@VCStringPoolIndex@CUtlSymbolTable@@G@@G@@@@QAEXXZ 0040fd60 f i tier1:utlsymbol.obj
 0001:0000ee20       ?InsertRebalance@?$CUtlRBTree@VCStringPoolIndex@CUtlSymbolTable@@GVCLess@2@V?$CUtlMemory@U?$UtlRBTreeNode_t@VCStringPoolIndex@CUtlSymbolTable@@G@@G@@@@IAEXG@Z 0040fe20 f i tier1:utlsymbol.obj
 0001:0000f3d0       ?String@CUtlSymbolTableMT@@QBEPBDVCUtlSymbol@@@Z 004103d0 f i tier1:utlsymbol.obj
 0001:0000f440       ?LinkToParent@?$CUtlRBTree@VCStringPoolIndex@CUtlSymbolTable@@GVCLess@2@V?$CUtlMemory@U?$UtlRBTreeNode_t@VCStringPoolIndex@CUtlSymbolTable@@G@@G@@@@IAEXGG_N@Z 00410440 f i tier1:utlsymbol.obj
 0001:0000f4c0       ?RemoveAll@CUtlSymbolTable@@QAEXXZ 004104c0 f   tier1:utlsymbol.obj
 0001:0000f540       ??1?$CUtlRBTree@VCStringPoolIndex@CUtlSymbolTable@@GVCLess@2@V?$CUtlMemory@U?$UtlRBTreeNode_t@VCStringPoolIndex@CUtlSymbolTable@@G@@G@@@@QAE@XZ 00410540 f i tier1:utlsymbol.obj
 0001:0000f5b0       ?Insert@?$CUtlRBTree@VCStringPoolIndex@CUtlSymbolTable@@GVCLess@2@V?$CUtlMemory@U?$UtlRBTreeNode_t@VCStringPoolIndex@CUtlSymbolTable@@G@@G@@@@QAEGABVCStringPoolIndex@CUtlSymbolTable@@@Z 004105b0 f i tier1:utlsymbol.obj
 0001:0000f610       ?AddString@CUtlSymbolTable@@QAE?AVCUtlSymbol@@PBD@Z 00410610 f   tier1:utlsymbol.obj
 0001:0000f790       ?Initialize@CUtlSymbol@@KAXXZ 00410790 f   tier1:utlsymbol.obj
 0001:0000f830       ??0CUtlSymbol@@QAE@PBD@Z   00410830 f   tier1:utlsymbol.obj
 0001:0000f880       ?String@CUtlSymbol@@QBEPBDXZ 00410880 f   tier1:utlsymbol.obj
 0001:0000f8a0       ?Get@CUtlString@@QBEPBDXZ  004108a0 f   tier1:utlstring.obj
 0001:0000f8b0       ?Set@CUtlBinaryBlock@@QAEXPBXH@Z 004108b0 f   tier1:utlstring.obj
 0001:0000f930       ?Set@CUtlString@@QAEXPBD@Z 00410930 f   tier1:utlstring.obj
 0001:0000f970       ??4CUtlString@@QAEAAV0@ABV0@@Z 00410970 f   tier1:utlstring.obj
 0001:0000f990       ??0CUtlString@@QAE@XZ      00410990 f   tier1:utlstring.obj
 0001:0000f9b0       _strchr                    004109b0 f   LIBCMT:strchr.obj
 0001:0000f9b6       ___from_strstr_to_strchr   004109b6     LIBCMT:strchr.obj
 0001:0000fa70       _strstr                    00410a70 f   LIBCMT:strstr.obj
 0001:0000faf6       __cfltcvt_init             00410af6 f   LIBCMT:_fpinit_.obj
 0001:0000fb56       __fpmath                   00410b56 f   LIBCMT:_fpinit_.obj
 0001:0000fb70       _memmove                   00410b70 f   LIBCMT:memmove.obj
 0001:0000ffab       __stat64i32                00410fab f   LIBCMT:stati32.obj
 0001:00010402       __initp_heap_handler       00411402 f   LIBCMT:handler.obj
 0001:00010411       __validdrive               00411411 f   LIBCMT:getcwd.obj
 0001:0001046b       __getdcwd_nolock           0041146b f   LIBCMT:getcwd.obj
 0001:0001058f       __getcwd                   0041158f f   LIBCMT:getcwd.obj
 0001:000105d8       _sprintf                   004115d8 f   LIBCMT:sprintf.obj
 0001:0001065c       __mkdir                    0041165c f   LIBCMT:mkdir.obj
 0001:0001065c       _mkdir                     0041165c f   LIBCMT:mkdir.obj
 0001:00010690       __alloca_probe_16          00411690 f   LIBCMT:alloca16.obj
 0001:000106a6       __alloca_probe_8           004116a6     LIBCMT:alloca16.obj
 0001:000106bc       _atol                      004116bc f   LIBCMT:atox.obj
 0001:000106d2       _atoi                      004116d2 f   LIBCMT:atox.obj
 0001:000106dd       _printf                    004116dd f   LIBCMT:printf.obj
 0001:00010784       __get_printf_count_output  00411784 f   LIBCMT:printf.obj
 0001:0001079a       __findclose                0041179a f   LIBCMT:findfile.obj
 0001:000107c0       ___time64_t_from_ft        004117c0 f   LIBCMT:findfi32.obj
 0001:0001083c       __findfirst64i32           0041183c f   LIBCMT:findfi32.obj
 0001:00010963       __findnext64i32            00411963 f   LIBCMT:findfi32.obj
 0001:00010b47       ___onexitinit              00411b47 f   LIBCMT:onexit.obj
 0001:00010b78       __onexit                   00411b78 f   LIBCMT:onexit.obj
 0001:00010bb4       _atexit                    00411bb4 f   LIBCMT:onexit.obj
 0001:00010bcb       _setvbuf                   00411bcb f   LIBCMT:setvbuf.obj
 0001:00010cc1       ___iob_func                00411cc1 f   LIBCMT:_file.obj
 0001:00010cc7       ___initstdio               00411cc7 f   LIBCMT:_file.obj
 0001:00010d78       ___endstdio                00411d78 f   LIBCMT:_file.obj
 0001:00010d98       __lock_file                00411d98 f   LIBCMT:_file.obj
 0001:00010dd9       __lock_file2               00411dd9 f   LIBCMT:_file.obj
 0001:00010e0b       __unlock_file              00411e0b f   LIBCMT:_file.obj
 0001:00010e47       __unlock_file2             00411e47 f   LIBCMT:_file.obj
 0001:00011073       __putenv                   00412073 f   LIBCMT:putenv.obj
 0001:000110c0       __chkstk                   004120c0 f   LIBCMT:chkstk.obj
 0001:000110c0       __alloca_probe             004120c0     LIBCMT:chkstk.obj
 0001:000110eb       __access_s                 004120eb f   LIBCMT:access.obj
 0001:0001116a       __access                   0041216a f   LIBCMT:access.obj
 0001:00011182       __getenv_helper_nolock     00412182 f   LIBCMT:getenv.obj
 0001:00011209       _getenv                    00412209 f   LIBCMT:getenv.obj
 0001:00011283       __dupenv_s                 00412283 f   LIBCMT:getenv.obj
 0001:0001135a       __spawnv                   0041235a f   LIBCMT:spawnv.obj
 0001:000113b0       _memcpy                    004123b0 f   LIBCMT:memcpy.obj
 0001:00011711       __fclose_nolock            00412711 f   LIBCMT:fclose.obj
 0001:0001177e       _fclose                    0041277e f   LIBCMT:fclose.obj
 0001:000117f2       __fread_nolock_s           004127f2 f   LIBCMT:fread.obj
 0001:000119ae       _fread_s                   004129ae f   LIBCMT:fread.obj
 0001:00011a3c       _fread                     00412a3c f   LIBCMT:fread.obj
 0001:00011a59       __ftell_nolock             00412a59 f   LIBCMT:ftell.obj
 0001:00011bed       _ftell                     00412bed f   LIBCMT:ftell.obj
 0001:00011c52       __fseek_nolock             00412c52 f   LIBCMT:fseek.obj
 0001:00011cdc       _fseek                     00412cdc f   LIBCMT:fseek.obj
 0001:00011d58       __fsopen                   00412d58 f   LIBCMT:fopen.obj
 0001:00011e14       _fopen                     00412e14 f   LIBCMT:fopen.obj
 0001:00011e2b       __chdir                    00412e2b f   LIBCMT:chdir.obj
 0001:00011f60       _strrchr                   00412f60 f   LIBCMT:strrchr.obj
 0001:00011f90       _memset                    00412f90 f   LIBCMT:memset.obj
 0001:0001200a       __vsnprintf_l              0041300a f   LIBCMT:vsnprint.obj
 0001:000120b6       __vsnprintf                004130b6 f   LIBCMT:vsnprint.obj
 0001:000120e0       _acos                      004130e0 f   LIBCMT:_acos_.obj
 0001:00012120       __CIacos                   00413120 f   LIBCMT:_acos_.obj
 0001:0001215b       __CIacos_default           0041315b f   LIBCMT:_acos_.obj
 0001:0001216f       __acos_default             0041316f     LIBCMT:_acos_.obj
 0001:00012226       _fputc                     00413226 f   LIBCMT:fputc.obj
 0001:00012322       _fprintf                   00413322 f   LIBCMT:fprintf.obj
 0001:0001242e       ___crtCorExitProcess       0041342e f   LIBCMT:crt0dat.obj
 0001:00012459       ___crtExitProcess          00413459 f   LIBCMT:crt0dat.obj
 0001:00012471       __lockexit                 00413471 f   LIBCMT:crt0dat.obj
 0001:0001247a       __unlockexit               0041347a f   LIBCMT:crt0dat.obj
 0001:00012483       __init_pointers            00413483 f   LIBCMT:crt0dat.obj
 0001:000124b6       __initterm_e               004134b6 f   LIBCMT:crt0dat.obj
 0001:000124da       __cinit                    004134da f   LIBCMT:crt0dat.obj
 0001:000126b1       _exit                      004136b1 f   LIBCMT:crt0dat.obj
 0001:000126c7       __exit                     004136c7 f   LIBCMT:crt0dat.obj
 0001:000126dd       __cexit                    004136dd f   LIBCMT:crt0dat.obj
 0001:000126ec       __c_exit                   004136ec f   LIBCMT:crt0dat.obj
 0001:000126fb       __amsg_exit                004136fb f   LIBCMT:crt0dat.obj
 0001:00012719       _strncmp                   00413719 f   LIBCMT:strncmp.obj
 0001:000127e0       _strncpy                   004137e0 f   LIBCMT:strncpy.obj
 0001:00012972       _sscanf                    00413972 f   LIBCMT:sscanf.obj
 0001:00012994       _fgets                     00413994 f   LIBCMT:fgets.obj
 0001:00012acc       _strtok                    00413acc f   LIBCMT:strtok.obj
 0001:00012b89       ??0_LocaleUpdate@@QAE@PAUlocaleinfo_struct@@@Z 00413b89 f i LIBCMT:atof.obj
 0001:00012c10       __atof_l                   00413c10 f   LIBCMT:atof.obj
 0001:00012cbb       _atof                      00413cbb f   LIBCMT:atof.obj
 0001:00012d60       _qsort                     00413d60 f   LIBCMT:qsort.obj
 0001:00012feb       __isdigit_l                00413feb f i LIBCMT:_ctype.obj
 0001:0001303c       _isdigit                   0041403c f i LIBCMT:_ctype.obj
 0001:0001306a       __isxdigit_l               0041406a f i LIBCMT:_ctype.obj
 0001:000130c0       _isxdigit                  004140c0 f i LIBCMT:_ctype.obj
 0001:000130f0       __isspace_l                004140f0 f i LIBCMT:_ctype.obj
 0001:00013141       _isspace                   00414141 f i LIBCMT:_ctype.obj
 0001:0001316f       __isgraph_l                0041416f f i LIBCMT:_ctype.obj
 0001:000131c5       _isgraph                   004141c5 f i LIBCMT:_ctype.obj
 0001:000131f5       ??1type_info@@UAE@XZ       004141f5 f   LIBCMT:typinfo.obj
 0001:00013205       ??_Gtype_info@@UAEPAXI@Z   00414205 f i LIBCMT:typinfo.obj
 0001:00013205       ??_Etype_info@@UAEPAXI@Z   00414205 f i LIBCMT:typinfo.obj
 0001:00013226       __get_sys_err_msg          00414226 f i LIBCMT:strerror.obj
 0001:0001324e       _strerror                  0041424e f   LIBCMT:strerror.obj
 0001:000132b8       __get_errno_from_oserr     004142b8 f   LIBCMT:dosmap.obj
 0001:000132fa       __errno                    004142fa f   LIBCMT:dosmap.obj
 0001:0001330d       ___doserrno                0041430d f   LIBCMT:dosmap.obj
 0001:00013320       __dosmaperr                00414320 f   LIBCMT:dosmap.obj
 0001:00013343       __tempnam                  00414343 f   LIBCMT:tempnam.obj
 0001:000135ae       _remove                    004145ae f   LIBCMT:unlink.obj
 0001:000135de       __unlink                   004145de f   LIBCMT:unlink.obj
 0001:00013773       _mainCRTStartup            00414773 f   LIBCMT:crt0.obj
 0001:00013780       _asin                      00414780 f   LIBCMT:_asin_.obj
 0001:000137c0       __CIasin                   004147c0 f   LIBCMT:_asin_.obj
 0001:000137fb       __CIasin_default           004147fb f   LIBCMT:_asin_.obj
 0001:0001380f       __asin_default             0041480f     LIBCMT:_asin_.obj
 0001:000138d0       _fmod                      004148d0 f   LIBCMT:_87fmod_.obj
 0001:000138da       __CIfmod                   004148da f   LIBCMT:_87fmod_.obj
 0001:00013900       _pow                       00414900 f   LIBCMT:_pow_.obj
 0001:00013940       __CIpow                    00414940 f   LIBCMT:_pow_.obj
 0001:0001397b       __CIpow_default            0041497b f   LIBCMT:_pow_.obj
 0001:00013994       __pow_default              00414994     LIBCMT:_pow_.obj
 0001:00013b90       __ftol2_sse                00414b90 f   LIBCMT:ftol2.obj
 0001:00013b99       __ftol2_pentium4           00414b99 f   LIBCMT:ftol2.obj
 0001:00013bac       __ftol2_sse_excpt          00414bac f   LIBCMT:ftol2.obj
 0001:00013bc6       __ftol2                    00414bc6 f   LIBCMT:ftol2.obj
 0001:00013c40       _floor                     00414c40 f   LIBCMT:_floor_pentium4_.obj
 0001:00013c80       __floor_pentium4           00414c80 f   LIBCMT:_floor_pentium4_.obj
 0001:00013d61       __tolower_l                00414d61 f   LIBCMT:tolower.obj
 0001:00013e76       _tolower                   00414e76 f   LIBCMT:tolower.obj
 0001:00013eb0       _strncat                   00414eb0 f   LIBCMT:strncat.obj
 0001:00013ff0       __allmul                   00414ff0 f   LIBCMT:llmul.obj
 0001:00014030       __allrem                   00415030 f   LIBCMT:llrem.obj
 0001:000140f0       __alldiv                   004150f0 f   LIBCMT:lldiv.obj
 0001:0001419a       __wtol                     0041519a f   LIBCMT:wtox.obj
 0001:000141b0       __wtoi                     004151b0 f   LIBCMT:wtox.obj
 0001:000141bb       __strtod_l                 004151bb f   LIBCMT:strtod.obj
 0001:000142de       _strtod                    004152de f   LIBCMT:strtod.obj
 0001:00014520       _strtol                    00415520 f   LIBCMT:strtol.obj
 0001:0001454b       _strtoul                   0041554b f   LIBCMT:strtol.obj
 0001:00014577       __forcdecpt_l              00415577 f   LIBCMT:cvt.obj
 0001:000145eb       __cropzeros_l              004155eb f   LIBCMT:cvt.obj
 0001:0001466d       __positive                 0041566d f   LIBCMT:cvt.obj
 0001:00014689       __fassign_l                00415689 f   LIBCMT:cvt.obj
 0001:000146cb       __fassign                  004156cb f   LIBCMT:cvt.obj
 0001:00014704       __forcdecpt                00415704 f   LIBCMT:cvt.obj
 0001:00014717       __cropzeros                00415717 f   LIBCMT:cvt.obj
 0001:0001488b       __cftoe_l                  0041588b f   LIBCMT:cvt.obj
 0001:00014952       __cftoe                    00415952 f   LIBCMT:cvt.obj
 0001:00014972       __cftoa_l                  00415972 f   LIBCMT:cvt.obj
 0001:00014deb       __cftof_l                  00415deb f   LIBCMT:cvt.obj
 0001:00014eac       __cftog_l                  00415eac f   LIBCMT:cvt.obj
 0001:00014f99       __cfltcvt_l                00415f99 f   LIBCMT:cvt.obj
 0001:00015021       __cfltcvt                  00416021 f   LIBCMT:cvt.obj
 0001:00015044       __initp_misc_cfltcvt_tab   00416044 f   LIBCMT:cmiscdat.obj
 0001:00015067       __setdefaultprecision      00416067 f   LIBCMT:fp8.obj
 0001:0001508f       __VEC_memcpy               0041608f f   LIBCMT:p4_memcpy.obj
 0001:00015192       ___sse2_available_init     00416192 f   LIBCMT:cpu_disp.obj
 0001:000151b0       _strlen                    004161b0 f   LIBCMT:strlen.obj
 0001:0001523b       __fullpath                 0041623b f   LIBCMT:fullpath.obj
 0001:00015332       ___dtoxmode                00416332 f   LIBCMT:stat.obj
 0001:000153ef       __close_nolock             004163ef f   LIBCMT:close.obj
 0001:0001548b       __close                    0041648b f   LIBCMT:close.obj
 0001:0001554f       __fstat64i32               0041654f f   LIBCMT:fstati32.obj
 0001:00015fd5       __sopen_helper             00416fd5 f   LIBCMT:open.obj
 0001:00016099       __sopen_s                  00417099 f   LIBCMT:open.obj
 0001:000160b9       ___loctotime64_t           004170b9 f   LIBCMT:dtoxtm64.obj
 0001:00016320       __getdrive                 00417320 f   LIBCMT:drive.obj
 0001:000163ee       __mbctolower_l             004173ee f   LIBCMT:mbtolwr.obj
 0001:00016494       __mbctolower               00417494 f   LIBCMT:mbtolwr.obj
 0001:000164a7       __mbspbrk_l                004174a7 f   LIBCMT:mbspbrk.obj
 0001:0001656c       __mbspbrk                  0041756c f   LIBCMT:mbspbrk.obj
 0001:00016583       __initp_misc_invarg        00417583 f   LIBCMT:invarg.obj
 0001:00016592       __call_reportfault         00417592 f   LIBCMT:invarg.obj
 0001:000166bb       __invoke_watson            004176bb f   LIBCMT:invarg.obj
 0001:000166e0       __invalid_parameter        004176e0 f   LIBCMT:invarg.obj
 0001:0001670d       __invalid_parameter_noinfo 0041770d f   LIBCMT:invarg.obj
 0001:0001671d       @__security_check_cookie@4 0041771d f   LIBCMT:secchk.obj
 0001:0001672c       __mtinitlocks              0041772c f   LIBCMT:mlock.obj
 0001:00016776       __mtdeletelocks            00417776 f   LIBCMT:mlock.obj
 0001:000167cd       __unlock                   004177cd f   LIBCMT:mlock.obj
 0001:000167e4       __mtinitlocknum            004177e4 f   LIBCMT:mlock.obj
 0001:000168a6       __lock                     004178a6 f   LIBCMT:mlock.obj
 0001:000168e0       __SEH_prolog4              004178e0 f   LIBCMT:sehprolg4.obj
 0001:00016925       __SEH_epilog4              00417925 f   LIBCMT:sehprolg4.obj
 0001:00016940       __except_handler4          00417940 f   LIBCMT:chandler4.obj
 0001:00016acf       __flsbuf                   00417acf f   LIBCMT:_flsbuf.obj
 0001:00016cb3       __output_l                 00417cb3 f   LIBCMT:output.obj
 0001:0001785f       __stbuf                    0041885f f   LIBCMT:_sftbuf.obj
 0001:000178fb       __ftbuf                    004188fb f   LIBCMT:_sftbuf.obj
 0001:0001792f       _strcpy_s                  0041892f f   LIBCMT:strcpy_s.obj
 0001:0001798e       __freebuf                  0041898e f   LIBCMT:_freebuf.obj
 0001:000179bf       __flush                    004189bf f   LIBCMT:fflush.obj
 0001:00017a27       __fflush_nolock            00418a27 f   LIBCMT:fflush.obj
 0001:00017b49       __flushall                 00418b49 f   LIBCMT:fflush.obj
 0001:00017b52       __ioinit                   00418b52 f   LIBCMT:ioinit.obj
 0001:00017d97       __fcloseall                00418d97 f   LIBCMT:closeall.obj
 0001:00017ee8       ___crtwsetenv              00418ee8 f   LIBCMT:wsetenv.obj
 0001:00018168       _wcslen                    00419168 f   LIBCMT:wcslen.obj
 0001:00018235       ___crtsetenv               00419235 f   LIBCMT:setenv.obj
 0001:00018477       _strnlen                   00419477 f   LIBCMT:strlen_s.obj
 0001:00018494       __mbschr_l                 00419494 f   LIBCMT:mbschr.obj
 0001:00018544       __mbschr                   00419544 f   LIBCMT:mbschr.obj
 0001:0001855b       __mbsnbicoll_l             0041955b f   LIBCMT:mbsnbico.obj
 0001:00018639       __mbsnbicoll               00419639 f   LIBCMT:mbsnbico.obj
 0001:00018653       ___wtomb_environ           00419653 f   LIBCMT:wtombenv.obj
 0001:0001875c       __spawnve                  0041975c f   LIBCMT:spawnve.obj
 0001:00018945       __fileno                   00419945 f   LIBCMT:fileno.obj
 0001:0001896b       __filbuf                   0041996b f   LIBCMT:_filbuf.obj
 0001:00018a8d       __read_nolock              00419a8d f   LIBCMT:read.obj
 0001:00019044       __read                     0041a044 f   LIBCMT:read.obj
 0001:0001913a       _memcpy_s                  0041a13a f   LIBCMT:memcpy_s.obj
 0001:000191af       __lseek_nolock             0041a1af f   LIBCMT:lseek.obj
 0001:00019224       __lseek                    0041a224 f   LIBCMT:lseek.obj
 0001:000192f8       __openfile                 0041a2f8 f   LIBCMT:_open.obj
 0001:0001958f       __getstream                0041a58f f   LIBCMT:stream.obj
 0001:000196d0       __local_unwind4            0041a6d0 f   LIBCMT:exsup4.obj
 0001:000197a6       __seh_longjmp_unwind4@4    0041a7a6 f   LIBCMT:exsup4.obj
 0001:000197c2       @_EH4_CallFilterFunc@8     0041a7c2 f   LIBCMT:exsup4.obj
 0001:000197d9       @_EH4_TransferToHandler@8  0041a7d9 f   LIBCMT:exsup4.obj
 0001:000197f2       @_EH4_GlobalUnwind2@8      0041a7f2 f   LIBCMT:exsup4.obj
 0001:0001980b       @_EH4_LocalUnwind@16       0041a80b f   LIBCMT:exsup4.obj
 0001:00019822       __mbctoupper_l             0041a822 f   LIBCMT:mbtoupr.obj
 0001:000198c8       __mbctoupper               0041a8c8 f   LIBCMT:mbtoupr.obj
 0001:000198db       __VEC_memzero              0041a8db f   LIBCMT:p4_memset.obj
 0001:00019995       __sse2_mathfcns_init       0041a995 f   LIBCMT:_mathfcns_.obj
 0001:000199b0       __CIacos_pentium4          0041a9b0 f   LIBCMT:_acos_pentium4_.obj
 0001:000199c8       __acos_pentium4            0041a9c8     LIBCMT:_acos_pentium4_.obj
 0001:00019f10       __trandisp1                0041af10 f   LIBCMT:_87disp_.obj
 0001:00019f77       __trandisp2                0041af77 f   LIBCMT:_87disp_.obj
 0001:0001a003       __rttospopde               0041b003     LIBCMT:_87disp_.obj
 0001:0001a008       __rttospop                 0041b008     LIBCMT:_87disp_.obj
 0001:0001a00a       __rtnospop                 0041b00a     LIBCMT:_87disp_.obj
 0001:0001a00c       __rttosnpop                0041b00c     LIBCMT:_87disp_.obj
 0001:0001a00d       __rtnospopde               0041b00d     LIBCMT:_87disp_.obj
 0001:0001a014       __rtzeropop                0041b014     LIBCMT:_87disp_.obj
 0001:0001a016       __rtzeronpop               0041b016     LIBCMT:_87disp_.obj
 0001:0001a01b       __rtonepop                 0041b01b     LIBCMT:_87disp_.obj
 0001:0001a01d       __rtonenpop                0041b01d     LIBCMT:_87disp_.obj
 0001:0001a022       __tosnan1                  0041b022     LIBCMT:_87disp_.obj
 0001:0001a04d       __nosnan2                  0041b04d     LIBCMT:_87disp_.obj
 0001:0001a04f       __tosnan2                  0041b04f     LIBCMT:_87disp_.obj
 0001:0001a077       __nan2                     0041b077     LIBCMT:_87disp_.obj
 0001:0001a0b6       __rtindfpop                0041b0b6     LIBCMT:_87disp_.obj
 0001:0001a0b8       __rtindfnpop               0041b0b8     LIBCMT:_87disp_.obj
 0001:0001a0c9       __rttosnpopde              0041b0c9     LIBCMT:_87disp_.obj
 0001:0001a0d3       __rtchsifneg               0041b0d3     LIBCMT:_87disp_.obj
 0001:0001a0e0       __startTwoArgErrorHandling 0041b0e0 f   LIBCMT:_genexcep_.obj
 0001:0001a0f7       __startOneArgErrorHandling 0041b0f7 f   LIBCMT:_genexcep_.obj
 0001:0001a140       __twoToTOS                 0041b140 f   LIBCMT:_common_.obj
 0001:0001a155       __load_CW                  0041b155 f   LIBCMT:_common_.obj
 0001:0001a16c       __convertTOStoQNaN         0041b16c f   LIBCMT:_common_.obj
 0001:0001a185       __fload_withFB             0041b185 f   LIBCMT:_common_.obj
 0001:0001a1c8       __checkTOS_withFB          0041b1c8 f   LIBCMT:_common_.obj
 0001:0001a1de       __fast_exit                0041b1de f   LIBCMT:_common_.obj
 0001:0001a1eb       __math_exit                0041b1eb f   LIBCMT:_common_.obj
 0001:0001a215       __check_overflow_exit      0041b215 f   LIBCMT:_common_.obj
 0001:0001a229       __check_range_exit         0041b229 f   LIBCMT:_common_.obj
 0001:0001a2cc       ?terminate@@YAXXZ          0041b2cc f   LIBCMT:hooks.obj
 0001:0001a305       __initp_eh_hooks           0041b305 f   LIBCMT:hooks.obj
 0001:0001a316       __initp_misc_winsig        0041b316 f   LIBCMT:winsig.obj
 0001:0001a36b       ___get_sigabrt             0041b36b f   LIBCMT:winsig.obj
 0001:0001a378       _raise                     0041b378 f   LIBCMT:winsig.obj
 0001:0001a51b       __initp_misc_rand_s        0041b51b f   LIBCMT:rand_s.obj
 0001:0001a52a       __initp_misc_purevirt      0041b52a f   LIBCMT:inithelp.obj
 0001:0001a539       __encoded_null             0041b539 f   LIBCMT:tidtable.obj
 0001:0001a542       ___crtTlsAlloc@4           0041b542 f   LIBCMT:tidtable.obj
 0001:0001a54b       ___set_flsgetvalue         0041b54b f   LIBCMT:tidtable.obj
 0001:0001a57f       __mtterm                   0041b57f f   LIBCMT:tidtable.obj
 0001:0001a5bc       __initptd                  0041b5bc f   LIBCMT:tidtable.obj
 0001:0001a670       __getptd_noexit            0041b670 f   LIBCMT:tidtable.obj
 0001:0001a6e9       __getptd                   0041b6e9 f   LIBCMT:tidtable.obj
 0001:0001a703       __freefls@4                0041b703 f   LIBCMT:tidtable.obj
 0001:0001a832       __mtinit                   0041b832 f   LIBCMT:tidtable.obj
 0001:0001a9ad       __RTC_Initialize           0041b9ad f   LIBCMT:_initsect_.obj
 0001:0001a9d3       __RTC_Terminate            0041b9d3 f   LIBCMT:_initsect_.obj
 0001:0001aa00       __ValidateImageBase        0041ba00 f   LIBCMT:pesect.obj
 0001:0001aa40       __FindPESection            0041ba40 f   LIBCMT:pesect.obj
 0001:0001aa90       __IsNonwritableInCurrentImage 0041ba90 f   LIBCMT:pesect.obj
 0001:0001ab4c       __GET_RTERRMSG             0041bb4c f   LIBCMT:crt0msg.obj
 0001:0001ab72       __NMSG_WRITE               0041bb72 f   LIBCMT:crt0msg.obj
 0001:0001ad21       __FF_MSGBANNER             0041bd21 f   LIBCMT:crt0msg.obj
 0001:0001ae11       __input_l                  0041be11 f   LIBCMT:input.obj
 0001:0001c038       ___updatetmbcinfo          0041d038 f   LIBCMT:mbctype.obj
 0001:0001c158       __setmbcp_nolock           0041d158 f   LIBCMT:mbctype.obj
 0001:0001c341       __setmbcp                  0041d341 f   LIBCMT:mbctype.obj
 0001:0001c4db       ___initmbctable            0041d4db f   LIBCMT:mbctype.obj
 0001:0001c4f9       ___addlocaleref            0041d4f9 f   LIBCMT:localref.obj
 0001:0001c588       ___removelocaleref         0041d588 f   LIBCMT:localref.obj
 0001:0001c621       ___freetlocinfo            0041d621 f   LIBCMT:localref.obj
 0001:0001c76c       __updatetlocinfoEx_nolock  0041d76c f   LIBCMT:localref.obj
 0001:0001c7b9       ___updatetlocinfo          0041d7b9 f   LIBCMT:localref.obj
 0001:0001c832       __fltin2                   0041d832 f   LIBCMT:_cfin_.obj
 0001:0001c8d9       __isctype_l                0041d8d9 f   LIBCMT:isctype.obj
 0001:0001c991       ___strgtold12_l            0041d991 f   LIBCMT:_strgtold_.obj
 0001:0001d06d       ?_Type_info_dtor@type_info@@CAXPAV1@@Z 0041e06d f   LIBCMT:typname.obj
 0001:0001d0e0       _strcmp                    0041e0e0 f   LIBCMT:strcmp.obj
 0001:0001d168       _abort                     0041e168 f   LIBCMT:abort.obj
 0001:0001d19b       ___sys_nerr                0041e19b f   LIBCMT:syserr.obj
 0001:0001d1a1       ___sys_errlist             0041e1a1 f   LIBCMT:syserr.obj
 0001:0001d1a7       _strncpy_s                 0041e1a7 f   LIBCMT:strncpy_s.obj
 0001:0001d316       __ultoa_s                  0041e316 f   LIBCMT:xtoas.obj
 0001:0001d330       __rmtmp                    0041e330 f   LIBCMT:rmtmp.obj
 0001:0001d3d9       __mbsrchr_l                0041e3d9 f   LIBCMT:mbsrchr.obj
 0001:0001d483       __mbsrchr                  0041e483 f   LIBCMT:mbsrchr.obj
 0001:0001d49a       _strcat_s                  0041e49a f   LIBCMT:strcat_s.obj
 0001:0001d507       ?__CxxUnhandledExceptionFilter@@YGJPAU_EXCEPTION_POINTERS@@@Z 0041e507 f   LIBCMT:unhandld.obj
 0001:0001d549       ___CxxSetUnhandledExceptionFilter 0041e549 f   LIBCMT:unhandld.obj
 0001:0001d557       __XcptFilter               0041e557 f   LIBCMT:winxfltr.obj
 0001:0001d6a1       __setenvp                  0041e6a1 f   LIBCMT:stdenvp.obj
 0001:0001d917       __setargv                  0041e917 f   LIBCMT:stdargv.obj
 0001:0001d9d2       ___crtGetEnvironmentStringsA 0041e9d2 f   LIBCMT:a_env.obj
 0001:0001da69       ___security_init_cookie    0041ea69 f   LIBCMT:gs_support.obj
 0001:0001db10       __CIasin_pentium4          0041eb10 f   LIBCMT:_asin_pentium4_.obj
 0001:0001db28       __asin_pentium4            0041eb28     LIBCMT:_asin_pentium4_.obj
 0001:0001e090       __cintrindisp2             0041f090 f   LIBCMT:_87cdisp_.obj
 0001:0001e0ce       __cintrindisp1             0041f0ce f   LIBCMT:_87cdisp_.obj
 0001:0001e10b       __ctrandisp2               0041f10b f   LIBCMT:_87cdisp_.obj
 0001:0001e29a       __ctrandisp1               0041f29a f   LIBCMT:_87cdisp_.obj
 0001:0001e2cd       __fload                    0041f2cd f   LIBCMT:_87cdisp_.obj
 0001:0001e310       __CIpow_pentium4           0041f310 f   LIBCMT:_pow_pentium4_.obj
 0001:0001e329       __pow_pentium4             0041f329     LIBCMT:_pow_pentium4_.obj
 0001:0001ee81       __fFEXP                    0041fe81     LIBCMT:_87tran_.obj
 0001:0001eed8       __rtinfpopse               0041fed8     LIBCMT:_87tran_.obj
 0001:0001eeda       __rtinfnpopse              0041feda     LIBCMT:_87tran_.obj
 0001:0001eeea       __fFLN                     0041feea     LIBCMT:_87tran_.obj
 0001:0001ef9f       __rtinfpop                 0041ff9f     LIBCMT:_87tran_.obj
 0001:0001efa1       __rtinfnpop                0041ffa1     LIBCMT:_87tran_.obj
 0001:0001efbe       __ffexpm1                  0041ffbe     LIBCMT:_87tran_.obj
 0001:0001f067       __d_inttype                00420067 f   LIBCMT:_powhlp_.obj
 0001:0001f0d1       __powhlp                   004200d1 f   LIBCMT:_powhlp_.obj
 0001:0001f1fc       ___libm_error_support      004201fc f   LIBCMT:_libm_error_.obj
 0001:0001f4c8       __floor_default            004204c8 f   LIBCMT:_floor_.obj
 0001:0001f5a0       __freea                    004205a0 f i LIBCMT:a_map.obj
 0001:0001f7a7       ___crtLCMapStringA         004207a7 f   LIBCMT:a_map.obj
 0001:0001f7ed       __isleadbyte_l             004207ed f i LIBCMT:_wctype.obj
 0001:0001f825       _isleadbyte                00420825 f i LIBCMT:_wctype.obj
 0001:0001f9fa       _wcstol                    004209fa f   LIBCMT:wcstol.obj
 0001:0001fa14       _iswctype                  00420a14 f   LIBCMT:iswctype.obj
 0001:0001fa70       __atodbl_l                 00420a70 f   LIBCMT:atodbl.obj
 0001:0001fb18       __atoflt_l                 00420b18 f   LIBCMT:atodbl.obj
 0001:0001fbc0       __fptostr                  00420bc0 f   LIBCMT:_fptostr.obj
 0001:0001fc73       ___dtold                   00420c73 f   LIBCMT:_cfout_.obj
 0001:0001fd26       __fltout2                  00420d26 f   LIBCMT:_cfout_.obj
 0001:0001fdc0       __alldvrm                  00420dc0 f   LIBCMT:lldvrm.obj
 0001:0001fea0       __aullshr                  00420ea0 f   LIBCMT:ullshr.obj
 0001:0001febf       __fptrap                   00420ebf f   LIBCMT:crt0fp.obj
 0001:0001fec8       __controlfp_s              00420ec8 f   LIBCMT:_contrlfp_.obj
 0001:0001ff27       __mbsicmp_l                00420f27 f   LIBCMT:mbsicmp.obj
 0001:0002011e       __mbsicmp                  0042111e f   LIBCMT:mbsicmp.obj
 0001:00020135       __set_osfhnd               00421135 f   LIBCMT:osfinfo.obj
 0001:000201b6       __free_osfhnd              004211b6 f   LIBCMT:osfinfo.obj
 0001:0002023c       __get_osfhandle            0042123c f   LIBCMT:osfinfo.obj
 0001:000202a5       ___lock_fhandle            004212a5 f   LIBCMT:osfinfo.obj
 0001:00020344       __unlock_fhandle           00421344 f   LIBCMT:osfinfo.obj
 0001:0002036b       __alloc_osfhnd             0042136b f   LIBCMT:osfinfo.obj
 0001:00020510       __SEH_prolog4_GS           00421510 f   LIBCMT:sehprolg4gs.obj
 0001:00020558       __SEH_epilog4_GS           00421558 f   LIBCMT:sehprolg4gs.obj
 0001:00020567       __write_nolock             00421567 f   LIBCMT:write.obj
 0001:00020c64       __write                    00421c64 f   LIBCMT:write.obj
 0001:00020d38       __lseeki64_nolock          00421d38 f   LIBCMT:lseeki64.obj
 0001:00020dbd       __lseeki64                 00421dbd f   LIBCMT:lseeki64.obj
 0001:00020ea7       __chsize_nolock            00421ea7 f   LIBCMT:chsize.obj
 0001:0002105d       __setmode_nolock           0042205d f   LIBCMT:setmode.obj
 0001:00021118       __get_fmode                00422118 f   LIBCMT:setmode.obj
 0001:00021826       ___tzset                   00422826 f   LIBCMT:tzset.obj
 0001:00021875       __isindst                  00422875 f   LIBCMT:tzset.obj
 0001:000218b6       __get_daylight             004228b6 f   LIBCMT:timeset.obj
 0001:000218e3       __get_dstbias              004228e3 f   LIBCMT:timeset.obj
 0001:00021910       __get_timezone             00422910 f   LIBCMT:timeset.obj
 0001:0002193d       ___daylight                0042293d f   LIBCMT:timeset.obj
 0001:00021943       ___dstbias                 00422943 f   LIBCMT:timeset.obj
 0001:00021949       ___timezone                00422949 f   LIBCMT:timeset.obj
 0001:0002194f       ___tzname                  0042294f f   LIBCMT:timeset.obj
 0001:00021960       _strpbrk                   00422960 f   LIBCMT:strpbrk.obj
 0001:000219a0       __crt_debugger_hook        004229a0 f   LIBCMT:dbghook.obj
 0001:000219a8       ___report_gsfailure        004229a8 f   LIBCMT:gs_report.obj
 0001:00021aae       __getbuf                   00422aae f   LIBCMT:_getbuf.obj
 0001:00021af7       __isatty                   00422af7 f   LIBCMT:isatty.obj
 0001:00021b4d       __wctomb_s_l               00422b4d f   LIBCMT:wctomb.obj
 0001:00021ca2       _wctomb_s                  00422ca2 f   LIBCMT:wctomb.obj
 0001:00021cc0       __aulldvrm                 00422cc0 f   LIBCMT:ulldvrm.obj
 0001:00021d55       __commit                   00422d55 f   LIBCMT:commit.obj
 0001:00021e2e       __wcsnicoll_l              00422e2e f   LIBCMT:wcsnicol.obj
 0001:00021f4e       __wcsnicoll                00422f4e f   LIBCMT:wcsnicol.obj
 0001:00022008       _wcscpy_s                  00423008 f   LIBCMT:wcscpy_s.obj
 0001:0002206b       ___mbtow_environ           0042306b f   LIBCMT:mbtowenv.obj
 0001:000220f2       __wsetenvp                 004230f2 f   LIBCMT:wstdenvp.obj
 0001:000221ce       ___crtGetEnvironmentStringsW 004231ce f   LIBCMT:w_env.obj
 0001:00022226       _wcschr                    00423226 f   LIBCMT:wcschr.obj
 0001:000224bb       ___crtCompareStringA       004234bb f   LIBCMT:a_cmp.obj
 0001:000224fd       __strnicoll_l              004234fd f   LIBCMT:strnicol.obj
 0001:000225e7       __dospawn                  004235e7 f   LIBCMT:dospawn.obj
 0001:000227eb       __cenvarg                  004237eb f   LIBCMT:cenvarg.obj
 0001:00022b87       __mbsnbicmp_l              00423b87 f   LIBCMT:mbsnbicm.obj
 0001:00022d8b       __mbsnbicmp                00423d8b f   LIBCMT:mbsnbicm.obj
 0001:00022da5       __mbsnbcmp_l               00423da5 f   LIBCMT:mbsnbcmp.obj
 0001:00022ef1       __mbsnbcmp                 00423ef1 f   LIBCMT:mbsnbcmp.obj
 0001:00022f10       __global_unwind2           00423f10 f   LIBCMT:exsup.obj
 0001:00022f75       __local_unwind2            00423f75 f   LIBCMT:exsup.obj
 0001:00022ff9       __abnormal_termination     00423ff9 f   LIBCMT:exsup.obj
 0001:0002301c       __NLG_Notify1              0042401c f   LIBCMT:exsup.obj
 0001:00023025       __NLG_Notify               00424025 f   LIBCMT:exsup.obj
 0001:0002303c       __NLG_Dispatch2            0042403c     LIBCMT:exsup.obj
 0001:0002303c       __NLG_Dispatch             0042403c     LIBCMT:exsup.obj
 0001:00023044       __NLG_Call                 00424044 f   LIBCMT:exsup.obj
 0001:00023046       __NLG_Return2              00424046     LIBCMT:exsup.obj
 0001:00023047       __87except                 00424047 f   LIBCMT:_87except_.obj
 0001:00023186       ___crtMessageBoxW          00424186 f   LIBCMT:crtmboxw.obj
 0001:000232f2       _wcscat_s                  004242f2 f   LIBCMT:wcscat_s.obj
 0001:00023367       _wcsncpy_s                 00424367 f   LIBCMT:wcsncpy_s.obj
 0001:00023434       __set_error_mode           00424434 f   LIBCMT:errmode.obj
 0001:00023473       __ungetc_nolock            00424473 f   LIBCMT:ungetc.obj
 0001:00023556       __mbtowc_l                 00424556 f   LIBCMT:mbtowc.obj
 0001:0002366c       _mbtowc                    0042466c f   LIBCMT:mbtowc.obj
 0001:0002376d       ___crtGetStringTypeA       0042476d f   LIBCMT:a_str.obj
 0001:000237ad       ___free_lc_time            004247ad f   LIBCMT:inittime.obj
 0001:00023b24       ___free_lconv_num          00424b24 f   LIBCMT:initnum.obj
 0001:00023b8d       ___free_lconv_mon          00424b8d f   LIBCMT:initmon.obj
 0001:00023c8b       __ld12tod                  00424c8b f   LIBCMT:_intrncvt_.obj
 0001:000241dc       __ld12tof                  004251dc f   LIBCMT:_intrncvt_.obj
 0001:0002472d       ___mtold12                 0042572d f   LIBCMT:_mantold_.obj
 0001:00024911       ____lc_codepage_func       00425911 f   LIBCMT:initctyp.obj
 0001:00024940       _strcspn                   00425940 f   LIBCMT:strcspn.obj
 0001:000249d9       __ismbblead                004259d9 f   LIBCMT:ismbbyte.obj
 0001:000249f1       __frnd                     004259f1 f   LIBCMT:_frnd_.obj
 0001:00024a05       __fpclass                  00425a05 f   LIBCMT:_ieeemisc_.obj
 0001:00024aa2       __set_exp                  00425aa2 f   LIBCMT:_util_.obj
 0001:00024acf       __sptype                   00425acf f   LIBCMT:_util_.obj
 0001:00024b35       __decomp                   00425b35 f   LIBCMT:_util_.obj
 0001:00024bf8       __matherr                  00425bf8 f   LIBCMT:_matherr_.obj
 0001:00024bfb       __raise_exc_ex             00425bfb f   LIBCMT:_fpexcept_.obj
 0001:00024ed7       __raise_exc                00425ed7 f   LIBCMT:_fpexcept_.obj
 0001:00024efa       __handle_exc               00425efa f   LIBCMT:_fpexcept_.obj
 0001:000250de       __set_errno_from_matherr   004260de f   LIBCMT:_fpexcept_.obj
 0001:0002510b       __errcode                  0042610b f   LIBCMT:_fpexcept_.obj
 0001:0002513f       __umatherr                 0042613f f   LIBCMT:_fpexcept_.obj
 0001:000251df       __handle_qnan1             004261df f   LIBCMT:_fpexcept_.obj
 0001:00025234       __except1                  00426234 f   LIBCMT:_fpexcept_.obj
 0001:000252fe       __statfp                   004262fe f   LIBCMT:_fpctrl_.obj
 0001:0002530e       __clrfp                    0042630e f   LIBCMT:_fpctrl_.obj
 0001:0002531f       __ctrlfp                   0042631f f   LIBCMT:_fpctrl_.obj
 0001:0002534a       __set_statfp               0042634a f   LIBCMT:_fpctrl_.obj
 0001:000253a2       ___set_fpsr_sse2           004263a2 f   LIBCMT:_fpctrl_.obj
 0001:00025414       __wchartodigit             00426414 f   LIBCMT:wchtodig.obj
 0001:000255b4       _$I10_OUTPUT               004265b4 f   LIBCMT:_x10fout_.obj
 0001:00025fda       __control87                00426fda f i LIBCMT:_ieee87_.obj
 0001:000262ec       ___ascii_stricmp           004272ec f   LIBCMT:stricmp.obj
 0001:00026325       __stricmp_l                00427325 f   LIBCMT:stricmp.obj
 0001:000263e5       _stricmp                   004273e5 f   LIBCMT:stricmp.obj
 0001:000263e5       __stricmp                  004273e5 f   LIBCMT:stricmp.obj
 0001:000263e5       _strcmpi                   004273e5 f   LIBCMT:stricmp.obj
 0001:0002642c       __putwch_nolock            0042742c f   LIBCMT:putwch.obj
 0001:0002646e       ___crtCompareStringW       0042746e f   LIBCMT:w_cmp.obj
 0001:000264d1       __strnicmp_l               004274d1 f   LIBCMT:strnicmp.obj
 0001:000265b3       __strnicmp                 004275b3 f   LIBCMT:strnicmp.obj
 0001:00026606       __mbsnicmp_l               00427606 f   LIBCMT:mbsnicmp.obj
 0001:000267d1       __mbsnicmp                 004277d1 f   LIBCMT:mbsnicmp.obj
 0001:000267eb       ___initconout              004277eb f   LIBCMT:initcon.obj
 0001:0002680a       ___termconout              0042780a f   LIBCMT:initcon.obj
 0001:00026821       _wcsnlen                   00427821 f   LIBCMT:wcslen_s.obj
 0001:00026850       ___ascii_strnicmp          00427850 f   LIBCMT:_strnicm.obj
 0001:000268b2       _RtlUnwind@16              004278b2 f   kernel32:KERNEL32.dll
 0001:000268b8       __getextendedkeycode       004278b8 f   LIBCMT:getch.obj
 0001:0002696b       __getch_nolock             0042796b f   LIBCMT:getch.obj
 0001:00026a44       _getch                     00427a44 f   LIBCMT:getch.obj
 0001:00026a44       __getch                    00427a44 f   LIBCMT:getch.obj
 0001:00026a82       ?_strlwr_s_l_stat@@YAHPADIPAUlocaleinfo_struct@@@Z 00427a82 f   LIBCMT:strlwr.obj
 0001:00026c00       __strlwr_s_l               00427c00 f   LIBCMT:strlwr.obj
 0001:00026c34       _strlwr                    00427c34 f   LIBCMT:strlwr.obj
 0001:00026c34       __strlwr                   00427c34 f   LIBCMT:strlwr.obj
 0001:00026c91       ___initconin               00427c91 f   LIBCMT:initconin.obj
 0001:00026cb0       ___termconin               00427cb0 f   LIBCMT:initconin.obj
 0002:00000000       __imp__RegQueryValueExA@24 00428000     advapi32:ADVAPI32.dll
 0002:00000004       __imp__RegCloseKey@4       00428004     advapi32:ADVAPI32.dll
 0002:00000008       __imp__RegOpenKeyExA@20    00428008     advapi32:ADVAPI32.dll
 0002:0000000c       \177ADVAPI32_NULL_THUNK_DATA 0042800c     advapi32:ADVAPI32.dll
 0002:00000010       __imp__GetCurrentProcess@0 00428010     kernel32:KERNEL32.dll
 0002:00000014       __imp__LeaveCriticalSection@4 00428014     kernel32:KERNEL32.dll
 0002:00000018       __imp__OutputDebugStringA@4 00428018     kernel32:KERNEL32.dll
 0002:0000001c       __imp__EnterCriticalSection@4 0042801c     kernel32:KERNEL32.dll
 0002:00000020       __imp__InitializeCriticalSection@4 00428020     kernel32:KERNEL32.dll
 0002:00000024       __imp__TerminateProcess@8  00428024     kernel32:KERNEL32.dll
 0002:00000028       __imp__GetModuleFileNameA@12 00428028     kernel32:KERNEL32.dll
 0002:0000002c       __imp__GetModuleHandleA@4  0042802c     kernel32:KERNEL32.dll
 0002:00000030       __imp__VirtualQuery@12     00428030     kernel32:KERNEL32.dll
 0002:00000034       __imp__HeapAlloc@12        00428034     kernel32:KERNEL32.dll
 0002:00000038       __imp__GetProcessHeap@0    00428038     kernel32:KERNEL32.dll
 0002:0000003c       __imp__SetConsoleTextAttribute@8 0042803c     kernel32:KERNEL32.dll
 0002:00000040       __imp__GetStdHandle@4      00428040     kernel32:KERNEL32.dll
 0002:00000044       __imp__GetEnvironmentVariableA@12 00428044     kernel32:KERNEL32.dll
 0002:00000048       __imp__GetConsoleScreenBufferInfo@8 00428048     kernel32:KERNEL32.dll
 0002:0000004c       __imp__SetConsoleMode@8    0042804c     kernel32:KERNEL32.dll
 0002:00000050       __imp__ReadConsoleInputA@16 00428050     kernel32:KERNEL32.dll
 0002:00000054       __imp__CreateFileW@28      00428054     kernel32:KERNEL32.dll
 0002:00000058       __imp__WriteConsoleW@20    00428058     kernel32:KERNEL32.dll
 0002:0000005c       __imp__RaiseException@16   0042805c     kernel32:KERNEL32.dll
 0002:00000060       __imp__CreateProcessA@40   00428060     kernel32:KERNEL32.dll
 0002:00000064       __imp__WaitForSingleObject@8 00428064     kernel32:KERNEL32.dll
 0002:00000068       __imp__MultiByteToWideChar@24 00428068     kernel32:KERNEL32.dll
 0002:0000006c       __imp__WideCharToMultiByte@32 0042806c     kernel32:KERNEL32.dll
 0002:00000070       __imp__GetProcAddress@8    00428070     kernel32:KERNEL32.dll
 0002:00000074       __imp__LoadLibraryExA@12   00428074     kernel32:KERNEL32.dll
 0002:00000078       __imp__FreeLibrary@4       00428078     kernel32:KERNEL32.dll
 0002:0000007c       __imp__GetLastError@0      0042807c     kernel32:KERNEL32.dll
 0002:00000080       __imp__FindClose@4         00428080     kernel32:KERNEL32.dll
 0002:00000084       __imp__FileTimeToSystemTime@8 00428084     kernel32:KERNEL32.dll
 0002:00000088       __imp__FileTimeToLocalFileTime@8 00428088     kernel32:KERNEL32.dll
 0002:0000008c       __imp__GetDriveTypeA@4     0042808c     kernel32:KERNEL32.dll
 0002:00000090       __imp__FindFirstFileExA@24 00428090     kernel32:KERNEL32.dll
 0002:00000094       __imp__EncodePointer@4     00428094     kernel32:KERNEL32.dll
 0002:00000098       __imp__DecodePointer@4     00428098     kernel32:KERNEL32.dll
 0002:0000009c       __imp__GetDriveTypeW@4     0042809c     kernel32:KERNEL32.dll
 0002:000000a0       __imp__GetFullPathNameA@16 004280a0     kernel32:KERNEL32.dll
 0002:000000a4       __imp__CreateDirectoryA@8  004280a4     kernel32:KERNEL32.dll
 0002:000000a8       __imp__FindNextFileA@8     004280a8     kernel32:KERNEL32.dll
 0002:000000ac       __imp__GetFileAttributesA@4 004280ac     kernel32:KERNEL32.dll
 0002:000000b0       __imp__SetEnvironmentVariableA@8 004280b0     kernel32:KERNEL32.dll
 0002:000000b4       __imp__GetCurrentDirectoryA@8 004280b4     kernel32:KERNEL32.dll
 0002:000000b8       __imp__SetCurrentDirectoryA@4 004280b8     kernel32:KERNEL32.dll
 0002:000000bc       __imp__GetModuleHandleW@4  004280bc     kernel32:KERNEL32.dll
 0002:000000c0       __imp__ExitProcess@4       004280c0     kernel32:KERNEL32.dll
 0002:000000c4       __imp__DeleteFileA@4       004280c4     kernel32:KERNEL32.dll
 0002:000000c8       __imp__GetCommandLineA@0   004280c8     kernel32:KERNEL32.dll
 0002:000000cc       __imp__HeapSetInformation@16 004280cc     kernel32:KERNEL32.dll
 0002:000000d0       __imp__IsProcessorFeaturePresent@4 004280d0     kernel32:KERNEL32.dll
 0002:000000d4       __imp__CloseHandle@4       004280d4     kernel32:KERNEL32.dll
 0002:000000d8       __imp__GetFileInformationByHandle@8 004280d8     kernel32:KERNEL32.dll
 0002:000000dc       __imp__PeekNamedPipe@24    004280dc     kernel32:KERNEL32.dll
 0002:000000e0       __imp__GetFileType@4       004280e0     kernel32:KERNEL32.dll
 0002:000000e4       __imp__CreateFileA@28      004280e4     kernel32:KERNEL32.dll
 0002:000000e8       __imp__GetCurrentDirectoryW@8 004280e8     kernel32:KERNEL32.dll
 0002:000000ec       __imp__UnhandledExceptionFilter@4 004280ec     kernel32:KERNEL32.dll
 0002:000000f0       __imp__SetUnhandledExceptionFilter@4 004280f0     kernel32:KERNEL32.dll
 0002:000000f4       __imp__IsDebuggerPresent@0 004280f4     kernel32:KERNEL32.dll
 0002:000000f8       __imp__InitializeCriticalSectionAndSpinCount@8 004280f8     kernel32:KERNEL32.dll
 0002:000000fc       __imp__DeleteCriticalSection@4 004280fc     kernel32:KERNEL32.dll
 0002:00000100       __imp__SetHandleCount@4    00428100     kernel32:KERNEL32.dll
 0002:00000104       __imp__GetStartupInfoW@4   00428104     kernel32:KERNEL32.dll
 0002:00000108       __imp__SetEnvironmentVariableW@8 00428108     kernel32:KERNEL32.dll
 0002:0000010c       __imp__ReadFile@20         0042810c     kernel32:KERNEL32.dll
 0002:00000110       __imp__SetFilePointer@16   00428110     kernel32:KERNEL32.dll
 0002:00000114       __imp__RtlUnwind@16        00428114     kernel32:KERNEL32.dll
 0002:00000118       __imp__LoadLibraryW@4      00428118     kernel32:KERNEL32.dll
 0002:0000011c       __imp__TlsAlloc@0          0042811c     kernel32:KERNEL32.dll
 0002:00000120       __imp__TlsGetValue@4       00428120     kernel32:KERNEL32.dll
 0002:00000124       __imp__TlsSetValue@8       00428124     kernel32:KERNEL32.dll
 0002:00000128       __imp__TlsFree@4           00428128     kernel32:KERNEL32.dll
 0002:0000012c       __imp__InterlockedIncrement@4 0042812c     kernel32:KERNEL32.dll
 0002:00000130       __imp__SetLastError@4      00428130     kernel32:KERNEL32.dll
 0002:00000134       __imp__GetCurrentThreadId@0 00428134     kernel32:KERNEL32.dll
 0002:00000138       __imp__InterlockedDecrement@4 00428138     kernel32:KERNEL32.dll
 0002:0000013c       __imp__WriteFile@20        0042813c     kernel32:KERNEL32.dll
 0002:00000140       __imp__GetModuleFileNameW@12 00428140     kernel32:KERNEL32.dll
 0002:00000144       __imp__GetCPInfo@8         00428144     kernel32:KERNEL32.dll
 0002:00000148       __imp__GetACP@0            00428148     kernel32:KERNEL32.dll
 0002:0000014c       __imp__GetOEMCP@0          0042814c     kernel32:KERNEL32.dll
 0002:00000150       __imp__IsValidCodePage@4   00428150     kernel32:KERNEL32.dll
 0002:00000154       __imp__FreeEnvironmentStringsW@4 00428154     kernel32:KERNEL32.dll
 0002:00000158       __imp__GetEnvironmentStringsW@0 00428158     kernel32:KERNEL32.dll
 0002:0000015c       __imp__QueryPerformanceCounter@4 0042815c     kernel32:KERNEL32.dll
 0002:00000160       __imp__GetTickCount@0      00428160     kernel32:KERNEL32.dll
 0002:00000164       __imp__GetCurrentProcessId@0 00428164     kernel32:KERNEL32.dll
 0002:00000168       __imp__GetSystemTimeAsFileTime@4 00428168     kernel32:KERNEL32.dll
 0002:0000016c       __imp__LCMapStringW@24     0042816c     kernel32:KERNEL32.dll
 0002:00000170       __imp__GetStringTypeW@16   00428170     kernel32:KERNEL32.dll
 0002:00000174       __imp__SetStdHandle@8      00428174     kernel32:KERNEL32.dll
 0002:00000178       __imp__GetConsoleCP@0      00428178     kernel32:KERNEL32.dll
 0002:0000017c       __imp__GetConsoleMode@8    0042817c     kernel32:KERNEL32.dll
 0002:00000180       __imp__SetEndOfFile@4      00428180     kernel32:KERNEL32.dll
 0002:00000184       __imp__HeapFree@12         00428184     kernel32:KERNEL32.dll
 0002:00000188       __imp__GetTimeZoneInformation@4 00428188     kernel32:KERNEL32.dll
 0002:0000018c       __imp__FlushFileBuffers@4  0042818c     kernel32:KERNEL32.dll
 0002:00000190       __imp__CompareStringW@24   00428190     kernel32:KERNEL32.dll
 0002:00000194       __imp__GetExitCodeProcess@8 00428194     kernel32:KERNEL32.dll
 0002:00000198       \177KERNEL32_NULL_THUNK_DATA 00428198     kernel32:KERNEL32.dll
 0002:0000019c       __imp__Warning             0042819c     tier0:tier0.dll
 0002:000001a0       __imp__GetCPUInformation   004281a0     tier0:tier0.dll
 0002:000001a4       __imp__SpewOutputFunc      004281a4     tier0:tier0.dll
 0002:000001a8       __imp__GetSpewOutputColor  004281a8     tier0:tier0.dll
 0002:000001ac       __imp__g_pMemAlloc         004281ac     tier0:tier0.dll
 0002:000001b0       __imp__CommandLine_Tier0   004281b0     tier0:tier0.dll
 0002:000001b4       __imp__AssertValidStringPtr 004281b4     tier0:tier0.dll
 0002:000001b8       __imp___AssertValidWritePtr 004281b8     tier0:tier0.dll
 0002:000001bc       __imp_?DevMsg@@YAXPBDZZ    004281bc     tier0:tier0.dll
 0002:000001c0       __imp__ThreadWaitForObjects 004281c0     tier0:tier0.dll
 0002:000001c4       __imp__Plat_IsInDebugSession 004281c4     tier0:tier0.dll
 0002:000001c8       __imp__ReleaseThreadHandle 004281c8     tier0:tier0.dll
 0002:000001cc       __imp__CreateSimpleThread  004281cc     tier0:tier0.dll
 0002:000001d0       __imp__GetThreadedLoadLibraryFunc 004281d0     tier0:tier0.dll
 0002:000001d4       __imp_?UnlockRead@CThreadSpinRWLock@@QAEXXZ 004281d4     tier0:tier0.dll
 0002:000001d8       __imp_?LockForRead@CThreadSpinRWLock@@QAEXXZ 004281d8     tier0:tier0.dll
 0002:000001dc       __imp_?UnlockWrite@CThreadSpinRWLock@@QAEXXZ 004281dc     tier0:tier0.dll
 0002:000001e0       __imp_?LockForWrite@CThreadSpinRWLock@@QAEXXZ 004281e0     tier0:tier0.dll
 0002:000001e4       __imp_??0CThreadSpinRWLock@@QAE@XZ 004281e4     tier0:tier0.dll
 0002:000001e8       __imp__Msg                 004281e8     tier0:tier0.dll
 0002:000001ec       __imp__Error               004281ec     tier0:tier0.dll
 0002:000001f0       \177tier0_NULL_THUNK_DATA  004281f0     tier0:tier0.dll
 0002:000001f4       __imp__KeyValuesSystem     004281f4     vstdlib:vstdlib.dll
 0002:000001f8       \177vstdlib_NULL_THUNK_DATA 004281f8     vstdlib:vstdlib.dll
 0002:000001fc       ___xc_a                    004281fc     LIBCMT:crt0init.obj
 0002:0000021c       ___xc_z                    0042821c     LIBCMT:crt0init.obj
 0002:00000220       ___xi_a                    00428220     LIBCMT:crt0init.obj
 0002:0000023c       ___xi_z                    0042823c     LIBCMT:crt0init.obj
 0002:00000240       ___xp_a                    00428240     LIBCMT:crt0init.obj
 0002:00000254       ___xp_z                    00428254     LIBCMT:crt0init.obj
 0002:00000258       ___xt_a                    00428258     LIBCMT:crt0init.obj
 0002:0000025c       ___xt_z                    0042825c     LIBCMT:crt0init.obj
 0002:0000027c       ??_C@_0BJ@HHDOALOL@?6Press?5any?5key?5to?5quit?4?6?$AA@ 0042827c     cmdlib.obj
 0002:00000298       ??_C@_02DKCKIIND@?$CFs?$AA@ 00428298     cmdlib.obj
 0002:0000029c       ??_C@_01KICIPPFI@?2?$AA@   0042829c     cmdlib.obj
 0002:000002a0       ??_C@_04HDOCAJNK@?$CFs?$CFs?$AA@ 004282a0     cmdlib.obj
[...]
 0003:00002290       __d_mzero                  00437290     LIBCMT:_util_.obj
 0003:00002298       __matherr_flag             00437298     LIBCMT:_matherr_.obj
 0003:000023a4       __confh                    004373a4     LIBCMT:initcon.obj
 0003:000023b4       __coninpfh                 004373b4     LIBCMT:initconin.obj
 0003:000023c0       ?ex_argv@@3PAPADA          004373c0     cmdlib.obj
 0003:000033c0       ?g_SpewCS@@3U_RTL_CRITICAL_SECTION@@A 004383c0     cmdlib.obj
 0003:000033d8       ?com_token@@3PADA          004383d8     cmdlib.obj
 0003:000037d8       ?archivedir@@3PADA         004387d8     cmdlib.obj
 0003:00003bd8       ?myargc@@3HA               00438bd8     cmdlib.obj
 0003:00003bdc       ?ex_argc@@3HA              00438bdc     cmdlib.obj
 0003:00004608       ?myargv@@3PAPADA           00439608     cmdlib.obj
 0003:0000460c       ?archive@@3HA              0043960c     cmdlib.obj
 0003:00004610       ?g_pLogFile@@3PAXA         00439610     cmdlib.obj
 0003:00004614       ?g_bStopOnExit@@3_NA       00439614     cmdlib.obj
 0003:00004615       ?g_bSpewCSInitted@@3_NA    00439615     cmdlib.obj
 0003:00004616       ?g_bSuppressPrintfOutput@@3_NA 00439616     cmdlib.obj
 0003:00004618       ?g_ExtraSpewHook@@3P6AXPBD@ZA 00439618     cmdlib.obj
 0003:0000461c       ?verbose@@3HA              0043961c     cmdlib.obj
 0003:0000462c       ?g_ExitStopper@@3VCExitStopper@@A 0043962c     cmdlib.obj
 0003:00005160       ?qdir@@3PADA               0043a160     filesystem_tools.obj
 0003:00005560       ?gamedir@@3PADA            0043a560     filesystem_tools.obj
 0003:00005960       ?g_pFileSystem@@3PAVIBaseFileSystem@@A 0043a960     filesystem_tools.obj
 0003:00005964       ?g_pFullFileSystemModule@@3PAVCSysModule@@A 0043a964     filesystem_tools.obj
 0003:00005970       __crtBreakAlloc            0043a970     memoverride.obj
 0003:00005974       ___crtDebugCheckCount      0043a974     memoverride.obj
 0003:00005978       ___crtDebugFillThreshold   0043a978     memoverride.obj
 0003:00005990       ?g_numtexturelayers@@3PAHA 0043a990     motionmapper.obj
 0003:00005a10       ?v_listdata@@3PAUv_unify_t@@A 0043aa10     motionmapper.obj
 0003:00205a10       ?g_material@@3PAHA         0063aa10     motionmapper.obj
 0003:00205a90       ?g_currentscale@@3MA       0063aa90     motionmapper.obj
 0003:00205a94       ?g_numverts@@3HA           0063aa94     motionmapper.obj
 0003:00205a98       ?numdirs@@3HA              0063aa98     motionmapper.obj
 0003:00205a9c       ?numvlist@@3HA             0063aa9c     motionmapper.obj
 0003:00205aa0       ?g_src_uface@@3PAUs_face_t@@A 0063aaa0     motionmapper.obj
 0003:002c5aa0       ?g_numtexturegroups@@3HA   006faaa0     motionmapper.obj
 0003:002c5aa4       ?is_v1support@@3HA         006faaa4     motionmapper.obj
 0003:002c5aa8       ?k_memtotal@@3HA           006faaa8     motionmapper.obj
 0003:002c5aac       ?g_numskinfamilies@@3HA    006faaac     motionmapper.obj
 0003:002c5ab0       ?g_numtexturereps@@3PAHA   006faab0     motionmapper.obj
 0003:002c5b30       ?g_fpInput@@3PAU_iobuf@@A  006fab30     motionmapper.obj
 0003:002c5b34       ?g_numfaces@@3HA           006fab34     motionmapper.obj
 0003:002c5b38       ?g_bone@@3PAUs_boneweight_t@@A 006fab38     motionmapper.obj
 0003:00485b38       ?defaulttexture@@3PAY0BAE@DA 008bab38     motionmapper.obj
 0003:00486b78       ?fullpath@@3PADA           008bbb78     motionmapper.obj
 0003:00486f78       ?g_texture@@3PAUs_texture_t@@A 008bbf78     motionmapper.obj
 0003:00489378       ?flip_triangles@@3HA       008be378     motionmapper.obj
 0003:0048937c       ?g_numtexcoords@@3HA       008be37c     motionmapper.obj
 0003:00489380       ?g_face@@3PAUs_tmpface_t@@A 008be380     motionmapper.obj
 0003:00709380       ?g_szFilename@@3PADA       00b3e380     motionmapper.obj
 0003:00709780       ?v_list@@3PAPAUv_unify_t@@A 00b3e780     motionmapper.obj
 0003:00749780       ?normal_blend@@3MA         00b7e780     motionmapper.obj
 0003:00749784       ?g_iLinecount@@3HA         00b7e784     motionmapper.obj
 0003:00749788       ?cddir@@3PAY0BAE@DA        00b7e788     motionmapper.obj
 0003:0074b808       ?g_outfile@@3PADA          00b80808     motionmapper.obj
 0003:0074bc08       ?g_gamma@@3MA              00b80c08     motionmapper.obj
 0003:0074bc0c       ?numrep@@3HA               00b80c0c     motionmapper.obj
 0003:0074bc10       ?sourcetexture@@3PAY0BAE@DA 00b80c10     motionmapper.obj
 0003:0074cc50       ?g_texturegroup@@3PAY1CA@CA@HA 00b81c50     motionmapper.obj
 0003:0076cc50       ?outname@@3PADA            00ba1c50     motionmapper.obj
 0003:0076d050       ?g_skinref@@3PAY0CA@HA     00ba2050     motionmapper.obj
 0003:00775050       ?g_nummaterials@@3HA       00baa050     motionmapper.obj
 0003:00775054       ?g_defaultscale@@3MA       00baa054     motionmapper.obj
 0003:00775058       ?g_numnormals@@3HA         00baa058     motionmapper.obj
 0003:0077505c       ?g_numtextures@@3HA        00baa05c     motionmapper.obj
 0003:00775060       ?g_source@@3PAPAUs_source_t@@A 00baa060     motionmapper.obj
 0003:00776830       ?g_szLine@@3PADA           00bab830     motionmapper.obj
 0003:00777830       ?g_numskinref@@3HA         00bac830     motionmapper.obj
 0003:00777834       ?g_numsources@@3HA         00bac834     motionmapper.obj
 0003:00777838       ?g_quiet@@3_NA             00bac838     motionmapper.obj
 0003:00777839       ?g_verbose@@3_NA           00bac839     motionmapper.obj
 0003:0077783a       ?uselogfile@@3_NA          00bac83a     motionmapper.obj
 0003:0077783b       ?g_bZBrush@@3_NA           00bac83b     motionmapper.obj
 0003:0077783c       ?g_bGaveMissingBoneWarning@@3_NA 00bac83c     motionmapper.obj
 0003:00777858       ?g_texcoord@@3PAVVector2D@@A 00bac858     motionmapper.obj
 0003:007f7858       ?g_normal@@3PAVVector@@A   00c2c858     motionmapper.obj
 0003:008b7858       ?g_vertex@@3PAVVector@@A   00cec858     motionmapper.obj
 0003:00977858       ?g_defaultrotation@@3VRadianEuler@@A 00dac858     motionmapper.obj
 0003:01377870       ?macrolist@@3PAPAUscript_t@@A 017ac870     scriplib.obj
 0003:01377970       ?script@@3PAUscript_t@@A   017ac970     scriplib.obj
 0003:01377974       ?nummacros@@3HA            017ac974     scriplib.obj
 0003:01377978       ?scriptstack@@3PAUscript_t@@A 017ac978     scriplib.obj
 0003:0138dab8       ?token@@3PADA              017c2ab8     scriplib.obj
 0003:0138deb8       ?scriptline@@3HA           017c2eb8     scriplib.obj
 0003:0138debc       ?endofscript@@3HA          017c2ebc     scriplib.obj
 0003:0138dec0       ?tokenready@@3HA           017c2ec0     scriplib.obj
 0003:0138decc       ?g_definevariable@@3V?$CUtlVector@Uvariable_t@@V?$CUtlMemory@Uvariable_t@@H@@@@A 017c2ecc     scriplib.obj
 0003:0138dee0       ?SinCosTable@@3PAMA        017c2ee0     mathlib:mathlib_base.obj
 0003:0138e2e0       ?s_bMathlibInitialized@@3_NA 017c32e0     mathlib:mathlib_base.obj
 0003:0138e2f0       ?vec3_origin@@3VVector@@B  017c32f0     mathlib:mathlib_base.obj
 0003:0138e2fc       ?vec3_angle@@3VQAngle@@B   017c32fc     mathlib:mathlib_base.obj
 0003:0138e708       ?lineartolightmap@@3PAEA   017c3708     mathlib:color_conversion.obj
 0003:01391f08       ?lineartovertex@@3PAMA     017c6f08     mathlib:color_conversion.obj
 0003:01396430       ?s_pInterfaceRegs@InterfaceReg@@2PAV1@A 017cb430     tier1:interface.obj
 0003:01396440       ?s_StringCharConversion@@3VCUtlCStringConversion@@A 017cb440     tier1:utlbuffer.obj
 0003:01396e50       ?s_NoEscConversion@@3VCUtlNoEscConversion@@A 017cbe50     tier1:utlbuffer.obj
 0003:01397760       ?s_pSymbolTable@CUtlSymbol@@1PAVCUtlSymbolTableMT@@A 017cc760     tier1:utlsymbol.obj
 0003:01397770       ?s_Sentinel@?1??Links@?$CUtlRBTree@VCStringPoolIndex@CUtlSymbolTable@@GVCLess@2@V?$CUtlMemory@U?$UtlRBTreeNode_t@VCStringPoolIndex@CUtlSymbolTable@@G@@G@@@@IBEABU?$UtlRBTreeLinks_t@G@@G@Z@4U3@A 017cc770     tier1:utlsymbol.obj
 0003:01397778       ??_B?1??Links@?$CUtlRBTree@VCStringPoolIndex@CUtlSymbolTable@@GVCLess@2@V?$CUtlMemory@U?$UtlRBTreeNode_t@VCStringPoolIndex@CUtlSymbolTable@@G@@G@@@@IBEABU?$UtlRBTreeLinks_t@G@@G@Z@51 017cc778     tier1:utlsymbol.obj
 0003:01397788       ?g_pFullFileSystem@@3PAVIFileSystem@@A 017cc788     tier2:tier2.obj
 0003:0139778c       ?materials@@3PAVIMaterialSystem@@A 017cc78c     tier2:tier2.obj
 0003:01397790       ?g_pMaterialSystem@@3PAVIMaterialSystem@@A 017cc790     tier2:tier2.obj
 0003:01397794       ?g_pInputSystem@@3PAVIInputSystem@@A 017cc794     tier2:tier2.obj
 0003:01397798       ?g_pNetworkSystem@@3PAVINetworkSystem@@A 017cc798     tier2:tier2.obj
 0003:0139779c       ?g_pMaterialSystemHardwareConfig@@3PAVIMaterialSystemHardwareConfig@@A 017cc79c     tier2:tier2.obj
 0003:013977a0       ?g_pMaterialSystemDebugTextureInfo@@3PAVIDebugTextureInfo@@A 017cc7a0     tier2:tier2.obj
 0003:013977a4       ?g_VBAllocTracker@@3PAVIVBAllocTracker@@A 017cc7a4     tier2:tier2.obj
 0003:013977a8       ?colorcorrection@@3PAVIColorCorrectionSystem@@A 017cc7a8     tier2:tier2.obj
 0003:013977ac       ?p4@@3PAVIP4@@A            017cc7ac     tier2:tier2.obj
 0003:013977b0       ?mdllib@@3PAVIMdlLib@@A    017cc7b0     tier2:tier2.obj
 0003:013977b4       ?g_pQueuedLoader@@3PAVIQueuedLoader@@A 017cc7b4     tier2:tier2.obj
 0003:013977d0       ___fastflag                017cc7d0     LIBCMT:_fpinit_.obj
 0003:013977d4       ?_pnhHeap@@3P6AHI@ZA       017cc7d4     LIBCMT:handler.obj
 0003:013977dc       __cflush                   017cc7dc     LIBCMT:_file.obj
 0003:013977e0       __umaskval                 017cc7e0     LIBCMT:crt0dat.obj
 0003:013977e4       ___argc                    017cc7e4     LIBCMT:crt0dat.obj
 0003:013977e8       ___argv                    017cc7e8     LIBCMT:crt0dat.obj
 0003:013977ec       ___wargv                   017cc7ec     LIBCMT:crt0dat.obj
 0003:013977f0       __environ                  017cc7f0     LIBCMT:crt0dat.obj
 0003:013977f4       ___initenv                 017cc7f4     LIBCMT:crt0dat.obj
 0003:013977f8       __wenviron                 017cc7f8     LIBCMT:crt0dat.obj
 0003:013977fc       ___winitenv                017cc7fc     LIBCMT:crt0dat.obj
 0003:01397800       __pgmptr                   017cc800     LIBCMT:crt0dat.obj
 0003:01397804       __wpgmptr                  017cc804     LIBCMT:crt0dat.obj
 0003:01397808       __exitflag                 017cc808     LIBCMT:crt0dat.obj
 0003:0139780c       __C_Termination_Done       017cc80c     LIBCMT:crt0dat.obj
 0003:01397810       __C_Exit_Done              017cc810     LIBCMT:crt0dat.obj
 0003:01397814       __aenvptr                  017cc814     LIBCMT:crt0.obj
 0003:01397818       __wenvptr                  017cc818     LIBCMT:crt0.obj
 0003:0139781c       ___error_mode              017cc81c     LIBCMT:crt0.obj
 0003:01397820       ___pInvalidArgHandler      017cc820     LIBCMT:invarg.obj
 0003:01397978       __newmode                  017cc978     LIBCMT:_newmode.obj
 0003:0139797c       __stdbuf                   017cc97c     LIBCMT:_sftbuf.obj
 0003:01397984       ?__pInconsistency@@3P6AXXZA 017cc984     LIBCMT:hooks.obj
 0003:013979a0       ___pPurecall               017cc9a0     LIBCMT:inithelp.obj
 0003:013979a4       _gpFlsAlloc                017cc9a4     LIBCMT:tidtable.obj
 0003:013979a8       _gpFlsGetValue             017cc9a8     LIBCMT:tidtable.obj
 0003:013979ac       _gpFlsSetValue             017cc9ac     LIBCMT:tidtable.obj
 0003:013979b0       _gpFlsFree                 017cc9b0     LIBCMT:tidtable.obj
 0003:01397fe4       ___mbulinfo                017ccfe4     LIBCMT:mbctype.obj
 0003:01397ff0       ___mbcodepage              017ccff0     LIBCMT:mbctype.obj
 0003:01397ff4       ___ismbcodepage            017ccff4     LIBCMT:mbctype.obj
 0003:01397ff8       ___mblcid                  017ccff8     LIBCMT:mbctype.obj
 0003:01397ffc       ___locale_changed          017ccffc     LIBCMT:setlocal.obj
 0003:01398008       __old_pfxlen               017cd008     LIBCMT:rmtmp.obj
 0003:0139811c       __outputformat             017cd11c     LIBCMT:outputformat.obj
 0003:013984fc       __commode                  017cd4fc     LIBCMT:ncommode.obj
 0003:01398514       ___lconv_static_null       017cd514     LIBCMT:lconv.obj
 0003:01398518       ___lconv_static_W_null     017cd518     LIBCMT:lconv.obj
 0003:01398530       ?pArgList@UnDecorator@@0PAVReplicator@@A 017cd530     LIBCMT:undname.obj
 0003:01398534       ?pZNameList@UnDecorator@@0PAVReplicator@@A 017cd534     LIBCMT:undname.obj
 0003:01398538       ?pTemplateArgList@UnDecorator@@0PAVReplicator@@A 017cd538     LIBCMT:undname.obj
 0003:0139853c       ?gName@UnDecorator@@0PBDB  017cd53c     LIBCMT:undname.obj
 0003:01398540       ?name@UnDecorator@@0PBDB   017cd540     LIBCMT:undname.obj
 0003:01398544       ?outputString@UnDecorator@@0PADA 017cd544     LIBCMT:undname.obj
 0003:01398548       ?maxStringLength@UnDecorator@@0HA 017cd548     LIBCMT:undname.obj
 0003:0139854c       ?disableFlags@UnDecorator@@0KA 017cd54c     LIBCMT:undname.obj
 0003:01398550       ?m_pGetParameter@UnDecorator@@0P6APADJ@ZA 017cd550     LIBCMT:undname.obj
 0003:01398554       ?fExplicitTemplateParams@UnDecorator@@0_NA 017cd554     LIBCMT:undname.obj
 0003:01398555       ?fGetTemplateArgumentList@UnDecorator@@0_NA 017cd555     LIBCMT:undname.obj
 0003:01398558       __fmode                    017cd558     LIBCMT:txtmode.obj
 0003:0139855c       __debugger_hook_dummy      017cd55c     <common>
 0003:01398560       __pmatherr                 017cd560     <common>
 0003:01398564       ___use_sse2_mathfcns       017cd564     <common>
 0003:01398568       __nhandle                  017cd568     <common>
 0003:01398580       ___pioinfo                 017cd580     <common>
 0003:01398680       __pDestructExceptionObject 017cd680     <common>
 0003:01398684       ___sse2_available          017cd684     <common>
 0003:01398688       __acmdln                   017cd688     <common>
 0003:0139868c       __NoHeapEnableTerminationOnCorruption 017cd68c     <common>
 0003:01398690       ___env_initialized         017cd690     <common>
 0003:01398694       ___onexitend               017cd694     <common>
 0003:01398698       ___onexitbegin             017cd698     <common>
 0003:0139869c       ___mbctype_initialized     017cd69c     <common>
 0003:013986a0       ___dyn_tls_init_callback   017cd6a0     <common>
 0003:013986a4       ___piob                    017cd6a4     <common>
 0003:013986c0       __bufin                    017cd6c0     <common>
 0003:013996c0       __nstream                  017ce6c0     <common>

 entry point at        0001:00013773

 Static symbols

 0001:00000000       ?GetInitialColors@@YAXXZ   00401000 f   cmdlib.obj
 0001:00000c00       ?FileSystem_AddLoadedSearchPath@@YAXAAVCFSSearchPathsInit@@PBDPA_N11_N@Z 00401c00 f   filesystem_init.obj
 0001:00001560       ?TryLocateGameInfoFile@@YA?AW4FSReturnCode_t@@PADH_N@Z 00402560 f   filesystem_init.obj
 0001:00003990       ?CalcTriangleTangentSpace@@YAXPAUs_source_t@@HHHAAVVector@@1@Z 00404990 f   motionmapper.obj
 0001:00003b90       ?FlipFacing@@YAXPAUs_source_t@@@Z 00404b90 f   motionmapper.obj
 0001:0000fed1       _IsRootUNCName             00410ed1 f   LIBCMT:stati32.obj
 0001:0000ff4b       __fullpath_helper          00410f4b f   LIBCMT:stati32.obj
 0001:00010a91       __onexit_nolock            00411a91 f   LIBCMT:onexit.obj
 0001:00010e76       __putenv_helper            00411e76 f   LIBCMT:putenv.obj
 0001:00012571       _doexit                    00413571 f   LIBCMT:crt0dat.obj
 0001:00012904       _vscan_fn                  00413904 f   LIBCMT:sscanf.obj
 0001:00012cd0       _shortsort                 00413cd0 f   LIBCMT:qsort.obj
 0001:000135e9       _fast_error_exit           004145e9 f   LIBCMT:crt0.obj
 0001:00013612       ___tmainCRTStartup         00414612 f   LIBCMT:crt0.obj
 0001:000142f5       ?strtoxl@@YAKPAUlocaleinfo_struct@@PBDPAPBDHH@Z 004152f5 f   LIBCMT:strtol.obj
 0001:000146e5       __shift                    004156e5 f   LIBCMT:cvt.obj
 0001:0001472a       __cftoe2_l                 0041572a f   LIBCMT:cvt.obj
 0001:00014ce8       __cftof2_l                 00415ce8 f   LIBCMT:cvt.obj
 0001:000158a1       __tsopen_nolock            004168a1 f   LIBCMT:open.obj
 0001:00016c33       _write_char                00417c33 f   LIBCMT:output.obj
 0001:00016c66       _write_string              00417c66 f   LIBCMT:output.obj
 0001:00017a6f       _flsall                    00418a6f f   LIBCMT:fflush.obj
 0001:00017e33       _wfindenv                  00418e33 f   LIBCMT:wsetenv.obj
 0001:00017e88       _copy_environ              00418e88 f   LIBCMT:wsetenv.obj
 0001:00018183       _findenv                   00419183 f   LIBCMT:setenv.obj
 0001:000181d5       _copy_environ              004191d5 f   LIBCMT:setenv.obj
 0001:000186ea       _comexecmd                 004196ea f   LIBCMT:spawnve.obj
 0001:00019760       __unwind_handler4          0041a760 f   LIBCMT:exsup4.obj
 0001:0001a334       _siglookup                 0041b334 f   LIBCMT:winsig.obj
 0001:0001ad5a       ___check_float_string      0041bd5a f   LIBCMT:input.obj
 0001:0001adb1       __hextodec                 0041bdb1 f   LIBCMT:input.obj
 0001:0001add1       __inc                      0041bdd1 f   LIBCMT:input.obj
 0001:0001ade7       __whiteout                 0041bde7 f   LIBCMT:input.obj
 0001:0001be15       ?CPtoLCID@@YAHH@Z          0041ce15 f   LIBCMT:mbctype.obj
 0001:0001be44       ?setSBCS@@YAXPAUthreadmbcinfostruct@@@Z 0041ce44 f   LIBCMT:mbctype.obj
 0001:0001bea8       ?setSBUpLow@@YAXPAUthreadmbcinfostruct@@@Z 0041cea8 f   LIBCMT:mbctype.obj
 0001:0001c0dc       ?getSystemCP@@YAHH@Z       0041d0dc f   LIBCMT:mbctype.obj
 0001:0001d25c       _xtoa_s@20                 0041e25c f   LIBCMT:xtoas.obj
 0001:0001d77d       _parse_cmdline             0041e77d f   LIBCMT:stdargv.obj
 0001:0001f5c0       ?__crtLCMapStringA_stat@@YAHPAUlocaleinfo_struct@@KKPBDHPADHHH@Z 004205c0 f   LIBCMT:a_map.obj
 0001:0001f838       ?wcstoxl@@YAKPB_WPAPB_WHH@Z 00420838 f   LIBCMT:wcstol.obj
 0001:00021145       __tzset_nolock             00422145 f   LIBCMT:tzset.obj
 0001:00021458       _cvtdate                   00422458 f   LIBCMT:tzset.obj
 0001:0002164f       __isindst_nolock           0042264f f   LIBCMT:tzset.obj
 0001:0002224d       ?__crtCompareStringA_stat@@YAHPAUlocaleinfo_struct@@KKPBDH1HH@Z 0042324d f   LIBCMT:a_cmp.obj
 0001:00022f30       __unwind_handler           00423f30 f   LIBCMT:exsup.obj
 0001:00023686       ?__crtGetStringTypeA_stat@@YAHPAUlocaleinfo_struct@@KPBDHPAGHHH@Z 00424686 f   LIBCMT:a_str.obj
 0001:00024986       ?x_ismbbtype_l@@YAHPAUlocaleinfo_struct@@IHH@Z 00425986 f   LIBCMT:ismbbyte.obj
 0001:00025eac       __hw_cw                    00426eac f   LIBCMT:_ieee87_.obj
 0001:00025f3a       ___hw_cw_sse2              00426f3a f   LIBCMT:_ieee87_.obj
 0001:00026cd0       ??__Eg_CleanupFunctions@@YAXXZ 00427cd0 f   cmdlib.obj
 0001:00026ce0       ??__Eg_ExtraSpewHooks@@YAXXZ 00427ce0 f   cmdlib.obj
 0001:00026cf0       ??__Eg_ExitStopper@@YAXXZ  00427cf0 f   cmdlib.obj
 0001:00026d00       ??__Eg_definevariable@@YAXXZ 00427d00 f   scriplib.obj
 0001:00026d10       ??__Es_StringCharConversion@@YAXXZ 00427d10 f   tier1:utlbuffer.obj
 0001:00026d70       ??__Es_NoEscConversion@@YAXXZ 00427d70 f   tier1:utlbuffer.obj
 0001:00026da0       ??__Eg_CleanupSymbolTable@@YAXXZ 00427da0 f   tier1:utlsymbol.obj
 0001:00026db0       ??__Fg_ExitStopper@@YAXXZ  00427db0 f   cmdlib.obj
 0001:00026dd0       ??__Fg_CleanupFunctions@@YAXXZ 00427dd0 f   cmdlib.obj
 0001:00026e20       ??__Fg_ExtraSpewHooks@@YAXXZ 00427e20 f   cmdlib.obj
 0001:00026e70       ??__Fbuf@?1??CmdLib_FPrintf@@YAXPAXPBDZZ@YAXXZ 00427e70 f   cmdlib.obj
 0001:00026e80       ??__Fg_definevariable@@YAXXZ 00427e80 f   scriplib.obj
 0001:00026e90       ??__Fg_CleanupSymbolTable@@YAXXZ 00427e90 f   tier1:utlsymbol.obj
